[SingleMachinePeriodEnv v1.1-SM] Loading single-machine period-aware environment...
inst_seed=8039901 eps=120 min_eps=66 loads=[39;21;66;2;36] u=[1;1;1;3;1] guided(E=257.00,mk=104,t=0.23s)
inst_seed=8039901 eps=103 min_eps=66 loads=[39;21;66;2;36] u=[1;1;1;3;1] guided(E=258.00,mk=103,t=0.19s)
inst_seed=8039901 eps=102 min_eps=66 loads=[39;21;66;2;36] u=[1;1;1;3;1] guided(E=259.00,mk=102,t=0.19s)
inst_seed=8039901 eps=101 min_eps=66 loads=[39;21;66;2;36] u=[1;1;1;3;1] guided(E=261.00,mk=101,t=0.18s)
inst_seed=8039901 eps=100 min_eps=66 loads=[39;21;66;2;36] u=[1;1;1;3;1] guided(E=263.00,mk=86,t=0.17s)
inst_seed=8039901 eps=85 min_eps=66 loads=[39;21;66;2;36] u=[1;1;1;3;1] guided(E=263.00,mk=84,t=0.17s)
inst_seed=8039901 eps=83 min_eps=66 loads=[39;21;66;2;36] u=[1;1;1;3;1] guided(E=265.00,mk=83,t=0.17s)
inst_seed=8039901 eps=82 min_eps=66 loads=[39;21;66;2;36] u=[1;1;1;3;1] guided(E=268.00,mk=82,t=0.17s)
inst_seed=8039901 eps=81 min_eps=66 loads=[39;21;66;2;36] u=[1;1;1;3;1] guided(E=273.00,mk=81,t=0.15s)
inst_seed=8039901 eps=80 min_eps=66 loads=[39;21;66;2;36] u=[1;1;1;3;1] guided(E=278.00,mk=80,t=0.14s)
inst_seed=8039901 eps=79 min_eps=66 loads=[39;21;66;2;36] u=[1;1;1;3;1] guided(E=280.00,mk=79,t=0.14s)
inst_seed=8039901 eps=78 min_eps=66 loads=[39;21;66;2;36] u=[1;1;1;3;1] guided(E=282.00,mk=78,t=0.13s)
inst_seed=8039901 eps=77 min_eps=66 loads=[39;21;66;2;36] u=[1;1;1;3;1] guided(E=284.00,mk=77,t=0.13s)
inst_seed=8039901 eps=76 min_eps=66 loads=[39;21;66;2;36] u=[1;1;1;3;1] guided(E=286.00,mk=74,t=0.12s)
inst_seed=8039901 eps=73 min_eps=66 loads=[39;21;66;2;36] u=[1;1;1;3;1] guided(E=286.00,mk=72,t=0.09s)
inst_seed=8039901 eps=71 min_eps=66 loads=[39;21;66;2;36] u=[1;1;1;3;1] guided(E=288.00,mk=71,t=0.05s)
inst_seed=8039901 eps=70 min_eps=66 loads=[39;21;66;2;36] u=[1;1;1;3;1] guided(E=290.00,mk=70,t=0.05s)
inst_seed=8039901 eps=69 min_eps=66 loads=[39;21;66;2;36] u=[1;1;1;3;1] guided(E=292.00,mk=69,t=0.05s)
inst_seed=8039901 eps=68 min_eps=66 loads=[39;21;66;2;36] u=[1;1;1;3;1] guided(E=294.00,mk=68,t=0.03s)
inst_seed=8039901 eps=67 min_eps=66 loads=[39;21;66;2;36] u=[1;1;1;3;1] guided(E=296.00,mk=67,t=0.02s)
inst_seed=8039901 eps=66 min_eps=66 loads=[39;21;66;2;36] u=[1;1;1;3;1] guided(E=298.00,mk=66,t=0.01s)
inst_seed=772716 eps=100 min_eps=83 loads=[32;16;83;30;10] u=[2;3;1;2;3] guided(E=453.00,mk=100,t=0.35s)
inst_seed=772716 eps=99 min_eps=83 loads=[32;16;83;30;10] u=[2;3;1;2;3] guided(E=453.00,mk=99,t=0.34s)
inst_seed=772716 eps=98 min_eps=83 loads=[32;16;83;30;10] u=[2;3;1;2;3] guided(E=455.00,mk=98,t=0.30s)
inst_seed=772716 eps=97 min_eps=83 loads=[32;16;83;30;10] u=[2;3;1;2;3] guided(E=455.00,mk=97,t=0.28s)
inst_seed=772716 eps=96 min_eps=83 loads=[32;16;83;30;10] u=[2;3;1;2;3] guided(E=457.00,mk=94,t=0.27s)
inst_seed=772716 eps=93 min_eps=83 loads=[32;16;83;30;10] u=[2;3;1;2;3] guided(E=463.00,mk=93,t=0.22s)
inst_seed=772716 eps=92 min_eps=83 loads=[32;16;83;30;10] u=[2;3;1;2;3] guided(E=463.00,mk=92,t=0.20s)
inst_seed=772716 eps=91 min_eps=83 loads=[32;16;83;30;10] u=[2;3;1;2;3] guided(E=463.00,mk=91,t=0.21s)
inst_seed=772716 eps=90 min_eps=83 loads=[32;16;83;30;10] u=[2;3;1;2;3] guided(E=463.00,mk=90,t=0.18s)
inst_seed=772716 eps=89 min_eps=83 loads=[32;16;83;30;10] u=[2;3;1;2;3] guided(E=465.00,mk=89,t=0.18s)
inst_seed=772716 eps=88 min_eps=83 loads=[32;16;83;30;10] u=[2;3;1;2;3] guided(E=465.00,mk=88,t=0.16s)
inst_seed=772716 eps=87 min_eps=83 loads=[32;16;83;30;10] u=[2;3;1;2;3] guided(E=467.00,mk=87,t=0.19s)
inst_seed=772716 eps=86 min_eps=83 loads=[32;16;83;30;10] u=[2;3;1;2;3] guided(E=469.00,mk=86,t=0.18s)
inst_seed=772716 eps=85 min_eps=83 loads=[32;16;83;30;10] u=[2;3;1;2;3] guided(E=471.00,mk=85,t=0.17s)
inst_seed=772716 eps=84 min_eps=83 loads=[32;16;83;30;10] u=[2;3;1;2;3] guided(E=473.00,mk=84,t=0.17s)
inst_seed=772716 eps=83 min_eps=83 loads=[32;16;83;30;10] u=[2;3;1;2;3] guided(E=476.00,mk=83,t=0.14s)
inst_seed=648109 eps=80 min_eps=73 loads=[73;28;37;24;28] u=[1;2;2;2;3] guided(E=539.00,mk=80,t=0.28s)
inst_seed=648109 eps=79 min_eps=73 loads=[73;28;37;24;28] u=[1;2;2;2;3] guided(E=541.00,mk=79,t=0.26s)
inst_seed=648109 eps=78 min_eps=73 loads=[73;28;37;24;28] u=[1;2;2;2;3] guided(E=543.00,mk=78,t=0.24s)
inst_seed=648109 eps=77 min_eps=73 loads=[73;28;37;24;28] u=[1;2;2;2;3] guided(E=545.00,mk=77,t=0.22s)
inst_seed=648109 eps=76 min_eps=73 loads=[73;28;37;24;28] u=[1;2;2;2;3] guided(E=547.00,mk=76,t=0.21s)
inst_seed=648109 eps=75 min_eps=73 loads=[73;28;37;24;28] u=[1;2;2;2;3] guided(E=547.00,mk=75,t=0.20s)
inst_seed=648109 eps=74 min_eps=73 loads=[73;28;37;24;28] u=[1;2;2;2;3] guided(E=547.00,mk=74,t=0.19s)
inst_seed=648109 eps=73 min_eps=73 loads=[73;28;37;24;28] u=[1;2;2;2;3] guided(E=547.00,mk=73,t=0.17s)
inst_seed=8366435 eps=120 min_eps=88 loads=[0;26;83;23;88] u=[3;2;1;2;1] guided(E=432.00,mk=109,t=0.74s)
inst_seed=8366435 eps=108 min_eps=88 loads=[0;26;83;23;88] u=[3;2;1;2;1] guided(E=464.00,mk=108,t=0.60s)
inst_seed=8366435 eps=107 min_eps=88 loads=[0;26;83;23;88] u=[3;2;1;2;1] guided(E=468.00,mk=107,t=0.62s)
inst_seed=8366435 eps=106 min_eps=88 loads=[0;26;83;23;88] u=[3;2;1;2;1] guided(E=466.00,mk=106,t=0.59s)
inst_seed=8366435 eps=105 min_eps=88 loads=[0;26;83;23;88] u=[3;2;1;2;1] guided(E=466.00,mk=105,t=0.56s)
inst_seed=8366435 eps=104 min_eps=88 loads=[0;26;83;23;88] u=[3;2;1;2;1] guided(E=456.00,mk=104,t=0.64s)
inst_seed=8366435 eps=103 min_eps=88 loads=[0;26;83;23;88] u=[3;2;1;2;1] guided(E=448.00,mk=103,t=0.67s)
inst_seed=8366435 eps=102 min_eps=88 loads=[0;26;83;23;88] u=[3;2;1;2;1] guided(E=452.00,mk=102,t=0.71s)
inst_seed=8366435 eps=101 min_eps=88 loads=[0;26;83;23;88] u=[3;2;1;2;1] guided(E=458.00,mk=101,t=0.67s)
inst_seed=8366435 eps=100 min_eps=88 loads=[0;26;83;23;88] u=[3;2;1;2;1] guided(E=462.00,mk=100,t=0.64s)
inst_seed=8366435 eps=99 min_eps=88 loads=[0;26;83;23;88] u=[3;2;1;2;1] guided(E=466.00,mk=99,t=0.61s)
inst_seed=8366435 eps=98 min_eps=88 loads=[0;26;83;23;88] u=[3;2;1;2;1] guided(E=470.00,mk=98,t=0.59s)
inst_seed=8366435 eps=97 min_eps=88 loads=[0;26;83;23;88] u=[3;2;1;2;1] guided(E=474.00,mk=97,t=0.55s)
inst_seed=8366435 eps=96 min_eps=88 loads=[0;26;83;23;88] u=[3;2;1;2;1] guided(E=478.00,mk=96,t=0.52s)
inst_seed=8366435 eps=95 min_eps=88 loads=[0;26;83;23;88] u=[3;2;1;2;1] guided(E=478.00,mk=95,t=0.50s)
inst_seed=8366435 eps=94 min_eps=88 loads=[0;26;83;23;88] u=[3;2;1;2;1] guided(E=478.00,mk=94,t=0.47s)
inst_seed=8366435 eps=93 min_eps=88 loads=[0;26;83;23;88] u=[3;2;1;2;1] guided(E=480.00,mk=93,t=0.41s)
inst_seed=8366435 eps=92 min_eps=88 loads=[0;26;83;23;88] u=[3;2;1;2;1] guided(E=482.00,mk=92,t=0.37s)
inst_seed=8366435 eps=91 min_eps=88 loads=[0;26;83;23;88] u=[3;2;1;2;1] guided(E=484.00,mk=91,t=0.34s)
inst_seed=8366435 eps=90 min_eps=88 loads=[0;26;83;23;88] u=[3;2;1;2;1] guided(E=486.00,mk=90,t=0.33s)
inst_seed=8366435 eps=89 min_eps=88 loads=[0;26;83;23;88] u=[3;2;1;2;1] guided(E=490.00,mk=89,t=0.30s)
inst_seed=8366435 eps=88 min_eps=88 loads=[0;26;83;23;88] u=[3;2;1;2;1] guided(E=494.00,mk=88,t=0.27s)
inst_seed=2363613 eps=120 min_eps=90 loads=[18;41;13;74;90] u=[3;3;3;2;2] guided(E=879.00,mk=111,t=0.49s)
inst_seed=2363613 eps=110 min_eps=90 loads=[18;41;13;74;90] u=[3;3;3;2;2] guided(E=919.00,mk=110,t=0.37s)
inst_seed=2363613 eps=109 min_eps=90 loads=[18;41;13;74;90] u=[3;3;3;2;2] guided(E=919.00,mk=109,t=0.37s)
inst_seed=2363613 eps=108 min_eps=90 loads=[18;41;13;74;90] u=[3;3;3;2;2] guided(E=923.00,mk=108,t=0.35s)
inst_seed=2363613 eps=107 min_eps=90 loads=[18;41;13;74;90] u=[3;3;3;2;2] guided(E=923.00,mk=107,t=0.34s)
inst_seed=2363613 eps=106 min_eps=90 loads=[18;41;13;74;90] u=[3;3;3;2;2] guided(E=923.00,mk=106,t=0.34s)
inst_seed=2363613 eps=105 min_eps=90 loads=[18;41;13;74;90] u=[3;3;3;2;2] guided(E=919.00,mk=105,t=0.33s)
inst_seed=2363613 eps=104 min_eps=90 loads=[18;41;13;74;90] u=[3;3;3;2;2] guided(E=919.00,mk=104,t=0.33s)
inst_seed=2363613 eps=103 min_eps=90 loads=[18;41;13;74;90] u=[3;3;3;2;2] guided(E=922.00,mk=103,t=0.37s)
inst_seed=2363613 eps=102 min_eps=90 loads=[18;41;13;74;90] u=[3;3;3;2;2] guided(E=933.00,mk=102,t=0.34s)
inst_seed=2363613 eps=101 min_eps=90 loads=[18;41;13;74;90] u=[3;3;3;2;2] guided(E=944.00,mk=101,t=0.34s)
inst_seed=2363613 eps=100 min_eps=90 loads=[18;41;13;74;90] u=[3;3;3;2;2] guided(E=955.00,mk=100,t=0.32s)
inst_seed=2363613 eps=99 min_eps=90 loads=[18;41;13;74;90] u=[3;3;3;2;2] guided(E=959.00,mk=99,t=0.30s)
inst_seed=2363613 eps=98 min_eps=90 loads=[18;41;13;74;90] u=[3;3;3;2;2] guided(E=963.00,mk=98,t=0.26s)
inst_seed=2363613 eps=97 min_eps=90 loads=[18;41;13;74;90] u=[3;3;3;2;2] guided(E=967.00,mk=97,t=0.24s)
inst_seed=2363613 eps=96 min_eps=90 loads=[18;41;13;74;90] u=[3;3;3;2;2] guided(E=971.00,mk=96,t=0.22s)
inst_seed=2363613 eps=95 min_eps=90 loads=[18;41;13;74;90] u=[3;3;3;2;2] guided(E=971.00,mk=95,t=0.21s)
inst_seed=2363613 eps=94 min_eps=90 loads=[18;41;13;74;90] u=[3;3;3;2;2] guided(E=971.00,mk=94,t=0.19s)
inst_seed=2363613 eps=93 min_eps=90 loads=[18;41;13;74;90] u=[3;3;3;2;2] guided(E=971.00,mk=93,t=0.18s)
inst_seed=2363613 eps=92 min_eps=90 loads=[18;41;13;74;90] u=[3;3;3;2;2] guided(E=971.00,mk=92,t=0.17s)
inst_seed=2363613 eps=91 min_eps=90 loads=[18;41;13;74;90] u=[3;3;3;2;2] guided(E=975.00,mk=91,t=0.13s)
inst_seed=2363613 eps=90 min_eps=90 loads=[18;41;13;74;90] u=[3;3;3;2;2] guided(E=979.00,mk=90,t=0.10s)
inst_seed=2050182 eps=140 min_eps=139 loads=[24;139;13;19;0] u=[2;1;2;2;3] guided(E=446.00,mk=140,t=0.40s)
inst_seed=2050182 eps=139 min_eps=139 loads=[24;139;13;19;0] u=[2;1;2;2;3] guided(E=448.00,mk=139,t=0.37s)
inst_seed=9978714 eps=140 min_eps=93 loads=[85;3;1;93;24] u=[2;3;3;2;3] guided(E=711.00,mk=128,t=0.84s)
inst_seed=9978714 eps=127 min_eps=93 loads=[85;3;1;93;24] u=[2;3;3;2;3] guided(E=711.00,mk=126,t=0.92s)
inst_seed=9978714 eps=125 min_eps=93 loads=[85;3;1;93;24] u=[2;3;3;2;3] guided(E=711.00,mk=125,t=0.89s)
inst_seed=9978714 eps=124 min_eps=93 loads=[85;3;1;93;24] u=[2;3;3;2;3] guided(E=711.00,mk=124,t=0.88s)
inst_seed=9978714 eps=123 min_eps=93 loads=[85;3;1;93;24] u=[2;3;3;2;3] guided(E=715.00,mk=123,t=0.83s)
inst_seed=9978714 eps=122 min_eps=93 loads=[85;3;1;93;24] u=[2;3;3;2;3] guided(E=719.00,mk=122,t=0.82s)
inst_seed=9978714 eps=121 min_eps=93 loads=[85;3;1;93;24] u=[2;3;3;2;3] guided(E=723.00,mk=121,t=0.78s)
inst_seed=9978714 eps=120 min_eps=93 loads=[85;3;1;93;24] u=[2;3;3;2;3] guided(E=727.00,mk=120,t=0.74s)
inst_seed=9978714 eps=119 min_eps=93 loads=[85;3;1;93;24] u=[2;3;3;2;3] guided(E=731.00,mk=112,t=0.70s)
inst_seed=9978714 eps=111 min_eps=93 loads=[85;3;1;93;24] u=[2;3;3;2;3] guided(E=787.00,mk=111,t=0.60s)
inst_seed=9978714 eps=110 min_eps=93 loads=[85;3;1;93;24] u=[2;3;3;2;3] guided(E=787.00,mk=110,t=0.58s)
inst_seed=9978714 eps=109 min_eps=93 loads=[85;3;1;93;24] u=[2;3;3;2;3] guided(E=795.00,mk=109,t=0.58s)
inst_seed=9978714 eps=108 min_eps=93 loads=[85;3;1;93;24] u=[2;3;3;2;3] guided(E=799.00,mk=108,t=0.52s)
inst_seed=9978714 eps=107 min_eps=93 loads=[85;3;1;93;24] u=[2;3;3;2;3] guided(E=799.00,mk=107,t=0.55s)
inst_seed=9978714 eps=106 min_eps=93 loads=[85;3;1;93;24] u=[2;3;3;2;3] guided(E=799.00,mk=106,t=0.53s)
inst_seed=9978714 eps=105 min_eps=93 loads=[85;3;1;93;24] u=[2;3;3;2;3] guided(E=799.00,mk=105,t=0.48s)
inst_seed=9978714 eps=104 min_eps=93 loads=[85;3;1;93;24] u=[2;3;3;2;3] guided(E=795.00,mk=104,t=0.49s)
inst_seed=9978714 eps=103 min_eps=93 loads=[85;3;1;93;24] u=[2;3;3;2;3] guided(E=795.00,mk=103,t=0.56s)
inst_seed=9978714 eps=102 min_eps=93 loads=[85;3;1;93;24] u=[2;3;3;2;3] guided(E=803.00,mk=102,t=0.52s)
inst_seed=9978714 eps=101 min_eps=93 loads=[85;3;1;93;24] u=[2;3;3;2;3] guided(E=811.00,mk=101,t=0.53s)
inst_seed=9978714 eps=100 min_eps=93 loads=[85;3;1;93;24] u=[2;3;3;2;3] guided(E=819.00,mk=100,t=0.50s)
inst_seed=9978714 eps=99 min_eps=93 loads=[85;3;1;93;24] u=[2;3;3;2;3] guided(E=827.00,mk=99,t=0.49s)
inst_seed=9978714 eps=98 min_eps=93 loads=[85;3;1;93;24] u=[2;3;3;2;3] guided(E=835.00,mk=98,t=0.47s)
inst_seed=9978714 eps=97 min_eps=93 loads=[85;3;1;93;24] u=[2;3;3;2;3] guided(E=839.00,mk=97,t=0.39s)
inst_seed=9978714 eps=96 min_eps=93 loads=[85;3;1;93;24] u=[2;3;3;2;3] guided(E=847.00,mk=96,t=0.41s)
inst_seed=9978714 eps=95 min_eps=93 loads=[85;3;1;93;24] u=[2;3;3;2;3] guided(E=851.00,mk=95,t=0.38s)
inst_seed=9978714 eps=94 min_eps=93 loads=[85;3;1;93;24] u=[2;3;3;2;3] guided(E=855.00,mk=94,t=0.37s)
inst_seed=9978714 eps=93 min_eps=93 loads=[85;3;1;93;24] u=[2;3;3;2;3] guided(E=855.00,mk=93,t=0.32s)
inst_seed=9926029 eps=80 min_eps=58 loads=[27;58;55;16;7] u=[2;1;2;2;3] guided(E=439.00,mk=71,t=0.11s)
inst_seed=9926029 eps=70 min_eps=58 loads=[27;58;55;16;7] u=[2;1;2;2;3] guided(E=441.00,mk=70,t=0.06s)
inst_seed=9926029 eps=69 min_eps=58 loads=[27;58;55;16;7] u=[2;1;2;2;3] guided(E=441.00,mk=69,t=0.06s)
inst_seed=9926029 eps=68 min_eps=58 loads=[27;58;55;16;7] u=[2;1;2;2;3] guided(E=443.00,mk=68,t=0.05s)
inst_seed=9926029 eps=67 min_eps=58 loads=[27;58;55;16;7] u=[2;1;2;2;3] guided(E=445.00,mk=67,t=0.05s)
inst_seed=9926029 eps=66 min_eps=58 loads=[27;58;55;16;7] u=[2;1;2;2;3] guided(E=451.00,mk=66,t=0.03s)
inst_seed=9926029 eps=65 min_eps=58 loads=[27;58;55;16;7] u=[2;1;2;2;3] guided(E=457.00,mk=65,t=0.02s)
inst_seed=9926029 eps=64 min_eps=58 loads=[27;58;55;16;7] u=[2;1;2;2;3] guided(E=459.00,mk=64,t=0.02s)
inst_seed=9926029 eps=63 min_eps=58 loads=[27;58;55;16;7] u=[2;1;2;2;3] guided(E=468.00,mk=63,t=0.02s)
inst_seed=9926029 eps=62 min_eps=58 loads=[27;58;55;16;7] u=[2;1;2;2;3] guided(E=479.00,mk=62,t=0.02s)
inst_seed=9926029 eps=61 min_eps=58 loads=[27;58;55;16;7] u=[2;1;2;2;3] guided(E=486.00,mk=61,t=0.02s)
inst_seed=9926029 eps=60 min_eps=58 loads=[27;58;55;16;7] u=[2;1;2;2;3] guided(E=497.00,mk=60,t=0.01s)
inst_seed=9926029 eps=59 min_eps=58 loads=[27;58;55;16;7] u=[2;1;2;2;3] guided(E=503.00,mk=59,t=0.01s)
inst_seed=9926029 eps=58 min_eps=58 loads=[27;58;55;16;7] u=[2;1;2;2;3] guided(E=509.00,mk=58,t=0.01s)
inst_seed=876386 eps=80 min_eps=73 loads=[39;73;35;47;8] u=[2;1;2;1;3] guided(E=491.00,mk=80,t=0.14s)
inst_seed=876386 eps=79 min_eps=73 loads=[39;73;35;47;8] u=[2;1;2;1;3] guided(E=493.00,mk=79,t=0.13s)
inst_seed=876386 eps=78 min_eps=73 loads=[39;73;35;47;8] u=[2;1;2;1;3] guided(E=495.00,mk=78,t=0.12s)
inst_seed=876386 eps=77 min_eps=73 loads=[39;73;35;47;8] u=[2;1;2;1;3] guided(E=497.00,mk=77,t=0.10s)
inst_seed=876386 eps=76 min_eps=73 loads=[39;73;35;47;8] u=[2;1;2;1;3] guided(E=499.00,mk=76,t=0.08s)
inst_seed=876386 eps=75 min_eps=73 loads=[39;73;35;47;8] u=[2;1;2;1;3] guided(E=499.00,mk=73,t=0.06s)
inst_seed=6354388 eps=100 min_eps=95 loads=[27;74;29;95;7] u=[3;2;3;2;3] guided(E=923.00,mk=100,t=0.56s)
inst_seed=6354388 eps=99 min_eps=95 loads=[27;74;29;95;7] u=[3;2;3;2;3] guided(E=927.00,mk=99,t=0.53s)
inst_seed=6354388 eps=98 min_eps=95 loads=[27;74;29;95;7] u=[3;2;3;2;3] guided(E=931.00,mk=98,t=0.51s)
inst_seed=6354388 eps=97 min_eps=95 loads=[27;74;29;95;7] u=[3;2;3;2;3] guided(E=935.00,mk=97,t=0.50s)
inst_seed=6354388 eps=96 min_eps=95 loads=[27;74;29;95;7] u=[3;2;3;2;3] guided(E=939.00,mk=96,t=0.48s)
inst_seed=6354388 eps=95 min_eps=95 loads=[27;74;29;95;7] u=[3;2;3;2;3] guided(E=939.00,mk=95,t=0.46s)
inst_seed=9120089 eps=80 min_eps=80 loads=[13;71;80;19;49] u=[2;1;1;2;2] guided(E=578.00,mk=80,t=0.07s)
inst_seed=751795 eps=120 min_eps=97 loads=[97;8;18;15;62] u=[1;2;2;2;1] guided(E=396.00,mk=120,t=0.62s)
inst_seed=751795 eps=119 min_eps=97 loads=[97;8;18;15;62] u=[1;2;2;2;1] guided(E=396.00,mk=119,t=0.62s)
inst_seed=751795 eps=118 min_eps=97 loads=[97;8;18;15;62] u=[1;2;2;2;1] guided(E=398.00,mk=118,t=0.61s)
inst_seed=751795 eps=117 min_eps=97 loads=[97;8;18;15;62] u=[1;2;2;2;1] guided(E=400.00,mk=117,t=0.61s)
inst_seed=751795 eps=116 min_eps=97 loads=[97;8;18;15;62] u=[1;2;2;2;1] guided(E=402.00,mk=113,t=0.59s)
inst_seed=751795 eps=112 min_eps=97 loads=[97;8;18;15;62] u=[1;2;2;2;1] guided(E=420.00,mk=112,t=0.55s)
inst_seed=751795 eps=111 min_eps=97 loads=[97;8;18;15;62] u=[1;2;2;2;1] guided(E=420.00,mk=111,t=0.52s)
inst_seed=751795 eps=110 min_eps=97 loads=[97;8;18;15;62] u=[1;2;2;2;1] guided(E=420.00,mk=110,t=0.54s)
inst_seed=751795 eps=109 min_eps=97 loads=[97;8;18;15;62] u=[1;2;2;2;1] guided(E=420.00,mk=109,t=0.52s)
inst_seed=751795 eps=108 min_eps=97 loads=[97;8;18;15;62] u=[1;2;2;2;1] guided(E=420.00,mk=108,t=0.46s)
inst_seed=751795 eps=107 min_eps=97 loads=[97;8;18;15;62] u=[1;2;2;2;1] guided(E=420.00,mk=107,t=0.48s)
inst_seed=751795 eps=106 min_eps=97 loads=[97;8;18;15;62] u=[1;2;2;2;1] guided(E=420.00,mk=106,t=0.47s)
inst_seed=751795 eps=105 min_eps=97 loads=[97;8;18;15;62] u=[1;2;2;2;1] guided(E=418.00,mk=105,t=0.44s)
inst_seed=751795 eps=104 min_eps=97 loads=[97;8;18;15;62] u=[1;2;2;2;1] guided(E=418.00,mk=104,t=0.45s)
inst_seed=751795 eps=103 min_eps=97 loads=[97;8;18;15;62] u=[1;2;2;2;1] guided(E=422.00,mk=103,t=0.42s)
inst_seed=751795 eps=102 min_eps=97 loads=[97;8;18;15;62] u=[1;2;2;2;1] guided(E=426.00,mk=102,t=0.40s)
inst_seed=751795 eps=101 min_eps=97 loads=[97;8;18;15;62] u=[1;2;2;2;1] guided(E=430.00,mk=101,t=0.39s)
inst_seed=751795 eps=100 min_eps=97 loads=[97;8;18;15;62] u=[1;2;2;2;1] guided(E=434.00,mk=100,t=0.37s)
inst_seed=751795 eps=99 min_eps=97 loads=[97;8;18;15;62] u=[1;2;2;2;1] guided(E=436.00,mk=99,t=0.36s)
inst_seed=751795 eps=98 min_eps=97 loads=[97;8;18;15;62] u=[1;2;2;2;1] guided(E=438.00,mk=98,t=0.34s)
inst_seed=751795 eps=97 min_eps=97 loads=[97;8;18;15;62] u=[1;2;2;2;1] guided(E=440.00,mk=97,t=0.30s)
inst_seed=835593 eps=120 min_eps=120 loads=[20;19;120;41;25] u=[3;3;1;2;2] guided(E=620.00,mk=120,t=0.37s)
inst_seed=1234782 eps=140 min_eps=86 loads=[82;34;15;86;28] u=[2;3;3;2;3] guided(E=911.00,mk=124,t=0.88s)
inst_seed=1234782 eps=123 min_eps=86 loads=[82;34;15;86;28] u=[2;3;3;2;3] guided(E=915.00,mk=123,t=0.90s)
inst_seed=1234782 eps=122 min_eps=86 loads=[82;34;15;86;28] u=[2;3;3;2;3] guided(E=919.00,mk=122,t=0.87s)
inst_seed=1234782 eps=121 min_eps=86 loads=[82;34;15;86;28] u=[2;3;3;2;3] guided(E=923.00,mk=121,t=0.78s)
inst_seed=1234782 eps=120 min_eps=86 loads=[82;34;15;86;28] u=[2;3;3;2;3] guided(E=927.00,mk=109,t=0.76s)
inst_seed=1234782 eps=108 min_eps=86 loads=[82;34;15;86;28] u=[2;3;3;2;3] guided(E=987.00,mk=108,t=0.68s)
inst_seed=1234782 eps=107 min_eps=86 loads=[82;34;15;86;28] u=[2;3;3;2;3] guided(E=987.00,mk=107,t=0.65s)
inst_seed=1234782 eps=106 min_eps=86 loads=[82;34;15;86;28] u=[2;3;3;2;3] guided(E=991.00,mk=106,t=0.62s)
inst_seed=1234782 eps=105 min_eps=86 loads=[82;34;15;86;28] u=[2;3;3;2;3] guided(E=987.00,mk=105,t=0.65s)
inst_seed=1234782 eps=104 min_eps=86 loads=[82;34;15;86;28] u=[2;3;3;2;3] guided(E=975.00,mk=104,t=0.65s)
inst_seed=1234782 eps=103 min_eps=86 loads=[82;34;15;86;28] u=[2;3;3;2;3] guided(E=959.00,mk=103,t=0.72s)
inst_seed=1234782 eps=102 min_eps=86 loads=[82;34;15;86;28] u=[2;3;3;2;3] guided(E=955.00,mk=102,t=0.70s)
inst_seed=1234782 eps=101 min_eps=86 loads=[82;34;15;86;28] u=[2;3;3;2;3] guided(E=963.00,mk=101,t=0.67s)
inst_seed=1234782 eps=100 min_eps=86 loads=[82;34;15;86;28] u=[2;3;3;2;3] guided(E=975.00,mk=100,t=0.65s)
inst_seed=1234782 eps=99 min_eps=86 loads=[82;34;15;86;28] u=[2;3;3;2;3] guided(E=983.00,mk=99,t=0.62s)
inst_seed=1234782 eps=98 min_eps=86 loads=[82;34;15;86;28] u=[2;3;3;2;3] guided(E=991.00,mk=98,t=0.60s)
inst_seed=1234782 eps=97 min_eps=86 loads=[82;34;15;86;28] u=[2;3;3;2;3] guided(E=999.00,mk=97,t=0.58s)
inst_seed=1234782 eps=96 min_eps=86 loads=[82;34;15;86;28] u=[2;3;3;2;3] guided(E=1007.00,mk=96,t=0.54s)
inst_seed=1234782 eps=95 min_eps=86 loads=[82;34;15;86;28] u=[2;3;3;2;3] guided(E=1007.00,mk=95,t=0.53s)
inst_seed=1234782 eps=94 min_eps=86 loads=[82;34;15;86;28] u=[2;3;3;2;3] guided(E=1007.00,mk=94,t=0.47s)
inst_seed=1234782 eps=93 min_eps=86 loads=[82;34;15;86;28] u=[2;3;3;2;3] guided(E=1015.00,mk=93,t=0.41s)
inst_seed=1234782 eps=92 min_eps=86 loads=[82;34;15;86;28] u=[2;3;3;2;3] guided(E=1027.00,mk=92,t=0.37s)
inst_seed=1234782 eps=91 min_eps=86 loads=[82;34;15;86;28] u=[2;3;3;2;3] guided(E=1027.00,mk=91,t=0.37s)
inst_seed=1234782 eps=90 min_eps=86 loads=[82;34;15;86;28] u=[2;3;3;2;3] guided(E=1027.00,mk=90,t=0.36s)
inst_seed=1234782 eps=89 min_eps=86 loads=[82;34;15;86;28] u=[2;3;3;2;3] guided(E=1031.00,mk=89,t=0.33s)
inst_seed=1234782 eps=88 min_eps=86 loads=[82;34;15;86;28] u=[2;3;3;2;3] guided(E=1039.00,mk=88,t=0.31s)
inst_seed=1234782 eps=87 min_eps=86 loads=[82;34;15;86;28] u=[2;3;3;2;3] guided(E=1047.00,mk=87,t=0.28s)
inst_seed=1234782 eps=86 min_eps=86 loads=[82;34;15;86;28] u=[2;3;3;2;3] guided(E=1055.00,mk=86,t=0.26s)
inst_seed=8607207 eps=140 min_eps=81 loads=[4;42;81;31;19] u=[3;3;2;2;2] guided(E=592.00,mk=124,t=0.56s)
inst_seed=8607207 eps=123 min_eps=81 loads=[4;42;81;31;19] u=[3;3;2;2;2] guided(E=594.00,mk=123,t=0.56s)
inst_seed=8607207 eps=122 min_eps=81 loads=[4;42;81;31;19] u=[3;3;2;2;2] guided(E=596.00,mk=122,t=0.52s)
inst_seed=8607207 eps=121 min_eps=81 loads=[4;42;81;31;19] u=[3;3;2;2;2] guided(E=598.00,mk=121,t=0.49s)
inst_seed=8607207 eps=120 min_eps=81 loads=[4;42;81;31;19] u=[3;3;2;2;2] guided(E=600.00,mk=106,t=0.48s)
inst_seed=8607207 eps=105 min_eps=81 loads=[4;42;81;31;19] u=[3;3;2;2;2] guided(E=616.00,mk=105,t=0.47s)
inst_seed=8607207 eps=104 min_eps=81 loads=[4;42;81;31;19] u=[3;3;2;2;2] guided(E=612.00,mk=104,t=0.48s)
inst_seed=8607207 eps=103 min_eps=81 loads=[4;42;81;31;19] u=[3;3;2;2;2] guided(E=610.00,mk=103,t=0.47s)
inst_seed=8607207 eps=102 min_eps=81 loads=[4;42;81;31;19] u=[3;3;2;2;2] guided(E=612.00,mk=102,t=0.45s)
inst_seed=8607207 eps=101 min_eps=81 loads=[4;42;81;31;19] u=[3;3;2;2;2] guided(E=619.00,mk=101,t=0.43s)
inst_seed=8607207 eps=100 min_eps=81 loads=[4;42;81;31;19] u=[3;3;2;2;2] guided(E=626.00,mk=100,t=0.43s)
inst_seed=8607207 eps=99 min_eps=81 loads=[4;42;81;31;19] u=[3;3;2;2;2] guided(E=626.00,mk=99,t=0.41s)
inst_seed=8607207 eps=98 min_eps=81 loads=[4;42;81;31;19] u=[3;3;2;2;2] guided(E=630.00,mk=98,t=0.40s)
inst_seed=8607207 eps=97 min_eps=81 loads=[4;42;81;31;19] u=[3;3;2;2;2] guided(E=634.00,mk=97,t=0.39s)
inst_seed=8607207 eps=96 min_eps=81 loads=[4;42;81;31;19] u=[3;3;2;2;2] guided(E=638.00,mk=93,t=0.38s)
inst_seed=8607207 eps=92 min_eps=81 loads=[4;42;81;31;19] u=[3;3;2;2;2] guided(E=654.00,mk=92,t=0.30s)
inst_seed=8607207 eps=91 min_eps=81 loads=[4;42;81;31;19] u=[3;3;2;2;2] guided(E=654.00,mk=91,t=0.29s)
inst_seed=8607207 eps=90 min_eps=81 loads=[4;42;81;31;19] u=[3;3;2;2;2] guided(E=654.00,mk=90,t=0.32s)
inst_seed=8607207 eps=89 min_eps=81 loads=[4;42;81;31;19] u=[3;3;2;2;2] guided(E=654.00,mk=89,t=0.28s)
inst_seed=8607207 eps=88 min_eps=81 loads=[4;42;81;31;19] u=[3;3;2;2;2] guided(E=658.00,mk=88,t=0.27s)
inst_seed=8607207 eps=87 min_eps=81 loads=[4;42;81;31;19] u=[3;3;2;2;2] guided(E=658.00,mk=87,t=0.25s)
inst_seed=8607207 eps=86 min_eps=81 loads=[4;42;81;31;19] u=[3;3;2;2;2] guided(E=662.00,mk=86,t=0.26s)
inst_seed=8607207 eps=85 min_eps=81 loads=[4;42;81;31;19] u=[3;3;2;2;2] guided(E=666.00,mk=85,t=0.25s)
inst_seed=8607207 eps=84 min_eps=81 loads=[4;42;81;31;19] u=[3;3;2;2;2] guided(E=670.00,mk=84,t=0.24s)
inst_seed=8607207 eps=83 min_eps=81 loads=[4;42;81;31;19] u=[3;3;2;2;2] guided(E=681.00,mk=83,t=0.23s)
inst_seed=8607207 eps=82 min_eps=81 loads=[4;42;81;31;19] u=[3;3;2;2;2] guided(E=692.00,mk=82,t=0.22s)
inst_seed=8607207 eps=81 min_eps=81 loads=[4;42;81;31;19] u=[3;3;2;2;2] guided(E=703.00,mk=81,t=0.19s)
inst_seed=1092783 eps=100 min_eps=80 loads=[17;59;14;80;29] u=[3;1;3;1;2] guided(E=463.00,mk=100,t=0.34s)
inst_seed=1092783 eps=99 min_eps=80 loads=[17;59;14;80;29] u=[3;1;3;1;2] guided(E=465.00,mk=99,t=0.33s)
inst_seed=1092783 eps=98 min_eps=80 loads=[17;59;14;80;29] u=[3;1;3;1;2] guided(E=467.00,mk=98,t=0.32s)
inst_seed=1092783 eps=97 min_eps=80 loads=[17;59;14;80;29] u=[3;1;3;1;2] guided(E=469.00,mk=97,t=0.31s)
inst_seed=1092783 eps=96 min_eps=80 loads=[17;59;14;80;29] u=[3;1;3;1;2] guided(E=471.00,mk=92,t=0.31s)
inst_seed=1092783 eps=91 min_eps=80 loads=[17;59;14;80;29] u=[3;1;3;1;2] guided(E=483.00,mk=91,t=0.20s)
inst_seed=1092783 eps=90 min_eps=80 loads=[17;59;14;80;29] u=[3;1;3;1;2] guided(E=481.00,mk=90,t=0.21s)
inst_seed=1092783 eps=89 min_eps=80 loads=[17;59;14;80;29] u=[3;1;3;1;2] guided(E=481.00,mk=89,t=0.20s)
inst_seed=1092783 eps=88 min_eps=80 loads=[17;59;14;80;29] u=[3;1;3;1;2] guided(E=481.00,mk=88,t=0.19s)
inst_seed=1092783 eps=87 min_eps=80 loads=[17;59;14;80;29] u=[3;1;3;1;2] guided(E=481.00,mk=87,t=0.18s)
inst_seed=1092783 eps=86 min_eps=80 loads=[17;59;14;80;29] u=[3;1;3;1;2] guided(E=483.00,mk=86,t=0.16s)
inst_seed=1092783 eps=85 min_eps=80 loads=[17;59;14;80;29] u=[3;1;3;1;2] guided(E=485.00,mk=85,t=0.15s)
inst_seed=1092783 eps=84 min_eps=80 loads=[17;59;14;80;29] u=[3;1;3;1;2] guided(E=489.00,mk=84,t=0.15s)
inst_seed=1092783 eps=83 min_eps=80 loads=[17;59;14;80;29] u=[3;1;3;1;2] guided(E=495.00,mk=83,t=0.14s)
inst_seed=1092783 eps=82 min_eps=80 loads=[17;59;14;80;29] u=[3;1;3;1;2] guided(E=500.00,mk=82,t=0.13s)
inst_seed=1092783 eps=81 min_eps=80 loads=[17;59;14;80;29] u=[3;1;3;1;2] guided(E=503.00,mk=81,t=0.12s)
inst_seed=1092783 eps=80 min_eps=80 loads=[17;59;14;80;29] u=[3;1;3;1;2] guided(E=507.00,mk=80,t=0.09s)
inst_seed=396434 eps=80 min_eps=68 loads=[18;39;17;68;18] u=[2;2;2;1;2] guided(E=386.00,mk=80,t=0.29s)
inst_seed=396434 eps=79 min_eps=68 loads=[18;39;17;68;18] u=[2;2;2;1;2] guided(E=388.00,mk=79,t=0.27s)
inst_seed=396434 eps=78 min_eps=68 loads=[18;39;17;68;18] u=[2;2;2;1;2] guided(E=390.00,mk=78,t=0.26s)
inst_seed=396434 eps=77 min_eps=68 loads=[18;39;17;68;18] u=[2;2;2;1;2] guided(E=392.00,mk=77,t=0.24s)
inst_seed=396434 eps=76 min_eps=68 loads=[18;39;17;68;18] u=[2;2;2;1;2] guided(E=394.00,mk=76,t=0.22s)
inst_seed=396434 eps=75 min_eps=68 loads=[18;39;17;68;18] u=[2;2;2;1;2] guided(E=394.00,mk=75,t=0.21s)
inst_seed=396434 eps=74 min_eps=68 loads=[18;39;17;68;18] u=[2;2;2;1;2] guided(E=394.00,mk=74,t=0.19s)
inst_seed=396434 eps=73 min_eps=68 loads=[18;39;17;68;18] u=[2;2;2;1;2] guided(E=394.00,mk=73,t=0.17s)
inst_seed=396434 eps=72 min_eps=68 loads=[18;39;17;68;18] u=[2;2;2;1;2] guided(E=394.00,mk=72,t=0.14s)
inst_seed=396434 eps=71 min_eps=68 loads=[18;39;17;68;18] u=[2;2;2;1;2] guided(E=396.00,mk=71,t=0.13s)
inst_seed=396434 eps=70 min_eps=68 loads=[18;39;17;68;18] u=[2;2;2;1;2] guided(E=398.00,mk=70,t=0.12s)
inst_seed=396434 eps=69 min_eps=68 loads=[18;39;17;68;18] u=[2;2;2;1;2] guided(E=400.00,mk=69,t=0.11s)
inst_seed=396434 eps=68 min_eps=68 loads=[18;39;17;68;18] u=[2;2;2;1;2] guided(E=402.00,mk=68,t=0.08s)
inst_seed=1190278 eps=80 min_eps=78 loads=[39;27;78;26;12] u=[2;2;1;2;3] guided(E=500.00,mk=80,t=0.10s)
inst_seed=1190278 eps=79 min_eps=78 loads=[39;27;78;26;12] u=[2;2;1;2;3] guided(E=502.00,mk=79,t=0.10s)
inst_seed=1190278 eps=78 min_eps=78 loads=[39;27;78;26;12] u=[2;2;1;2;3] guided(E=504.00,mk=78,t=0.05s)
inst_seed=1242415 eps=120 min_eps=107 loads=[29;11;107;25;19] u=[2;3;1;3;3] guided(E=524.00,mk=120,t=0.46s)
inst_seed=1242415 eps=119 min_eps=107 loads=[29;11;107;25;19] u=[2;3;1;3;3] guided(E=524.00,mk=119,t=0.43s)
inst_seed=1242415 eps=118 min_eps=107 loads=[29;11;107;25;19] u=[2;3;1;3;3] guided(E=526.00,mk=118,t=0.47s)
inst_seed=1242415 eps=117 min_eps=107 loads=[29;11;107;25;19] u=[2;3;1;3;3] guided(E=526.00,mk=117,t=0.49s)
inst_seed=1242415 eps=116 min_eps=107 loads=[29;11;107;25;19] u=[2;3;1;3;3] guided(E=528.00,mk=116,t=0.48s)
inst_seed=1242415 eps=115 min_eps=107 loads=[29;11;107;25;19] u=[2;3;1;3;3] guided(E=528.00,mk=115,t=0.41s)
inst_seed=1242415 eps=114 min_eps=107 loads=[29;11;107;25;19] u=[2;3;1;3;3] guided(E=530.00,mk=114,t=0.41s)
inst_seed=1242415 eps=113 min_eps=107 loads=[29;11;107;25;19] u=[2;3;1;3;3] guided(E=530.00,mk=113,t=0.40s)
inst_seed=1242415 eps=112 min_eps=107 loads=[29;11;107;25;19] u=[2;3;1;3;3] guided(E=528.00,mk=112,t=0.37s)
inst_seed=1242415 eps=111 min_eps=107 loads=[29;11;107;25;19] u=[2;3;1;3;3] guided(E=530.00,mk=111,t=0.36s)
inst_seed=1242415 eps=110 min_eps=107 loads=[29;11;107;25;19] u=[2;3;1;3;3] guided(E=532.00,mk=110,t=0.35s)
inst_seed=1242415 eps=109 min_eps=107 loads=[29;11;107;25;19] u=[2;3;1;3;3] guided(E=534.00,mk=109,t=0.34s)
inst_seed=1242415 eps=108 min_eps=107 loads=[29;11;107;25;19] u=[2;3;1;3;3] guided(E=536.00,mk=108,t=0.33s)
inst_seed=1242415 eps=107 min_eps=107 loads=[29;11;107;25;19] u=[2;3;1;3;3] guided(E=538.00,mk=107,t=0.30s)
inst_seed=9599305 eps=100 min_eps=72 loads=[44;20;3;55;72] u=[1;1;3;1;1] guided(E=319.00,mk=88,t=0.15s)
inst_seed=9599305 eps=87 min_eps=72 loads=[44;20;3;55;72] u=[1;1;3;1;1] guided(E=321.00,mk=87,t=0.11s)
inst_seed=9599305 eps=86 min_eps=72 loads=[44;20;3;55;72] u=[1;1;3;1;1] guided(E=323.00,mk=86,t=0.10s)
inst_seed=9599305 eps=85 min_eps=72 loads=[44;20;3;55;72] u=[1;1;3;1;1] guided(E=325.00,mk=85,t=0.10s)
inst_seed=9599305 eps=84 min_eps=72 loads=[44;20;3;55;72] u=[1;1;3;1;1] guided(E=327.00,mk=84,t=0.08s)
inst_seed=9599305 eps=83 min_eps=72 loads=[44;20;3;55;72] u=[1;1;3;1;1] guided(E=334.00,mk=83,t=0.07s)
inst_seed=9599305 eps=82 min_eps=72 loads=[44;20;3;55;72] u=[1;1;3;1;1] guided(E=341.00,mk=82,t=0.06s)
inst_seed=9599305 eps=81 min_eps=72 loads=[44;20;3;55;72] u=[1;1;3;1;1] guided(E=346.00,mk=81,t=0.06s)
inst_seed=9599305 eps=80 min_eps=72 loads=[44;20;3;55;72] u=[1;1;3;1;1] guided(E=351.00,mk=80,t=0.06s)
inst_seed=9599305 eps=79 min_eps=72 loads=[44;20;3;55;72] u=[1;1;3;1;1] guided(E=353.00,mk=79,t=0.06s)
inst_seed=9599305 eps=78 min_eps=72 loads=[44;20;3;55;72] u=[1;1;3;1;1] guided(E=355.00,mk=78,t=0.05s)
inst_seed=9599305 eps=77 min_eps=72 loads=[44;20;3;55;72] u=[1;1;3;1;1] guided(E=357.00,mk=77,t=0.05s)
inst_seed=9599305 eps=76 min_eps=72 loads=[44;20;3;55;72] u=[1;1;3;1;1] guided(E=359.00,mk=72,t=0.05s)
inst_seed=604870 eps=120 min_eps=91 loads=[40;42;3;0;91] u=[1;1;2;2;1] guided(E=288.00,mk=110,t=0.31s)
inst_seed=604870 eps=109 min_eps=91 loads=[40;42;3;0;91] u=[1;1;2;2;1] guided(E=302.00,mk=109,t=0.20s)
inst_seed=604870 eps=108 min_eps=91 loads=[40;42;3;0;91] u=[1;1;2;2;1] guided(E=302.00,mk=108,t=0.20s)
inst_seed=604870 eps=107 min_eps=91 loads=[40;42;3;0;91] u=[1;1;2;2;1] guided(E=302.00,mk=107,t=0.20s)
inst_seed=604870 eps=106 min_eps=91 loads=[40;42;3;0;91] u=[1;1;2;2;1] guided(E=302.00,mk=106,t=0.19s)
inst_seed=604870 eps=105 min_eps=91 loads=[40;42;3;0;91] u=[1;1;2;2;1] guided(E=300.00,mk=105,t=0.20s)
inst_seed=604870 eps=104 min_eps=91 loads=[40;42;3;0;91] u=[1;1;2;2;1] guided(E=298.00,mk=104,t=0.20s)
inst_seed=604870 eps=103 min_eps=91 loads=[40;42;3;0;91] u=[1;1;2;2;1] guided(E=301.00,mk=103,t=0.19s)
inst_seed=604870 eps=102 min_eps=91 loads=[40;42;3;0;91] u=[1;1;2;2;1] guided(E=305.00,mk=102,t=0.16s)
inst_seed=604870 eps=101 min_eps=91 loads=[40;42;3;0;91] u=[1;1;2;2;1] guided(E=309.00,mk=101,t=0.15s)
inst_seed=604870 eps=100 min_eps=91 loads=[40;42;3;0;91] u=[1;1;2;2;1] guided(E=314.00,mk=100,t=0.14s)
inst_seed=604870 eps=99 min_eps=91 loads=[40;42;3;0;91] u=[1;1;2;2;1] guided(E=316.00,mk=99,t=0.13s)
inst_seed=604870 eps=98 min_eps=91 loads=[40;42;3;0;91] u=[1;1;2;2;1] guided(E=318.00,mk=98,t=0.14s)
inst_seed=604870 eps=97 min_eps=91 loads=[40;42;3;0;91] u=[1;1;2;2;1] guided(E=320.00,mk=97,t=0.12s)
inst_seed=604870 eps=96 min_eps=91 loads=[40;42;3;0;91] u=[1;1;2;2;1] guided(E=322.00,mk=95,t=0.09s)
inst_seed=604870 eps=94 min_eps=91 loads=[40;42;3;0;91] u=[1;1;2;2;1] guided(E=322.00,mk=94,t=0.08s)
inst_seed=604870 eps=93 min_eps=91 loads=[40;42;3;0;91] u=[1;1;2;2;1] guided(E=322.00,mk=92,t=0.05s)
inst_seed=604870 eps=91 min_eps=91 loads=[40;42;3;0;91] u=[1;1;2;2;1] guided(E=324.00,mk=91,t=0.03s)
inst_seed=3688933 eps=140 min_eps=71 loads=[57;16;57;18;71] u=[3;3;2;3;2] guided(E=820.00,mk=124,t=0.42s)
inst_seed=3688933 eps=123 min_eps=71 loads=[57;16;57;18;71] u=[3;3;2;3;2] guided(E=822.00,mk=123,t=0.41s)
inst_seed=3688933 eps=122 min_eps=71 loads=[57;16;57;18;71] u=[3;3;2;3;2] guided(E=827.00,mk=122,t=0.40s)
inst_seed=3688933 eps=121 min_eps=71 loads=[57;16;57;18;71] u=[3;3;2;3;2] guided(E=832.00,mk=121,t=0.37s)
inst_seed=3688933 eps=120 min_eps=71 loads=[57;16;57;18;71] u=[3;3;2;3;2] guided(E=839.00,mk=104,t=0.35s)
inst_seed=3688933 eps=103 min_eps=71 loads=[57;16;57;18;71] u=[3;3;2;3;2] guided(E=846.00,mk=103,t=0.34s)
inst_seed=3688933 eps=102 min_eps=71 loads=[57;16;57;18;71] u=[3;3;2;3;2] guided(E=853.00,mk=102,t=0.34s)
inst_seed=3688933 eps=101 min_eps=71 loads=[57;16;57;18;71] u=[3;3;2;3;2] guided(E=860.00,mk=101,t=0.32s)
inst_seed=3688933 eps=100 min_eps=71 loads=[57;16;57;18;71] u=[3;3;2;3;2] guided(E=867.00,mk=88,t=0.30s)
inst_seed=3688933 eps=87 min_eps=71 loads=[57;16;57;18;71] u=[3;3;2;3;2] guided(E=871.00,mk=87,t=0.29s)
inst_seed=3688933 eps=86 min_eps=71 loads=[57;16;57;18;71] u=[3;3;2;3;2] guided(E=875.00,mk=86,t=0.28s)
inst_seed=3688933 eps=85 min_eps=71 loads=[57;16;57;18;71] u=[3;3;2;3;2] guided(E=875.00,mk=85,t=0.25s)
inst_seed=3688933 eps=84 min_eps=71 loads=[57;16;57;18;71] u=[3;3;2;3;2] guided(E=879.00,mk=84,t=0.23s)
inst_seed=3688933 eps=83 min_eps=71 loads=[57;16;57;18;71] u=[3;3;2;3;2] guided(E=894.00,mk=83,t=0.22s)
inst_seed=3688933 eps=82 min_eps=71 loads=[57;16;57;18;71] u=[3;3;2;3;2] guided(E=905.00,mk=82,t=0.21s)
inst_seed=3688933 eps=81 min_eps=71 loads=[57;16;57;18;71] u=[3;3;2;3;2] guided(E=916.00,mk=81,t=0.18s)
inst_seed=3688933 eps=80 min_eps=71 loads=[57;16;57;18;71] u=[3;3;2;3;2] guided(E=927.00,mk=80,t=0.17s)
inst_seed=3688933 eps=79 min_eps=71 loads=[57;16;57;18;71] u=[3;3;2;3;2] guided(E=931.00,mk=79,t=0.16s)
inst_seed=3688933 eps=78 min_eps=71 loads=[57;16;57;18;71] u=[3;3;2;3;2] guided(E=935.00,mk=78,t=0.14s)
inst_seed=3688933 eps=77 min_eps=71 loads=[57;16;57;18;71] u=[3;3;2;3;2] guided(E=939.00,mk=77,t=0.13s)
inst_seed=3688933 eps=76 min_eps=71 loads=[57;16;57;18;71] u=[3;3;2;3;2] guided(E=943.00,mk=75,t=0.11s)
inst_seed=3688933 eps=74 min_eps=71 loads=[57;16;57;18;71] u=[3;3;2;3;2] guided(E=943.00,mk=74,t=0.09s)
inst_seed=3688933 eps=73 min_eps=71 loads=[57;16;57;18;71] u=[3;3;2;3;2] guided(E=943.00,mk=73,t=0.07s)
inst_seed=3688933 eps=72 min_eps=71 loads=[57;16;57;18;71] u=[3;3;2;3;2] guided(E=943.00,mk=72,t=0.05s)
inst_seed=3688933 eps=71 min_eps=71 loads=[57;16;57;18;71] u=[3;3;2;3;2] guided(E=947.00,mk=71,t=0.03s)
inst_seed=2015436 eps=120 min_eps=99 loads=[0;97;9;99;0] u=[3;1;2;1;3] guided(E=384.00,mk=120,t=0.67s)
inst_seed=2015436 eps=119 min_eps=99 loads=[0;97;9;99;0] u=[3;1;2;1;3] guided(E=386.00,mk=119,t=0.65s)
inst_seed=2015436 eps=118 min_eps=99 loads=[0;97;9;99;0] u=[3;1;2;1;3] guided(E=390.00,mk=118,t=0.64s)
inst_seed=2015436 eps=117 min_eps=99 loads=[0;97;9;99;0] u=[3;1;2;1;3] guided(E=394.00,mk=117,t=0.62s)
inst_seed=2015436 eps=116 min_eps=99 loads=[0;97;9;99;0] u=[3;1;2;1;3] guided(E=398.00,mk=113,t=0.61s)
inst_seed=2015436 eps=112 min_eps=99 loads=[0;97;9;99;0] u=[3;1;2;1;3] guided(E=422.00,mk=112,t=0.37s)
inst_seed=2015436 eps=111 min_eps=99 loads=[0;97;9;99;0] u=[3;1;2;1;3] guided(E=422.00,mk=111,t=0.36s)
inst_seed=2015436 eps=110 min_eps=99 loads=[0;97;9;99;0] u=[3;1;2;1;3] guided(E=422.00,mk=110,t=0.34s)
inst_seed=2015436 eps=109 min_eps=99 loads=[0;97;9;99;0] u=[3;1;2;1;3] guided(E=422.00,mk=109,t=0.35s)
inst_seed=2015436 eps=108 min_eps=99 loads=[0;97;9;99;0] u=[3;1;2;1;3] guided(E=424.00,mk=108,t=0.33s)
inst_seed=2015436 eps=107 min_eps=99 loads=[0;97;9;99;0] u=[3;1;2;1;3] guided(E=422.00,mk=107,t=0.32s)
inst_seed=2015436 eps=106 min_eps=99 loads=[0;97;9;99;0] u=[3;1;2;1;3] guided(E=422.00,mk=106,t=0.32s)
inst_seed=2015436 eps=105 min_eps=99 loads=[0;97;9;99;0] u=[3;1;2;1;3] guided(E=424.00,mk=105,t=0.29s)
inst_seed=2015436 eps=104 min_eps=99 loads=[0;97;9;99;0] u=[3;1;2;1;3] guided(E=428.00,mk=104,t=0.28s)
inst_seed=2015436 eps=103 min_eps=99 loads=[0;97;9;99;0] u=[3;1;2;1;3] guided(E=434.00,mk=103,t=0.24s)
inst_seed=2015436 eps=102 min_eps=99 loads=[0;97;9;99;0] u=[3;1;2;1;3] guided(E=440.00,mk=102,t=0.23s)
inst_seed=2015436 eps=101 min_eps=99 loads=[0;97;9;99;0] u=[3;1;2;1;3] guided(E=446.00,mk=101,t=0.20s)
inst_seed=2015436 eps=100 min_eps=99 loads=[0;97;9;99;0] u=[3;1;2;1;3] guided(E=452.00,mk=100,t=0.16s)
inst_seed=2015436 eps=99 min_eps=99 loads=[0;97;9;99;0] u=[3;1;2;1;3] guided(E=456.00,mk=99,t=0.08s)
inst_seed=2816831 eps=120 min_eps=57 loads=[40;39;49;57;42] u=[3;3;3;2;3] guided(E=921.00,mk=104,t=0.33s)
inst_seed=2816831 eps=103 min_eps=57 loads=[40;39;49;57;42] u=[3;3;3;2;3] guided(E=929.00,mk=103,t=0.26s)
inst_seed=2816831 eps=102 min_eps=57 loads=[40;39;49;57;42] u=[3;3;3;2;3] guided(E=940.00,mk=102,t=0.25s)
inst_seed=2816831 eps=101 min_eps=57 loads=[40;39;49;57;42] u=[3;3;3;2;3] guided(E=954.00,mk=101,t=0.24s)
inst_seed=2816831 eps=100 min_eps=57 loads=[40;39;49;57;42] u=[3;3;3;2;3] guided(E=968.00,mk=84,t=0.23s)
inst_seed=2816831 eps=83 min_eps=57 loads=[40;39;49;57;42] u=[3;3;3;2;3] guided(E=982.00,mk=83,t=0.22s)
inst_seed=2816831 eps=82 min_eps=57 loads=[40;39;49;57;42] u=[3;3;3;2;3] guided(E=996.00,mk=82,t=0.20s)
inst_seed=2816831 eps=81 min_eps=57 loads=[40;39;49;57;42] u=[3;3;3;2;3] guided(E=1010.00,mk=81,t=0.19s)
inst_seed=2816831 eps=80 min_eps=57 loads=[40;39;49;57;42] u=[3;3;3;2;3] guided(E=1024.00,mk=69,t=0.19s)
inst_seed=2816831 eps=68 min_eps=57 loads=[40;39;49;57;42] u=[3;3;3;2;3] guided(E=1028.00,mk=68,t=0.12s)
inst_seed=2816831 eps=67 min_eps=57 loads=[40;39;49;57;42] u=[3;3;3;2;3] guided(E=1032.00,mk=67,t=0.10s)
inst_seed=2816831 eps=66 min_eps=57 loads=[40;39;49;57;42] u=[3;3;3;2;3] guided(E=1036.00,mk=66,t=0.09s)
inst_seed=2816831 eps=65 min_eps=57 loads=[40;39;49;57;42] u=[3;3;3;2;3] guided(E=1040.00,mk=65,t=0.08s)
inst_seed=2816831 eps=64 min_eps=57 loads=[40;39;49;57;42] u=[3;3;3;2;3] guided(E=1044.00,mk=64,t=0.08s)
inst_seed=2816831 eps=63 min_eps=57 loads=[40;39;49;57;42] u=[3;3;3;2;3] guided(E=1062.00,mk=63,t=0.07s)
inst_seed=2816831 eps=62 min_eps=57 loads=[40;39;49;57;42] u=[3;3;3;2;3] guided(E=1080.00,mk=62,t=0.04s)
inst_seed=2816831 eps=61 min_eps=57 loads=[40;39;49;57;42] u=[3;3;3;2;3] guided(E=1098.00,mk=61,t=0.04s)
inst_seed=2816831 eps=60 min_eps=57 loads=[40;39;49;57;42] u=[3;3;3;2;3] guided(E=1122.00,mk=60,t=0.04s)
inst_seed=2816831 eps=59 min_eps=57 loads=[40;39;49;57;42] u=[3;3;3;2;3] guided(E=1132.00,mk=59,t=0.03s)
inst_seed=2816831 eps=58 min_eps=57 loads=[40;39;49;57;42] u=[3;3;3;2;3] guided(E=1142.00,mk=58,t=0.03s)
inst_seed=2816831 eps=57 min_eps=57 loads=[40;39;49;57;42] u=[3;3;3;2;3] guided(E=1152.00,mk=57,t=0.03s)
inst_seed=5732413 eps=100 min_eps=97 loads=[34;97;9;73;49] u=[2;1;3;1;1] guided(E=551.00,mk=100,t=0.36s)
inst_seed=5732413 eps=99 min_eps=97 loads=[34;97;9;73;49] u=[2;1;3;1;1] guided(E=553.00,mk=99,t=0.37s)
inst_seed=5732413 eps=98 min_eps=97 loads=[34;97;9;73;49] u=[2;1;3;1;1] guided(E=555.00,mk=98,t=0.32s)
inst_seed=5732413 eps=97 min_eps=97 loads=[34;97;9;73;49] u=[2;1;3;1;1] guided(E=557.00,mk=97,t=0.28s)
inst_seed=9573078 eps=100 min_eps=94 loads=[21;0;94;70;32] u=[2;3;1;1;2] guided(E=476.00,mk=100,t=0.56s)
inst_seed=9573078 eps=99 min_eps=94 loads=[21;0;94;70;32] u=[2;3;1;1;2] guided(E=478.00,mk=99,t=0.53s)
inst_seed=9573078 eps=98 min_eps=94 loads=[21;0;94;70;32] u=[2;3;1;1;2] guided(E=480.00,mk=98,t=0.51s)
inst_seed=9573078 eps=97 min_eps=94 loads=[21;0;94;70;32] u=[2;3;1;1;2] guided(E=482.00,mk=97,t=0.50s)
inst_seed=9573078 eps=96 min_eps=94 loads=[21;0;94;70;32] u=[2;3;1;1;2] guided(E=484.00,mk=96,t=0.49s)
inst_seed=9573078 eps=95 min_eps=94 loads=[21;0;94;70;32] u=[2;3;1;1;2] guided(E=484.00,mk=95,t=0.48s)
inst_seed=9573078 eps=94 min_eps=94 loads=[21;0;94;70;32] u=[2;3;1;1;2] guided(E=484.00,mk=94,t=0.48s)
inst_seed=1488016 eps=100 min_eps=95 loads=[17;22;16;95;51] u=[3;2;2;1;2] guided(E=542.00,mk=100,t=0.20s)
inst_seed=1488016 eps=99 min_eps=95 loads=[17;22;16;95;51] u=[3;2;2;1;2] guided(E=544.00,mk=99,t=0.16s)
inst_seed=1488016 eps=98 min_eps=95 loads=[17;22;16;95;51] u=[3;2;2;1;2] guided(E=546.00,mk=98,t=0.17s)
inst_seed=1488016 eps=97 min_eps=95 loads=[17;22;16;95;51] u=[3;2;2;1;2] guided(E=548.00,mk=97,t=0.14s)
inst_seed=1488016 eps=96 min_eps=95 loads=[17;22;16;95;51] u=[3;2;2;1;2] guided(E=550.00,mk=96,t=0.12s)
inst_seed=1488016 eps=95 min_eps=95 loads=[17;22;16;95;51] u=[3;2;2;1;2] guided(E=550.00,mk=95,t=0.08s)
inst_seed=943945 eps=80 min_eps=56 loads=[56;40;17;20;46] u=[1;1;3;1;1] guided(E=343.00,mk=68,t=0.12s)
inst_seed=943945 eps=67 min_eps=56 loads=[56;40;17;20;46] u=[1;1;3;1;1] guided(E=345.00,mk=67,t=0.05s)
inst_seed=943945 eps=66 min_eps=56 loads=[56;40;17;20;46] u=[1;1;3;1;1] guided(E=347.00,mk=66,t=0.04s)
inst_seed=943945 eps=65 min_eps=56 loads=[56;40;17;20;46] u=[1;1;3;1;1] guided(E=349.00,mk=65,t=0.03s)
inst_seed=943945 eps=64 min_eps=56 loads=[56;40;17;20;46] u=[1;1;3;1;1] guided(E=351.00,mk=64,t=0.03s)
inst_seed=943945 eps=63 min_eps=56 loads=[56;40;17;20;46] u=[1;1;3;1;1] guided(E=356.00,mk=63,t=0.03s)
inst_seed=943945 eps=62 min_eps=56 loads=[56;40;17;20;46] u=[1;1;3;1;1] guided(E=361.00,mk=62,t=0.02s)
inst_seed=943945 eps=61 min_eps=56 loads=[56;40;17;20;46] u=[1;1;3;1;1] guided(E=366.00,mk=61,t=0.02s)
inst_seed=943945 eps=60 min_eps=56 loads=[56;40;17;20;46] u=[1;1;3;1;1] guided(E=371.00,mk=60,t=0.02s)
inst_seed=943945 eps=59 min_eps=56 loads=[56;40;17;20;46] u=[1;1;3;1;1] guided(E=373.00,mk=59,t=0.02s)
inst_seed=943945 eps=58 min_eps=56 loads=[56;40;17;20;46] u=[1;1;3;1;1] guided(E=375.00,mk=58,t=0.02s)
inst_seed=943945 eps=57 min_eps=56 loads=[56;40;17;20;46] u=[1;1;3;1;1] guided(E=379.00,mk=57,t=0.01s)
inst_seed=943945 eps=56 min_eps=56 loads=[56;40;17;20;46] u=[1;1;3;1;1] guided(E=383.00,mk=56,t=0.01s)
inst_seed=298689 eps=140 min_eps=97 loads=[97;15;97;27;12] u=[1;3;1;2;2] guided(E=522.00,mk=131,t=0.71s)
inst_seed=298689 eps=130 min_eps=97 loads=[97;15;97;27;12] u=[1;3;1;2;2] guided(E=538.00,mk=130,t=0.69s)
inst_seed=298689 eps=129 min_eps=97 loads=[97;15;97;27;12] u=[1;3;1;2;2] guided(E=534.00,mk=129,t=0.74s)
inst_seed=298689 eps=128 min_eps=97 loads=[97;15;97;27;12] u=[1;3;1;2;2] guided(E=534.00,mk=128,t=0.72s)
inst_seed=298689 eps=127 min_eps=97 loads=[97;15;97;27;12] u=[1;3;1;2;2] guided(E=532.00,mk=127,t=0.71s)
inst_seed=298689 eps=126 min_eps=97 loads=[97;15;97;27;12] u=[1;3;1;2;2] guided(E=536.00,mk=126,t=0.69s)
inst_seed=298689 eps=125 min_eps=97 loads=[97;15;97;27;12] u=[1;3;1;2;2] guided(E=538.00,mk=125,t=0.66s)
inst_seed=298689 eps=124 min_eps=97 loads=[97;15;97;27;12] u=[1;3;1;2;2] guided(E=538.00,mk=124,t=0.64s)
inst_seed=298689 eps=123 min_eps=97 loads=[97;15;97;27;12] u=[1;3;1;2;2] guided(E=544.00,mk=123,t=0.63s)
inst_seed=298689 eps=122 min_eps=97 loads=[97;15;97;27;12] u=[1;3;1;2;2] guided(E=546.00,mk=122,t=0.60s)
inst_seed=298689 eps=121 min_eps=97 loads=[97;15;97;27;12] u=[1;3;1;2;2] guided(E=536.00,mk=121,t=0.62s)
inst_seed=298689 eps=120 min_eps=97 loads=[97;15;97;27;12] u=[1;3;1;2;2] guided(E=536.00,mk=120,t=0.60s)
inst_seed=298689 eps=119 min_eps=97 loads=[97;15;97;27;12] u=[1;3;1;2;2] guided(E=540.00,mk=119,t=0.57s)
inst_seed=298689 eps=118 min_eps=97 loads=[97;15;97;27;12] u=[1;3;1;2;2] guided(E=544.00,mk=118,t=0.55s)
inst_seed=298689 eps=117 min_eps=97 loads=[97;15;97;27;12] u=[1;3;1;2;2] guided(E=546.00,mk=117,t=0.54s)
inst_seed=298689 eps=116 min_eps=97 loads=[97;15;97;27;12] u=[1;3;1;2;2] guided(E=550.00,mk=112,t=0.53s)
inst_seed=298689 eps=111 min_eps=97 loads=[97;15;97;27;12] u=[1;3;1;2;2] guided(E=576.00,mk=111,t=0.33s)
inst_seed=298689 eps=110 min_eps=97 loads=[97;15;97;27;12] u=[1;3;1;2;2] guided(E=576.00,mk=110,t=0.32s)
inst_seed=298689 eps=109 min_eps=97 loads=[97;15;97;27;12] u=[1;3;1;2;2] guided(E=576.00,mk=109,t=0.31s)
inst_seed=298689 eps=108 min_eps=97 loads=[97;15;97;27;12] u=[1;3;1;2;2] guided(E=576.00,mk=108,t=0.30s)
inst_seed=298689 eps=107 min_eps=97 loads=[97;15;97;27;12] u=[1;3;1;2;2] guided(E=576.00,mk=107,t=0.30s)
inst_seed=298689 eps=106 min_eps=97 loads=[97;15;97;27;12] u=[1;3;1;2;2] guided(E=576.00,mk=106,t=0.27s)
inst_seed=298689 eps=105 min_eps=97 loads=[97;15;97;27;12] u=[1;3;1;2;2] guided(E=578.00,mk=105,t=0.27s)
inst_seed=298689 eps=104 min_eps=97 loads=[97;15;97;27;12] u=[1;3;1;2;2] guided(E=582.00,mk=104,t=0.26s)
inst_seed=298689 eps=103 min_eps=97 loads=[97;15;97;27;12] u=[1;3;1;2;2] guided(E=588.00,mk=103,t=0.24s)
inst_seed=298689 eps=102 min_eps=97 loads=[97;15;97;27;12] u=[1;3;1;2;2] guided(E=594.00,mk=102,t=0.20s)
inst_seed=298689 eps=101 min_eps=97 loads=[97;15;97;27;12] u=[1;3;1;2;2] guided(E=600.00,mk=101,t=0.16s)
inst_seed=298689 eps=100 min_eps=97 loads=[97;15;97;27;12] u=[1;3;1;2;2] guided(E=606.00,mk=100,t=0.16s)
inst_seed=298689 eps=99 min_eps=97 loads=[97;15;97;27;12] u=[1;3;1;2;2] guided(E=610.00,mk=99,t=0.11s)
inst_seed=298689 eps=98 min_eps=97 loads=[97;15;97;27;12] u=[1;3;1;2;2] guided(E=614.00,mk=98,t=0.10s)
inst_seed=298689 eps=97 min_eps=97 loads=[97;15;97;27;12] u=[1;3;1;2;2] guided(E=618.00,mk=97,t=0.05s)
inst_seed=2693421 eps=80 min_eps=73 loads=[23;69;73;26;31] u=[3;2;2;3;3] guided(E=915.00,mk=80,t=0.02s)
inst_seed=2693421 eps=79 min_eps=73 loads=[23;69;73;26;31] u=[3;2;2;3;3] guided(E=919.00,mk=79,t=0.02s)
inst_seed=2693421 eps=78 min_eps=73 loads=[23;69;73;26;31] u=[3;2;2;3;3] guided(E=927.00,mk=78,t=0.02s)
inst_seed=2693421 eps=77 min_eps=73 loads=[23;69;73;26;31] u=[3;2;2;3;3] guided(E=935.00,mk=77,t=0.02s)
inst_seed=2693421 eps=76 min_eps=73 loads=[23;69;73;26;31] u=[3;2;2;3;3] guided(E=943.00,mk=73,t=0.02s)
Wrote PaST/logs/epsilon_nl_LONG_1_small_varND_guided.csv
