[SingleMachinePeriodEnv v1.1-SM] Loading single-machine period-aware environment...
inst_seed=4214584 eps=140 min_eps=84 loads=[0;71;84;3;6] u=[3;1;1;3;2] guided(E=275.00,mk=125,t=1.09s)
inst_seed=4214584 eps=124 min_eps=84 loads=[0;71;84;3;6] u=[3;1;1;3;2] guided(E=275.00,mk=124,t=1.08s)
inst_seed=4214584 eps=123 min_eps=84 loads=[0;71;84;3;6] u=[3;1;1;3;2] guided(E=279.00,mk=123,t=1.02s)
inst_seed=4214584 eps=122 min_eps=84 loads=[0;71;84;3;6] u=[3;1;1;3;2] guided(E=279.00,mk=122,t=1.05s)
inst_seed=4214584 eps=121 min_eps=84 loads=[0;71;84;3;6] u=[3;1;1;3;2] guided(E=281.00,mk=121,t=0.95s)
inst_seed=4214584 eps=120 min_eps=84 loads=[0;71;84;3;6] u=[3;1;1;3;2] guided(E=283.00,mk=106,t=0.90s)
inst_seed=4214584 eps=105 min_eps=84 loads=[0;71;84;3;6] u=[3;1;1;3;2] guided(E=299.00,mk=105,t=0.94s)
inst_seed=4214584 eps=104 min_eps=84 loads=[0;71;84;3;6] u=[3;1;1;3;2] guided(E=295.00,mk=104,t=0.94s)
inst_seed=4214584 eps=103 min_eps=84 loads=[0;71;84;3;6] u=[3;1;1;3;2] guided(E=293.00,mk=103,t=0.86s)
inst_seed=4214584 eps=102 min_eps=84 loads=[0;71;84;3;6] u=[3;1;1;3;2] guided(E=293.00,mk=102,t=0.83s)
inst_seed=4214584 eps=101 min_eps=84 loads=[0;71;84;3;6] u=[3;1;1;3;2] guided(E=297.00,mk=101,t=0.81s)
inst_seed=4214584 eps=100 min_eps=84 loads=[0;71;84;3;6] u=[3;1;1;3;2] guided(E=301.00,mk=100,t=0.80s)
inst_seed=4214584 eps=99 min_eps=84 loads=[0;71;84;3;6] u=[3;1;1;3;2] guided(E=303.00,mk=99,t=0.77s)
inst_seed=4214584 eps=98 min_eps=84 loads=[0;71;84;3;6] u=[3;1;1;3;2] guided(E=305.00,mk=98,t=0.76s)
inst_seed=4214584 eps=97 min_eps=84 loads=[0;71;84;3;6] u=[3;1;1;3;2] guided(E=307.00,mk=97,t=0.73s)
inst_seed=4214584 eps=96 min_eps=84 loads=[0;71;84;3;6] u=[3;1;1;3;2] guided(E=307.00,mk=96,t=0.70s)
inst_seed=4214584 eps=95 min_eps=84 loads=[0;71;84;3;6] u=[3;1;1;3;2] guided(E=309.00,mk=95,t=0.72s)
inst_seed=4214584 eps=94 min_eps=84 loads=[0;71;84;3;6] u=[3;1;1;3;2] guided(E=309.00,mk=94,t=0.69s)
inst_seed=4214584 eps=93 min_eps=84 loads=[0;71;84;3;6] u=[3;1;1;3;2] guided(E=317.00,mk=93,t=0.69s)
inst_seed=4214584 eps=92 min_eps=84 loads=[0;71;84;3;6] u=[3;1;1;3;2] guided(E=325.00,mk=92,t=0.59s)
inst_seed=4214584 eps=91 min_eps=84 loads=[0;71;84;3;6] u=[3;1;1;3;2] guided(E=325.00,mk=91,t=0.55s)
inst_seed=4214584 eps=90 min_eps=84 loads=[0;71;84;3;6] u=[3;1;1;3;2] guided(E=327.00,mk=90,t=0.55s)
inst_seed=4214584 eps=89 min_eps=84 loads=[0;71;84;3;6] u=[3;1;1;3;2] guided(E=327.00,mk=89,t=0.55s)
inst_seed=4214584 eps=88 min_eps=84 loads=[0;71;84;3;6] u=[3;1;1;3;2] guided(E=323.00,mk=88,t=0.56s)
inst_seed=4214584 eps=87 min_eps=84 loads=[0;71;84;3;6] u=[3;1;1;3;2] guided(E=323.00,mk=87,t=0.56s)
inst_seed=4214584 eps=86 min_eps=84 loads=[0;71;84;3;6] u=[3;1;1;3;2] guided(E=325.00,mk=86,t=0.53s)
inst_seed=4214584 eps=85 min_eps=84 loads=[0;71;84;3;6] u=[3;1;1;3;2] guided(E=329.00,mk=85,t=0.52s)
inst_seed=4214584 eps=84 min_eps=84 loads=[0;71;84;3;6] u=[3;1;1;3;2] guided(E=331.00,mk=84,t=0.48s)
inst_seed=1489298 eps=140 min_eps=123 loads=[23;48;65;44;123] u=[3;2;2;2;1] guided(E=825.00,mk=140,t=0.44s)
inst_seed=1489298 eps=139 min_eps=123 loads=[23;48;65;44;123] u=[3;2;2;2;1] guided(E=823.00,mk=139,t=0.43s)
inst_seed=1489298 eps=138 min_eps=123 loads=[23;48;65;44;123] u=[3;2;2;2;1] guided(E=823.00,mk=138,t=0.48s)
inst_seed=1489298 eps=137 min_eps=123 loads=[23;48;65;44;123] u=[3;2;2;2;1] guided(E=821.00,mk=137,t=0.46s)
inst_seed=1489298 eps=136 min_eps=123 loads=[23;48;65;44;123] u=[3;2;2;2;1] guided(E=819.00,mk=136,t=0.47s)
inst_seed=1489298 eps=135 min_eps=123 loads=[23;48;65;44;123] u=[3;2;2;2;1] guided(E=827.00,mk=135,t=0.44s)
inst_seed=1489298 eps=134 min_eps=123 loads=[23;48;65;44;123] u=[3;2;2;2;1] guided(E=827.00,mk=134,t=0.43s)
inst_seed=1489298 eps=133 min_eps=123 loads=[23;48;65;44;123] u=[3;2;2;2;1] guided(E=827.00,mk=133,t=0.45s)
inst_seed=1489298 eps=132 min_eps=123 loads=[23;48;65;44;123] u=[3;2;2;2;1] guided(E=825.00,mk=132,t=0.45s)
inst_seed=1489298 eps=131 min_eps=123 loads=[23;48;65;44;123] u=[3;2;2;2;1] guided(E=825.00,mk=131,t=0.45s)
inst_seed=1489298 eps=130 min_eps=123 loads=[23;48;65;44;123] u=[3;2;2;2;1] guided(E=825.00,mk=130,t=0.45s)
inst_seed=1489298 eps=129 min_eps=123 loads=[23;48;65;44;123] u=[3;2;2;2;1] guided(E=825.00,mk=129,t=0.40s)
inst_seed=1489298 eps=128 min_eps=123 loads=[23;48;65;44;123] u=[3;2;2;2;1] guided(E=827.00,mk=128,t=0.40s)
inst_seed=1489298 eps=127 min_eps=123 loads=[23;48;65;44;123] u=[3;2;2;2;1] guided(E=829.00,mk=127,t=0.38s)
inst_seed=1489298 eps=126 min_eps=123 loads=[23;48;65;44;123] u=[3;2;2;2;1] guided(E=831.00,mk=126,t=0.37s)
inst_seed=1489298 eps=125 min_eps=123 loads=[23;48;65;44;123] u=[3;2;2;2;1] guided(E=833.00,mk=125,t=0.35s)
inst_seed=1489298 eps=124 min_eps=123 loads=[23;48;65;44;123] u=[3;2;2;2;1] guided(E=835.00,mk=124,t=0.33s)
inst_seed=1489298 eps=123 min_eps=123 loads=[23;48;65;44;123] u=[3;2;2;2;1] guided(E=840.00,mk=123,t=0.30s)
inst_seed=2979079 eps=160 min_eps=96 loads=[18;96;50;28;22] u=[2;1;2;2;2] guided(E=496.00,mk=144,t=0.47s)
inst_seed=2979079 eps=143 min_eps=96 loads=[18;96;50;28;22] u=[2;1;2;2;2] guided(E=497.00,mk=143,t=0.47s)
inst_seed=2979079 eps=142 min_eps=96 loads=[18;96;50;28;22] u=[2;1;2;2;2] guided(E=500.00,mk=142,t=0.46s)
inst_seed=2979079 eps=141 min_eps=96 loads=[18;96;50;28;22] u=[2;1;2;2;2] guided(E=505.00,mk=141,t=0.45s)
inst_seed=2979079 eps=140 min_eps=96 loads=[18;96;50;28;22] u=[2;1;2;2;2] guided(E=506.00,mk=128,t=0.44s)
inst_seed=2979079 eps=127 min_eps=96 loads=[18;96;50;28;22] u=[2;1;2;2;2] guided(E=508.00,mk=127,t=0.43s)
inst_seed=2979079 eps=126 min_eps=96 loads=[18;96;50;28;22] u=[2;1;2;2;2] guided(E=508.00,mk=126,t=0.42s)
inst_seed=2979079 eps=125 min_eps=96 loads=[18;96;50;28;22] u=[2;1;2;2;2] guided(E=510.00,mk=125,t=0.42s)
inst_seed=2979079 eps=124 min_eps=96 loads=[18;96;50;28;22] u=[2;1;2;2;2] guided(E=512.00,mk=124,t=0.42s)
inst_seed=2979079 eps=123 min_eps=96 loads=[18;96;50;28;22] u=[2;1;2;2;2] guided(E=515.00,mk=123,t=0.39s)
inst_seed=2979079 eps=122 min_eps=96 loads=[18;96;50;28;22] u=[2;1;2;2;2] guided(E=516.00,mk=122,t=0.39s)
inst_seed=2979079 eps=121 min_eps=96 loads=[18;96;50;28;22] u=[2;1;2;2;2] guided(E=515.00,mk=121,t=0.38s)
inst_seed=2979079 eps=120 min_eps=96 loads=[18;96;50;28;22] u=[2;1;2;2;2] guided(E=520.00,mk=120,t=0.36s)
inst_seed=2979079 eps=119 min_eps=96 loads=[18;96;50;28;22] u=[2;1;2;2;2] guided(E=520.00,mk=119,t=0.34s)
inst_seed=2979079 eps=118 min_eps=96 loads=[18;96;50;28;22] u=[2;1;2;2;2] guided(E=522.00,mk=118,t=0.32s)
inst_seed=2979079 eps=117 min_eps=96 loads=[18;96;50;28;22] u=[2;1;2;2;2] guided(E=524.00,mk=117,t=0.31s)
inst_seed=2979079 eps=116 min_eps=96 loads=[18;96;50;28;22] u=[2;1;2;2;2] guided(E=526.00,mk=112,t=0.31s)
inst_seed=2979079 eps=111 min_eps=96 loads=[18;96;50;28;22] u=[2;1;2;2;2] guided(E=538.00,mk=111,t=0.28s)
inst_seed=2979079 eps=110 min_eps=96 loads=[18;96;50;28;22] u=[2;1;2;2;2] guided(E=538.00,mk=110,t=0.26s)
inst_seed=2979079 eps=109 min_eps=96 loads=[18;96;50;28;22] u=[2;1;2;2;2] guided(E=540.00,mk=109,t=0.25s)
inst_seed=2979079 eps=108 min_eps=96 loads=[18;96;50;28;22] u=[2;1;2;2;2] guided(E=538.00,mk=108,t=0.24s)
inst_seed=2979079 eps=107 min_eps=96 loads=[18;96;50;28;22] u=[2;1;2;2;2] guided(E=540.00,mk=107,t=0.24s)
inst_seed=2979079 eps=106 min_eps=96 loads=[18;96;50;28;22] u=[2;1;2;2;2] guided(E=538.00,mk=106,t=0.23s)
inst_seed=2979079 eps=105 min_eps=96 loads=[18;96;50;28;22] u=[2;1;2;2;2] guided(E=540.00,mk=105,t=0.22s)
inst_seed=2979079 eps=104 min_eps=96 loads=[18;96;50;28;22] u=[2;1;2;2;2] guided(E=542.00,mk=104,t=0.21s)
inst_seed=2979079 eps=103 min_eps=96 loads=[18;96;50;28;22] u=[2;1;2;2;2] guided(E=547.00,mk=103,t=0.20s)
inst_seed=2979079 eps=102 min_eps=96 loads=[18;96;50;28;22] u=[2;1;2;2;2] guided(E=552.00,mk=102,t=0.16s)
inst_seed=2979079 eps=101 min_eps=96 loads=[18;96;50;28;22] u=[2;1;2;2;2] guided(E=557.00,mk=101,t=0.18s)
inst_seed=2979079 eps=100 min_eps=96 loads=[18;96;50;28;22] u=[2;1;2;2;2] guided(E=562.00,mk=100,t=0.13s)
inst_seed=2979079 eps=99 min_eps=96 loads=[18;96;50;28;22] u=[2;1;2;2;2] guided(E=564.00,mk=99,t=0.12s)
inst_seed=2979079 eps=98 min_eps=96 loads=[18;96;50;28;22] u=[2;1;2;2;2] guided(E=566.00,mk=98,t=0.09s)
inst_seed=2979079 eps=97 min_eps=96 loads=[18;96;50;28;22] u=[2;1;2;2;2] guided(E=568.00,mk=97,t=0.08s)
inst_seed=2979079 eps=96 min_eps=96 loads=[18;96;50;28;22] u=[2;1;2;2;2] guided(E=570.00,mk=96,t=0.08s)
inst_seed=156382 eps=120 min_eps=63 loads=[48;2;48;59;63] u=[2;3;1;1;1] guided(E=422.00,mk=104,t=0.60s)
inst_seed=156382 eps=103 min_eps=63 loads=[48;2;48;59;63] u=[2;3;1;1;1] guided(E=425.00,mk=103,t=0.60s)
inst_seed=156382 eps=102 min_eps=63 loads=[48;2;48;59;63] u=[2;3;1;1;1] guided(E=428.00,mk=102,t=0.55s)
inst_seed=156382 eps=101 min_eps=63 loads=[48;2;48;59;63] u=[2;3;1;1;1] guided(E=433.00,mk=101,t=0.52s)
inst_seed=156382 eps=100 min_eps=63 loads=[48;2;48;59;63] u=[2;3;1;1;1] guided(E=438.00,mk=86,t=0.50s)
inst_seed=156382 eps=85 min_eps=63 loads=[48;2;48;59;63] u=[2;3;1;1;1] guided(E=438.00,mk=84,t=0.55s)
inst_seed=156382 eps=83 min_eps=63 loads=[48;2;48;59;63] u=[2;3;1;1;1] guided(E=443.00,mk=83,t=0.50s)
inst_seed=156382 eps=82 min_eps=63 loads=[48;2;48;59;63] u=[2;3;1;1;1] guided(E=448.00,mk=82,t=0.48s)
inst_seed=156382 eps=81 min_eps=63 loads=[48;2;48;59;63] u=[2;3;1;1;1] guided(E=453.00,mk=81,t=0.46s)
inst_seed=156382 eps=80 min_eps=63 loads=[48;2;48;59;63] u=[2;3;1;1;1] guided(E=458.00,mk=80,t=0.45s)
inst_seed=156382 eps=79 min_eps=63 loads=[48;2;48;59;63] u=[2;3;1;1;1] guided(E=458.00,mk=79,t=0.43s)
inst_seed=156382 eps=78 min_eps=63 loads=[48;2;48;59;63] u=[2;3;1;1;1] guided(E=460.00,mk=78,t=0.42s)
inst_seed=156382 eps=77 min_eps=63 loads=[48;2;48;59;63] u=[2;3;1;1;1] guided(E=462.00,mk=77,t=0.41s)
inst_seed=156382 eps=76 min_eps=63 loads=[48;2;48;59;63] u=[2;3;1;1;1] guided(E=464.00,mk=72,t=0.39s)
inst_seed=156382 eps=71 min_eps=63 loads=[48;2;48;59;63] u=[2;3;1;1;1] guided(E=474.00,mk=71,t=0.33s)
inst_seed=156382 eps=70 min_eps=63 loads=[48;2;48;59;63] u=[2;3;1;1;1] guided(E=476.00,mk=70,t=0.29s)
inst_seed=156382 eps=69 min_eps=63 loads=[48;2;48;59;63] u=[2;3;1;1;1] guided(E=480.00,mk=69,t=0.25s)
inst_seed=156382 eps=68 min_eps=63 loads=[48;2;48;59;63] u=[2;3;1;1;1] guided(E=482.00,mk=68,t=0.24s)
inst_seed=156382 eps=67 min_eps=63 loads=[48;2;48;59;63] u=[2;3;1;1;1] guided(E=484.00,mk=67,t=0.23s)
inst_seed=156382 eps=66 min_eps=63 loads=[48;2;48;59;63] u=[2;3;1;1;1] guided(E=486.00,mk=66,t=0.21s)
inst_seed=156382 eps=65 min_eps=63 loads=[48;2;48;59;63] u=[2;3;1;1;1] guided(E=490.00,mk=65,t=0.16s)
inst_seed=156382 eps=64 min_eps=63 loads=[48;2;48;59;63] u=[2;3;1;1;1] guided(E=494.00,mk=64,t=0.14s)
inst_seed=156382 eps=63 min_eps=63 loads=[48;2;48;59;63] u=[2;3;1;1;1] guided(E=507.00,mk=63,t=0.12s)
inst_seed=5583971 eps=120 min_eps=115 loads=[90;13;60;11;115] u=[1;3;2;3;1] guided(E=700.00,mk=120,t=0.90s)
inst_seed=5583971 eps=119 min_eps=115 loads=[90;13;60;11;115] u=[1;3;2;3;1] guided(E=702.00,mk=119,t=0.89s)
inst_seed=5583971 eps=118 min_eps=115 loads=[90;13;60;11;115] u=[1;3;2;3;1] guided(E=704.00,mk=118,t=0.89s)
inst_seed=5583971 eps=117 min_eps=115 loads=[90;13;60;11;115] u=[1;3;2;3;1] guided(E=706.00,mk=117,t=0.87s)
inst_seed=5583971 eps=116 min_eps=115 loads=[90;13;60;11;115] u=[1;3;2;3;1] guided(E=708.00,mk=116,t=0.85s)
inst_seed=5583971 eps=115 min_eps=115 loads=[90;13;60;11;115] u=[1;3;2;3;1] guided(E=708.00,mk=115,t=0.83s)
inst_seed=3911968 eps=140 min_eps=84 loads=[19;84;75;22;54] u=[3;2;2;3;3] guided(E=968.00,mk=124,t=0.61s)
inst_seed=3911968 eps=123 min_eps=84 loads=[19;84;75;22;54] u=[3;2;2;3;3] guided(E=972.00,mk=123,t=0.62s)
inst_seed=3911968 eps=122 min_eps=84 loads=[19;84;75;22;54] u=[3;2;2;3;3] guided(E=976.00,mk=122,t=0.58s)
inst_seed=3911968 eps=121 min_eps=84 loads=[19;84;75;22;54] u=[3;2;2;3;3] guided(E=980.00,mk=121,t=0.56s)
inst_seed=3911968 eps=120 min_eps=84 loads=[19;84;75;22;54] u=[3;2;2;3;3] guided(E=984.00,mk=105,t=0.52s)
inst_seed=3911968 eps=104 min_eps=84 loads=[19;84;75;22;54] u=[3;2;2;3;3] guided(E=1000.00,mk=104,t=0.56s)
inst_seed=3911968 eps=103 min_eps=84 loads=[19;84;75;22;54] u=[3;2;2;3;3] guided(E=999.00,mk=103,t=0.50s)
inst_seed=3911968 eps=102 min_eps=84 loads=[19;84;75;22;54] u=[3;2;2;3;3] guided(E=1006.00,mk=102,t=0.48s)
inst_seed=3911968 eps=101 min_eps=84 loads=[19;84;75;22;54] u=[3;2;2;3;3] guided(E=1017.00,mk=101,t=0.46s)
inst_seed=3911968 eps=100 min_eps=84 loads=[19;84;75;22;54] u=[3;2;2;3;3] guided(E=1028.00,mk=100,t=0.44s)
inst_seed=3911968 eps=99 min_eps=84 loads=[19;84;75;22;54] u=[3;2;2;3;3] guided(E=1032.00,mk=99,t=0.43s)
inst_seed=3911968 eps=98 min_eps=84 loads=[19;84;75;22;54] u=[3;2;2;3;3] guided(E=1036.00,mk=98,t=0.41s)
inst_seed=3911968 eps=97 min_eps=84 loads=[19;84;75;22;54] u=[3;2;2;3;3] guided(E=1040.00,mk=97,t=0.40s)
inst_seed=3911968 eps=96 min_eps=84 loads=[19;84;75;22;54] u=[3;2;2;3;3] guided(E=1044.00,mk=95,t=0.38s)
inst_seed=3911968 eps=94 min_eps=84 loads=[19;84;75;22;54] u=[3;2;2;3;3] guided(E=1044.00,mk=94,t=0.38s)
inst_seed=3911968 eps=93 min_eps=84 loads=[19;84;75;22;54] u=[3;2;2;3;3] guided(E=1052.00,mk=92,t=0.31s)
inst_seed=3911968 eps=91 min_eps=84 loads=[19;84;75;22;54] u=[3;2;2;3;3] guided(E=1072.00,mk=91,t=0.25s)
inst_seed=3911968 eps=90 min_eps=84 loads=[19;84;75;22;54] u=[3;2;2;3;3] guided(E=1072.00,mk=90,t=0.25s)
inst_seed=3911968 eps=89 min_eps=84 loads=[19;84;75;22;54] u=[3;2;2;3;3] guided(E=1072.00,mk=89,t=0.22s)
inst_seed=3911968 eps=88 min_eps=84 loads=[19;84;75;22;54] u=[3;2;2;3;3] guided(E=1076.00,mk=88,t=0.21s)
inst_seed=3911968 eps=87 min_eps=84 loads=[19;84;75;22;54] u=[3;2;2;3;3] guided(E=1080.00,mk=87,t=0.19s)
inst_seed=3911968 eps=86 min_eps=84 loads=[19;84;75;22;54] u=[3;2;2;3;3] guided(E=1088.00,mk=86,t=0.15s)
inst_seed=3911968 eps=85 min_eps=84 loads=[19;84;75;22;54] u=[3;2;2;3;3] guided(E=1096.00,mk=85,t=0.15s)
inst_seed=3911968 eps=84 min_eps=84 loads=[19;84;75;22;54] u=[3;2;2;3;3] guided(E=1104.00,mk=84,t=0.10s)
inst_seed=1629987 eps=140 min_eps=111 loads=[83;111;22;61;22] u=[1;1;2;2;2] guided(E=656.00,mk=140,t=0.91s)
inst_seed=1629987 eps=139 min_eps=111 loads=[83;111;22;61;22] u=[1;1;2;2;2] guided(E=656.00,mk=139,t=0.90s)
inst_seed=1629987 eps=138 min_eps=111 loads=[83;111;22;61;22] u=[1;1;2;2;2] guided(E=656.00,mk=138,t=0.87s)
inst_seed=1629987 eps=137 min_eps=111 loads=[83;111;22;61;22] u=[1;1;2;2;2] guided(E=654.00,mk=132,t=0.84s)
inst_seed=1629987 eps=131 min_eps=111 loads=[83;111;22;61;22] u=[1;1;2;2;2] guided(E=666.00,mk=131,t=0.92s)
inst_seed=1629987 eps=130 min_eps=111 loads=[83;111;22;61;22] u=[1;1;2;2;2] guided(E=668.00,mk=130,t=0.87s)
inst_seed=1629987 eps=129 min_eps=111 loads=[83;111;22;61;22] u=[1;1;2;2;2] guided(E=670.00,mk=129,t=0.83s)
inst_seed=1629987 eps=128 min_eps=111 loads=[83;111;22;61;22] u=[1;1;2;2;2] guided(E=670.00,mk=128,t=0.81s)
inst_seed=1629987 eps=127 min_eps=111 loads=[83;111;22;61;22] u=[1;1;2;2;2] guided(E=672.00,mk=127,t=0.80s)
inst_seed=1629987 eps=126 min_eps=111 loads=[83;111;22;61;22] u=[1;1;2;2;2] guided(E=672.00,mk=126,t=0.78s)
inst_seed=1629987 eps=125 min_eps=111 loads=[83;111;22;61;22] u=[1;1;2;2;2] guided(E=672.00,mk=125,t=0.75s)
inst_seed=1629987 eps=124 min_eps=111 loads=[83;111;22;61;22] u=[1;1;2;2;2] guided(E=672.00,mk=124,t=0.75s)
inst_seed=1629987 eps=123 min_eps=111 loads=[83;111;22;61;22] u=[1;1;2;2;2] guided(E=676.00,mk=123,t=0.71s)
inst_seed=1629987 eps=122 min_eps=111 loads=[83;111;22;61;22] u=[1;1;2;2;2] guided(E=676.00,mk=122,t=0.69s)
inst_seed=1629987 eps=121 min_eps=111 loads=[83;111;22;61;22] u=[1;1;2;2;2] guided(E=676.00,mk=121,t=0.67s)
inst_seed=1629987 eps=120 min_eps=111 loads=[83;111;22;61;22] u=[1;1;2;2;2] guided(E=680.00,mk=120,t=0.62s)
inst_seed=1629987 eps=119 min_eps=111 loads=[83;111;22;61;22] u=[1;1;2;2;2] guided(E=682.00,mk=119,t=0.60s)
inst_seed=1629987 eps=118 min_eps=111 loads=[83;111;22;61;22] u=[1;1;2;2;2] guided(E=684.00,mk=118,t=0.59s)
inst_seed=1629987 eps=117 min_eps=111 loads=[83;111;22;61;22] u=[1;1;2;2;2] guided(E=686.00,mk=117,t=0.59s)
inst_seed=1629987 eps=116 min_eps=111 loads=[83;111;22;61;22] u=[1;1;2;2;2] guided(E=688.00,mk=116,t=0.55s)
inst_seed=1629987 eps=115 min_eps=111 loads=[83;111;22;61;22] u=[1;1;2;2;2] guided(E=688.00,mk=115,t=0.56s)
inst_seed=1629987 eps=114 min_eps=111 loads=[83;111;22;61;22] u=[1;1;2;2;2] guided(E=688.00,mk=114,t=0.63s)
inst_seed=1629987 eps=113 min_eps=111 loads=[83;111;22;61;22] u=[1;1;2;2;2] guided(E=694.00,mk=113,t=0.60s)
inst_seed=1629987 eps=112 min_eps=111 loads=[83;111;22;61;22] u=[1;1;2;2;2] guided(E=698.00,mk=112,t=0.54s)
inst_seed=1629987 eps=111 min_eps=111 loads=[83;111;22;61;22] u=[1;1;2;2;2] guided(E=698.00,mk=111,t=0.51s)
inst_seed=6460196 eps=120 min_eps=107 loads=[107;8;17;98;0] u=[1;3;2;1;3] guided(E=466.00,mk=120,t=0.83s)
inst_seed=6460196 eps=119 min_eps=107 loads=[107;8;17;98;0] u=[1;3;2;1;3] guided(E=470.00,mk=119,t=0.83s)
inst_seed=6460196 eps=118 min_eps=107 loads=[107;8;17;98;0] u=[1;3;2;1;3] guided(E=474.00,mk=118,t=0.84s)
inst_seed=6460196 eps=117 min_eps=107 loads=[107;8;17;98;0] u=[1;3;2;1;3] guided(E=478.00,mk=117,t=0.81s)
inst_seed=6460196 eps=116 min_eps=107 loads=[107;8;17;98;0] u=[1;3;2;1;3] guided(E=482.00,mk=116,t=0.78s)
inst_seed=6460196 eps=115 min_eps=107 loads=[107;8;17;98;0] u=[1;3;2;1;3] guided(E=482.00,mk=115,t=0.76s)
inst_seed=6460196 eps=114 min_eps=107 loads=[107;8;17;98;0] u=[1;3;2;1;3] guided(E=492.00,mk=114,t=0.69s)
inst_seed=6460196 eps=113 min_eps=107 loads=[107;8;17;98;0] u=[1;3;2;1;3] guided(E=494.00,mk=113,t=0.65s)
inst_seed=6460196 eps=112 min_eps=107 loads=[107;8;17;98;0] u=[1;3;2;1;3] guided(E=496.00,mk=112,t=0.63s)
inst_seed=6460196 eps=111 min_eps=107 loads=[107;8;17;98;0] u=[1;3;2;1;3] guided(E=496.00,mk=111,t=0.63s)
inst_seed=6460196 eps=110 min_eps=107 loads=[107;8;17;98;0] u=[1;3;2;1;3] guided(E=498.00,mk=110,t=0.60s)
inst_seed=6460196 eps=109 min_eps=107 loads=[107;8;17;98;0] u=[1;3;2;1;3] guided(E=500.00,mk=109,t=0.57s)
inst_seed=6460196 eps=108 min_eps=107 loads=[107;8;17;98;0] u=[1;3;2;1;3] guided(E=502.00,mk=108,t=0.56s)
inst_seed=6460196 eps=107 min_eps=107 loads=[107;8;17;98;0] u=[1;3;2;1;3] guided(E=504.00,mk=107,t=0.52s)
inst_seed=9794800 eps=180 min_eps=89 loads=[8;4;89;60;32] u=[3;3;1;1;2] guided(E=365.00,mk=164,t=0.67s)
inst_seed=9794800 eps=163 min_eps=89 loads=[8;4;89;60;32] u=[3;3;1;1;2] guided(E=367.00,mk=163,t=0.74s)
inst_seed=9794800 eps=162 min_eps=89 loads=[8;4;89;60;32] u=[3;3;1;1;2] guided(E=368.00,mk=161,t=0.64s)
inst_seed=9794800 eps=160 min_eps=89 loads=[8;4;89;60;32] u=[3;3;1;1;2] guided(E=370.00,mk=144,t=0.60s)
inst_seed=9794800 eps=143 min_eps=89 loads=[8;4;89;60;32] u=[3;3;1;1;2] guided(E=372.00,mk=143,t=0.59s)
inst_seed=9794800 eps=142 min_eps=89 loads=[8;4;89;60;32] u=[3;3;1;1;2] guided(E=372.00,mk=142,t=0.58s)
inst_seed=9794800 eps=141 min_eps=89 loads=[8;4;89;60;32] u=[3;3;1;1;2] guided(E=374.00,mk=141,t=0.57s)
inst_seed=9794800 eps=140 min_eps=89 loads=[8;4;89;60;32] u=[3;3;1;1;2] guided(E=376.00,mk=127,t=0.56s)
inst_seed=9794800 eps=126 min_eps=89 loads=[8;4;89;60;32] u=[3;3;1;1;2] guided(E=376.00,mk=126,t=0.59s)
inst_seed=9794800 eps=125 min_eps=89 loads=[8;4;89;60;32] u=[3;3;1;1;2] guided(E=376.00,mk=125,t=0.57s)
inst_seed=9794800 eps=124 min_eps=89 loads=[8;4;89;60;32] u=[3;3;1;1;2] guided(E=376.00,mk=124,t=0.57s)
inst_seed=9794800 eps=123 min_eps=89 loads=[8;4;89;60;32] u=[3;3;1;1;2] guided(E=380.00,mk=123,t=0.55s)
inst_seed=9794800 eps=122 min_eps=89 loads=[8;4;89;60;32] u=[3;3;1;1;2] guided(E=384.00,mk=122,t=0.54s)
inst_seed=9794800 eps=121 min_eps=89 loads=[8;4;89;60;32] u=[3;3;1;1;2] guided(E=386.00,mk=121,t=0.50s)
inst_seed=9794800 eps=120 min_eps=89 loads=[8;4;89;60;32] u=[3;3;1;1;2] guided(E=388.00,mk=107,t=0.47s)
inst_seed=9794800 eps=106 min_eps=89 loads=[8;4;89;60;32] u=[3;3;1;1;2] guided(E=400.00,mk=106,t=0.44s)
inst_seed=9794800 eps=105 min_eps=89 loads=[8;4;89;60;32] u=[3;3;1;1;2] guided(E=400.00,mk=105,t=0.43s)
inst_seed=9794800 eps=104 min_eps=89 loads=[8;4;89;60;32] u=[3;3;1;1;2] guided(E=398.00,mk=104,t=0.41s)
inst_seed=9794800 eps=103 min_eps=89 loads=[8;4;89;60;32] u=[3;3;1;1;2] guided(E=398.00,mk=103,t=0.40s)
inst_seed=9794800 eps=102 min_eps=89 loads=[8;4;89;60;32] u=[3;3;1;1;2] guided(E=402.00,mk=102,t=0.38s)
inst_seed=9794800 eps=101 min_eps=89 loads=[8;4;89;60;32] u=[3;3;1;1;2] guided(E=406.00,mk=101,t=0.36s)
inst_seed=9794800 eps=100 min_eps=89 loads=[8;4;89;60;32] u=[3;3;1;1;2] guided(E=410.00,mk=100,t=0.33s)
inst_seed=9794800 eps=99 min_eps=89 loads=[8;4;89;60;32] u=[3;3;1;1;2] guided(E=412.00,mk=99,t=0.32s)
inst_seed=9794800 eps=98 min_eps=89 loads=[8;4;89;60;32] u=[3;3;1;1;2] guided(E=414.00,mk=98,t=0.31s)
inst_seed=9794800 eps=97 min_eps=89 loads=[8;4;89;60;32] u=[3;3;1;1;2] guided(E=416.00,mk=97,t=0.29s)
inst_seed=9794800 eps=96 min_eps=89 loads=[8;4;89;60;32] u=[3;3;1;1;2] guided(E=418.00,mk=95,t=0.28s)
inst_seed=9794800 eps=94 min_eps=89 loads=[8;4;89;60;32] u=[3;3;1;1;2] guided(E=418.00,mk=93,t=0.28s)
inst_seed=9794800 eps=92 min_eps=89 loads=[8;4;89;60;32] u=[3;3;1;1;2] guided(E=418.00,mk=92,t=0.35s)
inst_seed=9794800 eps=91 min_eps=89 loads=[8;4;89;60;32] u=[3;3;1;1;2] guided(E=420.00,mk=91,t=0.31s)
inst_seed=9794800 eps=90 min_eps=89 loads=[8;4;89;60;32] u=[3;3;1;1;2] guided(E=422.00,mk=90,t=0.30s)
inst_seed=9794800 eps=89 min_eps=89 loads=[8;4;89;60;32] u=[3;3;1;1;2] guided(E=424.00,mk=89,t=0.29s)
inst_seed=7135722 eps=140 min_eps=107 loads=[14;8;4;43;107] u=[2;3;3;1;1] guided(E=340.00,mk=140,t=0.79s)
inst_seed=7135722 eps=139 min_eps=107 loads=[14;8;4;43;107] u=[2;3;3;1;1] guided(E=338.00,mk=139,t=0.79s)
inst_seed=7135722 eps=138 min_eps=107 loads=[14;8;4;43;107] u=[2;3;3;1;1] guided(E=336.00,mk=138,t=0.81s)
inst_seed=7135722 eps=137 min_eps=107 loads=[14;8;4;43;107] u=[2;3;3;1;1] guided(E=332.00,mk=137,t=0.75s)
inst_seed=7135722 eps=136 min_eps=107 loads=[14;8;4;43;107] u=[2;3;3;1;1] guided(E=332.00,mk=132,t=0.77s)
inst_seed=7135722 eps=131 min_eps=107 loads=[14;8;4;43;107] u=[2;3;3;1;1] guided(E=354.00,mk=131,t=0.62s)
inst_seed=7135722 eps=130 min_eps=107 loads=[14;8;4;43;107] u=[2;3;3;1;1] guided(E=354.00,mk=130,t=0.61s)
inst_seed=7135722 eps=129 min_eps=107 loads=[14;8;4;43;107] u=[2;3;3;1;1] guided(E=356.00,mk=129,t=0.61s)
inst_seed=7135722 eps=128 min_eps=107 loads=[14;8;4;43;107] u=[2;3;3;1;1] guided(E=358.00,mk=128,t=0.61s)
inst_seed=7135722 eps=127 min_eps=107 loads=[14;8;4;43;107] u=[2;3;3;1;1] guided(E=358.00,mk=127,t=0.60s)
inst_seed=7135722 eps=126 min_eps=107 loads=[14;8;4;43;107] u=[2;3;3;1;1] guided(E=358.00,mk=126,t=0.51s)
inst_seed=7135722 eps=125 min_eps=107 loads=[14;8;4;43;107] u=[2;3;3;1;1] guided(E=360.00,mk=125,t=0.56s)
inst_seed=7135722 eps=124 min_eps=107 loads=[14;8;4;43;107] u=[2;3;3;1;1] guided(E=360.00,mk=124,t=0.56s)
inst_seed=7135722 eps=123 min_eps=107 loads=[14;8;4;43;107] u=[2;3;3;1;1] guided(E=361.00,mk=123,t=0.54s)
inst_seed=7135722 eps=122 min_eps=107 loads=[14;8;4;43;107] u=[2;3;3;1;1] guided(E=360.00,mk=122,t=0.53s)
inst_seed=7135722 eps=121 min_eps=107 loads=[14;8;4;43;107] u=[2;3;3;1;1] guided(E=357.00,mk=121,t=0.57s)
inst_seed=7135722 eps=120 min_eps=107 loads=[14;8;4;43;107] u=[2;3;3;1;1] guided(E=354.00,mk=120,t=0.56s)
inst_seed=7135722 eps=119 min_eps=107 loads=[14;8;4;43;107] u=[2;3;3;1;1] guided(E=354.00,mk=119,t=0.54s)
inst_seed=7135722 eps=118 min_eps=107 loads=[14;8;4;43;107] u=[2;3;3;1;1] guided(E=356.00,mk=118,t=0.58s)
inst_seed=7135722 eps=117 min_eps=107 loads=[14;8;4;43;107] u=[2;3;3;1;1] guided(E=358.00,mk=117,t=0.58s)
inst_seed=7135722 eps=116 min_eps=107 loads=[14;8;4;43;107] u=[2;3;3;1;1] guided(E=360.00,mk=116,t=0.58s)
inst_seed=7135722 eps=115 min_eps=107 loads=[14;8;4;43;107] u=[2;3;3;1;1] guided(E=360.00,mk=115,t=0.49s)
inst_seed=7135722 eps=114 min_eps=107 loads=[14;8;4;43;107] u=[2;3;3;1;1] guided(E=362.00,mk=114,t=0.48s)
inst_seed=7135722 eps=113 min_eps=107 loads=[14;8;4;43;107] u=[2;3;3;1;1] guided(E=362.00,mk=113,t=0.48s)
inst_seed=7135722 eps=112 min_eps=107 loads=[14;8;4;43;107] u=[2;3;3;1;1] guided(E=360.00,mk=112,t=0.43s)
inst_seed=7135722 eps=111 min_eps=107 loads=[14;8;4;43;107] u=[2;3;3;1;1] guided(E=362.00,mk=111,t=0.45s)
inst_seed=7135722 eps=110 min_eps=107 loads=[14;8;4;43;107] u=[2;3;3;1;1] guided(E=364.00,mk=110,t=0.45s)
inst_seed=7135722 eps=109 min_eps=107 loads=[14;8;4;43;107] u=[2;3;3;1;1] guided(E=366.00,mk=109,t=0.43s)
inst_seed=7135722 eps=108 min_eps=107 loads=[14;8;4;43;107] u=[2;3;3;1;1] guided(E=368.00,mk=108,t=0.42s)
inst_seed=7135722 eps=107 min_eps=107 loads=[14;8;4;43;107] u=[2;3;3;1;1] guided(E=370.00,mk=107,t=0.38s)
inst_seed=2314135 eps=200 min_eps=97 loads=[57;57;97;46;13] u=[2;2;1;2;3] guided(E=708.00,mk=184,t=0.60s)
inst_seed=2314135 eps=183 min_eps=97 loads=[57;57;97;46;13] u=[2;2;1;2;3] guided(E=708.00,mk=183,t=0.58s)
inst_seed=2314135 eps=182 min_eps=97 loads=[57;57;97;46;13] u=[2;2;1;2;3] guided(E=709.00,mk=182,t=0.59s)
inst_seed=2314135 eps=181 min_eps=97 loads=[57;57;97;46;13] u=[2;2;1;2;3] guided(E=710.00,mk=181,t=0.58s)
inst_seed=2314135 eps=180 min_eps=97 loads=[57;57;97;46;13] u=[2;2;1;2;3] guided(E=711.00,mk=164,t=0.53s)
inst_seed=2314135 eps=163 min_eps=97 loads=[57;57;97;46;13] u=[2;2;1;2;3] guided(E=712.00,mk=163,t=0.54s)
inst_seed=2314135 eps=162 min_eps=97 loads=[57;57;97;46;13] u=[2;2;1;2;3] guided(E=713.00,mk=162,t=0.52s)
inst_seed=2314135 eps=161 min_eps=97 loads=[57;57;97;46;13] u=[2;2;1;2;3] guided(E=714.00,mk=161,t=0.51s)
inst_seed=2314135 eps=160 min_eps=97 loads=[57;57;97;46;13] u=[2;2;1;2;3] guided(E=715.00,mk=145,t=0.51s)
inst_seed=2314135 eps=144 min_eps=97 loads=[57;57;97;46;13] u=[2;2;1;2;3] guided(E=715.00,mk=144,t=0.50s)
inst_seed=2314135 eps=143 min_eps=97 loads=[57;57;97;46;13] u=[2;2;1;2;3] guided(E=716.00,mk=143,t=0.49s)
inst_seed=2314135 eps=142 min_eps=97 loads=[57;57;97;46;13] u=[2;2;1;2;3] guided(E=717.00,mk=142,t=0.48s)
inst_seed=2314135 eps=141 min_eps=97 loads=[57;57;97;46;13] u=[2;2;1;2;3] guided(E=718.00,mk=141,t=0.47s)
inst_seed=2314135 eps=140 min_eps=97 loads=[57;57;97;46;13] u=[2;2;1;2;3] guided(E=719.00,mk=131,t=0.45s)
inst_seed=2314135 eps=130 min_eps=97 loads=[57;57;97;46;13] u=[2;2;1;2;3] guided(E=727.00,mk=130,t=0.44s)
inst_seed=2314135 eps=129 min_eps=97 loads=[57;57;97;46;13] u=[2;2;1;2;3] guided(E=727.00,mk=129,t=0.45s)
inst_seed=2314135 eps=128 min_eps=97 loads=[57;57;97;46;13] u=[2;2;1;2;3] guided(E=729.00,mk=128,t=0.44s)
inst_seed=2314135 eps=127 min_eps=97 loads=[57;57;97;46;13] u=[2;2;1;2;3] guided(E=729.00,mk=127,t=0.41s)
inst_seed=2314135 eps=126 min_eps=97 loads=[57;57;97;46;13] u=[2;2;1;2;3] guided(E=731.00,mk=126,t=0.42s)
inst_seed=2314135 eps=125 min_eps=97 loads=[57;57;97;46;13] u=[2;2;1;2;3] guided(E=729.00,mk=125,t=0.42s)
inst_seed=2314135 eps=124 min_eps=97 loads=[57;57;97;46;13] u=[2;2;1;2;3] guided(E=731.00,mk=124,t=0.40s)
inst_seed=2314135 eps=123 min_eps=97 loads=[57;57;97;46;13] u=[2;2;1;2;3] guided(E=734.00,mk=123,t=0.38s)
inst_seed=2314135 eps=122 min_eps=97 loads=[57;57;97;46;13] u=[2;2;1;2;3] guided(E=735.00,mk=122,t=0.37s)
inst_seed=2314135 eps=121 min_eps=97 loads=[57;57;97;46;13] u=[2;2;1;2;3] guided(E=730.00,mk=121,t=0.38s)
inst_seed=2314135 eps=120 min_eps=97 loads=[57;57;97;46;13] u=[2;2;1;2;3] guided(E=735.00,mk=120,t=0.36s)
inst_seed=2314135 eps=119 min_eps=97 loads=[57;57;97;46;13] u=[2;2;1;2;3] guided(E=735.00,mk=119,t=0.35s)
inst_seed=2314135 eps=118 min_eps=97 loads=[57;57;97;46;13] u=[2;2;1;2;3] guided(E=737.00,mk=118,t=0.34s)
inst_seed=2314135 eps=117 min_eps=97 loads=[57;57;97;46;13] u=[2;2;1;2;3] guided(E=739.00,mk=117,t=0.33s)
inst_seed=2314135 eps=116 min_eps=97 loads=[57;57;97;46;13] u=[2;2;1;2;3] guided(E=741.00,mk=112,t=0.32s)
inst_seed=2314135 eps=111 min_eps=97 loads=[57;57;97;46;13] u=[2;2;1;2;3] guided(E=757.00,mk=111,t=0.21s)
inst_seed=2314135 eps=110 min_eps=97 loads=[57;57;97;46;13] u=[2;2;1;2;3] guided(E=757.00,mk=110,t=0.22s)
inst_seed=2314135 eps=109 min_eps=97 loads=[57;57;97;46;13] u=[2;2;1;2;3] guided(E=757.00,mk=109,t=0.22s)
inst_seed=2314135 eps=108 min_eps=97 loads=[57;57;97;46;13] u=[2;2;1;2;3] guided(E=757.00,mk=108,t=0.20s)
inst_seed=2314135 eps=107 min_eps=97 loads=[57;57;97;46;13] u=[2;2;1;2;3] guided(E=755.00,mk=107,t=0.21s)
inst_seed=2314135 eps=106 min_eps=97 loads=[57;57;97;46;13] u=[2;2;1;2;3] guided(E=755.00,mk=106,t=0.20s)
inst_seed=2314135 eps=105 min_eps=97 loads=[57;57;97;46;13] u=[2;2;1;2;3] guided(E=755.00,mk=105,t=0.20s)
inst_seed=2314135 eps=104 min_eps=97 loads=[57;57;97;46;13] u=[2;2;1;2;3] guided(E=757.00,mk=104,t=0.19s)
inst_seed=2314135 eps=103 min_eps=97 loads=[57;57;97;46;13] u=[2;2;1;2;3] guided(E=764.00,mk=103,t=0.17s)
inst_seed=2314135 eps=102 min_eps=97 loads=[57;57;97;46;13] u=[2;2;1;2;3] guided(E=771.00,mk=102,t=0.16s)
inst_seed=2314135 eps=101 min_eps=97 loads=[57;57;97;46;13] u=[2;2;1;2;3] guided(E=778.00,mk=101,t=0.14s)
inst_seed=2314135 eps=100 min_eps=97 loads=[57;57;97;46;13] u=[2;2;1;2;3] guided(E=785.00,mk=100,t=0.13s)
inst_seed=2314135 eps=99 min_eps=97 loads=[57;57;97;46;13] u=[2;2;1;2;3] guided(E=787.00,mk=99,t=0.12s)
inst_seed=2314135 eps=98 min_eps=97 loads=[57;57;97;46;13] u=[2;2;1;2;3] guided(E=789.00,mk=98,t=0.09s)
inst_seed=2314135 eps=97 min_eps=97 loads=[57;57;97;46;13] u=[2;2;1;2;3] guided(E=791.00,mk=97,t=0.06s)
inst_seed=8124633 eps=200 min_eps=122 loads=[44;95;8;0;122] u=[2;1;3;3;1] guided(E=530.00,mk=185,t=1.63s)
inst_seed=8124633 eps=184 min_eps=122 loads=[44;95;8;0;122] u=[2;1;3;3;1] guided(E=530.00,mk=184,t=1.65s)
inst_seed=8124633 eps=183 min_eps=122 loads=[44;95;8;0;122] u=[2;1;3;3;1] guided(E=532.00,mk=183,t=1.65s)
inst_seed=8124633 eps=182 min_eps=122 loads=[44;95;8;0;122] u=[2;1;3;3;1] guided(E=534.00,mk=182,t=1.62s)
inst_seed=8124633 eps=181 min_eps=122 loads=[44;95;8;0;122] u=[2;1;3;3;1] guided(E=536.00,mk=181,t=1.59s)
inst_seed=8124633 eps=180 min_eps=122 loads=[44;95;8;0;122] u=[2;1;3;3;1] guided(E=538.00,mk=168,t=1.46s)
inst_seed=8124633 eps=167 min_eps=122 loads=[44;95;8;0;122] u=[2;1;3;3;1] guided(E=558.00,mk=167,t=1.57s)
inst_seed=8124633 eps=166 min_eps=122 loads=[44;95;8;0;122] u=[2;1;3;3;1] guided(E=558.00,mk=166,t=1.57s)
inst_seed=8124633 eps=165 min_eps=122 loads=[44;95;8;0;122] u=[2;1;3;3;1] guided(E=556.00,mk=165,t=1.48s)
inst_seed=8124633 eps=164 min_eps=122 loads=[44;95;8;0;122] u=[2;1;3;3;1] guided(E=556.00,mk=164,t=1.52s)
inst_seed=8124633 eps=163 min_eps=122 loads=[44;95;8;0;122] u=[2;1;3;3;1] guided(E=556.00,mk=163,t=1.48s)
inst_seed=8124633 eps=162 min_eps=122 loads=[44;95;8;0;122] u=[2;1;3;3;1] guided(E=550.00,mk=162,t=1.44s)
inst_seed=8124633 eps=161 min_eps=122 loads=[44;95;8;0;122] u=[2;1;3;3;1] guided(E=554.00,mk=161,t=1.41s)
inst_seed=8124633 eps=160 min_eps=122 loads=[44;95;8;0;122] u=[2;1;3;3;1] guided(E=558.00,mk=160,t=1.41s)
inst_seed=8124633 eps=159 min_eps=122 loads=[44;95;8;0;122] u=[2;1;3;3;1] guided(E=560.00,mk=159,t=1.38s)
inst_seed=8124633 eps=158 min_eps=122 loads=[44;95;8;0;122] u=[2;1;3;3;1] guided(E=560.00,mk=158,t=1.38s)
inst_seed=8124633 eps=157 min_eps=122 loads=[44;95;8;0;122] u=[2;1;3;3;1] guided(E=562.00,mk=157,t=1.34s)
inst_seed=8124633 eps=156 min_eps=122 loads=[44;95;8;0;122] u=[2;1;3;3;1] guided(E=562.00,mk=155,t=1.32s)
inst_seed=8124633 eps=154 min_eps=122 loads=[44;95;8;0;122] u=[2;1;3;3;1] guided(E=566.00,mk=154,t=1.35s)
inst_seed=8124633 eps=153 min_eps=122 loads=[44;95;8;0;122] u=[2;1;3;3;1] guided(E=580.00,mk=153,t=1.41s)
inst_seed=8124633 eps=152 min_eps=122 loads=[44;95;8;0;122] u=[2;1;3;3;1] guided(E=582.00,mk=152,t=1.40s)
inst_seed=8124633 eps=151 min_eps=122 loads=[44;95;8;0;122] u=[2;1;3;3;1] guided(E=580.00,mk=151,t=1.34s)
inst_seed=8124633 eps=150 min_eps=122 loads=[44;95;8;0;122] u=[2;1;3;3;1] guided(E=580.00,mk=150,t=1.37s)
inst_seed=8124633 eps=149 min_eps=122 loads=[44;95;8;0;122] u=[2;1;3;3;1] guided(E=582.00,mk=149,t=1.36s)
inst_seed=8124633 eps=148 min_eps=122 loads=[44;95;8;0;122] u=[2;1;3;3;1] guided(E=580.00,mk=148,t=1.34s)
inst_seed=8124633 eps=147 min_eps=122 loads=[44;95;8;0;122] u=[2;1;3;3;1] guided(E=578.00,mk=147,t=1.25s)
inst_seed=8124633 eps=146 min_eps=122 loads=[44;95;8;0;122] u=[2;1;3;3;1] guided(E=578.00,mk=146,t=1.18s)
inst_seed=8124633 eps=145 min_eps=122 loads=[44;95;8;0;122] u=[2;1;3;3;1] guided(E=580.00,mk=145,t=1.26s)
inst_seed=8124633 eps=144 min_eps=122 loads=[44;95;8;0;122] u=[2;1;3;3;1] guided(E=582.00,mk=144,t=1.23s)
inst_seed=8124633 eps=143 min_eps=122 loads=[44;95;8;0;122] u=[2;1;3;3;1] guided(E=586.00,mk=143,t=1.22s)
inst_seed=8124633 eps=142 min_eps=122 loads=[44;95;8;0;122] u=[2;1;3;3;1] guided(E=588.00,mk=142,t=1.20s)
inst_seed=8124633 eps=141 min_eps=122 loads=[44;95;8;0;122] u=[2;1;3;3;1] guided(E=590.00,mk=141,t=1.15s)
inst_seed=8124633 eps=140 min_eps=122 loads=[44;95;8;0;122] u=[2;1;3;3;1] guided(E=592.00,mk=140,t=1.15s)
inst_seed=8124633 eps=139 min_eps=122 loads=[44;95;8;0;122] u=[2;1;3;3;1] guided(E=590.00,mk=139,t=1.11s)
inst_seed=8124633 eps=138 min_eps=122 loads=[44;95;8;0;122] u=[2;1;3;3;1] guided(E=590.00,mk=138,t=1.10s)
inst_seed=8124633 eps=137 min_eps=122 loads=[44;95;8;0;122] u=[2;1;3;3;1] guided(E=586.00,mk=137,t=1.09s)
inst_seed=8124633 eps=136 min_eps=122 loads=[44;95;8;0;122] u=[2;1;3;3;1] guided(E=584.00,mk=136,t=1.11s)
inst_seed=8124633 eps=135 min_eps=122 loads=[44;95;8;0;122] u=[2;1;3;3;1] guided(E=592.00,mk=135,t=1.05s)
inst_seed=8124633 eps=134 min_eps=122 loads=[44;95;8;0;122] u=[2;1;3;3;1] guided(E=594.00,mk=134,t=1.15s)
inst_seed=8124633 eps=133 min_eps=122 loads=[44;95;8;0;122] u=[2;1;3;3;1] guided(E=598.00,mk=133,t=1.13s)
inst_seed=8124633 eps=132 min_eps=122 loads=[44;95;8;0;122] u=[2;1;3;3;1] guided(E=610.00,mk=132,t=1.06s)
inst_seed=8124633 eps=131 min_eps=122 loads=[44;95;8;0;122] u=[2;1;3;3;1] guided(E=608.00,mk=131,t=1.01s)
inst_seed=8124633 eps=130 min_eps=122 loads=[44;95;8;0;122] u=[2;1;3;3;1] guided(E=606.00,mk=130,t=1.04s)
inst_seed=8124633 eps=129 min_eps=122 loads=[44;95;8;0;122] u=[2;1;3;3;1] guided(E=606.00,mk=129,t=1.02s)
inst_seed=8124633 eps=128 min_eps=122 loads=[44;95;8;0;122] u=[2;1;3;3;1] guided(E=606.00,mk=128,t=1.01s)
inst_seed=8124633 eps=127 min_eps=122 loads=[44;95;8;0;122] u=[2;1;3;3;1] guided(E=604.00,mk=127,t=1.01s)
inst_seed=8124633 eps=126 min_eps=122 loads=[44;95;8;0;122] u=[2;1;3;3;1] guided(E=606.00,mk=126,t=1.00s)
inst_seed=8124633 eps=125 min_eps=122 loads=[44;95;8;0;122] u=[2;1;3;3;1] guided(E=610.00,mk=125,t=1.00s)
inst_seed=8124633 eps=124 min_eps=122 loads=[44;95;8;0;122] u=[2;1;3;3;1] guided(E=612.00,mk=124,t=0.96s)
inst_seed=8124633 eps=123 min_eps=122 loads=[44;95;8;0;122] u=[2;1;3;3;1] guided(E=616.00,mk=123,t=0.93s)
inst_seed=8124633 eps=122 min_eps=122 loads=[44;95;8;0;122] u=[2;1;3;3;1] guided(E=620.00,mk=122,t=0.94s)
inst_seed=331600 eps=120 min_eps=117 loads=[26;117;16;73;45] u=[3;1;3;1;1] guided(E=634.00,mk=120,t=0.61s)
inst_seed=331600 eps=119 min_eps=117 loads=[26;117;16;73;45] u=[3;1;3;1;1] guided(E=636.00,mk=119,t=0.58s)
inst_seed=331600 eps=118 min_eps=117 loads=[26;117;16;73;45] u=[3;1;3;1;1] guided(E=638.00,mk=118,t=0.58s)
inst_seed=331600 eps=117 min_eps=117 loads=[26;117;16;73;45] u=[3;1;3;1;1] guided(E=640.00,mk=117,t=0.53s)
inst_seed=9246491 eps=200 min_eps=125 loads=[65;6;11;125;8] u=[1;3;3;1;3] guided(E=416.00,mk=187,t=1.43s)
inst_seed=9246491 eps=186 min_eps=125 loads=[65;6;11;125;8] u=[1;3;3;1;3] guided(E=416.00,mk=186,t=1.50s)
inst_seed=9246491 eps=185 min_eps=125 loads=[65;6;11;125;8] u=[1;3;3;1;3] guided(E=418.00,mk=185,t=1.51s)
inst_seed=9246491 eps=184 min_eps=125 loads=[65;6;11;125;8] u=[1;3;3;1;3] guided(E=420.00,mk=184,t=1.50s)
inst_seed=9246491 eps=183 min_eps=125 loads=[65;6;11;125;8] u=[1;3;3;1;3] guided(E=421.00,mk=183,t=1.46s)
inst_seed=9246491 eps=182 min_eps=125 loads=[65;6;11;125;8] u=[1;3;3;1;3] guided(E=420.00,mk=182,t=1.42s)
inst_seed=9246491 eps=181 min_eps=125 loads=[65;6;11;125;8] u=[1;3;3;1;3] guided(E=419.00,mk=181,t=1.42s)
inst_seed=9246491 eps=180 min_eps=125 loads=[65;6;11;125;8] u=[1;3;3;1;3] guided(E=420.00,mk=172,t=1.34s)
inst_seed=9246491 eps=171 min_eps=125 loads=[65;6;11;125;8] u=[1;3;3;1;3] guided(E=446.00,mk=171,t=1.32s)
inst_seed=9246491 eps=170 min_eps=125 loads=[65;6;11;125;8] u=[1;3;3;1;3] guided(E=446.00,mk=170,t=1.34s)
inst_seed=9246491 eps=169 min_eps=125 loads=[65;6;11;125;8] u=[1;3;3;1;3] guided(E=446.00,mk=169,t=1.29s)
inst_seed=9246491 eps=168 min_eps=125 loads=[65;6;11;125;8] u=[1;3;3;1;3] guided(E=448.00,mk=168,t=1.30s)
inst_seed=9246491 eps=167 min_eps=125 loads=[65;6;11;125;8] u=[1;3;3;1;3] guided(E=450.00,mk=167,t=1.29s)
inst_seed=9246491 eps=166 min_eps=125 loads=[65;6;11;125;8] u=[1;3;3;1;3] guided(E=450.00,mk=166,t=1.27s)
inst_seed=9246491 eps=165 min_eps=125 loads=[65;6;11;125;8] u=[1;3;3;1;3] guided(E=450.00,mk=165,t=1.20s)
inst_seed=9246491 eps=164 min_eps=125 loads=[65;6;11;125;8] u=[1;3;3;1;3] guided(E=448.00,mk=164,t=1.22s)
inst_seed=9246491 eps=163 min_eps=125 loads=[65;6;11;125;8] u=[1;3;3;1;3] guided(E=443.00,mk=163,t=1.25s)
inst_seed=9246491 eps=162 min_eps=125 loads=[65;6;11;125;8] u=[1;3;3;1;3] guided(E=443.00,mk=162,t=1.26s)
inst_seed=9246491 eps=161 min_eps=125 loads=[65;6;11;125;8] u=[1;3;3;1;3] guided(E=447.00,mk=161,t=1.22s)
inst_seed=9246491 eps=160 min_eps=125 loads=[65;6;11;125;8] u=[1;3;3;1;3] guided(E=448.00,mk=160,t=1.21s)
inst_seed=9246491 eps=159 min_eps=125 loads=[65;6;11;125;8] u=[1;3;3;1;3] guided(E=450.00,mk=159,t=1.17s)
inst_seed=9246491 eps=158 min_eps=125 loads=[65;6;11;125;8] u=[1;3;3;1;3] guided(E=449.00,mk=158,t=1.15s)
inst_seed=9246491 eps=157 min_eps=125 loads=[65;6;11;125;8] u=[1;3;3;1;3] guided(E=451.00,mk=157,t=1.16s)
inst_seed=9246491 eps=156 min_eps=125 loads=[65;6;11;125;8] u=[1;3;3;1;3] guided(E=451.00,mk=156,t=1.10s)
inst_seed=9246491 eps=155 min_eps=125 loads=[65;6;11;125;8] u=[1;3;3;1;3] guided(E=456.00,mk=155,t=1.15s)
inst_seed=9246491 eps=154 min_eps=125 loads=[65;6;11;125;8] u=[1;3;3;1;3] guided(E=457.00,mk=154,t=1.10s)
inst_seed=9246491 eps=153 min_eps=125 loads=[65;6;11;125;8] u=[1;3;3;1;3] guided(E=463.00,mk=153,t=1.02s)
inst_seed=9246491 eps=152 min_eps=125 loads=[65;6;11;125;8] u=[1;3;3;1;3] guided(E=463.00,mk=152,t=1.00s)
inst_seed=9246491 eps=151 min_eps=125 loads=[65;6;11;125;8] u=[1;3;3;1;3] guided(E=463.00,mk=151,t=1.01s)
inst_seed=9246491 eps=150 min_eps=125 loads=[65;6;11;125;8] u=[1;3;3;1;3] guided(E=463.00,mk=150,t=1.02s)
inst_seed=9246491 eps=149 min_eps=125 loads=[65;6;11;125;8] u=[1;3;3;1;3] guided(E=465.00,mk=149,t=1.03s)
inst_seed=9246491 eps=148 min_eps=125 loads=[65;6;11;125;8] u=[1;3;3;1;3] guided(E=465.00,mk=148,t=0.98s)
inst_seed=9246491 eps=147 min_eps=125 loads=[65;6;11;125;8] u=[1;3;3;1;3] guided(E=467.00,mk=147,t=0.98s)
inst_seed=9246491 eps=146 min_eps=125 loads=[65;6;11;125;8] u=[1;3;3;1;3] guided(E=469.00,mk=146,t=0.97s)
inst_seed=9246491 eps=145 min_eps=125 loads=[65;6;11;125;8] u=[1;3;3;1;3] guided(E=469.00,mk=145,t=0.95s)
inst_seed=9246491 eps=144 min_eps=125 loads=[65;6;11;125;8] u=[1;3;3;1;3] guided(E=470.00,mk=144,t=0.92s)
inst_seed=9246491 eps=143 min_eps=125 loads=[65;6;11;125;8] u=[1;3;3;1;3] guided(E=471.00,mk=143,t=0.91s)
inst_seed=9246491 eps=142 min_eps=125 loads=[65;6;11;125;8] u=[1;3;3;1;3] guided(E=473.00,mk=142,t=0.89s)
inst_seed=9246491 eps=141 min_eps=125 loads=[65;6;11;125;8] u=[1;3;3;1;3] guided(E=475.00,mk=141,t=0.88s)
inst_seed=9246491 eps=140 min_eps=125 loads=[65;6;11;125;8] u=[1;3;3;1;3] guided(E=475.00,mk=140,t=0.81s)
inst_seed=9246491 eps=139 min_eps=125 loads=[65;6;11;125;8] u=[1;3;3;1;3] guided(E=475.00,mk=139,t=0.84s)
inst_seed=9246491 eps=138 min_eps=125 loads=[65;6;11;125;8] u=[1;3;3;1;3] guided(E=473.00,mk=138,t=0.80s)
inst_seed=9246491 eps=137 min_eps=125 loads=[65;6;11;125;8] u=[1;3;3;1;3] guided(E=471.00,mk=137,t=0.76s)
inst_seed=9246491 eps=136 min_eps=125 loads=[65;6;11;125;8] u=[1;3;3;1;3] guided(E=471.00,mk=136,t=0.78s)
inst_seed=9246491 eps=135 min_eps=125 loads=[65;6;11;125;8] u=[1;3;3;1;3] guided(E=475.00,mk=135,t=0.79s)
inst_seed=9246491 eps=134 min_eps=125 loads=[65;6;11;125;8] u=[1;3;3;1;3] guided(E=475.00,mk=134,t=0.81s)
inst_seed=9246491 eps=133 min_eps=125 loads=[65;6;11;125;8] u=[1;3;3;1;3] guided(E=475.00,mk=133,t=0.82s)
inst_seed=9246491 eps=132 min_eps=125 loads=[65;6;11;125;8] u=[1;3;3;1;3] guided(E=473.00,mk=132,t=0.80s)
inst_seed=9246491 eps=131 min_eps=125 loads=[65;6;11;125;8] u=[1;3;3;1;3] guided(E=473.00,mk=131,t=0.80s)
inst_seed=9246491 eps=130 min_eps=125 loads=[65;6;11;125;8] u=[1;3;3;1;3] guided(E=475.00,mk=130,t=0.79s)
inst_seed=9246491 eps=129 min_eps=125 loads=[65;6;11;125;8] u=[1;3;3;1;3] guided(E=475.00,mk=129,t=0.75s)
inst_seed=9246491 eps=128 min_eps=125 loads=[65;6;11;125;8] u=[1;3;3;1;3] guided(E=477.00,mk=128,t=0.75s)
inst_seed=9246491 eps=127 min_eps=125 loads=[65;6;11;125;8] u=[1;3;3;1;3] guided(E=479.00,mk=127,t=0.72s)
inst_seed=9246491 eps=126 min_eps=125 loads=[65;6;11;125;8] u=[1;3;3;1;3] guided(E=481.00,mk=126,t=0.70s)
inst_seed=9246491 eps=125 min_eps=125 loads=[65;6;11;125;8] u=[1;3;3;1;3] guided(E=483.00,mk=125,t=0.68s)
inst_seed=6531352 eps=120 min_eps=74 loads=[5;74;6;38;35] u=[2;1;2;1;1] guided(E=254.00,mk=104,t=0.30s)
inst_seed=6531352 eps=103 min_eps=74 loads=[5;74;6;38;35] u=[2;1;2;1;1] guided(E=256.00,mk=103,t=0.30s)
inst_seed=6531352 eps=102 min_eps=74 loads=[5;74;6;38;35] u=[2;1;2;1;1] guided(E=258.00,mk=102,t=0.29s)
inst_seed=6531352 eps=101 min_eps=74 loads=[5;74;6;38;35] u=[2;1;2;1;1] guided(E=260.00,mk=101,t=0.26s)
inst_seed=6531352 eps=100 min_eps=74 loads=[5;74;6;38;35] u=[2;1;2;1;1] guided(E=262.00,mk=91,t=0.26s)
inst_seed=6531352 eps=90 min_eps=74 loads=[5;74;6;38;35] u=[2;1;2;1;1] guided(E=276.00,mk=90,t=0.19s)
inst_seed=6531352 eps=89 min_eps=74 loads=[5;74;6;38;35] u=[2;1;2;1;1] guided(E=274.00,mk=89,t=0.20s)
inst_seed=6531352 eps=88 min_eps=74 loads=[5;74;6;38;35] u=[2;1;2;1;1] guided(E=270.00,mk=88,t=0.22s)
inst_seed=6531352 eps=87 min_eps=74 loads=[5;74;6;38;35] u=[2;1;2;1;1] guided(E=272.00,mk=87,t=0.20s)
inst_seed=6531352 eps=86 min_eps=74 loads=[5;74;6;38;35] u=[2;1;2;1;1] guided(E=272.00,mk=86,t=0.20s)
inst_seed=6531352 eps=85 min_eps=74 loads=[5;74;6;38;35] u=[2;1;2;1;1] guided(E=272.00,mk=85,t=0.19s)
inst_seed=6531352 eps=84 min_eps=74 loads=[5;74;6;38;35] u=[2;1;2;1;1] guided(E=274.00,mk=84,t=0.16s)
inst_seed=6531352 eps=83 min_eps=74 loads=[5;74;6;38;35] u=[2;1;2;1;1] guided(E=278.00,mk=83,t=0.15s)
inst_seed=6531352 eps=82 min_eps=74 loads=[5;74;6;38;35] u=[2;1;2;1;1] guided(E=282.00,mk=82,t=0.15s)
inst_seed=6531352 eps=81 min_eps=74 loads=[5;74;6;38;35] u=[2;1;2;1;1] guided(E=287.00,mk=81,t=0.13s)
inst_seed=6531352 eps=80 min_eps=74 loads=[5;74;6;38;35] u=[2;1;2;1;1] guided(E=292.00,mk=80,t=0.12s)
inst_seed=6531352 eps=79 min_eps=74 loads=[5;74;6;38;35] u=[2;1;2;1;1] guided(E=294.00,mk=79,t=0.12s)
inst_seed=6531352 eps=78 min_eps=74 loads=[5;74;6;38;35] u=[2;1;2;1;1] guided(E=296.00,mk=78,t=0.10s)
inst_seed=6531352 eps=77 min_eps=74 loads=[5;74;6;38;35] u=[2;1;2;1;1] guided(E=298.00,mk=77,t=0.09s)
inst_seed=6531352 eps=76 min_eps=74 loads=[5;74;6;38;35] u=[2;1;2;1;1] guided(E=300.00,mk=74,t=0.08s)
inst_seed=1851383 eps=160 min_eps=86 loads=[74;86;56;13;57] u=[1;1;1;2;1] guided(E=469.00,mk=144,t=0.98s)
inst_seed=1851383 eps=143 min_eps=86 loads=[74;86;56;13;57] u=[1;1;1;2;1] guided(E=471.00,mk=143,t=0.97s)
inst_seed=1851383 eps=142 min_eps=86 loads=[74;86;56;13;57] u=[1;1;1;2;1] guided(E=473.00,mk=142,t=0.97s)
inst_seed=1851383 eps=141 min_eps=86 loads=[74;86;56;13;57] u=[1;1;1;2;1] guided(E=475.00,mk=141,t=0.92s)
inst_seed=1851383 eps=140 min_eps=86 loads=[74;86;56;13;57] u=[1;1;1;2;1] guided(E=477.00,mk=124,t=0.91s)
inst_seed=1851383 eps=123 min_eps=86 loads=[74;86;56;13;57] u=[1;1;1;2;1] guided(E=479.00,mk=123,t=0.94s)
inst_seed=1851383 eps=122 min_eps=86 loads=[74;86;56;13;57] u=[1;1;1;2;1] guided(E=481.00,mk=122,t=0.87s)
inst_seed=1851383 eps=121 min_eps=86 loads=[74;86;56;13;57] u=[1;1;1;2;1] guided(E=483.00,mk=121,t=0.79s)
inst_seed=1851383 eps=120 min_eps=86 loads=[74;86;56;13;57] u=[1;1;1;2;1] guided(E=486.00,mk=108,t=0.73s)
inst_seed=1851383 eps=107 min_eps=86 loads=[74;86;56;13;57] u=[1;1;1;2;1] guided(E=508.00,mk=107,t=0.71s)
inst_seed=1851383 eps=106 min_eps=86 loads=[74;86;56;13;57] u=[1;1;1;2;1] guided(E=508.00,mk=106,t=0.71s)
inst_seed=1851383 eps=105 min_eps=86 loads=[74;86;56;13;57] u=[1;1;1;2;1] guided(E=506.00,mk=105,t=0.73s)
inst_seed=1851383 eps=104 min_eps=86 loads=[74;86;56;13;57] u=[1;1;1;2;1] guided(E=502.00,mk=104,t=0.66s)
inst_seed=1851383 eps=103 min_eps=86 loads=[74;86;56;13;57] u=[1;1;1;2;1] guided(E=502.00,mk=103,t=0.65s)
inst_seed=1851383 eps=102 min_eps=86 loads=[74;86;56;13;57] u=[1;1;1;2;1] guided(E=507.00,mk=102,t=0.68s)
inst_seed=1851383 eps=101 min_eps=86 loads=[74;86;56;13;57] u=[1;1;1;2;1] guided(E=510.00,mk=101,t=0.67s)
inst_seed=1851383 eps=100 min_eps=86 loads=[74;86;56;13;57] u=[1;1;1;2;1] guided(E=516.00,mk=100,t=0.67s)
inst_seed=1851383 eps=99 min_eps=86 loads=[74;86;56;13;57] u=[1;1;1;2;1] guided(E=516.00,mk=99,t=0.64s)
inst_seed=1851383 eps=98 min_eps=86 loads=[74;86;56;13;57] u=[1;1;1;2;1] guided(E=518.00,mk=98,t=0.62s)
inst_seed=1851383 eps=97 min_eps=86 loads=[74;86;56;13;57] u=[1;1;1;2;1] guided(E=520.00,mk=97,t=0.60s)
inst_seed=1851383 eps=96 min_eps=86 loads=[74;86;56;13;57] u=[1;1;1;2;1] guided(E=522.00,mk=96,t=0.57s)
inst_seed=1851383 eps=95 min_eps=86 loads=[74;86;56;13;57] u=[1;1;1;2;1] guided(E=524.00,mk=95,t=0.56s)
inst_seed=1851383 eps=94 min_eps=86 loads=[74;86;56;13;57] u=[1;1;1;2;1] guided(E=524.00,mk=94,t=0.54s)
inst_seed=1851383 eps=93 min_eps=86 loads=[74;86;56;13;57] u=[1;1;1;2;1] guided(E=532.00,mk=93,t=0.49s)
inst_seed=1851383 eps=92 min_eps=86 loads=[74;86;56;13;57] u=[1;1;1;2;1] guided(E=538.00,mk=92,t=0.44s)
inst_seed=1851383 eps=91 min_eps=86 loads=[74;86;56;13;57] u=[1;1;1;2;1] guided(E=538.00,mk=91,t=0.42s)
inst_seed=1851383 eps=90 min_eps=86 loads=[74;86;56;13;57] u=[1;1;1;2;1] guided(E=540.00,mk=90,t=0.42s)
inst_seed=1851383 eps=89 min_eps=86 loads=[74;86;56;13;57] u=[1;1;1;2;1] guided(E=540.00,mk=89,t=0.40s)
inst_seed=1851383 eps=88 min_eps=86 loads=[74;86;56;13;57] u=[1;1;1;2;1] guided(E=540.00,mk=88,t=0.39s)
inst_seed=1851383 eps=87 min_eps=86 loads=[74;86;56;13;57] u=[1;1;1;2;1] guided(E=538.00,mk=87,t=0.41s)
inst_seed=1851383 eps=86 min_eps=86 loads=[74;86;56;13;57] u=[1;1;1;2;1] guided(E=542.00,mk=86,t=0.36s)
inst_seed=9158333 eps=160 min_eps=155 loads=[21;32;155;56;16] u=[2;2;1;2;3] guided(E=718.00,mk=160,t=0.90s)
inst_seed=9158333 eps=159 min_eps=155 loads=[21;32;155;56;16] u=[2;2;1;2;3] guided(E=720.00,mk=159,t=0.90s)
inst_seed=9158333 eps=158 min_eps=155 loads=[21;32;155;56;16] u=[2;2;1;2;3] guided(E=722.00,mk=158,t=0.88s)
inst_seed=9158333 eps=157 min_eps=155 loads=[21;32;155;56;16] u=[2;2;1;2;3] guided(E=724.00,mk=157,t=0.87s)
inst_seed=9158333 eps=156 min_eps=155 loads=[21;32;155;56;16] u=[2;2;1;2;3] guided(E=726.00,mk=156,t=0.84s)
inst_seed=9158333 eps=155 min_eps=155 loads=[21;32;155;56;16] u=[2;2;1;2;3] guided(E=728.00,mk=155,t=0.82s)
inst_seed=738750 eps=120 min_eps=112 loads=[14;49;31;46;112] u=[3;1;2;2;1] guided(E=600.00,mk=120,t=0.50s)
inst_seed=738750 eps=119 min_eps=112 loads=[14;49;31;46;112] u=[3;1;2;2;1] guided(E=602.00,mk=119,t=0.51s)
inst_seed=738750 eps=118 min_eps=112 loads=[14;49;31;46;112] u=[3;1;2;2;1] guided(E=604.00,mk=118,t=0.48s)
inst_seed=738750 eps=117 min_eps=112 loads=[14;49;31;46;112] u=[3;1;2;2;1] guided(E=606.00,mk=117,t=0.47s)
inst_seed=738750 eps=116 min_eps=112 loads=[14;49;31;46;112] u=[3;1;2;2;1] guided(E=608.00,mk=116,t=0.48s)
inst_seed=738750 eps=115 min_eps=112 loads=[14;49;31;46;112] u=[3;1;2;2;1] guided(E=608.00,mk=115,t=0.45s)
inst_seed=738750 eps=114 min_eps=112 loads=[14;49;31;46;112] u=[3;1;2;2;1] guided(E=608.00,mk=114,t=0.46s)
inst_seed=738750 eps=113 min_eps=112 loads=[14;49;31;46;112] u=[3;1;2;2;1] guided(E=608.00,mk=113,t=0.44s)
inst_seed=738750 eps=112 min_eps=112 loads=[14;49;31;46;112] u=[3;1;2;2;1] guided(E=608.00,mk=112,t=0.43s)
inst_seed=7175640 eps=160 min_eps=134 loads=[40;45;1;134;36] u=[2;2;3;1;2] guided(E=605.00,mk=160,t=1.03s)
inst_seed=7175640 eps=159 min_eps=134 loads=[40;45;1;134;36] u=[2;2;3;1;2] guided(E=607.00,mk=159,t=0.99s)
inst_seed=7175640 eps=158 min_eps=134 loads=[40;45;1;134;36] u=[2;2;3;1;2] guided(E=609.00,mk=158,t=0.99s)
inst_seed=7175640 eps=157 min_eps=134 loads=[40;45;1;134;36] u=[2;2;3;1;2] guided(E=611.00,mk=157,t=0.98s)
inst_seed=7175640 eps=156 min_eps=134 loads=[40;45;1;134;36] u=[2;2;3;1;2] guided(E=611.00,mk=156,t=0.99s)
inst_seed=7175640 eps=155 min_eps=134 loads=[40;45;1;134;36] u=[2;2;3;1;2] guided(E=613.00,mk=155,t=0.93s)
inst_seed=7175640 eps=154 min_eps=134 loads=[40;45;1;134;36] u=[2;2;3;1;2] guided(E=611.00,mk=154,t=0.94s)
inst_seed=7175640 eps=153 min_eps=134 loads=[40;45;1;134;36] u=[2;2;3;1;2] guided(E=611.00,mk=153,t=0.94s)
inst_seed=7175640 eps=152 min_eps=134 loads=[40;45;1;134;36] u=[2;2;3;1;2] guided(E=611.00,mk=152,t=0.92s)
inst_seed=7175640 eps=151 min_eps=134 loads=[40;45;1;134;36] u=[2;2;3;1;2] guided(E=611.00,mk=151,t=0.91s)
inst_seed=7175640 eps=150 min_eps=134 loads=[40;45;1;134;36] u=[2;2;3;1;2] guided(E=611.00,mk=150,t=0.89s)
inst_seed=7175640 eps=149 min_eps=134 loads=[40;45;1;134;36] u=[2;2;3;1;2] guided(E=611.00,mk=149,t=0.87s)
inst_seed=7175640 eps=148 min_eps=134 loads=[40;45;1;134;36] u=[2;2;3;1;2] guided(E=611.00,mk=148,t=0.77s)
inst_seed=7175640 eps=147 min_eps=134 loads=[40;45;1;134;36] u=[2;2;3;1;2] guided(E=611.00,mk=147,t=0.81s)
inst_seed=7175640 eps=146 min_eps=134 loads=[40;45;1;134;36] u=[2;2;3;1;2] guided(E=611.00,mk=146,t=0.83s)
inst_seed=7175640 eps=145 min_eps=134 loads=[40;45;1;134;36] u=[2;2;3;1;2] guided(E=611.00,mk=145,t=0.82s)
inst_seed=7175640 eps=144 min_eps=134 loads=[40;45;1;134;36] u=[2;2;3;1;2] guided(E=613.00,mk=144,t=0.85s)
inst_seed=7175640 eps=143 min_eps=134 loads=[40;45;1;134;36] u=[2;2;3;1;2] guided(E=612.00,mk=143,t=0.77s)
inst_seed=7175640 eps=142 min_eps=134 loads=[40;45;1;134;36] u=[2;2;3;1;2] guided(E=617.00,mk=142,t=0.76s)
inst_seed=7175640 eps=141 min_eps=134 loads=[40;45;1;134;36] u=[2;2;3;1;2] guided(E=622.00,mk=141,t=0.76s)
inst_seed=7175640 eps=140 min_eps=134 loads=[40;45;1;134;36] u=[2;2;3;1;2] guided(E=623.00,mk=140,t=0.76s)
inst_seed=7175640 eps=139 min_eps=134 loads=[40;45;1;134;36] u=[2;2;3;1;2] guided(E=627.00,mk=139,t=0.76s)
inst_seed=7175640 eps=138 min_eps=134 loads=[40;45;1;134;36] u=[2;2;3;1;2] guided(E=627.00,mk=138,t=0.77s)
inst_seed=7175640 eps=137 min_eps=134 loads=[40;45;1;134;36] u=[2;2;3;1;2] guided(E=631.00,mk=137,t=0.72s)
inst_seed=7175640 eps=136 min_eps=134 loads=[40;45;1;134;36] u=[2;2;3;1;2] guided(E=631.00,mk=136,t=0.72s)
inst_seed=7175640 eps=135 min_eps=134 loads=[40;45;1;134;36] u=[2;2;3;1;2] guided(E=631.00,mk=135,t=0.70s)
inst_seed=7175640 eps=134 min_eps=134 loads=[40;45;1;134;36] u=[2;2;3;1;2] guided(E=631.00,mk=134,t=0.69s)
inst_seed=1828968 eps=180 min_eps=120 loads=[120;24;85;2;5] u=[1;2;1;2;3] guided(E=424.00,mk=167,t=1.11s)
inst_seed=1828968 eps=166 min_eps=120 loads=[120;24;85;2;5] u=[1;2;1;2;3] guided(E=436.00,mk=166,t=1.15s)
inst_seed=1828968 eps=165 min_eps=120 loads=[120;24;85;2;5] u=[1;2;1;2;3] guided(E=436.00,mk=165,t=1.15s)
inst_seed=1828968 eps=164 min_eps=120 loads=[120;24;85;2;5] u=[1;2;1;2;3] guided(E=436.00,mk=164,t=1.15s)
inst_seed=1828968 eps=163 min_eps=120 loads=[120;24;85;2;5] u=[1;2;1;2;3] guided(E=434.00,mk=163,t=1.07s)
inst_seed=1828968 eps=162 min_eps=120 loads=[120;24;85;2;5] u=[1;2;1;2;3] guided(E=436.00,mk=162,t=1.07s)
inst_seed=1828968 eps=161 min_eps=120 loads=[120;24;85;2;5] u=[1;2;1;2;3] guided(E=438.00,mk=161,t=1.07s)
inst_seed=1828968 eps=160 min_eps=120 loads=[120;24;85;2;5] u=[1;2;1;2;3] guided(E=440.00,mk=160,t=1.03s)
inst_seed=1828968 eps=159 min_eps=120 loads=[120;24;85;2;5] u=[1;2;1;2;3] guided(E=440.00,mk=158,t=1.03s)
inst_seed=1828968 eps=157 min_eps=120 loads=[120;24;85;2;5] u=[1;2;1;2;3] guided(E=442.00,mk=152,t=0.97s)
inst_seed=1828968 eps=151 min_eps=120 loads=[120;24;85;2;5] u=[1;2;1;2;3] guided(E=464.00,mk=151,t=1.07s)
inst_seed=1828968 eps=150 min_eps=120 loads=[120;24;85;2;5] u=[1;2;1;2;3] guided(E=464.00,mk=150,t=1.05s)
inst_seed=1828968 eps=149 min_eps=120 loads=[120;24;85;2;5] u=[1;2;1;2;3] guided(E=462.00,mk=149,t=0.98s)
inst_seed=1828968 eps=148 min_eps=120 loads=[120;24;85;2;5] u=[1;2;1;2;3] guided(E=464.00,mk=148,t=0.97s)
inst_seed=1828968 eps=147 min_eps=120 loads=[120;24;85;2;5] u=[1;2;1;2;3] guided(E=462.00,mk=147,t=0.91s)
inst_seed=1828968 eps=146 min_eps=120 loads=[120;24;85;2;5] u=[1;2;1;2;3] guided(E=458.00,mk=146,t=0.89s)
inst_seed=1828968 eps=145 min_eps=120 loads=[120;24;85;2;5] u=[1;2;1;2;3] guided(E=460.00,mk=145,t=0.90s)
inst_seed=1828968 eps=144 min_eps=120 loads=[120;24;85;2;5] u=[1;2;1;2;3] guided(E=462.00,mk=144,t=0.85s)
inst_seed=1828968 eps=143 min_eps=120 loads=[120;24;85;2;5] u=[1;2;1;2;3] guided(E=466.00,mk=143,t=0.90s)
inst_seed=1828968 eps=142 min_eps=120 loads=[120;24;85;2;5] u=[1;2;1;2;3] guided(E=468.00,mk=142,t=0.88s)
inst_seed=1828968 eps=141 min_eps=120 loads=[120;24;85;2;5] u=[1;2;1;2;3] guided(E=470.00,mk=141,t=0.85s)
inst_seed=1828968 eps=140 min_eps=120 loads=[120;24;85;2;5] u=[1;2;1;2;3] guided(E=472.00,mk=140,t=0.86s)
inst_seed=1828968 eps=139 min_eps=120 loads=[120;24;85;2;5] u=[1;2;1;2;3] guided(E=472.00,mk=139,t=0.86s)
inst_seed=1828968 eps=138 min_eps=120 loads=[120;24;85;2;5] u=[1;2;1;2;3] guided(E=470.00,mk=138,t=0.82s)
inst_seed=1828968 eps=137 min_eps=120 loads=[120;24;85;2;5] u=[1;2;1;2;3] guided(E=464.00,mk=137,t=0.78s)
inst_seed=1828968 eps=136 min_eps=120 loads=[120;24;85;2;5] u=[1;2;1;2;3] guided(E=464.00,mk=134,t=0.75s)
inst_seed=1828968 eps=133 min_eps=120 loads=[120;24;85;2;5] u=[1;2;1;2;3] guided(E=476.00,mk=133,t=0.85s)
inst_seed=1828968 eps=132 min_eps=120 loads=[120;24;85;2;5] u=[1;2;1;2;3] guided(E=476.00,mk=132,t=0.88s)
inst_seed=1828968 eps=131 min_eps=120 loads=[120;24;85;2;5] u=[1;2;1;2;3] guided(E=476.00,mk=131,t=0.88s)
inst_seed=1828968 eps=130 min_eps=120 loads=[120;24;85;2;5] u=[1;2;1;2;3] guided(E=476.00,mk=130,t=0.83s)
inst_seed=1828968 eps=129 min_eps=120 loads=[120;24;85;2;5] u=[1;2;1;2;3] guided(E=476.00,mk=129,t=0.81s)
inst_seed=1828968 eps=128 min_eps=120 loads=[120;24;85;2;5] u=[1;2;1;2;3] guided(E=476.00,mk=128,t=0.81s)
inst_seed=1828968 eps=127 min_eps=120 loads=[120;24;85;2;5] u=[1;2;1;2;3] guided(E=476.00,mk=127,t=0.78s)
inst_seed=1828968 eps=126 min_eps=120 loads=[120;24;85;2;5] u=[1;2;1;2;3] guided(E=476.00,mk=126,t=0.70s)
inst_seed=1828968 eps=125 min_eps=120 loads=[120;24;85;2;5] u=[1;2;1;2;3] guided(E=478.00,mk=125,t=0.75s)
inst_seed=1828968 eps=124 min_eps=120 loads=[120;24;85;2;5] u=[1;2;1;2;3] guided(E=480.00,mk=124,t=0.73s)
inst_seed=1828968 eps=123 min_eps=120 loads=[120;24;85;2;5] u=[1;2;1;2;3] guided(E=484.00,mk=123,t=0.71s)
inst_seed=1828968 eps=122 min_eps=120 loads=[120;24;85;2;5] u=[1;2;1;2;3] guided(E=488.00,mk=122,t=0.70s)
inst_seed=1828968 eps=121 min_eps=120 loads=[120;24;85;2;5] u=[1;2;1;2;3] guided(E=492.00,mk=121,t=0.64s)
inst_seed=1828968 eps=120 min_eps=120 loads=[120;24;85;2;5] u=[1;2;1;2;3] guided(E=496.00,mk=120,t=0.59s)
inst_seed=3495630 eps=160 min_eps=99 loads=[31;80;5;99;21] u=[2;1;3;1;3] guided(E=506.00,mk=145,t=0.58s)
inst_seed=3495630 eps=144 min_eps=99 loads=[31;80;5;99;21] u=[2;1;3;1;3] guided(E=506.00,mk=144,t=0.60s)
inst_seed=3495630 eps=143 min_eps=99 loads=[31;80;5;99;21] u=[2;1;3;1;3] guided(E=508.00,mk=143,t=0.59s)
inst_seed=3495630 eps=142 min_eps=99 loads=[31;80;5;99;21] u=[2;1;3;1;3] guided(E=510.00,mk=142,t=0.57s)
inst_seed=3495630 eps=141 min_eps=99 loads=[31;80;5;99;21] u=[2;1;3;1;3] guided(E=512.00,mk=141,t=0.55s)
inst_seed=3495630 eps=140 min_eps=99 loads=[31;80;5;99;21] u=[2;1;3;1;3] guided(E=514.00,mk=129,t=0.55s)
inst_seed=3495630 eps=128 min_eps=99 loads=[31;80;5;99;21] u=[2;1;3;1;3] guided(E=520.00,mk=128,t=0.55s)
inst_seed=3495630 eps=127 min_eps=99 loads=[31;80;5;99;21] u=[2;1;3;1;3] guided(E=518.00,mk=127,t=0.55s)
inst_seed=3495630 eps=126 min_eps=99 loads=[31;80;5;99;21] u=[2;1;3;1;3] guided(E=520.00,mk=126,t=0.53s)
inst_seed=3495630 eps=125 min_eps=99 loads=[31;80;5;99;21] u=[2;1;3;1;3] guided(E=522.00,mk=125,t=0.52s)
inst_seed=3495630 eps=124 min_eps=99 loads=[31;80;5;99;21] u=[2;1;3;1;3] guided(E=522.00,mk=124,t=0.51s)
inst_seed=3495630 eps=123 min_eps=99 loads=[31;80;5;99;21] u=[2;1;3;1;3] guided(E=526.00,mk=123,t=0.50s)
inst_seed=3495630 eps=122 min_eps=99 loads=[31;80;5;99;21] u=[2;1;3;1;3] guided(E=528.00,mk=122,t=0.47s)
inst_seed=3495630 eps=121 min_eps=99 loads=[31;80;5;99;21] u=[2;1;3;1;3] guided(E=528.00,mk=121,t=0.46s)
inst_seed=3495630 eps=120 min_eps=99 loads=[31;80;5;99;21] u=[2;1;3;1;3] guided(E=530.00,mk=120,t=0.45s)
inst_seed=3495630 eps=119 min_eps=99 loads=[31;80;5;99;21] u=[2;1;3;1;3] guided(E=532.00,mk=119,t=0.43s)
inst_seed=3495630 eps=118 min_eps=99 loads=[31;80;5;99;21] u=[2;1;3;1;3] guided(E=532.00,mk=118,t=0.42s)
inst_seed=3495630 eps=117 min_eps=99 loads=[31;80;5;99;21] u=[2;1;3;1;3] guided(E=534.00,mk=117,t=0.41s)
inst_seed=3495630 eps=116 min_eps=99 loads=[31;80;5;99;21] u=[2;1;3;1;3] guided(E=536.00,mk=112,t=0.39s)
inst_seed=3495630 eps=111 min_eps=99 loads=[31;80;5;99;21] u=[2;1;3;1;3] guided(E=544.00,mk=111,t=0.37s)
inst_seed=3495630 eps=110 min_eps=99 loads=[31;80;5;99;21] u=[2;1;3;1;3] guided(E=544.00,mk=110,t=0.37s)
inst_seed=3495630 eps=109 min_eps=99 loads=[31;80;5;99;21] u=[2;1;3;1;3] guided(E=544.00,mk=109,t=0.36s)
inst_seed=3495630 eps=108 min_eps=99 loads=[31;80;5;99;21] u=[2;1;3;1;3] guided(E=544.00,mk=108,t=0.35s)
inst_seed=3495630 eps=107 min_eps=99 loads=[31;80;5;99;21] u=[2;1;3;1;3] guided(E=546.00,mk=107,t=0.32s)
inst_seed=3495630 eps=106 min_eps=99 loads=[31;80;5;99;21] u=[2;1;3;1;3] guided(E=548.00,mk=106,t=0.31s)
inst_seed=3495630 eps=105 min_eps=99 loads=[31;80;5;99;21] u=[2;1;3;1;3] guided(E=552.00,mk=105,t=0.29s)
inst_seed=3495630 eps=104 min_eps=99 loads=[31;80;5;99;21] u=[2;1;3;1;3] guided(E=556.00,mk=104,t=0.27s)
inst_seed=3495630 eps=103 min_eps=99 loads=[31;80;5;99;21] u=[2;1;3;1;3] guided(E=562.00,mk=103,t=0.24s)
inst_seed=3495630 eps=102 min_eps=99 loads=[31;80;5;99;21] u=[2;1;3;1;3] guided(E=568.00,mk=102,t=0.24s)
inst_seed=3495630 eps=101 min_eps=99 loads=[31;80;5;99;21] u=[2;1;3;1;3] guided(E=572.00,mk=101,t=0.22s)
inst_seed=3495630 eps=100 min_eps=99 loads=[31;80;5;99;21] u=[2;1;3;1;3] guided(E=576.00,mk=100,t=0.18s)
inst_seed=3495630 eps=99 min_eps=99 loads=[31;80;5;99;21] u=[2;1;3;1;3] guided(E=578.00,mk=99,t=0.17s)
inst_seed=5392748 eps=160 min_eps=143 loads=[34;49;143;71;9] u=[2;2;1;2;3] guided(E=812.00,mk=160,t=0.86s)
inst_seed=5392748 eps=159 min_eps=143 loads=[34;49;143;71;9] u=[2;2;1;2;3] guided(E=810.00,mk=159,t=0.78s)
inst_seed=5392748 eps=158 min_eps=143 loads=[34;49;143;71;9] u=[2;2;1;2;3] guided(E=812.00,mk=158,t=0.85s)
inst_seed=5392748 eps=157 min_eps=143 loads=[34;49;143;71;9] u=[2;2;1;2;3] guided(E=812.00,mk=157,t=0.83s)
inst_seed=5392748 eps=156 min_eps=143 loads=[34;49;143;71;9] u=[2;2;1;2;3] guided(E=812.00,mk=156,t=0.75s)
inst_seed=5392748 eps=155 min_eps=143 loads=[34;49;143;71;9] u=[2;2;1;2;3] guided(E=812.00,mk=155,t=0.76s)
inst_seed=5392748 eps=154 min_eps=143 loads=[34;49;143;71;9] u=[2;2;1;2;3] guided(E=812.00,mk=154,t=0.84s)
inst_seed=5392748 eps=153 min_eps=143 loads=[34;49;143;71;9] u=[2;2;1;2;3] guided(E=810.00,mk=153,t=0.87s)
inst_seed=5392748 eps=152 min_eps=143 loads=[34;49;143;71;9] u=[2;2;1;2;3] guided(E=808.00,mk=152,t=0.73s)
inst_seed=5392748 eps=151 min_eps=143 loads=[34;49;143;71;9] u=[2;2;1;2;3] guided(E=810.00,mk=151,t=0.90s)
inst_seed=5392748 eps=150 min_eps=143 loads=[34;49;143;71;9] u=[2;2;1;2;3] guided(E=810.00,mk=150,t=0.85s)
inst_seed=5392748 eps=149 min_eps=143 loads=[34;49;143;71;9] u=[2;2;1;2;3] guided(E=810.00,mk=149,t=0.83s)
inst_seed=5392748 eps=148 min_eps=143 loads=[34;49;143;71;9] u=[2;2;1;2;3] guided(E=810.00,mk=148,t=0.81s)
inst_seed=5392748 eps=147 min_eps=143 loads=[34;49;143;71;9] u=[2;2;1;2;3] guided(E=812.00,mk=147,t=0.79s)
inst_seed=5392748 eps=146 min_eps=143 loads=[34;49;143;71;9] u=[2;2;1;2;3] guided(E=814.00,mk=146,t=0.78s)
inst_seed=5392748 eps=145 min_eps=143 loads=[34;49;143;71;9] u=[2;2;1;2;3] guided(E=816.00,mk=145,t=0.75s)
inst_seed=5392748 eps=144 min_eps=143 loads=[34;49;143;71;9] u=[2;2;1;2;3] guided(E=818.00,mk=144,t=0.73s)
inst_seed=5392748 eps=143 min_eps=143 loads=[34;49;143;71;9] u=[2;2;1;2;3] guided(E=823.00,mk=143,t=0.69s)
inst_seed=5631749 eps=140 min_eps=120 loads=[0;97;23;120;3] u=[3;1;3;1;3] guided(E=539.00,mk=140,t=1.24s)
inst_seed=5631749 eps=139 min_eps=120 loads=[0;97;23;120;3] u=[3;1;3;1;3] guided(E=539.00,mk=139,t=1.24s)
inst_seed=5631749 eps=138 min_eps=120 loads=[0;97;23;120;3] u=[3;1;3;1;3] guided(E=537.00,mk=138,t=1.25s)
inst_seed=5631749 eps=137 min_eps=120 loads=[0;97;23;120;3] u=[3;1;3;1;3] guided(E=535.00,mk=137,t=1.22s)
inst_seed=5631749 eps=136 min_eps=120 loads=[0;97;23;120;3] u=[3;1;3;1;3] guided(E=533.00,mk=136,t=1.23s)
inst_seed=5631749 eps=135 min_eps=120 loads=[0;97;23;120;3] u=[3;1;3;1;3] guided(E=539.00,mk=135,t=1.11s)
inst_seed=5631749 eps=134 min_eps=120 loads=[0;97;23;120;3] u=[3;1;3;1;3] guided(E=541.00,mk=134,t=1.14s)
inst_seed=5631749 eps=133 min_eps=120 loads=[0;97;23;120;3] u=[3;1;3;1;3] guided(E=547.00,mk=133,t=1.16s)
inst_seed=5631749 eps=132 min_eps=120 loads=[0;97;23;120;3] u=[3;1;3;1;3] guided(E=557.00,mk=132,t=1.07s)
inst_seed=5631749 eps=131 min_eps=120 loads=[0;97;23;120;3] u=[3;1;3;1;3] guided(E=555.00,mk=131,t=1.05s)
inst_seed=5631749 eps=130 min_eps=120 loads=[0;97;23;120;3] u=[3;1;3;1;3] guided(E=551.00,mk=130,t=1.07s)
inst_seed=5631749 eps=129 min_eps=120 loads=[0;97;23;120;3] u=[3;1;3;1;3] guided(E=551.00,mk=129,t=1.09s)
inst_seed=5631749 eps=128 min_eps=120 loads=[0;97;23;120;3] u=[3;1;3;1;3] guided(E=551.00,mk=128,t=1.04s)
inst_seed=5631749 eps=127 min_eps=120 loads=[0;97;23;120;3] u=[3;1;3;1;3] guided(E=549.00,mk=127,t=1.03s)
inst_seed=5631749 eps=126 min_eps=120 loads=[0;97;23;120;3] u=[3;1;3;1;3] guided(E=553.00,mk=126,t=1.05s)
inst_seed=5631749 eps=125 min_eps=120 loads=[0;97;23;120;3] u=[3;1;3;1;3] guided(E=557.00,mk=125,t=1.04s)
inst_seed=5631749 eps=124 min_eps=120 loads=[0;97;23;120;3] u=[3;1;3;1;3] guided(E=557.00,mk=124,t=1.00s)
inst_seed=5631749 eps=123 min_eps=120 loads=[0;97;23;120;3] u=[3;1;3;1;3] guided(E=559.00,mk=123,t=0.97s)
inst_seed=5631749 eps=122 min_eps=120 loads=[0;97;23;120;3] u=[3;1;3;1;3] guided(E=563.00,mk=122,t=0.95s)
inst_seed=5631749 eps=121 min_eps=120 loads=[0;97;23;120;3] u=[3;1;3;1;3] guided(E=557.00,mk=121,t=0.95s)
inst_seed=5631749 eps=120 min_eps=120 loads=[0;97;23;120;3] u=[3;1;3;1;3] guided(E=561.00,mk=120,t=0.92s)
inst_seed=2841431 eps=200 min_eps=120 loads=[31;45;120;0;20] u=[2;2;1;3;3] guided(E=506.00,mk=187,t=0.56s)
inst_seed=2841431 eps=186 min_eps=120 loads=[31;45;120;0;20] u=[2;2;1;3;3] guided(E=508.00,mk=186,t=0.55s)
inst_seed=2841431 eps=185 min_eps=120 loads=[31;45;120;0;20] u=[2;2;1;3;3] guided(E=508.00,mk=185,t=0.55s)
inst_seed=2841431 eps=184 min_eps=120 loads=[31;45;120;0;20] u=[2;2;1;3;3] guided(E=508.00,mk=184,t=0.55s)
inst_seed=2841431 eps=183 min_eps=120 loads=[31;45;120;0;20] u=[2;2;1;3;3] guided(E=511.00,mk=183,t=0.53s)
inst_seed=2841431 eps=182 min_eps=120 loads=[31;45;120;0;20] u=[2;2;1;3;3] guided(E=508.00,mk=182,t=0.54s)
inst_seed=2841431 eps=181 min_eps=120 loads=[31;45;120;0;20] u=[2;2;1;3;3] guided(E=511.00,mk=181,t=0.53s)
inst_seed=2841431 eps=180 min_eps=120 loads=[31;45;120;0;20] u=[2;2;1;3;3] guided(E=510.00,mk=168,t=0.53s)
inst_seed=2841431 eps=167 min_eps=120 loads=[31;45;120;0;20] u=[2;2;1;3;3] guided(E=518.00,mk=167,t=0.49s)
inst_seed=2841431 eps=166 min_eps=120 loads=[31;45;120;0;20] u=[2;2;1;3;3] guided(E=518.00,mk=165,t=0.50s)
inst_seed=2841431 eps=164 min_eps=120 loads=[31;45;120;0;20] u=[2;2;1;3;3] guided(E=518.00,mk=164,t=0.50s)
inst_seed=2841431 eps=163 min_eps=120 loads=[31;45;120;0;20] u=[2;2;1;3;3] guided(E=519.00,mk=163,t=0.48s)
inst_seed=2841431 eps=162 min_eps=120 loads=[31;45;120;0;20] u=[2;2;1;3;3] guided(E=520.00,mk=162,t=0.48s)
inst_seed=2841431 eps=161 min_eps=120 loads=[31;45;120;0;20] u=[2;2;1;3;3] guided(E=521.00,mk=161,t=0.48s)
inst_seed=2841431 eps=160 min_eps=120 loads=[31;45;120;0;20] u=[2;2;1;3;3] guided(E=522.00,mk=152,t=0.46s)
inst_seed=2841431 eps=151 min_eps=120 loads=[31;45;120;0;20] u=[2;2;1;3;3] guided(E=540.00,mk=151,t=0.34s)
inst_seed=2841431 eps=150 min_eps=120 loads=[31;45;120;0;20] u=[2;2;1;3;3] guided(E=540.00,mk=150,t=0.34s)
inst_seed=2841431 eps=149 min_eps=120 loads=[31;45;120;0;20] u=[2;2;1;3;3] guided(E=540.00,mk=149,t=0.33s)
inst_seed=2841431 eps=148 min_eps=120 loads=[31;45;120;0;20] u=[2;2;1;3;3] guided(E=540.00,mk=148,t=0.33s)
inst_seed=2841431 eps=147 min_eps=120 loads=[31;45;120;0;20] u=[2;2;1;3;3] guided(E=538.00,mk=147,t=0.34s)
inst_seed=2841431 eps=146 min_eps=120 loads=[31;45;120;0;20] u=[2;2;1;3;3] guided(E=538.00,mk=146,t=0.35s)
inst_seed=2841431 eps=145 min_eps=120 loads=[31;45;120;0;20] u=[2;2;1;3;3] guided(E=536.00,mk=145,t=0.34s)
inst_seed=2841431 eps=144 min_eps=120 loads=[31;45;120;0;20] u=[2;2;1;3;3] guided(E=538.00,mk=144,t=0.36s)
inst_seed=2841431 eps=143 min_eps=120 loads=[31;45;120;0;20] u=[2;2;1;3;3] guided(E=541.00,mk=143,t=0.34s)
inst_seed=2841431 eps=142 min_eps=120 loads=[31;45;120;0;20] u=[2;2;1;3;3] guided(E=544.00,mk=142,t=0.31s)
inst_seed=2841431 eps=141 min_eps=120 loads=[31;45;120;0;20] u=[2;2;1;3;3] guided(E=545.00,mk=141,t=0.30s)
inst_seed=2841431 eps=140 min_eps=120 loads=[31;45;120;0;20] u=[2;2;1;3;3] guided(E=544.00,mk=140,t=0.35s)
inst_seed=2841431 eps=139 min_eps=120 loads=[31;45;120;0;20] u=[2;2;1;3;3] guided(E=544.00,mk=139,t=0.33s)
inst_seed=2841431 eps=138 min_eps=120 loads=[31;45;120;0;20] u=[2;2;1;3;3] guided(E=542.00,mk=138,t=0.34s)
inst_seed=2841431 eps=137 min_eps=120 loads=[31;45;120;0;20] u=[2;2;1;3;3] guided(E=540.00,mk=137,t=0.34s)
inst_seed=2841431 eps=136 min_eps=120 loads=[31;45;120;0;20] u=[2;2;1;3;3] guided(E=542.00,mk=132,t=0.33s)
inst_seed=2841431 eps=131 min_eps=120 loads=[31;45;120;0;20] u=[2;2;1;3;3] guided(E=552.00,mk=131,t=0.20s)
inst_seed=2841431 eps=130 min_eps=120 loads=[31;45;120;0;20] u=[2;2;1;3;3] guided(E=552.00,mk=130,t=0.20s)
inst_seed=2841431 eps=129 min_eps=120 loads=[31;45;120;0;20] u=[2;2;1;3;3] guided(E=550.00,mk=129,t=0.20s)
inst_seed=2841431 eps=128 min_eps=120 loads=[31;45;120;0;20] u=[2;2;1;3;3] guided(E=552.00,mk=128,t=0.19s)
inst_seed=2841431 eps=127 min_eps=120 loads=[31;45;120;0;20] u=[2;2;1;3;3] guided(E=552.00,mk=127,t=0.19s)
inst_seed=2841431 eps=126 min_eps=120 loads=[31;45;120;0;20] u=[2;2;1;3;3] guided(E=554.00,mk=126,t=0.18s)
inst_seed=2841431 eps=125 min_eps=120 loads=[31;45;120;0;20] u=[2;2;1;3;3] guided(E=556.00,mk=125,t=0.17s)
inst_seed=2841431 eps=124 min_eps=120 loads=[31;45;120;0;20] u=[2;2;1;3;3] guided(E=558.00,mk=124,t=0.15s)
inst_seed=2841431 eps=123 min_eps=120 loads=[31;45;120;0;20] u=[2;2;1;3;3] guided(E=563.00,mk=123,t=0.15s)
inst_seed=2841431 eps=122 min_eps=120 loads=[31;45;120;0;20] u=[2;2;1;3;3] guided(E=568.00,mk=122,t=0.12s)
inst_seed=2841431 eps=121 min_eps=120 loads=[31;45;120;0;20] u=[2;2;1;3;3] guided(E=573.00,mk=121,t=0.09s)
inst_seed=2841431 eps=120 min_eps=120 loads=[31;45;120;0;20] u=[2;2;1;3;3] guided(E=578.00,mk=120,t=0.05s)
inst_seed=3140877 eps=120 min_eps=75 loads=[75;13;40;4;67] u=[2;3;2;3;2] guided(E=645.00,mk=107,t=0.39s)
inst_seed=3140877 eps=106 min_eps=75 loads=[75;13;40;4;67] u=[2;3;2;3;2] guided(E=645.00,mk=106,t=0.45s)
inst_seed=3140877 eps=105 min_eps=75 loads=[75;13;40;4;67] u=[2;3;2;3;2] guided(E=645.00,mk=104,t=0.44s)
inst_seed=3140877 eps=103 min_eps=75 loads=[75;13;40;4;67] u=[2;3;2;3;2] guided(E=649.00,mk=103,t=0.38s)
inst_seed=3140877 eps=102 min_eps=75 loads=[75;13;40;4;67] u=[2;3;2;3;2] guided(E=653.00,mk=102,t=0.36s)
inst_seed=3140877 eps=101 min_eps=75 loads=[75;13;40;4;67] u=[2;3;2;3;2] guided(E=659.00,mk=101,t=0.35s)
inst_seed=3140877 eps=100 min_eps=75 loads=[75;13;40;4;67] u=[2;3;2;3;2] guided(E=665.00,mk=99,t=0.34s)
inst_seed=3140877 eps=98 min_eps=75 loads=[75;13;40;4;67] u=[2;3;2;3;2] guided(E=669.00,mk=90,t=0.32s)
inst_seed=3140877 eps=89 min_eps=75 loads=[75;13;40;4;67] u=[2;3;2;3;2] guided(E=689.00,mk=89,t=0.30s)
inst_seed=3140877 eps=88 min_eps=75 loads=[75;13;40;4;67] u=[2;3;2;3;2] guided(E=681.00,mk=88,t=0.30s)
inst_seed=3140877 eps=87 min_eps=75 loads=[75;13;40;4;67] u=[2;3;2;3;2] guided(E=681.00,mk=87,t=0.31s)
inst_seed=3140877 eps=86 min_eps=75 loads=[75;13;40;4;67] u=[2;3;2;3;2] guided(E=685.00,mk=86,t=0.28s)
inst_seed=3140877 eps=85 min_eps=75 loads=[75;13;40;4;67] u=[2;3;2;3;2] guided(E=689.00,mk=85,t=0.28s)
inst_seed=3140877 eps=84 min_eps=75 loads=[75;13;40;4;67] u=[2;3;2;3;2] guided(E=693.00,mk=84,t=0.26s)
inst_seed=3140877 eps=83 min_eps=75 loads=[75;13;40;4;67] u=[2;3;2;3;2] guided(E=703.00,mk=83,t=0.25s)
inst_seed=3140877 eps=82 min_eps=75 loads=[75;13;40;4;67] u=[2;3;2;3;2] guided(E=717.00,mk=82,t=0.22s)
inst_seed=3140877 eps=81 min_eps=75 loads=[75;13;40;4;67] u=[2;3;2;3;2] guided(E=731.00,mk=81,t=0.19s)
inst_seed=3140877 eps=80 min_eps=75 loads=[75;13;40;4;67] u=[2;3;2;3;2] guided(E=745.00,mk=80,t=0.18s)
inst_seed=3140877 eps=79 min_eps=75 loads=[75;13;40;4;67] u=[2;3;2;3;2] guided(E=753.00,mk=79,t=0.16s)
inst_seed=3140877 eps=78 min_eps=75 loads=[75;13;40;4;67] u=[2;3;2;3;2] guided(E=761.00,mk=78,t=0.15s)
inst_seed=3140877 eps=77 min_eps=75 loads=[75;13;40;4;67] u=[2;3;2;3;2] guided(E=769.00,mk=77,t=0.14s)
inst_seed=3140877 eps=76 min_eps=75 loads=[75;13;40;4;67] u=[2;3;2;3;2] guided(E=777.00,mk=75,t=0.13s)
inst_seed=5781402 eps=180 min_eps=113 loads=[7;9;53;113;94] u=[3;3;2;1;1] guided(E=566.00,mk=166,t=1.41s)
inst_seed=5781402 eps=165 min_eps=113 loads=[7;9;53;113;94] u=[3;3;2;1;1] guided(E=570.00,mk=165,t=1.50s)
inst_seed=5781402 eps=164 min_eps=113 loads=[7;9;53;113;94] u=[3;3;2;1;1] guided(E=570.00,mk=164,t=1.54s)
inst_seed=5781402 eps=163 min_eps=113 loads=[7;9;53;113;94] u=[3;3;2;1;1] guided(E=568.00,mk=163,t=1.45s)
inst_seed=5781402 eps=162 min_eps=113 loads=[7;9;53;113;94] u=[3;3;2;1;1] guided(E=570.00,mk=162,t=1.38s)
inst_seed=5781402 eps=161 min_eps=113 loads=[7;9;53;113;94] u=[3;3;2;1;1] guided(E=572.00,mk=161,t=1.38s)
inst_seed=5781402 eps=160 min_eps=113 loads=[7;9;53;113;94] u=[3;3;2;1;1] guided(E=574.00,mk=160,t=1.40s)
inst_seed=5781402 eps=159 min_eps=113 loads=[7;9;53;113;94] u=[3;3;2;1;1] guided(E=574.00,mk=159,t=1.34s)
inst_seed=5781402 eps=158 min_eps=113 loads=[7;9;53;113;94] u=[3;3;2;1;1] guided(E=574.00,mk=158,t=1.35s)
inst_seed=5781402 eps=157 min_eps=113 loads=[7;9;53;113;94] u=[3;3;2;1;1] guided(E=574.00,mk=157,t=1.33s)
inst_seed=5781402 eps=156 min_eps=113 loads=[7;9;53;113;94] u=[3;3;2;1;1] guided(E=574.00,mk=152,t=1.36s)
inst_seed=5781402 eps=151 min_eps=113 loads=[7;9;53;113;94] u=[3;3;2;1;1] guided(E=604.00,mk=151,t=1.35s)
inst_seed=5781402 eps=150 min_eps=113 loads=[7;9;53;113;94] u=[3;3;2;1;1] guided(E=604.00,mk=150,t=1.33s)
inst_seed=5781402 eps=149 min_eps=113 loads=[7;9;53;113;94] u=[3;3;2;1;1] guided(E=602.00,mk=149,t=1.34s)
inst_seed=5781402 eps=148 min_eps=113 loads=[7;9;53;113;94] u=[3;3;2;1;1] guided(E=602.00,mk=148,t=1.35s)
inst_seed=5781402 eps=147 min_eps=113 loads=[7;9;53;113;94] u=[3;3;2;1;1] guided(E=600.00,mk=147,t=1.29s)
inst_seed=5781402 eps=146 min_eps=113 loads=[7;9;53;113;94] u=[3;3;2;1;1] guided(E=600.00,mk=146,t=1.34s)
inst_seed=5781402 eps=145 min_eps=113 loads=[7;9;53;113;94] u=[3;3;2;1;1] guided(E=596.00,mk=145,t=1.30s)
inst_seed=5781402 eps=144 min_eps=113 loads=[7;9;53;113;94] u=[3;3;2;1;1] guided(E=596.00,mk=144,t=1.25s)
inst_seed=5781402 eps=143 min_eps=113 loads=[7;9;53;113;94] u=[3;3;2;1;1] guided(E=600.00,mk=143,t=1.26s)
inst_seed=5781402 eps=142 min_eps=113 loads=[7;9;53;113;94] u=[3;3;2;1;1] guided(E=604.00,mk=142,t=1.24s)
inst_seed=5781402 eps=141 min_eps=113 loads=[7;9;53;113;94] u=[3;3;2;1;1] guided(E=606.00,mk=141,t=1.24s)
inst_seed=5781402 eps=140 min_eps=113 loads=[7;9;53;113;94] u=[3;3;2;1;1] guided(E=606.00,mk=140,t=1.23s)
inst_seed=5781402 eps=139 min_eps=113 loads=[7;9;53;113;94] u=[3;3;2;1;1] guided(E=606.00,mk=139,t=1.18s)
inst_seed=5781402 eps=138 min_eps=113 loads=[7;9;53;113;94] u=[3;3;2;1;1] guided(E=604.00,mk=138,t=1.20s)
inst_seed=5781402 eps=137 min_eps=113 loads=[7;9;53;113;94] u=[3;3;2;1;1] guided(E=602.00,mk=137,t=1.18s)
inst_seed=5781402 eps=136 min_eps=113 loads=[7;9;53;113;94] u=[3;3;2;1;1] guided(E=600.00,mk=136,t=1.14s)
inst_seed=5781402 eps=135 min_eps=113 loads=[7;9;53;113;94] u=[3;3;2;1;1] guided(E=614.00,mk=135,t=1.11s)
inst_seed=5781402 eps=134 min_eps=113 loads=[7;9;53;113;94] u=[3;3;2;1;1] guided(E=618.00,mk=134,t=1.06s)
inst_seed=5781402 eps=133 min_eps=113 loads=[7;9;53;113;94] u=[3;3;2;1;1] guided(E=618.00,mk=133,t=1.11s)
inst_seed=5781402 eps=132 min_eps=113 loads=[7;9;53;113;94] u=[3;3;2;1;1] guided(E=634.00,mk=132,t=0.93s)
inst_seed=5781402 eps=131 min_eps=113 loads=[7;9;53;113;94] u=[3;3;2;1;1] guided(E=634.00,mk=131,t=0.98s)
inst_seed=5781402 eps=130 min_eps=113 loads=[7;9;53;113;94] u=[3;3;2;1;1] guided(E=628.00,mk=130,t=1.04s)
inst_seed=5781402 eps=129 min_eps=113 loads=[7;9;53;113;94] u=[3;3;2;1;1] guided(E=626.00,mk=129,t=1.02s)
inst_seed=5781402 eps=128 min_eps=113 loads=[7;9;53;113;94] u=[3;3;2;1;1] guided(E=626.00,mk=128,t=1.03s)
inst_seed=5781402 eps=127 min_eps=113 loads=[7;9;53;113;94] u=[3;3;2;1;1] guided(E=626.00,mk=127,t=1.01s)
inst_seed=5781402 eps=126 min_eps=113 loads=[7;9;53;113;94] u=[3;3;2;1;1] guided(E=626.00,mk=126,t=0.99s)
inst_seed=5781402 eps=125 min_eps=113 loads=[7;9;53;113;94] u=[3;3;2;1;1] guided(E=628.00,mk=125,t=0.97s)
inst_seed=5781402 eps=124 min_eps=113 loads=[7;9;53;113;94] u=[3;3;2;1;1] guided(E=630.00,mk=124,t=0.92s)
inst_seed=5781402 eps=123 min_eps=113 loads=[7;9;53;113;94] u=[3;3;2;1;1] guided(E=634.00,mk=123,t=0.90s)
inst_seed=5781402 eps=122 min_eps=113 loads=[7;9;53;113;94] u=[3;3;2;1;1] guided(E=634.00,mk=122,t=0.92s)
inst_seed=5781402 eps=121 min_eps=113 loads=[7;9;53;113;94] u=[3;3;2;1;1] guided(E=628.00,mk=121,t=0.92s)
inst_seed=5781402 eps=120 min_eps=113 loads=[7;9;53;113;94] u=[3;3;2;1;1] guided(E=630.00,mk=120,t=0.89s)
inst_seed=5781402 eps=119 min_eps=113 loads=[7;9;53;113;94] u=[3;3;2;1;1] guided(E=632.00,mk=119,t=0.88s)
inst_seed=5781402 eps=118 min_eps=113 loads=[7;9;53;113;94] u=[3;3;2;1;1] guided(E=636.00,mk=118,t=0.87s)
inst_seed=5781402 eps=117 min_eps=113 loads=[7;9;53;113;94] u=[3;3;2;1;1] guided(E=638.00,mk=117,t=0.84s)
inst_seed=5781402 eps=116 min_eps=113 loads=[7;9;53;113;94] u=[3;3;2;1;1] guided(E=642.00,mk=116,t=0.81s)
inst_seed=5781402 eps=115 min_eps=113 loads=[7;9;53;113;94] u=[3;3;2;1;1] guided(E=644.00,mk=115,t=0.82s)
inst_seed=5781402 eps=114 min_eps=113 loads=[7;9;53;113;94] u=[3;3;2;1;1] guided(E=660.00,mk=114,t=0.72s)
inst_seed=5781402 eps=113 min_eps=113 loads=[7;9;53;113;94] u=[3;3;2;1;1] guided(E=664.00,mk=113,t=0.67s)
inst_seed=8770549 eps=140 min_eps=81 loads=[21;17;25;43;81] u=[3;3;3;3;2] guided(E=718.00,mk=125,t=0.24s)
inst_seed=8770549 eps=124 min_eps=81 loads=[21;17;25;43;81] u=[3;3;3;3;2] guided(E=718.00,mk=124,t=0.24s)
inst_seed=8770549 eps=123 min_eps=81 loads=[21;17;25;43;81] u=[3;3;3;3;2] guided(E=720.00,mk=123,t=0.24s)
inst_seed=8770549 eps=122 min_eps=81 loads=[21;17;25;43;81] u=[3;3;3;3;2] guided(E=722.00,mk=122,t=0.23s)
inst_seed=8770549 eps=121 min_eps=81 loads=[21;17;25;43;81] u=[3;3;3;3;2] guided(E=724.00,mk=121,t=0.21s)
inst_seed=8770549 eps=120 min_eps=81 loads=[21;17;25;43;81] u=[3;3;3;3;2] guided(E=726.00,mk=107,t=0.20s)
inst_seed=8770549 eps=106 min_eps=81 loads=[21;17;25;43;81] u=[3;3;3;3;2] guided(E=730.00,mk=106,t=0.18s)
inst_seed=8770549 eps=105 min_eps=81 loads=[21;17;25;43;81] u=[3;3;3;3;2] guided(E=734.00,mk=105,t=0.18s)
inst_seed=8770549 eps=104 min_eps=81 loads=[21;17;25;43;81] u=[3;3;3;3;2] guided(E=730.00,mk=104,t=0.18s)
inst_seed=8770549 eps=103 min_eps=81 loads=[21;17;25;43;81] u=[3;3;3;3;2] guided(E=736.00,mk=103,t=0.18s)
inst_seed=8770549 eps=102 min_eps=81 loads=[21;17;25;43;81] u=[3;3;3;3;2] guided(E=738.00,mk=102,t=0.18s)
inst_seed=8770549 eps=101 min_eps=81 loads=[21;17;25;43;81] u=[3;3;3;3;2] guided(E=744.00,mk=101,t=0.16s)
inst_seed=8770549 eps=100 min_eps=81 loads=[21;17;25;43;81] u=[3;3;3;3;2] guided(E=749.00,mk=100,t=0.15s)
inst_seed=8770549 eps=99 min_eps=81 loads=[21;17;25;43;81] u=[3;3;3;3;2] guided(E=749.00,mk=99,t=0.15s)
inst_seed=8770549 eps=98 min_eps=81 loads=[21;17;25;43;81] u=[3;3;3;3;2] guided(E=753.00,mk=98,t=0.15s)
inst_seed=8770549 eps=97 min_eps=81 loads=[21;17;25;43;81] u=[3;3;3;3;2] guided(E=757.00,mk=92,t=0.14s)
inst_seed=8770549 eps=91 min_eps=81 loads=[21;17;25;43;81] u=[3;3;3;3;2] guided(E=761.00,mk=91,t=0.07s)
inst_seed=8770549 eps=90 min_eps=81 loads=[21;17;25;43;81] u=[3;3;3;3;2] guided(E=765.00,mk=90,t=0.07s)
inst_seed=8770549 eps=89 min_eps=81 loads=[21;17;25;43;81] u=[3;3;3;3;2] guided(E=769.00,mk=89,t=0.07s)
inst_seed=8770549 eps=88 min_eps=81 loads=[21;17;25;43;81] u=[3;3;3;3;2] guided(E=773.00,mk=88,t=0.06s)
inst_seed=8770549 eps=87 min_eps=81 loads=[21;17;25;43;81] u=[3;3;3;3;2] guided(E=777.00,mk=87,t=0.05s)
inst_seed=8770549 eps=86 min_eps=81 loads=[21;17;25;43;81] u=[3;3;3;3;2] guided(E=781.00,mk=86,t=0.03s)
inst_seed=8770549 eps=85 min_eps=81 loads=[21;17;25;43;81] u=[3;3;3;3;2] guided(E=785.00,mk=85,t=0.03s)
inst_seed=8770549 eps=84 min_eps=81 loads=[21;17;25;43;81] u=[3;3;3;3;2] guided(E=789.00,mk=84,t=0.03s)
inst_seed=8770549 eps=83 min_eps=81 loads=[21;17;25;43;81] u=[3;3;3;3;2] guided(E=798.00,mk=83,t=0.03s)
inst_seed=8770549 eps=82 min_eps=81 loads=[21;17;25;43;81] u=[3;3;3;3;2] guided(E=810.00,mk=82,t=0.02s)
inst_seed=8770549 eps=81 min_eps=81 loads=[21;17;25;43;81] u=[3;3;3;3;2] guided(E=816.00,mk=81,t=0.02s)
inst_seed=3276371 eps=120 min_eps=112 loads=[83;21;112;19;24] u=[1;3;1;3;3] guided(E=638.00,mk=120,t=0.42s)
inst_seed=3276371 eps=119 min_eps=112 loads=[83;21;112;19;24] u=[1;3;1;3;3] guided(E=640.00,mk=119,t=0.43s)
inst_seed=3276371 eps=118 min_eps=112 loads=[83;21;112;19;24] u=[1;3;1;3;3] guided(E=642.00,mk=118,t=0.38s)
inst_seed=3276371 eps=117 min_eps=112 loads=[83;21;112;19;24] u=[1;3;1;3;3] guided(E=644.00,mk=117,t=0.38s)
inst_seed=3276371 eps=116 min_eps=112 loads=[83;21;112;19;24] u=[1;3;1;3;3] guided(E=646.00,mk=112,t=0.35s)
inst_seed=5686905 eps=120 min_eps=73 loads=[72;21;0;73;33] u=[1;3;3;1;1] guided(E=387.00,mk=105,t=0.51s)
inst_seed=5686905 eps=104 min_eps=73 loads=[72;21;0;73;33] u=[1;3;3;1;1] guided(E=387.00,mk=104,t=0.55s)
inst_seed=5686905 eps=103 min_eps=73 loads=[72;21;0;73;33] u=[1;3;3;1;1] guided(E=391.00,mk=103,t=0.52s)
inst_seed=5686905 eps=102 min_eps=73 loads=[72;21;0;73;33] u=[1;3;3;1;1] guided(E=394.00,mk=102,t=0.49s)
inst_seed=5686905 eps=101 min_eps=73 loads=[72;21;0;73;33] u=[1;3;3;1;1] guided(E=397.00,mk=101,t=0.46s)
inst_seed=5686905 eps=100 min_eps=73 loads=[72;21;0;73;33] u=[1;3;3;1;1] guided(E=400.00,mk=91,t=0.45s)
inst_seed=5686905 eps=90 min_eps=73 loads=[72;21;0;73;33] u=[1;3;3;1;1] guided(E=420.00,mk=90,t=0.33s)
inst_seed=5686905 eps=89 min_eps=73 loads=[72;21;0;73;33] u=[1;3;3;1;1] guided(E=420.00,mk=89,t=0.33s)
inst_seed=5686905 eps=88 min_eps=73 loads=[72;21;0;73;33] u=[1;3;3;1;1] guided(E=412.00,mk=88,t=0.34s)
inst_seed=5686905 eps=87 min_eps=73 loads=[72;21;0;73;33] u=[1;3;3;1;1] guided(E=414.00,mk=87,t=0.33s)
inst_seed=5686905 eps=86 min_eps=73 loads=[72;21;0;73;33] u=[1;3;3;1;1] guided(E=418.00,mk=86,t=0.31s)
inst_seed=5686905 eps=85 min_eps=73 loads=[72;21;0;73;33] u=[1;3;3;1;1] guided(E=420.00,mk=85,t=0.31s)
inst_seed=5686905 eps=84 min_eps=73 loads=[72;21;0;73;33] u=[1;3;3;1;1] guided(E=422.00,mk=84,t=0.27s)
inst_seed=5686905 eps=83 min_eps=73 loads=[72;21;0;73;33] u=[1;3;3;1;1] guided(E=427.00,mk=83,t=0.26s)
inst_seed=5686905 eps=82 min_eps=73 loads=[72;21;0;73;33] u=[1;3;3;1;1] guided(E=432.00,mk=82,t=0.26s)
inst_seed=5686905 eps=81 min_eps=73 loads=[72;21;0;73;33] u=[1;3;3;1;1] guided(E=439.00,mk=81,t=0.22s)
inst_seed=5686905 eps=80 min_eps=73 loads=[72;21;0;73;33] u=[1;3;3;1;1] guided(E=444.00,mk=80,t=0.20s)
inst_seed=5686905 eps=79 min_eps=73 loads=[72;21;0;73;33] u=[1;3;3;1;1] guided(E=448.00,mk=79,t=0.19s)
inst_seed=5686905 eps=78 min_eps=73 loads=[72;21;0;73;33] u=[1;3;3;1;1] guided(E=452.00,mk=78,t=0.18s)
inst_seed=5686905 eps=77 min_eps=73 loads=[72;21;0;73;33] u=[1;3;3;1;1] guided(E=456.00,mk=77,t=0.17s)
inst_seed=5686905 eps=76 min_eps=73 loads=[72;21;0;73;33] u=[1;3;3;1;1] guided(E=460.00,mk=76,t=0.16s)
inst_seed=5686905 eps=75 min_eps=73 loads=[72;21;0;73;33] u=[1;3;3;1;1] guided(E=460.00,mk=75,t=0.14s)
inst_seed=5686905 eps=74 min_eps=73 loads=[72;21;0;73;33] u=[1;3;3;1;1] guided(E=460.00,mk=74,t=0.13s)
inst_seed=5686905 eps=73 min_eps=73 loads=[72;21;0;73;33] u=[1;3;3;1;1] guided(E=460.00,mk=73,t=0.12s)
inst_seed=3132408 eps=120 min_eps=110 loads=[37;57;110;40;29] u=[3;2;1;3;2] guided(E=829.00,mk=120,t=0.55s)
inst_seed=3132408 eps=119 min_eps=110 loads=[37;57;110;40;29] u=[3;2;1;3;2] guided(E=829.00,mk=119,t=0.55s)
inst_seed=3132408 eps=118 min_eps=110 loads=[37;57;110;40;29] u=[3;2;1;3;2] guided(E=829.00,mk=118,t=0.53s)
inst_seed=3132408 eps=117 min_eps=110 loads=[37;57;110;40;29] u=[3;2;1;3;2] guided(E=831.00,mk=117,t=0.53s)
inst_seed=3132408 eps=116 min_eps=110 loads=[37;57;110;40;29] u=[3;2;1;3;2] guided(E=833.00,mk=116,t=0.52s)
inst_seed=3132408 eps=115 min_eps=110 loads=[37;57;110;40;29] u=[3;2;1;3;2] guided(E=833.00,mk=115,t=0.52s)
inst_seed=3132408 eps=114 min_eps=110 loads=[37;57;110;40;29] u=[3;2;1;3;2] guided(E=833.00,mk=114,t=0.51s)
inst_seed=3132408 eps=113 min_eps=110 loads=[37;57;110;40;29] u=[3;2;1;3;2] guided(E=833.00,mk=113,t=0.51s)
inst_seed=3132408 eps=112 min_eps=110 loads=[37;57;110;40;29] u=[3;2;1;3;2] guided(E=833.00,mk=112,t=0.51s)
inst_seed=3132408 eps=111 min_eps=110 loads=[37;57;110;40;29] u=[3;2;1;3;2] guided(E=835.00,mk=111,t=0.49s)
inst_seed=3132408 eps=110 min_eps=110 loads=[37;57;110;40;29] u=[3;2;1;3;2] guided(E=837.00,mk=110,t=0.45s)
Wrote PaST/logs/epsilon_nl_LONG_2_cross_small_to_medium_varND_guided.csv
