[SingleMachinePeriodEnv v1.1-SM] Loading single-machine period-aware environment...
inst_seed=937085 eps=180 min_eps=98 loads=[98;13;75;19;34] u=[1;3;1;2;2] guided(E=489.00,mk=164,t=0.78s)
inst_seed=937085 eps=163 min_eps=98 loads=[98;13;75;19;34] u=[1;3;1;2;2] guided(E=490.00,mk=163,t=0.75s)
inst_seed=937085 eps=162 min_eps=98 loads=[98;13;75;19;34] u=[1;3;1;2;2] guided(E=491.00,mk=162,t=0.73s)
inst_seed=937085 eps=161 min_eps=98 loads=[98;13;75;19;34] u=[1;3;1;2;2] guided(E=493.00,mk=161,t=0.71s)
inst_seed=937085 eps=160 min_eps=98 loads=[98;13;75;19;34] u=[1;3;1;2;2] guided(E=495.00,mk=145,t=0.68s)
inst_seed=937085 eps=144 min_eps=98 loads=[98;13;75;19;34] u=[1;3;1;2;2] guided(E=495.00,mk=144,t=0.72s)
inst_seed=937085 eps=143 min_eps=98 loads=[98;13;75;19;34] u=[1;3;1;2;2] guided(E=499.00,mk=143,t=0.68s)
inst_seed=937085 eps=142 min_eps=98 loads=[98;13;75;19;34] u=[1;3;1;2;2] guided(E=501.00,mk=142,t=0.66s)
inst_seed=937085 eps=141 min_eps=98 loads=[98;13;75;19;34] u=[1;3;1;2;2] guided(E=503.00,mk=141,t=0.64s)
inst_seed=937085 eps=140 min_eps=98 loads=[98;13;75;19;34] u=[1;3;1;2;2] guided(E=505.00,mk=128,t=0.63s)
inst_seed=937085 eps=127 min_eps=98 loads=[98;13;75;19;34] u=[1;3;1;2;2] guided(E=505.00,mk=127,t=0.68s)
inst_seed=937085 eps=126 min_eps=98 loads=[98;13;75;19;34] u=[1;3;1;2;2] guided(E=507.00,mk=126,t=0.67s)
inst_seed=937085 eps=125 min_eps=98 loads=[98;13;75;19;34] u=[1;3;1;2;2] guided(E=509.00,mk=125,t=0.64s)
inst_seed=937085 eps=124 min_eps=98 loads=[98;13;75;19;34] u=[1;3;1;2;2] guided(E=511.00,mk=124,t=0.62s)
inst_seed=937085 eps=123 min_eps=98 loads=[98;13;75;19;34] u=[1;3;1;2;2] guided(E=515.00,mk=123,t=0.59s)
inst_seed=937085 eps=122 min_eps=98 loads=[98;13;75;19;34] u=[1;3;1;2;2] guided(E=517.00,mk=122,t=0.58s)
inst_seed=937085 eps=121 min_eps=98 loads=[98;13;75;19;34] u=[1;3;1;2;2] guided(E=519.00,mk=121,t=0.56s)
inst_seed=937085 eps=120 min_eps=98 loads=[98;13;75;19;34] u=[1;3;1;2;2] guided(E=521.00,mk=112,t=0.55s)
inst_seed=937085 eps=111 min_eps=98 loads=[98;13;75;19;34] u=[1;3;1;2;2] guided(E=523.00,mk=111,t=0.60s)
inst_seed=937085 eps=110 min_eps=98 loads=[98;13;75;19;34] u=[1;3;1;2;2] guided(E=525.00,mk=110,t=0.58s)
inst_seed=937085 eps=109 min_eps=98 loads=[98;13;75;19;34] u=[1;3;1;2;2] guided(E=527.00,mk=109,t=0.56s)
inst_seed=937085 eps=108 min_eps=98 loads=[98;13;75;19;34] u=[1;3;1;2;2] guided(E=529.00,mk=108,t=0.52s)
inst_seed=937085 eps=107 min_eps=98 loads=[98;13;75;19;34] u=[1;3;1;2;2] guided(E=531.00,mk=107,t=0.50s)
inst_seed=937085 eps=106 min_eps=98 loads=[98;13;75;19;34] u=[1;3;1;2;2] guided(E=533.00,mk=106,t=0.46s)
inst_seed=937085 eps=105 min_eps=98 loads=[98;13;75;19;34] u=[1;3;1;2;2] guided(E=535.00,mk=105,t=0.44s)
inst_seed=937085 eps=104 min_eps=98 loads=[98;13;75;19;34] u=[1;3;1;2;2] guided(E=537.00,mk=104,t=0.44s)
inst_seed=937085 eps=103 min_eps=98 loads=[98;13;75;19;34] u=[1;3;1;2;2] guided(E=541.00,mk=103,t=0.41s)
inst_seed=937085 eps=102 min_eps=98 loads=[98;13;75;19;34] u=[1;3;1;2;2] guided(E=545.00,mk=102,t=0.39s)
inst_seed=937085 eps=101 min_eps=98 loads=[98;13;75;19;34] u=[1;3;1;2;2] guided(E=549.00,mk=101,t=0.36s)
inst_seed=937085 eps=100 min_eps=98 loads=[98;13;75;19;34] u=[1;3;1;2;2] guided(E=553.00,mk=100,t=0.35s)
inst_seed=937085 eps=99 min_eps=98 loads=[98;13;75;19;34] u=[1;3;1;2;2] guided(E=555.00,mk=99,t=0.34s)
inst_seed=937085 eps=98 min_eps=98 loads=[98;13;75;19;34] u=[1;3;1;2;2] guided(E=557.00,mk=98,t=0.34s)
inst_seed=3489264 eps=200 min_eps=105 loads=[14;42;105;31;4] u=[3;2;1;2;3] guided(E=454.00,mk=184,t=0.59s)
inst_seed=3489264 eps=183 min_eps=105 loads=[14;42;105;31;4] u=[3;2;1;2;3] guided(E=455.00,mk=183,t=0.56s)
inst_seed=3489264 eps=182 min_eps=105 loads=[14;42;105;31;4] u=[3;2;1;2;3] guided(E=456.00,mk=182,t=0.56s)
inst_seed=3489264 eps=181 min_eps=105 loads=[14;42;105;31;4] u=[3;2;1;2;3] guided(E=457.00,mk=181,t=0.55s)
inst_seed=3489264 eps=180 min_eps=105 loads=[14;42;105;31;4] u=[3;2;1;2;3] guided(E=458.00,mk=164,t=0.53s)
inst_seed=3489264 eps=163 min_eps=105 loads=[14;42;105;31;4] u=[3;2;1;2;3] guided(E=459.00,mk=163,t=0.54s)
inst_seed=3489264 eps=162 min_eps=105 loads=[14;42;105;31;4] u=[3;2;1;2;3] guided(E=460.00,mk=162,t=0.53s)
inst_seed=3489264 eps=161 min_eps=105 loads=[14;42;105;31;4] u=[3;2;1;2;3] guided(E=461.00,mk=161,t=0.52s)
inst_seed=3489264 eps=160 min_eps=105 loads=[14;42;105;31;4] u=[3;2;1;2;3] guided(E=462.00,mk=145,t=0.49s)
inst_seed=3489264 eps=144 min_eps=105 loads=[14;42;105;31;4] u=[3;2;1;2;3] guided(E=462.00,mk=144,t=0.52s)
inst_seed=3489264 eps=143 min_eps=105 loads=[14;42;105;31;4] u=[3;2;1;2;3] guided(E=463.00,mk=143,t=0.48s)
inst_seed=3489264 eps=142 min_eps=105 loads=[14;42;105;31;4] u=[3;2;1;2;3] guided(E=464.00,mk=142,t=0.48s)
inst_seed=3489264 eps=141 min_eps=105 loads=[14;42;105;31;4] u=[3;2;1;2;3] guided(E=465.00,mk=141,t=0.48s)
inst_seed=3489264 eps=140 min_eps=105 loads=[14;42;105;31;4] u=[3;2;1;2;3] guided(E=466.00,mk=130,t=0.47s)
inst_seed=3489264 eps=129 min_eps=105 loads=[14;42;105;31;4] u=[3;2;1;2;3] guided(E=482.00,mk=129,t=0.41s)
inst_seed=3489264 eps=128 min_eps=105 loads=[14;42;105;31;4] u=[3;2;1;2;3] guided(E=480.00,mk=128,t=0.45s)
inst_seed=3489264 eps=127 min_eps=105 loads=[14;42;105;31;4] u=[3;2;1;2;3] guided(E=478.00,mk=127,t=0.46s)
inst_seed=3489264 eps=126 min_eps=105 loads=[14;42;105;31;4] u=[3;2;1;2;3] guided(E=476.00,mk=126,t=0.45s)
inst_seed=3489264 eps=125 min_eps=105 loads=[14;42;105;31;4] u=[3;2;1;2;3] guided(E=476.00,mk=125,t=0.45s)
inst_seed=3489264 eps=124 min_eps=105 loads=[14;42;105;31;4] u=[3;2;1;2;3] guided(E=476.00,mk=124,t=0.44s)
inst_seed=3489264 eps=123 min_eps=105 loads=[14;42;105;31;4] u=[3;2;1;2;3] guided(E=479.00,mk=123,t=0.44s)
inst_seed=3489264 eps=122 min_eps=105 loads=[14;42;105;31;4] u=[3;2;1;2;3] guided(E=482.00,mk=122,t=0.42s)
inst_seed=3489264 eps=121 min_eps=105 loads=[14;42;105;31;4] u=[3;2;1;2;3] guided(E=485.00,mk=121,t=0.39s)
inst_seed=3489264 eps=120 min_eps=105 loads=[14;42;105;31;4] u=[3;2;1;2;3] guided(E=488.00,mk=120,t=0.38s)
inst_seed=3489264 eps=119 min_eps=105 loads=[14;42;105;31;4] u=[3;2;1;2;3] guided(E=490.00,mk=119,t=0.37s)
inst_seed=3489264 eps=118 min_eps=105 loads=[14;42;105;31;4] u=[3;2;1;2;3] guided(E=492.00,mk=118,t=0.36s)
inst_seed=3489264 eps=117 min_eps=105 loads=[14;42;105;31;4] u=[3;2;1;2;3] guided(E=494.00,mk=117,t=0.35s)
inst_seed=3489264 eps=116 min_eps=105 loads=[14;42;105;31;4] u=[3;2;1;2;3] guided(E=496.00,mk=116,t=0.32s)
inst_seed=3489264 eps=115 min_eps=105 loads=[14;42;105;31;4] u=[3;2;1;2;3] guided(E=496.00,mk=115,t=0.30s)
inst_seed=3489264 eps=114 min_eps=105 loads=[14;42;105;31;4] u=[3;2;1;2;3] guided(E=496.00,mk=114,t=0.29s)
inst_seed=3489264 eps=113 min_eps=105 loads=[14;42;105;31;4] u=[3;2;1;2;3] guided(E=496.00,mk=113,t=0.27s)
inst_seed=3489264 eps=112 min_eps=105 loads=[14;42;105;31;4] u=[3;2;1;2;3] guided(E=496.00,mk=112,t=0.25s)
inst_seed=3489264 eps=111 min_eps=105 loads=[14;42;105;31;4] u=[3;2;1;2;3] guided(E=498.00,mk=111,t=0.25s)
inst_seed=3489264 eps=110 min_eps=105 loads=[14;42;105;31;4] u=[3;2;1;2;3] guided(E=500.00,mk=110,t=0.24s)
inst_seed=3489264 eps=109 min_eps=105 loads=[14;42;105;31;4] u=[3;2;1;2;3] guided(E=502.00,mk=109,t=0.23s)
inst_seed=3489264 eps=108 min_eps=105 loads=[14;42;105;31;4] u=[3;2;1;2;3] guided(E=504.00,mk=108,t=0.22s)
inst_seed=3489264 eps=107 min_eps=105 loads=[14;42;105;31;4] u=[3;2;1;2;3] guided(E=506.00,mk=107,t=0.21s)
inst_seed=3489264 eps=106 min_eps=105 loads=[14;42;105;31;4] u=[3;2;1;2;3] guided(E=508.00,mk=106,t=0.19s)
inst_seed=3489264 eps=105 min_eps=105 loads=[14;42;105;31;4] u=[3;2;1;2;3] guided(E=510.00,mk=105,t=0.16s)
inst_seed=9821136 eps=140 min_eps=64 loads=[0;63;64;53;37] u=[3;2;2;2;2] guided(E=656.00,mk=124,t=0.18s)
inst_seed=9821136 eps=123 min_eps=64 loads=[0;63;64;53;37] u=[3;2;2;2;2] guided(E=662.00,mk=123,t=0.16s)
inst_seed=9821136 eps=122 min_eps=64 loads=[0;63;64;53;37] u=[3;2;2;2;2] guided(E=668.00,mk=122,t=0.15s)
inst_seed=9821136 eps=121 min_eps=64 loads=[0;63;64;53;37] u=[3;2;2;2;2] guided(E=674.00,mk=121,t=0.15s)
inst_seed=9821136 eps=120 min_eps=64 loads=[0;63;64;53;37] u=[3;2;2;2;2] guided(E=680.00,mk=106,t=0.15s)
inst_seed=9821136 eps=105 min_eps=64 loads=[0;63;64;53;37] u=[3;2;2;2;2] guided(E=680.00,mk=104,t=0.13s)
inst_seed=9821136 eps=103 min_eps=64 loads=[0;63;64;53;37] u=[3;2;2;2;2] guided(E=686.00,mk=103,t=0.13s)
inst_seed=9821136 eps=102 min_eps=64 loads=[0;63;64;53;37] u=[3;2;2;2;2] guided(E=692.00,mk=102,t=0.13s)
inst_seed=9821136 eps=101 min_eps=64 loads=[0;63;64;53;37] u=[3;2;2;2;2] guided(E=700.00,mk=101,t=0.13s)
inst_seed=9821136 eps=100 min_eps=64 loads=[0;63;64;53;37] u=[3;2;2;2;2] guided(E=708.00,mk=86,t=0.12s)
inst_seed=9821136 eps=85 min_eps=64 loads=[0;63;64;53;37] u=[3;2;2;2;2] guided(E=708.00,mk=84,t=0.13s)
inst_seed=9821136 eps=83 min_eps=64 loads=[0;63;64;53;37] u=[3;2;2;2;2] guided(E=716.00,mk=83,t=0.07s)
inst_seed=9821136 eps=82 min_eps=64 loads=[0;63;64;53;37] u=[3;2;2;2;2] guided(E=724.00,mk=82,t=0.07s)
inst_seed=9821136 eps=81 min_eps=64 loads=[0;63;64;53;37] u=[3;2;2;2;2] guided(E=736.00,mk=81,t=0.07s)
inst_seed=9821136 eps=80 min_eps=64 loads=[0;63;64;53;37] u=[3;2;2;2;2] guided(E=744.00,mk=80,t=0.06s)
inst_seed=9821136 eps=79 min_eps=64 loads=[0;63;64;53;37] u=[3;2;2;2;2] guided(E=748.00,mk=79,t=0.07s)
inst_seed=9821136 eps=78 min_eps=64 loads=[0;63;64;53;37] u=[3;2;2;2;2] guided(E=752.00,mk=78,t=0.06s)
inst_seed=9821136 eps=77 min_eps=64 loads=[0;63;64;53;37] u=[3;2;2;2;2] guided(E=760.00,mk=77,t=0.04s)
inst_seed=9821136 eps=76 min_eps=64 loads=[0;63;64;53;37] u=[3;2;2;2;2] guided(E=768.00,mk=72,t=0.03s)
inst_seed=9821136 eps=71 min_eps=64 loads=[0;63;64;53;37] u=[3;2;2;2;2] guided(E=776.00,mk=71,t=0.03s)
inst_seed=9821136 eps=70 min_eps=64 loads=[0;63;64;53;37] u=[3;2;2;2;2] guided(E=784.00,mk=70,t=0.02s)
inst_seed=9821136 eps=69 min_eps=64 loads=[0;63;64;53;37] u=[3;2;2;2;2] guided(E=792.00,mk=69,t=0.02s)
inst_seed=9821136 eps=68 min_eps=64 loads=[0;63;64;53;37] u=[3;2;2;2;2] guided(E=800.00,mk=68,t=0.02s)
inst_seed=9821136 eps=67 min_eps=64 loads=[0;63;64;53;37] u=[3;2;2;2;2] guided(E=808.00,mk=67,t=0.02s)
inst_seed=9821136 eps=66 min_eps=64 loads=[0;63;64;53;37] u=[3;2;2;2;2] guided(E=816.00,mk=66,t=0.02s)
inst_seed=9821136 eps=65 min_eps=64 loads=[0;63;64;53;37] u=[3;2;2;2;2] guided(E=824.00,mk=65,t=0.01s)
inst_seed=9821136 eps=64 min_eps=64 loads=[0;63;64;53;37] u=[3;2;2;2;2] guided(E=836.00,mk=64,t=0.01s)
inst_seed=8425936 eps=160 min_eps=141 loads=[13;71;141;11;54] u=[3;2;1;3;2] guided(E=764.00,mk=160,t=0.84s)
inst_seed=8425936 eps=159 min_eps=141 loads=[13;71;141;11;54] u=[3;2;1;3;2] guided(E=768.00,mk=159,t=0.84s)
inst_seed=8425936 eps=158 min_eps=141 loads=[13;71;141;11;54] u=[3;2;1;3;2] guided(E=770.00,mk=158,t=0.87s)
inst_seed=8425936 eps=157 min_eps=141 loads=[13;71;141;11;54] u=[3;2;1;3;2] guided(E=770.00,mk=157,t=0.85s)
inst_seed=8425936 eps=156 min_eps=141 loads=[13;71;141;11;54] u=[3;2;1;3;2] guided(E=772.00,mk=156,t=0.84s)
inst_seed=8425936 eps=155 min_eps=141 loads=[13;71;141;11;54] u=[3;2;1;3;2] guided(E=772.00,mk=155,t=0.76s)
inst_seed=8425936 eps=154 min_eps=141 loads=[13;71;141;11;54] u=[3;2;1;3;2] guided(E=780.00,mk=154,t=0.75s)
inst_seed=8425936 eps=153 min_eps=141 loads=[13;71;141;11;54] u=[3;2;1;3;2] guided(E=780.00,mk=153,t=0.69s)
inst_seed=8425936 eps=152 min_eps=141 loads=[13;71;141;11;54] u=[3;2;1;3;2] guided(E=780.00,mk=152,t=0.68s)
inst_seed=8425936 eps=151 min_eps=141 loads=[13;71;141;11;54] u=[3;2;1;3;2] guided(E=782.00,mk=151,t=0.73s)
inst_seed=8425936 eps=150 min_eps=141 loads=[13;71;141;11;54] u=[3;2;1;3;2] guided(E=782.00,mk=150,t=0.74s)
inst_seed=8425936 eps=149 min_eps=141 loads=[13;71;141;11;54] u=[3;2;1;3;2] guided(E=780.00,mk=149,t=0.69s)
inst_seed=8425936 eps=148 min_eps=141 loads=[13;71;141;11;54] u=[3;2;1;3;2] guided(E=780.00,mk=148,t=0.68s)
inst_seed=8425936 eps=147 min_eps=141 loads=[13;71;141;11;54] u=[3;2;1;3;2] guided(E=782.00,mk=147,t=0.68s)
inst_seed=8425936 eps=146 min_eps=141 loads=[13;71;141;11;54] u=[3;2;1;3;2] guided(E=784.00,mk=146,t=0.68s)
inst_seed=8425936 eps=145 min_eps=141 loads=[13;71;141;11;54] u=[3;2;1;3;2] guided(E=786.00,mk=145,t=0.66s)
inst_seed=8425936 eps=144 min_eps=141 loads=[13;71;141;11;54] u=[3;2;1;3;2] guided(E=788.00,mk=144,t=0.67s)
inst_seed=8425936 eps=143 min_eps=141 loads=[13;71;141;11;54] u=[3;2;1;3;2] guided(E=793.00,mk=143,t=0.63s)
inst_seed=8425936 eps=142 min_eps=141 loads=[13;71;141;11;54] u=[3;2;1;3;2] guided(E=800.00,mk=142,t=0.61s)
inst_seed=8425936 eps=141 min_eps=141 loads=[13;71;141;11;54] u=[3;2;1;3;2] guided(E=807.00,mk=141,t=0.58s)
inst_seed=3541429 eps=120 min_eps=117 loads=[117;32;47;44;6] u=[1;2;2;2;3] guided(E=634.00,mk=120,t=0.68s)
inst_seed=3541429 eps=119 min_eps=117 loads=[117;32;47;44;6] u=[1;2;2;2;3] guided(E=636.00,mk=119,t=0.66s)
inst_seed=3541429 eps=118 min_eps=117 loads=[117;32;47;44;6] u=[1;2;2;2;3] guided(E=638.00,mk=118,t=0.64s)
inst_seed=3541429 eps=117 min_eps=117 loads=[117;32;47;44;6] u=[1;2;2;2;3] guided(E=640.00,mk=117,t=0.61s)
inst_seed=7640273 eps=160 min_eps=130 loads=[0;0;13;130;91] u=[3;3;3;1;1] guided(E=440.00,mk=160,t=0.92s)
inst_seed=7640273 eps=159 min_eps=130 loads=[0;0;13;130;91] u=[3;3;3;1;1] guided(E=440.00,mk=159,t=0.90s)
inst_seed=7640273 eps=158 min_eps=130 loads=[0;0;13;130;91] u=[3;3;3;1;1] guided(E=442.00,mk=158,t=0.89s)
inst_seed=7640273 eps=157 min_eps=130 loads=[0;0;13;130;91] u=[3;3;3;1;1] guided(E=444.00,mk=157,t=0.88s)
inst_seed=7640273 eps=156 min_eps=130 loads=[0;0;13;130;91] u=[3;3;3;1;1] guided(E=444.00,mk=152,t=0.86s)
inst_seed=7640273 eps=151 min_eps=130 loads=[0;0;13;130;91] u=[3;3;3;1;1] guided(E=466.00,mk=151,t=0.85s)
inst_seed=7640273 eps=150 min_eps=130 loads=[0;0;13;130;91] u=[3;3;3;1;1] guided(E=466.00,mk=150,t=0.80s)
inst_seed=7640273 eps=149 min_eps=130 loads=[0;0;13;130;91] u=[3;3;3;1;1] guided(E=468.00,mk=149,t=0.82s)
inst_seed=7640273 eps=148 min_eps=130 loads=[0;0;13;130;91] u=[3;3;3;1;1] guided(E=468.00,mk=148,t=0.81s)
inst_seed=7640273 eps=147 min_eps=130 loads=[0;0;13;130;91] u=[3;3;3;1;1] guided(E=466.00,mk=147,t=0.73s)
inst_seed=7640273 eps=146 min_eps=130 loads=[0;0;13;130;91] u=[3;3;3;1;1] guided(E=466.00,mk=146,t=0.77s)
inst_seed=7640273 eps=145 min_eps=130 loads=[0;0;13;130;91] u=[3;3;3;1;1] guided(E=466.00,mk=145,t=0.78s)
inst_seed=7640273 eps=144 min_eps=130 loads=[0;0;13;130;91] u=[3;3;3;1;1] guided(E=468.00,mk=144,t=0.78s)
inst_seed=7640273 eps=143 min_eps=130 loads=[0;0;13;130;91] u=[3;3;3;1;1] guided(E=466.00,mk=143,t=0.76s)
inst_seed=7640273 eps=142 min_eps=130 loads=[0;0;13;130;91] u=[3;3;3;1;1] guided(E=468.00,mk=142,t=0.68s)
inst_seed=7640273 eps=141 min_eps=130 loads=[0;0;13;130;91] u=[3;3;3;1;1] guided(E=472.00,mk=141,t=0.68s)
inst_seed=7640273 eps=140 min_eps=130 loads=[0;0;13;130;91] u=[3;3;3;1;1] guided(E=476.00,mk=140,t=0.68s)
inst_seed=7640273 eps=139 min_eps=130 loads=[0;0;13;130;91] u=[3;3;3;1;1] guided(E=478.00,mk=139,t=0.69s)
inst_seed=7640273 eps=138 min_eps=130 loads=[0;0;13;130;91] u=[3;3;3;1;1] guided(E=480.00,mk=138,t=0.67s)
inst_seed=7640273 eps=137 min_eps=130 loads=[0;0;13;130;91] u=[3;3;3;1;1] guided(E=482.00,mk=137,t=0.67s)
inst_seed=7640273 eps=136 min_eps=130 loads=[0;0;13;130;91] u=[3;3;3;1;1] guided(E=484.00,mk=136,t=0.65s)
inst_seed=7640273 eps=135 min_eps=130 loads=[0;0;13;130;91] u=[3;3;3;1;1] guided(E=484.00,mk=135,t=0.65s)
inst_seed=7640273 eps=134 min_eps=130 loads=[0;0;13;130;91] u=[3;3;3;1;1] guided(E=484.00,mk=134,t=0.64s)
inst_seed=7640273 eps=133 min_eps=130 loads=[0;0;13;130;91] u=[3;3;3;1;1] guided(E=484.00,mk=133,t=0.66s)
inst_seed=7640273 eps=132 min_eps=130 loads=[0;0;13;130;91] u=[3;3;3;1;1] guided(E=484.00,mk=132,t=0.68s)
inst_seed=7640273 eps=131 min_eps=130 loads=[0;0;13;130;91] u=[3;3;3;1;1] guided(E=486.00,mk=131,t=0.66s)
inst_seed=7640273 eps=130 min_eps=130 loads=[0;0;13;130;91] u=[3;3;3;1;1] guided(E=488.00,mk=130,t=0.67s)
inst_seed=8023660 eps=120 min_eps=116 loads=[12;116;15;111;12] u=[3;1;3;1;2] guided(E=626.00,mk=120,t=0.85s)
inst_seed=8023660 eps=119 min_eps=116 loads=[12;116;15;111;12] u=[3;1;3;1;2] guided(E=630.00,mk=119,t=0.83s)
inst_seed=8023660 eps=118 min_eps=116 loads=[12;116;15;111;12] u=[3;1;3;1;2] guided(E=634.00,mk=118,t=0.80s)
inst_seed=8023660 eps=117 min_eps=116 loads=[12;116;15;111;12] u=[3;1;3;1;2] guided(E=638.00,mk=117,t=0.76s)
inst_seed=8023660 eps=116 min_eps=116 loads=[12;116;15;111;12] u=[3;1;3;1;2] guided(E=642.00,mk=116,t=0.71s)
inst_seed=3065590 eps=120 min_eps=87 loads=[28;48;45;2;87] u=[2;2;2;3;1] guided(E=522.00,mk=107,t=0.41s)
inst_seed=3065590 eps=106 min_eps=87 loads=[28;48;45;2;87] u=[2;2;2;3;1] guided(E=524.00,mk=106,t=0.42s)
inst_seed=3065590 eps=105 min_eps=87 loads=[28;48;45;2;87] u=[2;2;2;3;1] guided(E=526.00,mk=105,t=0.40s)
inst_seed=3065590 eps=104 min_eps=87 loads=[28;48;45;2;87] u=[2;2;2;3;1] guided(E=528.00,mk=104,t=0.41s)
inst_seed=3065590 eps=103 min_eps=87 loads=[28;48;45;2;87] u=[2;2;2;3;1] guided(E=533.00,mk=103,t=0.38s)
inst_seed=3065590 eps=102 min_eps=87 loads=[28;48;45;2;87] u=[2;2;2;3;1] guided(E=538.00,mk=102,t=0.36s)
inst_seed=3065590 eps=101 min_eps=87 loads=[28;48;45;2;87] u=[2;2;2;3;1] guided(E=543.00,mk=101,t=0.36s)
inst_seed=3065590 eps=100 min_eps=87 loads=[28;48;45;2;87] u=[2;2;2;3;1] guided(E=548.00,mk=100,t=0.33s)
inst_seed=3065590 eps=99 min_eps=87 loads=[28;48;45;2;87] u=[2;2;2;3;1] guided(E=550.00,mk=99,t=0.31s)
inst_seed=3065590 eps=98 min_eps=87 loads=[28;48;45;2;87] u=[2;2;2;3;1] guided(E=552.00,mk=98,t=0.30s)
inst_seed=3065590 eps=97 min_eps=87 loads=[28;48;45;2;87] u=[2;2;2;3;1] guided(E=554.00,mk=97,t=0.29s)
inst_seed=3065590 eps=96 min_eps=87 loads=[28;48;45;2;87] u=[2;2;2;3;1] guided(E=556.00,mk=95,t=0.28s)
inst_seed=3065590 eps=94 min_eps=87 loads=[28;48;45;2;87] u=[2;2;2;3;1] guided(E=556.00,mk=94,t=0.23s)
inst_seed=3065590 eps=93 min_eps=87 loads=[28;48;45;2;87] u=[2;2;2;3;1] guided(E=556.00,mk=93,t=0.22s)
inst_seed=3065590 eps=92 min_eps=87 loads=[28;48;45;2;87] u=[2;2;2;3;1] guided(E=556.00,mk=92,t=0.24s)
inst_seed=3065590 eps=91 min_eps=87 loads=[28;48;45;2;87] u=[2;2;2;3;1] guided(E=558.00,mk=91,t=0.23s)
inst_seed=3065590 eps=90 min_eps=87 loads=[28;48;45;2;87] u=[2;2;2;3;1] guided(E=560.00,mk=90,t=0.20s)
inst_seed=3065590 eps=89 min_eps=87 loads=[28;48;45;2;87] u=[2;2;2;3;1] guided(E=562.00,mk=89,t=0.18s)
inst_seed=3065590 eps=88 min_eps=87 loads=[28;48;45;2;87] u=[2;2;2;3;1] guided(E=564.00,mk=88,t=0.17s)
inst_seed=3065590 eps=87 min_eps=87 loads=[28;48;45;2;87] u=[2;2;2;3;1] guided(E=566.00,mk=87,t=0.13s)
inst_seed=5115841 eps=160 min_eps=70 loads=[1;0;70;62;63] u=[3;3;1;1;1] guided(E=306.00,mk=142,t=0.78s)
inst_seed=5115841 eps=141 min_eps=70 loads=[1;0;70;62;63] u=[3;3;1;1;1] guided(E=309.00,mk=124,t=0.71s)
inst_seed=5115841 eps=123 min_eps=70 loads=[1;0;70;62;63] u=[3;3;1;1;1] guided(E=312.00,mk=123,t=0.70s)
inst_seed=5115841 eps=122 min_eps=70 loads=[1;0;70;62;63] u=[3;3;1;1;1] guided(E=315.00,mk=122,t=0.67s)
inst_seed=5115841 eps=121 min_eps=70 loads=[1;0;70;62;63] u=[3;3;1;1;1] guided(E=318.00,mk=121,t=0.64s)
inst_seed=5115841 eps=120 min_eps=70 loads=[1;0;70;62;63] u=[3;3;1;1;1] guided(E=321.00,mk=104,t=0.63s)
inst_seed=5115841 eps=103 min_eps=70 loads=[1;0;70;62;63] u=[3;3;1;1;1] guided(E=324.00,mk=103,t=0.64s)
inst_seed=5115841 eps=102 min_eps=70 loads=[1;0;70;62;63] u=[3;3;1;1;1] guided(E=327.00,mk=102,t=0.63s)
inst_seed=5115841 eps=101 min_eps=70 loads=[1;0;70;62;63] u=[3;3;1;1;1] guided(E=330.00,mk=101,t=0.62s)
inst_seed=5115841 eps=100 min_eps=70 loads=[1;0;70;62;63] u=[3;3;1;1;1] guided(E=333.00,mk=88,t=0.59s)
inst_seed=5115841 eps=87 min_eps=70 loads=[1;0;70;62;63] u=[3;3;1;1;1] guided(E=333.00,mk=87,t=0.66s)
inst_seed=5115841 eps=86 min_eps=70 loads=[1;0;70;62;63] u=[3;3;1;1;1] guided(E=333.00,mk=86,t=0.63s)
inst_seed=5115841 eps=85 min_eps=70 loads=[1;0;70;62;63] u=[3;3;1;1;1] guided(E=335.00,mk=85,t=0.61s)
inst_seed=5115841 eps=84 min_eps=70 loads=[1;0;70;62;63] u=[3;3;1;1;1] guided(E=337.00,mk=84,t=0.59s)
inst_seed=5115841 eps=83 min_eps=70 loads=[1;0;70;62;63] u=[3;3;1;1;1] guided(E=342.00,mk=83,t=0.58s)
inst_seed=5115841 eps=82 min_eps=70 loads=[1;0;70;62;63] u=[3;3;1;1;1] guided(E=349.00,mk=82,t=0.55s)
inst_seed=5115841 eps=81 min_eps=70 loads=[1;0;70;62;63] u=[3;3;1;1;1] guided(E=354.00,mk=81,t=0.51s)
inst_seed=5115841 eps=80 min_eps=70 loads=[1;0;70;62;63] u=[3;3;1;1;1] guided(E=359.00,mk=80,t=0.49s)
inst_seed=5115841 eps=79 min_eps=70 loads=[1;0;70;62;63] u=[3;3;1;1;1] guided(E=361.00,mk=79,t=0.47s)
inst_seed=5115841 eps=78 min_eps=70 loads=[1;0;70;62;63] u=[3;3;1;1;1] guided(E=365.00,mk=78,t=0.46s)
inst_seed=5115841 eps=77 min_eps=70 loads=[1;0;70;62;63] u=[3;3;1;1;1] guided(E=369.00,mk=77,t=0.44s)
inst_seed=5115841 eps=76 min_eps=70 loads=[1;0;70;62;63] u=[3;3;1;1;1] guided(E=375.00,mk=75,t=0.42s)
inst_seed=5115841 eps=74 min_eps=70 loads=[1;0;70;62;63] u=[3;3;1;1;1] guided(E=375.00,mk=74,t=0.37s)
inst_seed=5115841 eps=73 min_eps=70 loads=[1;0;70;62;63] u=[3;3;1;1;1] guided(E=375.00,mk=73,t=0.33s)
inst_seed=5115841 eps=72 min_eps=70 loads=[1;0;70;62;63] u=[3;3;1;1;1] guided(E=377.00,mk=72,t=0.25s)
inst_seed=5115841 eps=71 min_eps=70 loads=[1;0;70;62;63] u=[3;3;1;1;1] guided(E=383.00,mk=71,t=0.23s)
inst_seed=5115841 eps=70 min_eps=70 loads=[1;0;70;62;63] u=[3;3;1;1;1] guided(E=387.00,mk=70,t=0.20s)
inst_seed=5219563 eps=180 min_eps=91 loads=[5;50;44;67;91] u=[2;1;1;1;1] guided(E=397.00,mk=164,t=0.63s)
inst_seed=5219563 eps=163 min_eps=91 loads=[5;50;44;67;91] u=[2;1;1;1;1] guided(E=398.00,mk=163,t=0.60s)
inst_seed=5219563 eps=162 min_eps=91 loads=[5;50;44;67;91] u=[2;1;1;1;1] guided(E=399.00,mk=162,t=0.60s)
inst_seed=5219563 eps=161 min_eps=91 loads=[5;50;44;67;91] u=[2;1;1;1;1] guided(E=400.00,mk=161,t=0.58s)
inst_seed=5219563 eps=160 min_eps=91 loads=[5;50;44;67;91] u=[2;1;1;1;1] guided(E=401.00,mk=144,t=0.55s)
inst_seed=5219563 eps=143 min_eps=91 loads=[5;50;44;67;91] u=[2;1;1;1;1] guided(E=402.00,mk=143,t=0.52s)
inst_seed=5219563 eps=142 min_eps=91 loads=[5;50;44;67;91] u=[2;1;1;1;1] guided(E=403.00,mk=142,t=0.53s)
inst_seed=5219563 eps=141 min_eps=91 loads=[5;50;44;67;91] u=[2;1;1;1;1] guided(E=405.00,mk=141,t=0.52s)
inst_seed=5219563 eps=140 min_eps=91 loads=[5;50;44;67;91] u=[2;1;1;1;1] guided(E=407.00,mk=124,t=0.51s)
inst_seed=5219563 eps=123 min_eps=91 loads=[5;50;44;67;91] u=[2;1;1;1;1] guided(E=409.00,mk=123,t=0.49s)
inst_seed=5219563 eps=122 min_eps=91 loads=[5;50;44;67;91] u=[2;1;1;1;1] guided(E=412.00,mk=122,t=0.49s)
inst_seed=5219563 eps=121 min_eps=91 loads=[5;50;44;67;91] u=[2;1;1;1;1] guided(E=416.00,mk=121,t=0.48s)
inst_seed=5219563 eps=120 min_eps=91 loads=[5;50;44;67;91] u=[2;1;1;1;1] guided(E=419.00,mk=111,t=0.47s)
inst_seed=5219563 eps=110 min_eps=91 loads=[5;50;44;67;91] u=[2;1;1;1;1] guided(E=429.00,mk=110,t=0.45s)
inst_seed=5219563 eps=109 min_eps=91 loads=[5;50;44;67;91] u=[2;1;1;1;1] guided(E=423.00,mk=109,t=0.45s)
inst_seed=5219563 eps=108 min_eps=91 loads=[5;50;44;67;91] u=[2;1;1;1;1] guided(E=425.00,mk=108,t=0.48s)
inst_seed=5219563 eps=107 min_eps=91 loads=[5;50;44;67;91] u=[2;1;1;1;1] guided(E=427.00,mk=107,t=0.45s)
inst_seed=5219563 eps=106 min_eps=91 loads=[5;50;44;67;91] u=[2;1;1;1;1] guided(E=429.00,mk=106,t=0.44s)
inst_seed=5219563 eps=105 min_eps=91 loads=[5;50;44;67;91] u=[2;1;1;1;1] guided(E=431.00,mk=105,t=0.42s)
inst_seed=5219563 eps=104 min_eps=91 loads=[5;50;44;67;91] u=[2;1;1;1;1] guided(E=433.00,mk=104,t=0.44s)
inst_seed=5219563 eps=103 min_eps=91 loads=[5;50;44;67;91] u=[2;1;1;1;1] guided(E=438.00,mk=103,t=0.38s)
inst_seed=5219563 eps=102 min_eps=91 loads=[5;50;44;67;91] u=[2;1;1;1;1] guided(E=444.00,mk=102,t=0.37s)
inst_seed=5219563 eps=101 min_eps=91 loads=[5;50;44;67;91] u=[2;1;1;1;1] guided(E=450.00,mk=101,t=0.35s)
inst_seed=5219563 eps=100 min_eps=91 loads=[5;50;44;67;91] u=[2;1;1;1;1] guided(E=456.00,mk=100,t=0.32s)
inst_seed=5219563 eps=99 min_eps=91 loads=[5;50;44;67;91] u=[2;1;1;1;1] guided(E=458.00,mk=99,t=0.29s)
inst_seed=5219563 eps=98 min_eps=91 loads=[5;50;44;67;91] u=[2;1;1;1;1] guided(E=460.00,mk=98,t=0.27s)
inst_seed=5219563 eps=97 min_eps=91 loads=[5;50;44;67;91] u=[2;1;1;1;1] guided(E=462.00,mk=97,t=0.26s)
inst_seed=5219563 eps=96 min_eps=91 loads=[5;50;44;67;91] u=[2;1;1;1;1] guided(E=464.00,mk=96,t=0.24s)
inst_seed=5219563 eps=95 min_eps=91 loads=[5;50;44;67;91] u=[2;1;1;1;1] guided(E=464.00,mk=95,t=0.22s)
inst_seed=5219563 eps=94 min_eps=91 loads=[5;50;44;67;91] u=[2;1;1;1;1] guided(E=464.00,mk=94,t=0.21s)
inst_seed=5219563 eps=93 min_eps=91 loads=[5;50;44;67;91] u=[2;1;1;1;1] guided(E=464.00,mk=93,t=0.19s)
inst_seed=5219563 eps=92 min_eps=91 loads=[5;50;44;67;91] u=[2;1;1;1;1] guided(E=464.00,mk=92,t=0.18s)
inst_seed=5219563 eps=91 min_eps=91 loads=[5;50;44;67;91] u=[2;1;1;1;1] guided(E=466.00,mk=91,t=0.14s)
inst_seed=8711124 eps=180 min_eps=79 loads=[9;67;79;18;35] u=[2;1;1;2;1] guided(E=357.00,mk=163,t=0.65s)
inst_seed=8711124 eps=162 min_eps=79 loads=[9;67;79;18;35] u=[2;1;1;2;1] guided(E=358.00,mk=162,t=0.63s)
inst_seed=8711124 eps=161 min_eps=79 loads=[9;67;79;18;35] u=[2;1;1;2;1] guided(E=359.00,mk=161,t=0.60s)
inst_seed=8711124 eps=160 min_eps=79 loads=[9;67;79;18;35] u=[2;1;1;2;1] guided(E=360.00,mk=144,t=0.59s)
inst_seed=8711124 eps=143 min_eps=79 loads=[9;67;79;18;35] u=[2;1;1;2;1] guided(E=361.00,mk=143,t=0.58s)
inst_seed=8711124 eps=142 min_eps=79 loads=[9;67;79;18;35] u=[2;1;1;2;1] guided(E=363.00,mk=142,t=0.56s)
inst_seed=8711124 eps=141 min_eps=79 loads=[9;67;79;18;35] u=[2;1;1;2;1] guided(E=365.00,mk=141,t=0.55s)
inst_seed=8711124 eps=140 min_eps=79 loads=[9;67;79;18;35] u=[2;1;1;2;1] guided(E=367.00,mk=124,t=0.53s)
inst_seed=8711124 eps=123 min_eps=79 loads=[9;67;79;18;35] u=[2;1;1;2;1] guided(E=369.00,mk=123,t=0.53s)
inst_seed=8711124 eps=122 min_eps=79 loads=[9;67;79;18;35] u=[2;1;1;2;1] guided(E=371.00,mk=122,t=0.52s)
inst_seed=8711124 eps=121 min_eps=79 loads=[9;67;79;18;35] u=[2;1;1;2;1] guided(E=373.00,mk=121,t=0.51s)
inst_seed=8711124 eps=120 min_eps=79 loads=[9;67;79;18;35] u=[2;1;1;2;1] guided(E=375.00,mk=104,t=0.50s)
inst_seed=8711124 eps=103 min_eps=79 loads=[9;67;79;18;35] u=[2;1;1;2;1] guided(E=377.00,mk=103,t=0.50s)
inst_seed=8711124 eps=102 min_eps=79 loads=[9;67;79;18;35] u=[2;1;1;2;1] guided(E=380.00,mk=102,t=0.52s)
inst_seed=8711124 eps=101 min_eps=79 loads=[9;67;79;18;35] u=[2;1;1;2;1] guided(E=383.00,mk=101,t=0.47s)
inst_seed=8711124 eps=100 min_eps=79 loads=[9;67;79;18;35] u=[2;1;1;2;1] guided(E=386.00,mk=99,t=0.47s)
inst_seed=8711124 eps=98 min_eps=79 loads=[9;67;79;18;35] u=[2;1;1;2;1] guided(E=388.00,mk=98,t=0.45s)
inst_seed=8711124 eps=97 min_eps=79 loads=[9;67;79;18;35] u=[2;1;1;2;1] guided(E=390.00,mk=97,t=0.44s)
inst_seed=8711124 eps=96 min_eps=79 loads=[9;67;79;18;35] u=[2;1;1;2;1] guided(E=392.00,mk=92,t=0.44s)
inst_seed=8711124 eps=91 min_eps=79 loads=[9;67;79;18;35] u=[2;1;1;2;1] guided(E=398.00,mk=91,t=0.40s)
inst_seed=8711124 eps=90 min_eps=79 loads=[9;67;79;18;35] u=[2;1;1;2;1] guided(E=398.00,mk=90,t=0.40s)
inst_seed=8711124 eps=89 min_eps=79 loads=[9;67;79;18;35] u=[2;1;1;2;1] guided(E=398.00,mk=89,t=0.38s)
inst_seed=8711124 eps=88 min_eps=79 loads=[9;67;79;18;35] u=[2;1;1;2;1] guided(E=400.00,mk=88,t=0.36s)
inst_seed=8711124 eps=87 min_eps=79 loads=[9;67;79;18;35] u=[2;1;1;2;1] guided(E=402.00,mk=87,t=0.34s)
inst_seed=8711124 eps=86 min_eps=79 loads=[9;67;79;18;35] u=[2;1;1;2;1] guided(E=404.00,mk=86,t=0.32s)
inst_seed=8711124 eps=85 min_eps=79 loads=[9;67;79;18;35] u=[2;1;1;2;1] guided(E=406.00,mk=85,t=0.30s)
inst_seed=8711124 eps=84 min_eps=79 loads=[9;67;79;18;35] u=[2;1;1;2;1] guided(E=408.00,mk=84,t=0.29s)
inst_seed=8711124 eps=83 min_eps=79 loads=[9;67;79;18;35] u=[2;1;1;2;1] guided(E=415.00,mk=83,t=0.28s)
inst_seed=8711124 eps=82 min_eps=79 loads=[9;67;79;18;35] u=[2;1;1;2;1] guided(E=422.00,mk=82,t=0.26s)
inst_seed=8711124 eps=81 min_eps=79 loads=[9;67;79;18;35] u=[2;1;1;2;1] guided(E=427.00,mk=81,t=0.24s)
inst_seed=8711124 eps=80 min_eps=79 loads=[9;67;79;18;35] u=[2;1;1;2;1] guided(E=434.00,mk=80,t=0.23s)
inst_seed=8711124 eps=79 min_eps=79 loads=[9;67;79;18;35] u=[2;1;1;2;1] guided(E=438.00,mk=79,t=0.19s)
inst_seed=8251459 eps=160 min_eps=80 loads=[59;22;34;80;51] u=[1;2;2;1;1] guided(E=444.00,mk=144,t=0.38s)
inst_seed=8251459 eps=143 min_eps=80 loads=[59;22;34;80;51] u=[1;2;2;1;1] guided(E=444.00,mk=143,t=0.37s)
inst_seed=8251459 eps=142 min_eps=80 loads=[59;22;34;80;51] u=[1;2;2;1;1] guided(E=446.00,mk=142,t=0.36s)
inst_seed=8251459 eps=141 min_eps=80 loads=[59;22;34;80;51] u=[1;2;2;1;1] guided(E=448.00,mk=141,t=0.36s)
inst_seed=8251459 eps=140 min_eps=80 loads=[59;22;34;80;51] u=[1;2;2;1;1] guided(E=450.00,mk=124,t=0.34s)
inst_seed=8251459 eps=123 min_eps=80 loads=[59;22;34;80;51] u=[1;2;2;1;1] guided(E=452.00,mk=123,t=0.33s)
inst_seed=8251459 eps=122 min_eps=80 loads=[59;22;34;80;51] u=[1;2;2;1;1] guided(E=454.00,mk=122,t=0.32s)
inst_seed=8251459 eps=121 min_eps=80 loads=[59;22;34;80;51] u=[1;2;2;1;1] guided(E=458.00,mk=121,t=0.32s)
inst_seed=8251459 eps=120 min_eps=80 loads=[59;22;34;80;51] u=[1;2;2;1;1] guided(E=460.00,mk=107,t=0.31s)
inst_seed=8251459 eps=106 min_eps=80 loads=[59;22;34;80;51] u=[1;2;2;1;1] guided(E=460.00,mk=106,t=0.33s)
inst_seed=8251459 eps=105 min_eps=80 loads=[59;22;34;80;51] u=[1;2;2;1;1] guided(E=460.00,mk=104,t=0.31s)
inst_seed=8251459 eps=103 min_eps=80 loads=[59;22;34;80;51] u=[1;2;2;1;1] guided(E=462.00,mk=103,t=0.29s)
inst_seed=8251459 eps=102 min_eps=80 loads=[59;22;34;80;51] u=[1;2;2;1;1] guided(E=466.00,mk=102,t=0.27s)
inst_seed=8251459 eps=101 min_eps=80 loads=[59;22;34;80;51] u=[1;2;2;1;1] guided(E=473.00,mk=101,t=0.27s)
inst_seed=8251459 eps=100 min_eps=80 loads=[59;22;34;80;51] u=[1;2;2;1;1] guided(E=480.00,mk=100,t=0.27s)
inst_seed=8251459 eps=99 min_eps=80 loads=[59;22;34;80;51] u=[1;2;2;1;1] guided(E=480.00,mk=98,t=0.26s)
inst_seed=8251459 eps=97 min_eps=80 loads=[59;22;34;80;51] u=[1;2;2;1;1] guided(E=482.00,mk=97,t=0.24s)
inst_seed=8251459 eps=96 min_eps=80 loads=[59;22;34;80;51] u=[1;2;2;1;1] guided(E=484.00,mk=92,t=0.24s)
inst_seed=8251459 eps=91 min_eps=80 loads=[59;22;34;80;51] u=[1;2;2;1;1] guided(E=486.00,mk=91,t=0.20s)
inst_seed=8251459 eps=90 min_eps=80 loads=[59;22;34;80;51] u=[1;2;2;1;1] guided(E=488.00,mk=90,t=0.18s)
inst_seed=8251459 eps=89 min_eps=80 loads=[59;22;34;80;51] u=[1;2;2;1;1] guided(E=490.00,mk=89,t=0.16s)
inst_seed=8251459 eps=88 min_eps=80 loads=[59;22;34;80;51] u=[1;2;2;1;1] guided(E=492.00,mk=88,t=0.15s)
inst_seed=8251459 eps=87 min_eps=80 loads=[59;22;34;80;51] u=[1;2;2;1;1] guided(E=494.00,mk=87,t=0.14s)
inst_seed=8251459 eps=86 min_eps=80 loads=[59;22;34;80;51] u=[1;2;2;1;1] guided(E=496.00,mk=86,t=0.12s)
inst_seed=8251459 eps=85 min_eps=80 loads=[59;22;34;80;51] u=[1;2;2;1;1] guided(E=498.00,mk=85,t=0.12s)
inst_seed=8251459 eps=84 min_eps=80 loads=[59;22;34;80;51] u=[1;2;2;1;1] guided(E=500.00,mk=84,t=0.11s)
inst_seed=8251459 eps=83 min_eps=80 loads=[59;22;34;80;51] u=[1;2;2;1;1] guided(E=507.00,mk=83,t=0.08s)
inst_seed=8251459 eps=82 min_eps=80 loads=[59;22;34;80;51] u=[1;2;2;1;1] guided(E=514.00,mk=82,t=0.08s)
inst_seed=8251459 eps=81 min_eps=80 loads=[59;22;34;80;51] u=[1;2;2;1;1] guided(E=521.00,mk=81,t=0.04s)
inst_seed=8251459 eps=80 min_eps=80 loads=[59;22;34;80;51] u=[1;2;2;1;1] guided(E=528.00,mk=80,t=0.03s)
inst_seed=8341302 eps=140 min_eps=133 loads=[133;39;39;37;18] u=[1;2;2;2;3] guided(E=683.00,mk=140,t=0.47s)
inst_seed=8341302 eps=139 min_eps=133 loads=[133;39;39;37;18] u=[1;2;2;2;3] guided(E=685.00,mk=139,t=0.46s)
inst_seed=8341302 eps=138 min_eps=133 loads=[133;39;39;37;18] u=[1;2;2;2;3] guided(E=687.00,mk=138,t=0.45s)
inst_seed=8341302 eps=137 min_eps=133 loads=[133;39;39;37;18] u=[1;2;2;2;3] guided(E=689.00,mk=137,t=0.43s)
inst_seed=8341302 eps=136 min_eps=133 loads=[133;39;39;37;18] u=[1;2;2;2;3] guided(E=691.00,mk=136,t=0.42s)
inst_seed=8341302 eps=135 min_eps=133 loads=[133;39;39;37;18] u=[1;2;2;2;3] guided(E=691.00,mk=135,t=0.43s)
inst_seed=8341302 eps=134 min_eps=133 loads=[133;39;39;37;18] u=[1;2;2;2;3] guided(E=691.00,mk=134,t=0.38s)
inst_seed=8341302 eps=133 min_eps=133 loads=[133;39;39;37;18] u=[1;2;2;2;3] guided(E=691.00,mk=133,t=0.36s)
inst_seed=2427660 eps=120 min_eps=116 loads=[116;36;32;35;41] u=[1;3;3;3;3] guided(E=875.00,mk=120,t=0.19s)
inst_seed=2427660 eps=119 min_eps=116 loads=[116;36;32;35;41] u=[1;3;3;3;3] guided(E=877.00,mk=119,t=0.16s)
inst_seed=2427660 eps=118 min_eps=116 loads=[116;36;32;35;41] u=[1;3;3;3;3] guided(E=879.00,mk=118,t=0.17s)
inst_seed=2427660 eps=117 min_eps=116 loads=[116;36;32;35;41] u=[1;3;3;3;3] guided(E=881.00,mk=117,t=0.14s)
inst_seed=2427660 eps=116 min_eps=116 loads=[116;36;32;35;41] u=[1;3;3;3;3] guided(E=886.00,mk=116,t=0.11s)
inst_seed=7311619 eps=140 min_eps=115 loads=[30;7;21;86;115] u=[2;3;3;1;1] guided(E=555.00,mk=140,t=0.95s)
inst_seed=7311619 eps=139 min_eps=115 loads=[30;7;21;86;115] u=[2;3;3;1;1] guided(E=557.00,mk=139,t=0.95s)
inst_seed=7311619 eps=138 min_eps=115 loads=[30;7;21;86;115] u=[2;3;3;1;1] guided(E=559.00,mk=138,t=0.96s)
inst_seed=7311619 eps=137 min_eps=115 loads=[30;7;21;86;115] u=[2;3;3;1;1] guided(E=561.00,mk=137,t=0.96s)
inst_seed=7311619 eps=136 min_eps=115 loads=[30;7;21;86;115] u=[2;3;3;1;1] guided(E=563.00,mk=136,t=0.95s)
inst_seed=7311619 eps=135 min_eps=115 loads=[30;7;21;86;115] u=[2;3;3;1;1] guided(E=563.00,mk=135,t=0.93s)
inst_seed=7311619 eps=134 min_eps=115 loads=[30;7;21;86;115] u=[2;3;3;1;1] guided(E=567.00,mk=134,t=0.89s)
inst_seed=7311619 eps=133 min_eps=115 loads=[30;7;21;86;115] u=[2;3;3;1;1] guided(E=579.00,mk=133,t=0.90s)
inst_seed=7311619 eps=132 min_eps=115 loads=[30;7;21;86;115] u=[2;3;3;1;1] guided(E=583.00,mk=132,t=0.83s)
inst_seed=7311619 eps=131 min_eps=115 loads=[30;7;21;86;115] u=[2;3;3;1;1] guided(E=583.00,mk=131,t=0.85s)
inst_seed=7311619 eps=130 min_eps=115 loads=[30;7;21;86;115] u=[2;3;3;1;1] guided(E=581.00,mk=130,t=0.83s)
inst_seed=7311619 eps=129 min_eps=115 loads=[30;7;21;86;115] u=[2;3;3;1;1] guided(E=579.00,mk=129,t=0.81s)
inst_seed=7311619 eps=128 min_eps=115 loads=[30;7;21;86;115] u=[2;3;3;1;1] guided(E=581.00,mk=128,t=0.77s)
inst_seed=7311619 eps=127 min_eps=115 loads=[30;7;21;86;115] u=[2;3;3;1;1] guided(E=581.00,mk=127,t=0.82s)
inst_seed=7311619 eps=126 min_eps=115 loads=[30;7;21;86;115] u=[2;3;3;1;1] guided(E=579.00,mk=126,t=0.78s)
inst_seed=7311619 eps=125 min_eps=115 loads=[30;7;21;86;115] u=[2;3;3;1;1] guided(E=579.00,mk=125,t=0.75s)
inst_seed=7311619 eps=124 min_eps=115 loads=[30;7;21;86;115] u=[2;3;3;1;1] guided(E=581.00,mk=124,t=0.71s)
inst_seed=7311619 eps=123 min_eps=115 loads=[30;7;21;86;115] u=[2;3;3;1;1] guided(E=587.00,mk=123,t=0.70s)
inst_seed=7311619 eps=122 min_eps=115 loads=[30;7;21;86;115] u=[2;3;3;1;1] guided(E=593.00,mk=122,t=0.73s)
inst_seed=7311619 eps=121 min_eps=115 loads=[30;7;21;86;115] u=[2;3;3;1;1] guided(E=597.00,mk=121,t=0.72s)
inst_seed=7311619 eps=120 min_eps=115 loads=[30;7;21;86;115] u=[2;3;3;1;1] guided(E=601.00,mk=120,t=0.70s)
inst_seed=7311619 eps=119 min_eps=115 loads=[30;7;21;86;115] u=[2;3;3;1;1] guided(E=603.00,mk=119,t=0.67s)
inst_seed=7311619 eps=118 min_eps=115 loads=[30;7;21;86;115] u=[2;3;3;1;1] guided(E=605.00,mk=118,t=0.65s)
inst_seed=7311619 eps=117 min_eps=115 loads=[30;7;21;86;115] u=[2;3;3;1;1] guided(E=607.00,mk=117,t=0.64s)
inst_seed=7311619 eps=116 min_eps=115 loads=[30;7;21;86;115] u=[2;3;3;1;1] guided(E=609.00,mk=116,t=0.61s)
inst_seed=7311619 eps=115 min_eps=115 loads=[30;7;21;86;115] u=[2;3;3;1;1] guided(E=609.00,mk=115,t=0.58s)
inst_seed=1477796 eps=200 min_eps=174 loads=[33;7;12;174;25] u=[2;3;3;1;2] guided(E=599.00,mk=200,t=1.50s)
inst_seed=1477796 eps=199 min_eps=174 loads=[33;7;12;174;25] u=[2;3;3;1;2] guided(E=599.00,mk=199,t=1.44s)
inst_seed=1477796 eps=198 min_eps=174 loads=[33;7;12;174;25] u=[2;3;3;1;2] guided(E=601.00,mk=198,t=1.39s)
inst_seed=1477796 eps=197 min_eps=174 loads=[33;7;12;174;25] u=[2;3;3;1;2] guided(E=603.00,mk=197,t=1.40s)
inst_seed=1477796 eps=196 min_eps=174 loads=[33;7;12;174;25] u=[2;3;3;1;2] guided(E=603.00,mk=196,t=1.39s)
inst_seed=1477796 eps=195 min_eps=174 loads=[33;7;12;174;25] u=[2;3;3;1;2] guided(E=605.00,mk=195,t=1.29s)
inst_seed=1477796 eps=194 min_eps=174 loads=[33;7;12;174;25] u=[2;3;3;1;2] guided(E=605.00,mk=194,t=1.26s)
inst_seed=1477796 eps=193 min_eps=174 loads=[33;7;12;174;25] u=[2;3;3;1;2] guided(E=607.00,mk=193,t=1.28s)
inst_seed=1477796 eps=192 min_eps=174 loads=[33;7;12;174;25] u=[2;3;3;1;2] guided(E=605.00,mk=192,t=1.23s)
inst_seed=1477796 eps=191 min_eps=174 loads=[33;7;12;174;25] u=[2;3;3;1;2] guided(E=607.00,mk=191,t=1.23s)
inst_seed=1477796 eps=190 min_eps=174 loads=[33;7;12;174;25] u=[2;3;3;1;2] guided(E=607.00,mk=190,t=1.16s)
inst_seed=1477796 eps=189 min_eps=174 loads=[33;7;12;174;25] u=[2;3;3;1;2] guided(E=607.00,mk=189,t=1.21s)
inst_seed=1477796 eps=188 min_eps=174 loads=[33;7;12;174;25] u=[2;3;3;1;2] guided(E=607.00,mk=188,t=1.20s)
inst_seed=1477796 eps=187 min_eps=174 loads=[33;7;12;174;25] u=[2;3;3;1;2] guided(E=607.00,mk=187,t=1.21s)
inst_seed=1477796 eps=186 min_eps=174 loads=[33;7;12;174;25] u=[2;3;3;1;2] guided(E=607.00,mk=186,t=1.19s)
inst_seed=1477796 eps=185 min_eps=174 loads=[33;7;12;174;25] u=[2;3;3;1;2] guided(E=609.00,mk=185,t=1.24s)
inst_seed=1477796 eps=184 min_eps=174 loads=[33;7;12;174;25] u=[2;3;3;1;2] guided(E=609.00,mk=184,t=1.20s)
inst_seed=1477796 eps=183 min_eps=174 loads=[33;7;12;174;25] u=[2;3;3;1;2] guided(E=608.00,mk=183,t=1.18s)
inst_seed=1477796 eps=182 min_eps=174 loads=[33;7;12;174;25] u=[2;3;3;1;2] guided(E=607.00,mk=182,t=1.12s)
inst_seed=1477796 eps=181 min_eps=174 loads=[33;7;12;174;25] u=[2;3;3;1;2] guided(E=610.00,mk=181,t=1.12s)
inst_seed=1477796 eps=180 min_eps=174 loads=[33;7;12;174;25] u=[2;3;3;1;2] guided(E=611.00,mk=180,t=1.12s)
inst_seed=1477796 eps=179 min_eps=174 loads=[33;7;12;174;25] u=[2;3;3;1;2] guided(E=613.00,mk=179,t=1.12s)
inst_seed=1477796 eps=178 min_eps=174 loads=[33;7;12;174;25] u=[2;3;3;1;2] guided(E=615.00,mk=178,t=1.10s)
inst_seed=1477796 eps=177 min_eps=174 loads=[33;7;12;174;25] u=[2;3;3;1;2] guided(E=617.00,mk=177,t=1.10s)
inst_seed=1477796 eps=176 min_eps=174 loads=[33;7;12;174;25] u=[2;3;3;1;2] guided(E=619.00,mk=176,t=1.07s)
inst_seed=1477796 eps=175 min_eps=174 loads=[33;7;12;174;25] u=[2;3;3;1;2] guided(E=619.00,mk=175,t=1.07s)
inst_seed=1477796 eps=174 min_eps=174 loads=[33;7;12;174;25] u=[2;3;3;1;2] guided(E=619.00,mk=174,t=1.00s)
inst_seed=5236430 eps=160 min_eps=152 loads=[152;20;53;27;31] u=[1;3;2;3;2] guided(E=773.00,mk=160,t=0.94s)
inst_seed=5236430 eps=159 min_eps=152 loads=[152;20;53;27;31] u=[1;3;2;3;2] guided(E=775.00,mk=159,t=0.94s)
inst_seed=5236430 eps=158 min_eps=152 loads=[152;20;53;27;31] u=[1;3;2;3;2] guided(E=777.00,mk=158,t=0.92s)
inst_seed=5236430 eps=157 min_eps=152 loads=[152;20;53;27;31] u=[1;3;2;3;2] guided(E=779.00,mk=157,t=0.94s)
inst_seed=5236430 eps=156 min_eps=152 loads=[152;20;53;27;31] u=[1;3;2;3;2] guided(E=781.00,mk=156,t=0.90s)
inst_seed=5236430 eps=155 min_eps=152 loads=[152;20;53;27;31] u=[1;3;2;3;2] guided(E=781.00,mk=155,t=0.90s)
inst_seed=5236430 eps=154 min_eps=152 loads=[152;20;53;27;31] u=[1;3;2;3;2] guided(E=781.00,mk=154,t=0.88s)
inst_seed=5236430 eps=153 min_eps=152 loads=[152;20;53;27;31] u=[1;3;2;3;2] guided(E=781.00,mk=153,t=0.86s)
inst_seed=5236430 eps=152 min_eps=152 loads=[152;20;53;27;31] u=[1;3;2;3;2] guided(E=781.00,mk=152,t=0.83s)
inst_seed=8972765 eps=140 min_eps=81 loads=[7;23;81;63;7] u=[2;2;1;1;2] guided(E=339.00,mk=124,t=0.65s)
inst_seed=8972765 eps=123 min_eps=81 loads=[7;23;81;63;7] u=[2;2;1;1;2] guided(E=340.00,mk=123,t=0.63s)
inst_seed=8972765 eps=122 min_eps=81 loads=[7;23;81;63;7] u=[2;2;1;1;2] guided(E=342.00,mk=122,t=0.63s)
inst_seed=8972765 eps=121 min_eps=81 loads=[7;23;81;63;7] u=[2;2;1;1;2] guided(E=344.00,mk=121,t=0.61s)
inst_seed=8972765 eps=120 min_eps=81 loads=[7;23;81;63;7] u=[2;2;1;1;2] guided(E=346.00,mk=105,t=0.60s)
inst_seed=8972765 eps=104 min_eps=81 loads=[7;23;81;63;7] u=[2;2;1;1;2] guided(E=346.00,mk=104,t=0.64s)
inst_seed=8972765 eps=103 min_eps=81 loads=[7;23;81;63;7] u=[2;2;1;1;2] guided(E=348.00,mk=103,t=0.61s)
inst_seed=8972765 eps=102 min_eps=81 loads=[7;23;81;63;7] u=[2;2;1;1;2] guided(E=350.00,mk=102,t=0.60s)
inst_seed=8972765 eps=101 min_eps=81 loads=[7;23;81;63;7] u=[2;2;1;1;2] guided(E=352.00,mk=101,t=0.59s)
inst_seed=8972765 eps=100 min_eps=81 loads=[7;23;81;63;7] u=[2;2;1;1;2] guided(E=356.00,mk=100,t=0.58s)
inst_seed=8972765 eps=99 min_eps=81 loads=[7;23;81;63;7] u=[2;2;1;1;2] guided(E=358.00,mk=99,t=0.57s)
inst_seed=8972765 eps=98 min_eps=81 loads=[7;23;81;63;7] u=[2;2;1;1;2] guided(E=360.00,mk=98,t=0.56s)
inst_seed=8972765 eps=97 min_eps=81 loads=[7;23;81;63;7] u=[2;2;1;1;2] guided(E=362.00,mk=97,t=0.54s)
inst_seed=8972765 eps=96 min_eps=81 loads=[7;23;81;63;7] u=[2;2;1;1;2] guided(E=364.00,mk=93,t=0.53s)
inst_seed=8972765 eps=92 min_eps=81 loads=[7;23;81;63;7] u=[2;2;1;1;2] guided(E=370.00,mk=92,t=0.53s)
inst_seed=8972765 eps=91 min_eps=81 loads=[7;23;81;63;7] u=[2;2;1;1;2] guided(E=368.00,mk=91,t=0.49s)
inst_seed=8972765 eps=90 min_eps=81 loads=[7;23;81;63;7] u=[2;2;1;1;2] guided(E=368.00,mk=90,t=0.47s)
inst_seed=8972765 eps=89 min_eps=81 loads=[7;23;81;63;7] u=[2;2;1;1;2] guided(E=370.00,mk=89,t=0.45s)
inst_seed=8972765 eps=88 min_eps=81 loads=[7;23;81;63;7] u=[2;2;1;1;2] guided(E=372.00,mk=88,t=0.49s)
inst_seed=8972765 eps=87 min_eps=81 loads=[7;23;81;63;7] u=[2;2;1;1;2] guided(E=374.00,mk=87,t=0.45s)
inst_seed=8972765 eps=86 min_eps=81 loads=[7;23;81;63;7] u=[2;2;1;1;2] guided(E=376.00,mk=86,t=0.43s)
inst_seed=8972765 eps=85 min_eps=81 loads=[7;23;81;63;7] u=[2;2;1;1;2] guided(E=378.00,mk=85,t=0.40s)
inst_seed=8972765 eps=84 min_eps=81 loads=[7;23;81;63;7] u=[2;2;1;1;2] guided(E=380.00,mk=84,t=0.38s)
inst_seed=8972765 eps=83 min_eps=81 loads=[7;23;81;63;7] u=[2;2;1;1;2] guided(E=384.00,mk=83,t=0.36s)
inst_seed=8972765 eps=82 min_eps=81 loads=[7;23;81;63;7] u=[2;2;1;1;2] guided(E=388.00,mk=82,t=0.34s)
inst_seed=8972765 eps=81 min_eps=81 loads=[7;23;81;63;7] u=[2;2;1;1;2] guided(E=392.00,mk=81,t=0.31s)
inst_seed=6324065 eps=180 min_eps=72 loads=[56;11;31;39;72] u=[2;3;2;2;1] guided(E=539.00,mk=162,t=0.50s)
inst_seed=6324065 eps=161 min_eps=72 loads=[56;11;31;39;72] u=[2;3;2;2;1] guided(E=540.00,mk=144,t=0.45s)
inst_seed=6324065 eps=143 min_eps=72 loads=[56;11;31;39;72] u=[2;3;2;2;1] guided(E=541.00,mk=143,t=0.43s)
inst_seed=6324065 eps=142 min_eps=72 loads=[56;11;31;39;72] u=[2;3;2;2;1] guided(E=542.00,mk=142,t=0.42s)
inst_seed=6324065 eps=141 min_eps=72 loads=[56;11;31;39;72] u=[2;3;2;2;1] guided(E=543.00,mk=141,t=0.40s)
inst_seed=6324065 eps=140 min_eps=72 loads=[56;11;31;39;72] u=[2;3;2;2;1] guided(E=544.00,mk=124,t=0.39s)
inst_seed=6324065 eps=123 min_eps=72 loads=[56;11;31;39;72] u=[2;3;2;2;1] guided(E=547.00,mk=123,t=0.38s)
inst_seed=6324065 eps=122 min_eps=72 loads=[56;11;31;39;72] u=[2;3;2;2;1] guided(E=550.00,mk=122,t=0.37s)
inst_seed=6324065 eps=121 min_eps=72 loads=[56;11;31;39;72] u=[2;3;2;2;1] guided(E=553.00,mk=121,t=0.37s)
inst_seed=6324065 eps=120 min_eps=72 loads=[56;11;31;39;72] u=[2;3;2;2;1] guided(E=556.00,mk=104,t=0.36s)
inst_seed=6324065 eps=103 min_eps=72 loads=[56;11;31;39;72] u=[2;3;2;2;1] guided(E=559.00,mk=103,t=0.35s)
inst_seed=6324065 eps=102 min_eps=72 loads=[56;11;31;39;72] u=[2;3;2;2;1] guided(E=562.00,mk=102,t=0.35s)
inst_seed=6324065 eps=101 min_eps=72 loads=[56;11;31;39;72] u=[2;3;2;2;1] guided(E=565.00,mk=101,t=0.34s)
inst_seed=6324065 eps=100 min_eps=72 loads=[56;11;31;39;72] u=[2;3;2;2;1] guided(E=568.00,mk=89,t=0.33s)
inst_seed=6324065 eps=88 min_eps=72 loads=[56;11;31;39;72] u=[2;3;2;2;1] guided(E=570.00,mk=88,t=0.33s)
inst_seed=6324065 eps=87 min_eps=72 loads=[56;11;31;39;72] u=[2;3;2;2;1] guided(E=572.00,mk=87,t=0.32s)
inst_seed=6324065 eps=86 min_eps=72 loads=[56;11;31;39;72] u=[2;3;2;2;1] guided(E=574.00,mk=86,t=0.32s)
inst_seed=6324065 eps=85 min_eps=72 loads=[56;11;31;39;72] u=[2;3;2;2;1] guided(E=574.00,mk=85,t=0.31s)
inst_seed=6324065 eps=84 min_eps=72 loads=[56;11;31;39;72] u=[2;3;2;2;1] guided(E=576.00,mk=84,t=0.30s)
inst_seed=6324065 eps=83 min_eps=72 loads=[56;11;31;39;72] u=[2;3;2;2;1] guided(E=583.00,mk=83,t=0.31s)
inst_seed=6324065 eps=82 min_eps=72 loads=[56;11;31;39;72] u=[2;3;2;2;1] guided(E=590.00,mk=82,t=0.26s)
inst_seed=6324065 eps=81 min_eps=72 loads=[56;11;31;39;72] u=[2;3;2;2;1] guided(E=599.00,mk=81,t=0.24s)
inst_seed=6324065 eps=80 min_eps=72 loads=[56;11;31;39;72] u=[2;3;2;2;1] guided(E=606.00,mk=80,t=0.21s)
inst_seed=6324065 eps=79 min_eps=72 loads=[56;11;31;39;72] u=[2;3;2;2;1] guided(E=608.00,mk=79,t=0.21s)
inst_seed=6324065 eps=78 min_eps=72 loads=[56;11;31;39;72] u=[2;3;2;2;1] guided(E=610.00,mk=78,t=0.19s)
inst_seed=6324065 eps=77 min_eps=72 loads=[56;11;31;39;72] u=[2;3;2;2;1] guided(E=612.00,mk=77,t=0.19s)
inst_seed=6324065 eps=76 min_eps=72 loads=[56;11;31;39;72] u=[2;3;2;2;1] guided(E=614.00,mk=76,t=0.17s)
inst_seed=6324065 eps=75 min_eps=72 loads=[56;11;31;39;72] u=[2;3;2;2;1] guided(E=614.00,mk=75,t=0.16s)
inst_seed=6324065 eps=74 min_eps=72 loads=[56;11;31;39;72] u=[2;3;2;2;1] guided(E=614.00,mk=74,t=0.15s)
inst_seed=6324065 eps=73 min_eps=72 loads=[56;11;31;39;72] u=[2;3;2;2;1] guided(E=614.00,mk=73,t=0.13s)
inst_seed=6324065 eps=72 min_eps=72 loads=[56;11;31;39;72] u=[2;3;2;2;1] guided(E=614.00,mk=72,t=0.10s)
inst_seed=5720016 eps=140 min_eps=133 loads=[35;27;133;31;26] u=[3;3;1;3;3] guided(E=820.00,mk=140,t=0.71s)
inst_seed=5720016 eps=139 min_eps=133 loads=[35;27;133;31;26] u=[3;3;1;3;3] guided(E=822.00,mk=139,t=0.72s)
inst_seed=5720016 eps=138 min_eps=133 loads=[35;27;133;31;26] u=[3;3;1;3;3] guided(E=824.00,mk=138,t=0.69s)
inst_seed=5720016 eps=137 min_eps=133 loads=[35;27;133;31;26] u=[3;3;1;3;3] guided(E=826.00,mk=137,t=0.67s)
inst_seed=5720016 eps=136 min_eps=133 loads=[35;27;133;31;26] u=[3;3;1;3;3] guided(E=828.00,mk=136,t=0.65s)
inst_seed=5720016 eps=135 min_eps=133 loads=[35;27;133;31;26] u=[3;3;1;3;3] guided(E=828.00,mk=135,t=0.63s)
inst_seed=5720016 eps=134 min_eps=133 loads=[35;27;133;31;26] u=[3;3;1;3;3] guided(E=828.00,mk=134,t=0.61s)
inst_seed=5720016 eps=133 min_eps=133 loads=[35;27;133;31;26] u=[3;3;1;3;3] guided(E=828.00,mk=133,t=0.58s)
inst_seed=9472420 eps=160 min_eps=110 loads=[110;67;32;17;64] u=[2;2;3;3;2] guided(E=985.00,mk=145,t=0.98s)
inst_seed=9472420 eps=144 min_eps=110 loads=[110;67;32;17;64] u=[2;2;3;3;2] guided(E=989.00,mk=144,t=1.10s)
inst_seed=9472420 eps=143 min_eps=110 loads=[110;67;32;17;64] u=[2;2;3;3;2] guided(E=993.00,mk=143,t=1.02s)
inst_seed=9472420 eps=142 min_eps=110 loads=[110;67;32;17;64] u=[2;2;3;3;2] guided(E=997.00,mk=142,t=0.96s)
inst_seed=9472420 eps=141 min_eps=110 loads=[110;67;32;17;64] u=[2;2;3;3;2] guided(E=1001.00,mk=141,t=0.89s)
inst_seed=9472420 eps=140 min_eps=110 loads=[110;67;32;17;64] u=[2;2;3;3;2] guided(E=1007.00,mk=140,t=0.91s)
inst_seed=9472420 eps=139 min_eps=110 loads=[110;67;32;17;64] u=[2;2;3;3;2] guided(E=1007.00,mk=137,t=0.91s)
inst_seed=9472420 eps=136 min_eps=110 loads=[110;67;32;17;64] u=[2;2;3;3;2] guided(E=1011.00,mk=132,t=0.89s)
inst_seed=9472420 eps=131 min_eps=110 loads=[110;67;32;17;64] u=[2;2;3;3;2] guided(E=1059.00,mk=131,t=0.85s)
inst_seed=9472420 eps=130 min_eps=110 loads=[110;67;32;17;64] u=[2;2;3;3;2] guided(E=1059.00,mk=130,t=0.81s)
inst_seed=9472420 eps=129 min_eps=110 loads=[110;67;32;17;64] u=[2;2;3;3;2] guided(E=1059.00,mk=129,t=0.88s)
inst_seed=9472420 eps=128 min_eps=110 loads=[110;67;32;17;64] u=[2;2;3;3;2] guided(E=1059.00,mk=128,t=0.87s)
inst_seed=9472420 eps=127 min_eps=110 loads=[110;67;32;17;64] u=[2;2;3;3;2] guided(E=1051.00,mk=127,t=0.84s)
inst_seed=9472420 eps=126 min_eps=110 loads=[110;67;32;17;64] u=[2;2;3;3;2] guided(E=1055.00,mk=126,t=0.84s)
inst_seed=9472420 eps=125 min_eps=110 loads=[110;67;32;17;64] u=[2;2;3;3;2] guided(E=1047.00,mk=125,t=0.76s)
inst_seed=9472420 eps=124 min_eps=110 loads=[110;67;32;17;64] u=[2;2;3;3;2] guided(E=1047.00,mk=124,t=0.79s)
inst_seed=9472420 eps=123 min_eps=110 loads=[110;67;32;17;64] u=[2;2;3;3;2] guided(E=1053.00,mk=123,t=0.80s)
inst_seed=9472420 eps=122 min_eps=110 loads=[110;67;32;17;64] u=[2;2;3;3;2] guided(E=1063.00,mk=122,t=0.79s)
inst_seed=9472420 eps=121 min_eps=110 loads=[110;67;32;17;64] u=[2;2;3;3;2] guided(E=1073.00,mk=121,t=0.78s)
inst_seed=9472420 eps=120 min_eps=110 loads=[110;67;32;17;64] u=[2;2;3;3;2] guided(E=1083.00,mk=120,t=0.76s)
inst_seed=9472420 eps=119 min_eps=110 loads=[110;67;32;17;64] u=[2;2;3;3;2] guided(E=1087.00,mk=119,t=0.72s)
inst_seed=9472420 eps=118 min_eps=110 loads=[110;67;32;17;64] u=[2;2;3;3;2] guided(E=1091.00,mk=118,t=0.70s)
inst_seed=9472420 eps=117 min_eps=110 loads=[110;67;32;17;64] u=[2;2;3;3;2] guided(E=1095.00,mk=117,t=0.69s)
inst_seed=9472420 eps=116 min_eps=110 loads=[110;67;32;17;64] u=[2;2;3;3;2] guided(E=1099.00,mk=116,t=0.66s)
inst_seed=9472420 eps=115 min_eps=110 loads=[110;67;32;17;64] u=[2;2;3;3;2] guided(E=1099.00,mk=115,t=0.64s)
inst_seed=9472420 eps=114 min_eps=110 loads=[110;67;32;17;64] u=[2;2;3;3;2] guided(E=1099.00,mk=114,t=0.63s)
inst_seed=9472420 eps=113 min_eps=110 loads=[110;67;32;17;64] u=[2;2;3;3;2] guided(E=1099.00,mk=113,t=0.64s)
inst_seed=9472420 eps=112 min_eps=110 loads=[110;67;32;17;64] u=[2;2;3;3;2] guided(E=1099.00,mk=112,t=0.67s)
inst_seed=9472420 eps=111 min_eps=110 loads=[110;67;32;17;64] u=[2;2;3;3;2] guided(E=1103.00,mk=111,t=0.64s)
inst_seed=9472420 eps=110 min_eps=110 loads=[110;67;32;17;64] u=[2;2;3;3;2] guided(E=1107.00,mk=110,t=0.61s)
inst_seed=8375635 eps=120 min_eps=90 loads=[51;90;60;13;26] u=[1;1;1;3;2] guided(E=468.00,mk=109,t=0.33s)
inst_seed=8375635 eps=108 min_eps=90 loads=[51;90;60;13;26] u=[1;1;1;3;2] guided(E=470.00,mk=107,t=0.32s)
inst_seed=8375635 eps=106 min_eps=90 loads=[51;90;60;13;26] u=[1;1;1;3;2] guided(E=472.00,mk=106,t=0.28s)
inst_seed=8375635 eps=105 min_eps=90 loads=[51;90;60;13;26] u=[1;1;1;3;2] guided(E=474.00,mk=105,t=0.28s)
inst_seed=8375635 eps=104 min_eps=90 loads=[51;90;60;13;26] u=[1;1;1;3;2] guided(E=476.00,mk=104,t=0.27s)
inst_seed=8375635 eps=103 min_eps=90 loads=[51;90;60;13;26] u=[1;1;1;3;2] guided(E=481.00,mk=103,t=0.25s)
inst_seed=8375635 eps=102 min_eps=90 loads=[51;90;60;13;26] u=[1;1;1;3;2] guided(E=486.00,mk=102,t=0.24s)
inst_seed=8375635 eps=101 min_eps=90 loads=[51;90;60;13;26] u=[1;1;1;3;2] guided(E=491.00,mk=101,t=0.22s)
inst_seed=8375635 eps=100 min_eps=90 loads=[51;90;60;13;26] u=[1;1;1;3;2] guided(E=496.00,mk=100,t=0.21s)
inst_seed=8375635 eps=99 min_eps=90 loads=[51;90;60;13;26] u=[1;1;1;3;2] guided(E=498.00,mk=99,t=0.20s)
inst_seed=8375635 eps=98 min_eps=90 loads=[51;90;60;13;26] u=[1;1;1;3;2] guided(E=500.00,mk=98,t=0.19s)
inst_seed=8375635 eps=97 min_eps=90 loads=[51;90;60;13;26] u=[1;1;1;3;2] guided(E=502.00,mk=97,t=0.17s)
inst_seed=8375635 eps=96 min_eps=90 loads=[51;90;60;13;26] u=[1;1;1;3;2] guided(E=504.00,mk=94,t=0.17s)
inst_seed=8375635 eps=93 min_eps=90 loads=[51;90;60;13;26] u=[1;1;1;3;2] guided(E=504.00,mk=93,t=0.12s)
inst_seed=8375635 eps=92 min_eps=90 loads=[51;90;60;13;26] u=[1;1;1;3;2] guided(E=504.00,mk=92,t=0.11s)
inst_seed=8375635 eps=91 min_eps=90 loads=[51;90;60;13;26] u=[1;1;1;3;2] guided(E=506.00,mk=91,t=0.08s)
inst_seed=8375635 eps=90 min_eps=90 loads=[51;90;60;13;26] u=[1;1;1;3;2] guided(E=508.00,mk=90,t=0.07s)
inst_seed=9573231 eps=140 min_eps=129 loads=[93;129;41;41;31] u=[1;1;2;3;2] guided(E=819.00,mk=140,t=0.75s)
inst_seed=9573231 eps=139 min_eps=129 loads=[93;129;41;41;31] u=[1;1;2;3;2] guided(E=821.00,mk=139,t=0.78s)
inst_seed=9573231 eps=138 min_eps=129 loads=[93;129;41;41;31] u=[1;1;2;3;2] guided(E=823.00,mk=138,t=0.77s)
inst_seed=9573231 eps=137 min_eps=129 loads=[93;129;41;41;31] u=[1;1;2;3;2] guided(E=825.00,mk=137,t=0.75s)
inst_seed=9573231 eps=136 min_eps=129 loads=[93;129;41;41;31] u=[1;1;2;3;2] guided(E=827.00,mk=136,t=0.74s)
inst_seed=9573231 eps=135 min_eps=129 loads=[93;129;41;41;31] u=[1;1;2;3;2] guided(E=827.00,mk=135,t=0.73s)
inst_seed=9573231 eps=134 min_eps=129 loads=[93;129;41;41;31] u=[1;1;2;3;2] guided(E=827.00,mk=134,t=0.72s)
inst_seed=9573231 eps=133 min_eps=129 loads=[93;129;41;41;31] u=[1;1;2;3;2] guided(E=827.00,mk=133,t=0.76s)
inst_seed=9573231 eps=132 min_eps=129 loads=[93;129;41;41;31] u=[1;1;2;3;2] guided(E=827.00,mk=132,t=0.78s)
inst_seed=9573231 eps=131 min_eps=129 loads=[93;129;41;41;31] u=[1;1;2;3;2] guided(E=829.00,mk=131,t=0.75s)
inst_seed=9573231 eps=130 min_eps=129 loads=[93;129;41;41;31] u=[1;1;2;3;2] guided(E=831.00,mk=130,t=0.73s)
inst_seed=9573231 eps=129 min_eps=129 loads=[93;129;41;41;31] u=[1;1;2;3;2] guided(E=833.00,mk=129,t=0.70s)
inst_seed=6231655 eps=140 min_eps=136 loads=[37;15;2;103;136] u=[3;3;3;2;2] guided(E=1189.00,mk=140,t=0.99s)
inst_seed=6231655 eps=139 min_eps=136 loads=[37;15;2;103;136] u=[3;3;3;2;2] guided(E=1193.00,mk=139,t=0.98s)
inst_seed=6231655 eps=138 min_eps=136 loads=[37;15;2;103;136] u=[3;3;3;2;2] guided(E=1197.00,mk=138,t=0.97s)
inst_seed=6231655 eps=137 min_eps=136 loads=[37;15;2;103;136] u=[3;3;3;2;2] guided(E=1201.00,mk=137,t=0.95s)
inst_seed=6231655 eps=136 min_eps=136 loads=[37;15;2;103;136] u=[3;3;3;2;2] guided(E=1205.00,mk=136,t=0.91s)
inst_seed=5989756 eps=120 min_eps=88 loads=[52;88;51;20;35] u=[2;2;3;3;3] guided(E=935.00,mk=108,t=0.64s)
inst_seed=5989756 eps=107 min_eps=88 loads=[52;88;51;20;35] u=[2;2;3;3;3] guided(E=947.00,mk=107,t=0.67s)
inst_seed=5989756 eps=106 min_eps=88 loads=[52;88;51;20;35] u=[2;2;3;3;3] guided(E=947.00,mk=106,t=0.65s)
inst_seed=5989756 eps=105 min_eps=88 loads=[52;88;51;20;35] u=[2;2;3;3;3] guided(E=947.00,mk=105,t=0.62s)
inst_seed=5989756 eps=104 min_eps=88 loads=[52;88;51;20;35] u=[2;2;3;3;3] guided(E=951.00,mk=104,t=0.61s)
inst_seed=5989756 eps=103 min_eps=88 loads=[52;88;51;20;35] u=[2;2;3;3;3] guided(E=962.00,mk=103,t=0.59s)
inst_seed=5989756 eps=102 min_eps=88 loads=[52;88;51;20;35] u=[2;2;3;3;3] guided(E=973.00,mk=102,t=0.59s)
inst_seed=5989756 eps=101 min_eps=88 loads=[52;88;51;20;35] u=[2;2;3;3;3] guided(E=984.00,mk=101,t=0.57s)
inst_seed=5989756 eps=100 min_eps=88 loads=[52;88;51;20;35] u=[2;2;3;3;3] guided(E=995.00,mk=100,t=0.56s)
inst_seed=5989756 eps=99 min_eps=88 loads=[52;88;51;20;35] u=[2;2;3;3;3] guided(E=999.00,mk=99,t=0.54s)
inst_seed=5989756 eps=98 min_eps=88 loads=[52;88;51;20;35] u=[2;2;3;3;3] guided(E=1003.00,mk=98,t=0.51s)
inst_seed=5989756 eps=97 min_eps=88 loads=[52;88;51;20;35] u=[2;2;3;3;3] guided(E=1007.00,mk=97,t=0.50s)
inst_seed=5989756 eps=96 min_eps=88 loads=[52;88;51;20;35] u=[2;2;3;3;3] guided(E=1011.00,mk=96,t=0.47s)
inst_seed=5989756 eps=95 min_eps=88 loads=[52;88;51;20;35] u=[2;2;3;3;3] guided(E=1011.00,mk=95,t=0.46s)
inst_seed=5989756 eps=94 min_eps=88 loads=[52;88;51;20;35] u=[2;2;3;3;3] guided(E=1011.00,mk=94,t=0.44s)
inst_seed=5989756 eps=93 min_eps=88 loads=[52;88;51;20;35] u=[2;2;3;3;3] guided(E=1011.00,mk=93,t=0.43s)
inst_seed=5989756 eps=92 min_eps=88 loads=[52;88;51;20;35] u=[2;2;3;3;3] guided(E=1011.00,mk=92,t=0.44s)
inst_seed=5989756 eps=91 min_eps=88 loads=[52;88;51;20;35] u=[2;2;3;3;3] guided(E=1015.00,mk=91,t=0.44s)
inst_seed=5989756 eps=90 min_eps=88 loads=[52;88;51;20;35] u=[2;2;3;3;3] guided(E=1019.00,mk=90,t=0.41s)
inst_seed=5989756 eps=89 min_eps=88 loads=[52;88;51;20;35] u=[2;2;3;3;3] guided(E=1023.00,mk=89,t=0.37s)
inst_seed=5989756 eps=88 min_eps=88 loads=[52;88;51;20;35] u=[2;2;3;3;3] guided(E=1027.00,mk=88,t=0.36s)
inst_seed=8540479 eps=180 min_eps=64 loads=[42;23;64;13;15] u=[1;2;1;2;2] guided(E=306.00,mk=144,t=0.48s)
inst_seed=8540479 eps=143 min_eps=64 loads=[42;23;64;13;15] u=[1;2;1;2;2] guided(E=308.00,mk=142,t=0.41s)
inst_seed=8540479 eps=141 min_eps=64 loads=[42;23;64;13;15] u=[1;2;1;2;2] guided(E=309.00,mk=141,t=0.38s)
inst_seed=8540479 eps=140 min_eps=64 loads=[42;23;64;13;15] u=[1;2;1;2;2] guided(E=310.00,mk=124,t=0.37s)
inst_seed=8540479 eps=123 min_eps=64 loads=[42;23;64;13;15] u=[1;2;1;2;2] guided(E=311.00,mk=123,t=0.36s)
inst_seed=8540479 eps=122 min_eps=64 loads=[42;23;64;13;15] u=[1;2;1;2;2] guided(E=312.00,mk=122,t=0.35s)
inst_seed=8540479 eps=121 min_eps=64 loads=[42;23;64;13;15] u=[1;2;1;2;2] guided(E=313.00,mk=121,t=0.34s)
inst_seed=8540479 eps=120 min_eps=64 loads=[42;23;64;13;15] u=[1;2;1;2;2] guided(E=314.00,mk=104,t=0.33s)
inst_seed=8540479 eps=103 min_eps=64 loads=[42;23;64;13;15] u=[1;2;1;2;2] guided(E=316.00,mk=103,t=0.33s)
inst_seed=8540479 eps=102 min_eps=64 loads=[42;23;64;13;15] u=[1;2;1;2;2] guided(E=318.00,mk=102,t=0.32s)
inst_seed=8540479 eps=101 min_eps=64 loads=[42;23;64;13;15] u=[1;2;1;2;2] guided(E=320.00,mk=101,t=0.31s)
inst_seed=8540479 eps=100 min_eps=64 loads=[42;23;64;13;15] u=[1;2;1;2;2] guided(E=322.00,mk=88,t=0.30s)
inst_seed=8540479 eps=87 min_eps=64 loads=[42;23;64;13;15] u=[1;2;1;2;2] guided(E=322.00,mk=84,t=0.35s)
inst_seed=8540479 eps=83 min_eps=64 loads=[42;23;64;13;15] u=[1;2;1;2;2] guided(E=324.00,mk=83,t=0.30s)
inst_seed=8540479 eps=82 min_eps=64 loads=[42;23;64;13;15] u=[1;2;1;2;2] guided(E=326.00,mk=82,t=0.30s)
inst_seed=8540479 eps=81 min_eps=64 loads=[42;23;64;13;15] u=[1;2;1;2;2] guided(E=328.00,mk=81,t=0.28s)
inst_seed=8540479 eps=80 min_eps=64 loads=[42;23;64;13;15] u=[1;2;1;2;2] guided(E=330.00,mk=80,t=0.27s)
inst_seed=8540479 eps=79 min_eps=64 loads=[42;23;64;13;15] u=[1;2;1;2;2] guided(E=332.00,mk=79,t=0.27s)
inst_seed=8540479 eps=78 min_eps=64 loads=[42;23;64;13;15] u=[1;2;1;2;2] guided(E=334.00,mk=78,t=0.27s)
inst_seed=8540479 eps=77 min_eps=64 loads=[42;23;64;13;15] u=[1;2;1;2;2] guided(E=336.00,mk=77,t=0.25s)
inst_seed=8540479 eps=76 min_eps=64 loads=[42;23;64;13;15] u=[1;2;1;2;2] guided(E=338.00,mk=72,t=0.24s)
inst_seed=8540479 eps=71 min_eps=64 loads=[42;23;64;13;15] u=[1;2;1;2;2] guided(E=340.00,mk=71,t=0.22s)
inst_seed=8540479 eps=70 min_eps=64 loads=[42;23;64;13;15] u=[1;2;1;2;2] guided(E=342.00,mk=70,t=0.20s)
inst_seed=8540479 eps=69 min_eps=64 loads=[42;23;64;13;15] u=[1;2;1;2;2] guided(E=344.00,mk=69,t=0.18s)
inst_seed=8540479 eps=68 min_eps=64 loads=[42;23;64;13;15] u=[1;2;1;2;2] guided(E=346.00,mk=68,t=0.17s)
inst_seed=8540479 eps=67 min_eps=64 loads=[42;23;64;13;15] u=[1;2;1;2;2] guided(E=348.00,mk=67,t=0.14s)
inst_seed=8540479 eps=66 min_eps=64 loads=[42;23;64;13;15] u=[1;2;1;2;2] guided(E=350.00,mk=66,t=0.13s)
inst_seed=8540479 eps=65 min_eps=64 loads=[42;23;64;13;15] u=[1;2;1;2;2] guided(E=352.00,mk=65,t=0.09s)
inst_seed=8540479 eps=64 min_eps=64 loads=[42;23;64;13;15] u=[1;2;1;2;2] guided(E=354.00,mk=64,t=0.09s)
inst_seed=6207516 eps=140 min_eps=95 loads=[0;11;22;92;95] u=[3;3;3;1;1] guided(E=452.00,mk=128,t=0.66s)
inst_seed=6207516 eps=127 min_eps=95 loads=[0;11;22;92;95] u=[3;3;3;1;1] guided(E=452.00,mk=125,t=0.71s)
inst_seed=6207516 eps=124 min_eps=95 loads=[0;11;22;92;95] u=[3;3;3;1;1] guided(E=454.00,mk=124,t=0.66s)
inst_seed=6207516 eps=123 min_eps=95 loads=[0;11;22;92;95] u=[3;3;3;1;1] guided(E=458.00,mk=123,t=0.70s)
inst_seed=6207516 eps=122 min_eps=95 loads=[0;11;22;92;95] u=[3;3;3;1;1] guided(E=460.00,mk=122,t=0.64s)
inst_seed=6207516 eps=121 min_eps=95 loads=[0;11;22;92;95] u=[3;3;3;1;1] guided(E=462.00,mk=121,t=0.62s)
inst_seed=6207516 eps=120 min_eps=95 loads=[0;11;22;92;95] u=[3;3;3;1;1] guided(E=466.00,mk=112,t=0.61s)
inst_seed=6207516 eps=111 min_eps=95 loads=[0;11;22;92;95] u=[3;3;3;1;1] guided(E=484.00,mk=111,t=0.46s)
inst_seed=6207516 eps=110 min_eps=95 loads=[0;11;22;92;95] u=[3;3;3;1;1] guided(E=482.00,mk=110,t=0.49s)
inst_seed=6207516 eps=109 min_eps=95 loads=[0;11;22;92;95] u=[3;3;3;1;1] guided(E=484.00,mk=109,t=0.47s)
inst_seed=6207516 eps=108 min_eps=95 loads=[0;11;22;92;95] u=[3;3;3;1;1] guided(E=484.00,mk=108,t=0.48s)
inst_seed=6207516 eps=107 min_eps=95 loads=[0;11;22;92;95] u=[3;3;3;1;1] guided(E=486.00,mk=107,t=0.47s)
inst_seed=6207516 eps=106 min_eps=95 loads=[0;11;22;92;95] u=[3;3;3;1;1] guided(E=488.00,mk=106,t=0.48s)
inst_seed=6207516 eps=105 min_eps=95 loads=[0;11;22;92;95] u=[3;3;3;1;1] guided(E=492.00,mk=105,t=0.46s)
inst_seed=6207516 eps=104 min_eps=95 loads=[0;11;22;92;95] u=[3;3;3;1;1] guided(E=496.00,mk=104,t=0.43s)
inst_seed=6207516 eps=103 min_eps=95 loads=[0;11;22;92;95] u=[3;3;3;1;1] guided(E=502.00,mk=103,t=0.39s)
inst_seed=6207516 eps=102 min_eps=95 loads=[0;11;22;92;95] u=[3;3;3;1;1] guided(E=508.00,mk=102,t=0.37s)
inst_seed=6207516 eps=101 min_eps=95 loads=[0;11;22;92;95] u=[3;3;3;1;1] guided(E=514.00,mk=101,t=0.36s)
inst_seed=6207516 eps=100 min_eps=95 loads=[0;11;22;92;95] u=[3;3;3;1;1] guided(E=520.00,mk=100,t=0.34s)
inst_seed=6207516 eps=99 min_eps=95 loads=[0;11;22;92;95] u=[3;3;3;1;1] guided(E=524.00,mk=99,t=0.31s)
inst_seed=6207516 eps=98 min_eps=95 loads=[0;11;22;92;95] u=[3;3;3;1;1] guided(E=528.00,mk=98,t=0.30s)
inst_seed=6207516 eps=97 min_eps=95 loads=[0;11;22;92;95] u=[3;3;3;1;1] guided(E=532.00,mk=97,t=0.28s)
inst_seed=6207516 eps=96 min_eps=95 loads=[0;11;22;92;95] u=[3;3;3;1;1] guided(E=536.00,mk=96,t=0.26s)
inst_seed=6207516 eps=95 min_eps=95 loads=[0;11;22;92;95] u=[3;3;3;1;1] guided(E=536.00,mk=95,t=0.25s)
inst_seed=6348526 eps=120 min_eps=114 loads=[39;48;114;45;44] u=[3;3;1;3;2] guided(E=977.00,mk=120,t=0.35s)
inst_seed=6348526 eps=119 min_eps=114 loads=[39;48;114;45;44] u=[3;3;1;3;2] guided(E=979.00,mk=119,t=0.33s)
inst_seed=6348526 eps=118 min_eps=114 loads=[39;48;114;45;44] u=[3;3;1;3;2] guided(E=981.00,mk=118,t=0.32s)
inst_seed=6348526 eps=117 min_eps=114 loads=[39;48;114;45;44] u=[3;3;1;3;2] guided(E=983.00,mk=117,t=0.32s)
inst_seed=6348526 eps=116 min_eps=114 loads=[39;48;114;45;44] u=[3;3;1;3;2] guided(E=985.00,mk=116,t=0.28s)
inst_seed=6348526 eps=115 min_eps=114 loads=[39;48;114;45;44] u=[3;3;1;3;2] guided(E=985.00,mk=115,t=0.27s)
inst_seed=6348526 eps=114 min_eps=114 loads=[39;48;114;45;44] u=[3;3;1;3;2] guided(E=985.00,mk=114,t=0.24s)
inst_seed=426981 eps=180 min_eps=122 loads=[96;16;0;6;122] u=[1;3;2;2;1] guided(E=452.00,mk=167,t=1.06s)
inst_seed=426981 eps=166 min_eps=122 loads=[96;16;0;6;122] u=[1;3;2;2;1] guided(E=456.00,mk=166,t=1.05s)
inst_seed=426981 eps=165 min_eps=122 loads=[96;16;0;6;122] u=[1;3;2;2;1] guided(E=454.00,mk=164,t=1.12s)
inst_seed=426981 eps=163 min_eps=122 loads=[96;16;0;6;122] u=[1;3;2;2;1] guided(E=458.00,mk=163,t=1.03s)
inst_seed=426981 eps=162 min_eps=122 loads=[96;16;0;6;122] u=[1;3;2;2;1] guided(E=458.00,mk=162,t=1.05s)
inst_seed=426981 eps=161 min_eps=122 loads=[96;16;0;6;122] u=[1;3;2;2;1] guided(E=460.00,mk=161,t=1.00s)
inst_seed=426981 eps=160 min_eps=122 loads=[96;16;0;6;122] u=[1;3;2;2;1] guided(E=460.00,mk=159,t=1.00s)
inst_seed=426981 eps=158 min_eps=122 loads=[96;16;0;6;122] u=[1;3;2;2;1] guided(E=462.00,mk=150,t=0.90s)
inst_seed=426981 eps=149 min_eps=122 loads=[96;16;0;6;122] u=[1;3;2;2;1] guided(E=486.00,mk=149,t=0.93s)
inst_seed=426981 eps=148 min_eps=122 loads=[96;16;0;6;122] u=[1;3;2;2;1] guided(E=488.00,mk=148,t=0.91s)
inst_seed=426981 eps=147 min_eps=122 loads=[96;16;0;6;122] u=[1;3;2;2;1] guided(E=488.00,mk=147,t=0.94s)
inst_seed=426981 eps=146 min_eps=122 loads=[96;16;0;6;122] u=[1;3;2;2;1] guided(E=488.00,mk=146,t=0.88s)
inst_seed=426981 eps=145 min_eps=122 loads=[96;16;0;6;122] u=[1;3;2;2;1] guided(E=490.00,mk=145,t=0.91s)
inst_seed=426981 eps=144 min_eps=122 loads=[96;16;0;6;122] u=[1;3;2;2;1] guided(E=486.00,mk=144,t=0.91s)
inst_seed=426981 eps=143 min_eps=122 loads=[96;16;0;6;122] u=[1;3;2;2;1] guided(E=484.00,mk=143,t=0.86s)
inst_seed=426981 eps=142 min_eps=122 loads=[96;16;0;6;122] u=[1;3;2;2;1] guided(E=482.00,mk=142,t=0.87s)
inst_seed=426981 eps=141 min_eps=122 loads=[96;16;0;6;122] u=[1;3;2;2;1] guided(E=484.00,mk=141,t=0.83s)
inst_seed=426981 eps=140 min_eps=122 loads=[96;16;0;6;122] u=[1;3;2;2;1] guided(E=488.00,mk=140,t=0.82s)
inst_seed=426981 eps=139 min_eps=122 loads=[96;16;0;6;122] u=[1;3;2;2;1] guided(E=490.00,mk=139,t=0.82s)
inst_seed=426981 eps=138 min_eps=122 loads=[96;16;0;6;122] u=[1;3;2;2;1] guided(E=492.00,mk=138,t=0.80s)
inst_seed=426981 eps=137 min_eps=122 loads=[96;16;0;6;122] u=[1;3;2;2;1] guided(E=494.00,mk=137,t=0.79s)
inst_seed=426981 eps=136 min_eps=122 loads=[96;16;0;6;122] u=[1;3;2;2;1] guided(E=496.00,mk=136,t=0.78s)
inst_seed=426981 eps=135 min_eps=122 loads=[96;16;0;6;122] u=[1;3;2;2;1] guided(E=496.00,mk=135,t=0.81s)
inst_seed=426981 eps=134 min_eps=122 loads=[96;16;0;6;122] u=[1;3;2;2;1] guided(E=498.00,mk=134,t=0.68s)
inst_seed=426981 eps=133 min_eps=122 loads=[96;16;0;6;122] u=[1;3;2;2;1] guided(E=504.00,mk=133,t=0.76s)
inst_seed=426981 eps=132 min_eps=122 loads=[96;16;0;6;122] u=[1;3;2;2;1] guided(E=504.00,mk=132,t=0.73s)
inst_seed=426981 eps=131 min_eps=122 loads=[96;16;0;6;122] u=[1;3;2;2;1] guided(E=504.00,mk=131,t=0.74s)
inst_seed=426981 eps=130 min_eps=122 loads=[96;16;0;6;122] u=[1;3;2;2;1] guided(E=502.00,mk=130,t=0.71s)
inst_seed=426981 eps=129 min_eps=122 loads=[96;16;0;6;122] u=[1;3;2;2;1] guided(E=502.00,mk=129,t=0.66s)
inst_seed=426981 eps=128 min_eps=122 loads=[96;16;0;6;122] u=[1;3;2;2;1] guided(E=504.00,mk=128,t=0.69s)
inst_seed=426981 eps=127 min_eps=122 loads=[96;16;0;6;122] u=[1;3;2;2;1] guided(E=506.00,mk=127,t=0.69s)
inst_seed=426981 eps=126 min_eps=122 loads=[96;16;0;6;122] u=[1;3;2;2;1] guided(E=508.00,mk=126,t=0.66s)
inst_seed=426981 eps=125 min_eps=122 loads=[96;16;0;6;122] u=[1;3;2;2;1] guided(E=510.00,mk=125,t=0.65s)
inst_seed=426981 eps=124 min_eps=122 loads=[96;16;0;6;122] u=[1;3;2;2;1] guided(E=512.00,mk=124,t=0.62s)
inst_seed=426981 eps=123 min_eps=122 loads=[96;16;0;6;122] u=[1;3;2;2;1] guided(E=516.00,mk=123,t=0.60s)
inst_seed=426981 eps=122 min_eps=122 loads=[96;16;0;6;122] u=[1;3;2;2;1] guided(E=520.00,mk=122,t=0.56s)
inst_seed=1853050 eps=200 min_eps=110 loads=[23;62;42;21;110] u=[3;3;3;3;2] guided(E=1053.00,mk=184,t=0.83s)
inst_seed=1853050 eps=183 min_eps=110 loads=[23;62;42;21;110] u=[3;3;3;3;2] guided(E=1055.00,mk=183,t=0.81s)
inst_seed=1853050 eps=182 min_eps=110 loads=[23;62;42;21;110] u=[3;3;3;3;2] guided(E=1057.00,mk=182,t=0.80s)
inst_seed=1853050 eps=181 min_eps=110 loads=[23;62;42;21;110] u=[3;3;3;3;2] guided(E=1059.00,mk=181,t=0.80s)
inst_seed=1853050 eps=180 min_eps=110 loads=[23;62;42;21;110] u=[3;3;3;3;2] guided(E=1061.00,mk=164,t=0.77s)
inst_seed=1853050 eps=163 min_eps=110 loads=[23;62;42;21;110] u=[3;3;3;3;2] guided(E=1063.00,mk=163,t=0.81s)
inst_seed=1853050 eps=162 min_eps=110 loads=[23;62;42;21;110] u=[3;3;3;3;2] guided(E=1065.00,mk=162,t=0.77s)
inst_seed=1853050 eps=161 min_eps=110 loads=[23;62;42;21;110] u=[3;3;3;3;2] guided(E=1067.00,mk=161,t=0.76s)
inst_seed=1853050 eps=160 min_eps=110 loads=[23;62;42;21;110] u=[3;3;3;3;2] guided(E=1069.00,mk=144,t=0.72s)
inst_seed=1853050 eps=143 min_eps=110 loads=[23;62;42;21;110] u=[3;3;3;3;2] guided(E=1071.00,mk=143,t=0.70s)
inst_seed=1853050 eps=142 min_eps=110 loads=[23;62;42;21;110] u=[3;3;3;3;2] guided(E=1073.00,mk=142,t=0.70s)
inst_seed=1853050 eps=141 min_eps=110 loads=[23;62;42;21;110] u=[3;3;3;3;2] guided(E=1075.00,mk=141,t=0.68s)
inst_seed=1853050 eps=140 min_eps=110 loads=[23;62;42;21;110] u=[3;3;3;3;2] guided(E=1077.00,mk=139,t=0.70s)
inst_seed=1853050 eps=138 min_eps=110 loads=[23;62;42;21;110] u=[3;3;3;3;2] guided(E=1081.00,mk=138,t=0.66s)
inst_seed=1853050 eps=137 min_eps=110 loads=[23;62;42;21;110] u=[3;3;3;3;2] guided(E=1085.00,mk=132,t=0.65s)
inst_seed=1853050 eps=131 min_eps=110 loads=[23;62;42;21;110] u=[3;3;3;3;2] guided(E=1133.00,mk=131,t=0.54s)
inst_seed=1853050 eps=130 min_eps=110 loads=[23;62;42;21;110] u=[3;3;3;3;2] guided(E=1133.00,mk=130,t=0.54s)
inst_seed=1853050 eps=129 min_eps=110 loads=[23;62;42;21;110] u=[3;3;3;3;2] guided(E=1129.00,mk=129,t=0.50s)
inst_seed=1853050 eps=128 min_eps=110 loads=[23;62;42;21;110] u=[3;3;3;3;2] guided(E=1125.00,mk=128,t=0.54s)
inst_seed=1853050 eps=127 min_eps=110 loads=[23;62;42;21;110] u=[3;3;3;3;2] guided(E=1121.00,mk=127,t=0.58s)
inst_seed=1853050 eps=126 min_eps=110 loads=[23;62;42;21;110] u=[3;3;3;3;2] guided(E=1121.00,mk=126,t=0.53s)
inst_seed=1853050 eps=125 min_eps=110 loads=[23;62;42;21;110] u=[3;3;3;3;2] guided(E=1117.00,mk=125,t=0.54s)
inst_seed=1853050 eps=124 min_eps=110 loads=[23;62;42;21;110] u=[3;3;3;3;2] guided(E=1117.00,mk=124,t=0.53s)
inst_seed=1853050 eps=123 min_eps=110 loads=[23;62;42;21;110] u=[3;3;3;3;2] guided(E=1123.00,mk=123,t=0.55s)
inst_seed=1853050 eps=122 min_eps=110 loads=[23;62;42;21;110] u=[3;3;3;3;2] guided(E=1129.00,mk=122,t=0.54s)
inst_seed=1853050 eps=121 min_eps=110 loads=[23;62;42;21;110] u=[3;3;3;3;2] guided(E=1138.00,mk=121,t=0.53s)
inst_seed=1853050 eps=120 min_eps=110 loads=[23;62;42;21;110] u=[3;3;3;3;2] guided(E=1147.00,mk=120,t=0.51s)
inst_seed=1853050 eps=119 min_eps=110 loads=[23;62;42;21;110] u=[3;3;3;3;2] guided(E=1151.00,mk=119,t=0.49s)
inst_seed=1853050 eps=118 min_eps=110 loads=[23;62;42;21;110] u=[3;3;3;3;2] guided(E=1155.00,mk=118,t=0.46s)
inst_seed=1853050 eps=117 min_eps=110 loads=[23;62;42;21;110] u=[3;3;3;3;2] guided(E=1159.00,mk=117,t=0.45s)
inst_seed=1853050 eps=116 min_eps=110 loads=[23;62;42;21;110] u=[3;3;3;3;2] guided(E=1163.00,mk=116,t=0.44s)
inst_seed=1853050 eps=115 min_eps=110 loads=[23;62;42;21;110] u=[3;3;3;3;2] guided(E=1163.00,mk=115,t=0.41s)
inst_seed=1853050 eps=114 min_eps=110 loads=[23;62;42;21;110] u=[3;3;3;3;2] guided(E=1163.00,mk=114,t=0.39s)
inst_seed=1853050 eps=113 min_eps=110 loads=[23;62;42;21;110] u=[3;3;3;3;2] guided(E=1163.00,mk=113,t=0.38s)
inst_seed=1853050 eps=112 min_eps=110 loads=[23;62;42;21;110] u=[3;3;3;3;2] guided(E=1163.00,mk=112,t=0.36s)
inst_seed=1853050 eps=111 min_eps=110 loads=[23;62;42;21;110] u=[3;3;3;3;2] guided(E=1167.00,mk=111,t=0.34s)
inst_seed=1853050 eps=110 min_eps=110 loads=[23;62;42;21;110] u=[3;3;3;3;2] guided(E=1171.00,mk=110,t=0.32s)
Wrote PaST/logs/epsilon_nl_LONG_3_medium_varND_guided.csv
