[SingleMachinePeriodEnv v1.1-SM] Loading single-machine period-aware environment...
[pool] === TRAINING PHASE ===
[pool] Model type: linear
[pool] Instance params: D=6, N=30, pmax=3
[pool] Train seeds: 0-49 (50 instances)
[pool] Samples per instance: 3000
[pool] Features: spec=FeatureSpec(include_per_class_counts=False, include_per_class_now_cost=False, include_bins=True, normalize=True)
[pool] normalize_labels=True
[pool] Workers: 128
[pool] Collecting data with 128 parallel workers...
[pool] collected 1/50 instances (3000 samples)
[pool] collected 2/50 instances (3000 samples)
[pool] collected 3/50 instances (3000 samples)
[pool] collected 4/50 instances (3000 samples)
[pool] collected 5/50 instances (3000 samples)
[pool] collected 6/50 instances (3000 samples)
[pool] collected 7/50 instances (3000 samples)
[pool] collected 8/50 instances (3000 samples)
[pool] collected 9/50 instances (3000 samples)
[pool] collected 10/50 instances (3000 samples)
[pool] collected 11/50 instances (3000 samples)
[pool] collected 12/50 instances (3000 samples)
[pool] collected 13/50 instances (3000 samples)
[pool] collected 14/50 instances (3000 samples)
[pool] collected 15/50 instances (3000 samples)
[pool] collected 16/50 instances (3000 samples)
[pool] collected 17/50 instances (3000 samples)
[pool] collected 18/50 instances (3000 samples)
[pool] collected 19/50 instances (3000 samples)
[pool] collected 20/50 instances (3000 samples)
[pool] collected 21/50 instances (3000 samples)
[pool] collected 22/50 instances (3000 samples)
[pool] collected 23/50 instances (3000 samples)
[pool] collected 24/50 instances (3000 samples)
[pool] collected 25/50 instances (3000 samples)
[pool] collected 26/50 instances (3000 samples)
[pool] collected 27/50 instances (3000 samples)
[pool] collected 28/50 instances (3000 samples)
[pool] collected 29/50 instances (3000 samples)
[pool] collected 30/50 instances (3000 samples)
[pool] collected 31/50 instances (3000 samples)
[pool] collected 32/50 instances (3000 samples)
[pool] collected 33/50 instances (3000 samples)
[pool] collected 34/50 instances (3000 samples)
[pool] collected 35/50 instances (3000 samples)
[pool] collected 36/50 instances (3000 samples)
[pool] collected 37/50 instances (3000 samples)
[pool] collected 38/50 instances (3000 samples)
[pool] collected 39/50 instances (3000 samples)
[pool] collected 40/50 instances (3000 samples)
[pool] collected 41/50 instances (3000 samples)
[pool] collected 42/50 instances (3000 samples)
[pool] collected 43/50 instances (3000 samples)
[pool] collected 44/50 instances (3000 samples)
[pool] collected 45/50 instances (3000 samples)
[pool] collected 46/50 instances (3000 samples)
[pool] collected 47/50 instances (3000 samples)
[pool] collected 48/50 instances (3000 samples)
[pool] collected 49/50 instances (3000 samples)
[pool] collected 50/50 instances (3000 samples)
[pool] Data collection: 150000 samples in 22.9s
[pool] Top-10 weights:
    #1 feat[13] w=-1.938789
    #2 feat[15] w=0.935028
    #3 feat[12] w=-0.638458
    #4 feat[9] w=0.330265
    #5 feat[8] w=0.310715
    #6 feat[0] w=-0.117248
    #7 feat[3] w=-0.048115
    #8 feat[16] w=-0.044983
    #9 feat[2] w=-0.038722
    #10 feat[6] w=-0.032342

[pool] === TRAINING RESULTS ===
[pool] Model: linear
[pool] Pooled samples: 150000 (from 50 instances)
[pool] feat_dim=18
[pool] R2_train=0.9841  R2_test=0.9841
[pool] MAE_train=0.0166  MAE_test=0.0163
[pool] Data collection: 22.9s  Model fitting: 0.0s
[pool] Total training time: 22.9s
[pool] Model saved to PaST/models/vhat_pooled_small_nl.npz (type=linear)

[pool] === EVALUATION PHASE ===
[pool] Eval params: D=6, N=30, pmax=3
[pool] Eval seeds: 100-129 (30 instances)
[pool] Beams: [2, 3]
seed=100 beam=2 exact=100.0 L=102.0 Z=135.0 P=106.0 gapL=2.00% gapZ=35.00% gapP=6.00% t_exact=0.035s tL=0.026s
seed=100 beam=3 exact=100.0 L=101.0 Z=134.0 P=105.0 gapL=1.00% gapZ=34.00% gapP=5.00% t_exact=0.035s tL=0.025s
seed=101 beam=2 exact=102.0 L=104.0 Z=137.0 P=108.0 gapL=1.96% gapZ=34.31% gapP=5.88% t_exact=0.021s tL=0.017s
seed=101 beam=3 exact=102.0 L=103.0 Z=136.0 P=107.0 gapL=0.98% gapZ=33.33% gapP=4.90% t_exact=0.021s tL=0.021s
seed=102 beam=2 exact=96.0 L=98.0 Z=131.0 P=102.0 gapL=2.08% gapZ=36.46% gapP=6.25% t_exact=0.022s tL=0.015s
seed=102 beam=3 exact=96.0 L=97.0 Z=132.0 P=101.0 gapL=1.04% gapZ=37.50% gapP=5.21% t_exact=0.022s tL=0.019s
seed=103 beam=2 exact=88.0 L=90.0 Z=127.0 P=94.0 gapL=2.27% gapZ=44.32% gapP=6.82% t_exact=0.021s tL=0.014s
seed=103 beam=3 exact=88.0 L=90.0 Z=126.0 P=94.0 gapL=2.27% gapZ=43.18% gapP=6.82% t_exact=0.021s tL=0.018s
seed=104 beam=2 exact=102.0 L=104.0 Z=137.0 P=108.0 gapL=1.96% gapZ=34.31% gapP=5.88% t_exact=0.022s tL=0.017s
seed=104 beam=3 exact=102.0 L=103.0 Z=136.0 P=107.0 gapL=0.98% gapZ=33.33% gapP=4.90% t_exact=0.022s tL=0.021s
seed=105 beam=2 exact=88.0 L=90.0 Z=127.0 P=94.0 gapL=2.27% gapZ=44.32% gapP=6.82% t_exact=0.021s tL=0.014s
seed=105 beam=3 exact=88.0 L=90.0 Z=126.0 P=94.0 gapL=2.27% gapZ=43.18% gapP=6.82% t_exact=0.021s tL=0.018s
seed=106 beam=2 exact=72.0 L=79.0 Z=109.0 P=82.0 gapL=9.72% gapZ=51.39% gapP=13.89% t_exact=0.017s tL=0.012s
seed=106 beam=3 exact=72.0 L=76.0 Z=106.0 P=82.0 gapL=5.56% gapZ=47.22% gapP=13.89% t_exact=0.017s tL=0.016s
seed=107 beam=2 exact=94.0 L=96.0 Z=131.0 P=100.0 gapL=2.13% gapZ=39.36% gapP=6.38% t_exact=0.022s tL=0.015s
seed=107 beam=3 exact=94.0 L=96.0 Z=131.0 P=99.0 gapL=2.13% gapZ=39.36% gapP=5.32% t_exact=0.022s tL=0.019s
seed=108 beam=2 exact=86.0 L=88.0 Z=125.0 P=92.0 gapL=2.33% gapZ=45.35% gapP=6.98% t_exact=0.021s tL=0.013s
seed=108 beam=3 exact=86.0 L=88.0 Z=124.0 P=91.0 gapL=2.33% gapZ=44.19% gapP=5.81% t_exact=0.021s tL=0.018s
seed=109 beam=2 exact=94.0 L=96.0 Z=130.0 P=100.0 gapL=2.13% gapZ=38.30% gapP=6.38% t_exact=0.021s tL=0.015s
seed=109 beam=3 exact=94.0 L=96.0 Z=131.0 P=100.0 gapL=2.13% gapZ=39.36% gapP=6.38% t_exact=0.021s tL=0.019s
seed=110 beam=2 exact=102.0 L=104.0 Z=137.0 P=108.0 gapL=1.96% gapZ=34.31% gapP=5.88% t_exact=0.021s tL=0.016s
seed=110 beam=3 exact=102.0 L=104.0 Z=136.0 P=108.0 gapL=1.96% gapZ=33.33% gapP=5.88% t_exact=0.021s tL=0.021s
seed=111 beam=2 exact=100.0 L=102.0 Z=135.0 P=106.0 gapL=2.00% gapZ=35.00% gapP=6.00% t_exact=0.022s tL=0.016s
seed=111 beam=3 exact=100.0 L=101.0 Z=134.0 P=105.0 gapL=1.00% gapZ=34.00% gapP=5.00% t_exact=0.022s tL=0.021s
seed=112 beam=2 exact=102.0 L=104.0 Z=137.0 P=108.0 gapL=1.96% gapZ=34.31% gapP=5.88% t_exact=0.019s tL=0.017s
seed=112 beam=3 exact=102.0 L=103.0 Z=136.0 P=107.0 gapL=0.98% gapZ=33.33% gapP=4.90% t_exact=0.019s tL=0.021s
seed=113 beam=2 exact=80.0 L=83.0 Z=119.0 P=87.0 gapL=3.75% gapZ=48.75% gapP=8.75% t_exact=0.019s tL=0.014s
seed=113 beam=3 exact=80.0 L=84.0 Z=118.0 P=87.0 gapL=5.00% gapZ=47.50% gapP=8.75% t_exact=0.019s tL=0.017s
seed=114 beam=2 exact=90.0 L=92.0 Z=128.0 P=96.0 gapL=2.22% gapZ=42.22% gapP=6.67% t_exact=0.021s tL=0.015s
seed=114 beam=3 exact=90.0 L=91.0 Z=128.0 P=96.0 gapL=1.11% gapZ=42.22% gapP=6.67% t_exact=0.021s tL=0.018s
seed=115 beam=2 exact=80.0 L=83.0 Z=119.0 P=87.0 gapL=3.75% gapZ=48.75% gapP=8.75% t_exact=0.019s tL=0.014s
seed=115 beam=3 exact=80.0 L=84.0 Z=116.0 P=87.0 gapL=5.00% gapZ=45.00% gapP=8.75% t_exact=0.019s tL=0.017s
seed=116 beam=2 exact=94.0 L=96.0 Z=130.0 P=100.0 gapL=2.13% gapZ=38.30% gapP=6.38% t_exact=0.021s tL=0.015s
seed=116 beam=3 exact=94.0 L=96.0 Z=131.0 P=100.0 gapL=2.13% gapZ=39.36% gapP=6.38% t_exact=0.021s tL=0.020s
seed=117 beam=2 exact=90.0 L=92.0 Z=128.0 P=96.0 gapL=2.22% gapZ=42.22% gapP=6.67% t_exact=0.021s tL=0.014s
seed=117 beam=3 exact=90.0 L=91.0 Z=128.0 P=96.0 gapL=1.11% gapZ=42.22% gapP=6.67% t_exact=0.021s tL=0.019s
seed=118 beam=2 exact=98.0 L=100.0 Z=133.0 P=104.0 gapL=2.04% gapZ=35.71% gapP=6.12% t_exact=0.022s tL=0.015s
seed=118 beam=3 exact=98.0 L=100.0 Z=133.0 P=103.0 gapL=2.04% gapZ=35.71% gapP=5.10% t_exact=0.022s tL=0.020s
seed=119 beam=2 exact=98.0 L=100.0 Z=133.0 P=104.0 gapL=2.04% gapZ=35.71% gapP=6.12% t_exact=0.021s tL=0.015s
seed=119 beam=3 exact=98.0 L=100.0 Z=133.0 P=103.0 gapL=2.04% gapZ=35.71% gapP=5.10% t_exact=0.021s tL=0.020s
seed=120 beam=2 exact=86.0 L=88.0 Z=125.0 P=92.0 gapL=2.33% gapZ=45.35% gapP=6.98% t_exact=0.019s tL=0.014s
seed=120 beam=3 exact=86.0 L=88.0 Z=124.0 P=92.0 gapL=2.33% gapZ=44.19% gapP=6.98% t_exact=0.019s tL=0.017s
seed=121 beam=2 exact=94.0 L=96.0 Z=131.0 P=100.0 gapL=2.13% gapZ=39.36% gapP=6.38% t_exact=0.021s tL=0.015s
seed=121 beam=3 exact=94.0 L=96.0 Z=131.0 P=99.0 gapL=2.13% gapZ=39.36% gapP=5.32% t_exact=0.021s tL=0.020s
seed=122 beam=2 exact=86.0 L=88.0 Z=125.0 P=92.0 gapL=2.33% gapZ=45.35% gapP=6.98% t_exact=0.021s tL=0.014s
seed=122 beam=3 exact=86.0 L=88.0 Z=124.0 P=91.0 gapL=2.33% gapZ=44.19% gapP=5.81% t_exact=0.021s tL=0.018s
seed=123 beam=2 exact=94.0 L=96.0 Z=130.0 P=100.0 gapL=2.13% gapZ=38.30% gapP=6.38% t_exact=0.021s tL=0.015s
seed=123 beam=3 exact=94.0 L=96.0 Z=131.0 P=100.0 gapL=2.13% gapZ=39.36% gapP=6.38% t_exact=0.021s tL=0.020s
seed=124 beam=2 exact=112.0 L=112.0 Z=153.0 P=116.0 gapL=0.00% gapZ=36.61% gapP=3.57% t_exact=0.020s tL=0.018s
seed=124 beam=3 exact=112.0 L=112.0 Z=150.0 P=115.0 gapL=0.00% gapZ=33.93% gapP=2.68% t_exact=0.020s tL=0.024s
seed=125 beam=2 exact=90.0 L=92.0 Z=128.0 P=96.0 gapL=2.22% gapZ=42.22% gapP=6.67% t_exact=0.021s tL=0.014s
seed=125 beam=3 exact=90.0 L=91.0 Z=128.0 P=96.0 gapL=1.11% gapZ=42.22% gapP=6.67% t_exact=0.021s tL=0.018s
seed=126 beam=2 exact=90.0 L=93.0 Z=128.0 P=96.0 gapL=3.33% gapZ=42.22% gapP=6.67% t_exact=0.019s tL=0.014s
seed=126 beam=3 exact=90.0 L=91.0 Z=126.0 P=96.0 gapL=1.11% gapZ=40.00% gapP=6.67% t_exact=0.019s tL=0.019s
seed=127 beam=2 exact=94.0 L=96.0 Z=131.0 P=100.0 gapL=2.13% gapZ=39.36% gapP=6.38% t_exact=0.021s tL=0.015s
seed=127 beam=3 exact=94.0 L=96.0 Z=131.0 P=99.0 gapL=2.13% gapZ=39.36% gapP=5.32% t_exact=0.021s tL=0.019s
seed=128 beam=2 exact=104.0 L=106.0 Z=139.0 P=110.0 gapL=1.92% gapZ=33.65% gapP=5.77% t_exact=0.021s tL=0.016s
seed=128 beam=3 exact=104.0 L=105.0 Z=138.0 P=110.0 gapL=0.96% gapZ=32.69% gapP=5.77% t_exact=0.021s tL=0.021s
seed=129 beam=2 exact=116.0 L=116.0 Z=159.0 P=118.0 gapL=0.00% gapZ=37.07% gapP=1.72% t_exact=0.018s tL=0.018s
seed=129 beam=3 exact=116.0 L=116.0 Z=158.0 P=118.0 gapL=0.00% gapZ=36.21% gapP=1.72% t_exact=0.018s tL=0.024s

[pool] === SUMMARY ===
beam=  2  n= 30  gapL=  2.38%/  2.13%  gapZ= 39.93%/ 38.83%  gapP=  6.53%/  6.38%  speedL=1.39x
beam=  3  n= 30  gapL=  1.91%/  2.04%  gapZ= 39.15%/ 39.36%  gapP=  6.05%/  5.81%  speedL=1.08x

[pool] Overall: gapL=2.15%  gapZ=39.54%  gapP=6.29%
[pool] Train time: 22.9s (amortized over 30 eval instances)
[pool] CSV: PaST/logs/pooled_nl_1_same_small.csv
