[SingleMachinePeriodEnv v1.1-SM] Loading single-machine period-aware environment...
[pool] === TRAINING PHASE ===
[pool] Model type: linear
[pool] Instance params: D=8, N=35, pmax=5
[pool] Train seeds: 0-49 (50 instances)
[pool] Samples per instance: 4000
[pool] Features: spec=FeatureSpec(include_per_class_counts=False, include_per_class_now_cost=False, include_bins=True, normalize=True)
[pool] normalize_labels=True
[pool] Workers: 8
[pool] Collecting data with 8 parallel workers...
[pool] collected 1/50 instances (4000 samples)
[pool] collected 2/50 instances (4000 samples)
[pool] collected 3/50 instances (4000 samples)
[pool] collected 4/50 instances (4000 samples)
[pool] collected 5/50 instances (4000 samples)
[pool] collected 6/50 instances (4000 samples)
[pool] collected 7/50 instances (4000 samples)
[pool] collected 8/50 instances (4000 samples)
[pool] collected 9/50 instances (4000 samples)
[pool] collected 10/50 instances (4000 samples)
[pool] collected 11/50 instances (4000 samples)
[pool] collected 12/50 instances (4000 samples)
[pool] collected 13/50 instances (4000 samples)
[pool] collected 14/50 instances (4000 samples)
[pool] collected 15/50 instances (4000 samples)
[pool] collected 16/50 instances (4000 samples)
[pool] collected 17/50 instances (4000 samples)
[pool] collected 18/50 instances (4000 samples)
[pool] collected 19/50 instances (4000 samples)
[pool] collected 20/50 instances (4000 samples)
[pool] collected 21/50 instances (4000 samples)
[pool] collected 22/50 instances (4000 samples)
[pool] collected 23/50 instances (4000 samples)
[pool] collected 24/50 instances (4000 samples)
[pool] collected 25/50 instances (4000 samples)
[pool] collected 26/50 instances (4000 samples)
[pool] collected 27/50 instances (4000 samples)
[pool] collected 28/50 instances (4000 samples)
[pool] collected 29/50 instances (4000 samples)
[pool] collected 30/50 instances (4000 samples)
[pool] collected 31/50 instances (4000 samples)
[pool] collected 32/50 instances (4000 samples)
[pool] collected 33/50 instances (4000 samples)
[pool] collected 34/50 instances (4000 samples)
[pool] collected 35/50 instances (4000 samples)
[pool] collected 36/50 instances (4000 samples)
[pool] collected 37/50 instances (4000 samples)
[pool] collected 38/50 instances (4000 samples)
[pool] collected 39/50 instances (4000 samples)
[pool] collected 40/50 instances (4000 samples)
[pool] collected 41/50 instances (4000 samples)
[pool] collected 42/50 instances (4000 samples)
[pool] collected 43/50 instances (4000 samples)
[pool] collected 44/50 instances (4000 samples)
[pool] collected 45/50 instances (4000 samples)
[pool] collected 46/50 instances (4000 samples)
[pool] collected 47/50 instances (4000 samples)
[pool] collected 48/50 instances (4000 samples)
[pool] collected 49/50 instances (4000 samples)
[pool] collected 50/50 instances (4000 samples)
[pool] Data collection: 200000 samples in 581.2s
[pool] Top-10 weights:
    #1 feat[13] w=-2.039146
    #2 feat[15] w=1.028745
    #3 feat[12] w=-0.716656
    #4 feat[9] w=0.370736
    #5 feat[8] w=0.370132
    #6 feat[0] w=-0.175698
    #7 feat[6] w=-0.083828
    #8 feat[3] w=-0.064436
    #9 feat[2] w=-0.057897
    #10 feat[17] w=-0.057266

[pool] === TRAINING RESULTS ===
[pool] Model: linear
[pool] Pooled samples: 200000 (from 50 instances)
[pool] feat_dim=18
[pool] R2_train=0.9856  R2_test=0.9857
[pool] MAE_train=0.0163  MAE_test=0.0164
[pool] Data collection: 581.2s  Model fitting: 0.0s
[pool] Total training time: 581.2s
[pool] Model saved to ADP/models/mixed_models/vhat_linear.npz (type=linear)

[pool] === EVALUATION PHASE ===
[pool] Eval params: D=12, N=40, pmax=5
[pool] Eval seeds: 300-319 (20 instances)
[pool] Beams: [2, 5]
seed=300 beam=2 exact=212.0 L=222.0 Z=291.0 P=224.0 gapL=4.72% gapZ=37.26% gapP=5.66% t_exact=1.615s tL=0.051s
seed=300 beam=5 exact=212.0 L=220.0 Z=287.0 P=223.0 gapL=3.77% gapZ=35.38% gapP=5.19% t_exact=1.615s tL=0.106s
seed=301 beam=2 exact=196.0 L=206.0 Z=267.0 P=210.0 gapL=5.10% gapZ=36.22% gapP=7.14% t_exact=1.676s tL=0.043s
seed=301 beam=5 exact=196.0 L=205.0 Z=266.0 P=209.0 gapL=4.59% gapZ=35.71% gapP=6.63% t_exact=1.676s tL=0.098s
seed=302 beam=2 exact=196.0 L=206.0 Z=267.0 P=210.0 gapL=5.10% gapZ=36.22% gapP=7.14% t_exact=1.760s tL=0.043s
seed=302 beam=5 exact=196.0 L=205.0 Z=266.0 P=208.0 gapL=4.59% gapZ=35.71% gapP=6.12% t_exact=1.760s tL=0.141s
seed=303 beam=2 exact=212.0 L=222.0 Z=291.0 P=224.0 gapL=4.72% gapZ=37.26% gapP=5.66% t_exact=1.391s tL=0.048s
seed=303 beam=5 exact=212.0 L=220.0 Z=287.0 P=223.0 gapL=3.77% gapZ=35.38% gapP=5.19% t_exact=1.391s tL=0.107s
seed=304 beam=2 exact=180.0 L=194.0 Z=255.0 P=197.0 gapL=7.78% gapZ=41.67% gapP=9.44% t_exact=1.130s tL=0.040s
seed=304 beam=5 exact=180.0 L=192.0 Z=253.0 P=196.0 gapL=6.67% gapZ=40.56% gapP=8.89% t_exact=1.130s tL=0.090s
seed=305 beam=2 exact=158.0 L=173.0 Z=225.0 P=176.0 gapL=9.49% gapZ=42.41% gapP=11.39% t_exact=1.267s tL=0.034s
seed=305 beam=5 exact=158.0 L=173.0 Z=223.0 P=174.0 gapL=9.49% gapZ=41.14% gapP=10.13% t_exact=1.267s tL=0.077s
seed=306 beam=2 exact=168.0 L=182.0 Z=241.0 P=186.0 gapL=8.33% gapZ=43.45% gapP=10.71% t_exact=1.472s tL=0.039s
seed=306 beam=5 exact=168.0 L=181.0 Z=235.0 P=184.0 gapL=7.74% gapZ=39.88% gapP=9.52% t_exact=1.472s tL=0.086s
seed=307 beam=2 exact=228.0 L=234.0 Z=306.0 P=238.0 gapL=2.63% gapZ=34.21% gapP=4.39% t_exact=1.283s tL=0.049s
seed=307 beam=5 exact=228.0 L=233.0 Z=305.0 P=237.0 gapL=2.19% gapZ=33.77% gapP=3.95% t_exact=1.283s tL=0.111s
seed=308 beam=2 exact=198.0 L=208.0 Z=269.0 P=212.0 gapL=5.05% gapZ=35.86% gapP=7.07% t_exact=1.427s tL=0.044s
seed=308 beam=5 exact=198.0 L=206.0 Z=267.0 P=210.0 gapL=4.04% gapZ=34.85% gapP=6.06% t_exact=1.427s tL=0.099s
seed=309 beam=2 exact=184.0 L=198.0 Z=259.0 P=199.0 gapL=7.61% gapZ=40.76% gapP=8.15% t_exact=1.570s tL=0.043s
seed=309 beam=5 exact=184.0 L=197.0 Z=257.0 P=199.0 gapL=7.07% gapZ=39.67% gapP=8.15% t_exact=1.570s tL=0.094s
seed=310 beam=2 exact=178.0 L=192.0 Z=253.0 P=196.0 gapL=7.87% gapZ=42.13% gapP=10.11% t_exact=1.434s tL=0.039s
seed=310 beam=5 exact=178.0 L=191.0 Z=251.0 P=195.0 gapL=7.30% gapZ=41.01% gapP=9.55% t_exact=1.434s tL=0.088s
seed=311 beam=2 exact=156.0 L=172.0 Z=223.0 P=174.0 gapL=10.26% gapZ=42.95% gapP=11.54% t_exact=1.071s tL=0.036s
seed=311 beam=5 exact=156.0 L=171.0 Z=222.0 P=173.0 gapL=9.62% gapZ=42.31% gapP=10.90% t_exact=1.071s tL=0.081s
seed=312 beam=2 exact=184.0 L=198.0 Z=259.0 P=199.0 gapL=7.61% gapZ=40.76% gapP=8.15% t_exact=1.727s tL=0.042s
seed=312 beam=5 exact=184.0 L=197.0 Z=257.0 P=199.0 gapL=7.07% gapZ=39.67% gapP=8.15% t_exact=1.727s tL=0.094s
seed=313 beam=2 exact=216.0 L=226.0 Z=295.0 P=226.0 gapL=4.63% gapZ=36.57% gapP=4.63% t_exact=1.611s tL=0.048s
seed=313 beam=5 exact=216.0 L=225.0 Z=293.0 P=227.0 gapL=4.17% gapZ=35.65% gapP=5.09% t_exact=1.611s tL=0.107s
seed=314 beam=2 exact=224.0 L=231.0 Z=303.0 P=234.0 gapL=3.12% gapZ=35.27% gapP=4.46% t_exact=1.251s tL=0.050s
seed=314 beam=5 exact=224.0 L=230.0 Z=301.0 P=233.0 gapL=2.68% gapZ=34.38% gapP=4.02% t_exact=1.251s tL=0.109s
seed=315 beam=2 exact=218.0 L=227.0 Z=297.0 P=228.0 gapL=4.13% gapZ=36.24% gapP=4.59% t_exact=1.215s tL=0.049s
seed=315 beam=5 exact=218.0 L=226.0 Z=295.0 P=228.0 gapL=3.67% gapZ=35.32% gapP=4.59% t_exact=1.215s tL=0.115s
seed=316 beam=2 exact=202.0 L=212.0 Z=273.0 P=216.0 gapL=4.95% gapZ=35.15% gapP=6.93% t_exact=1.816s tL=0.045s
seed=316 beam=5 exact=202.0 L=210.0 Z=271.0 P=214.0 gapL=3.96% gapZ=34.16% gapP=5.94% t_exact=1.816s tL=0.101s
seed=317 beam=2 exact=168.0 L=182.0 Z=241.0 P=186.0 gapL=8.33% gapZ=43.45% gapP=10.71% t_exact=1.316s tL=0.038s
seed=317 beam=5 exact=168.0 L=180.0 Z=235.0 P=184.0 gapL=7.14% gapZ=39.88% gapP=9.52% t_exact=1.316s tL=0.086s
seed=318 beam=2 exact=220.0 L=228.0 Z=299.0 P=230.0 gapL=3.64% gapZ=35.91% gapP=4.55% t_exact=1.449s tL=0.048s
seed=318 beam=5 exact=220.0 L=228.0 Z=297.0 P=229.0 gapL=3.64% gapZ=35.00% gapP=4.09% t_exact=1.449s tL=0.110s
seed=319 beam=2 exact=198.0 L=208.0 Z=269.0 P=212.0 gapL=5.05% gapZ=35.86% gapP=7.07% t_exact=0.707s tL=0.045s
seed=319 beam=5 exact=198.0 L=206.0 Z=267.0 P=210.0 gapL=4.04% gapZ=34.85% gapP=6.06% t_exact=0.707s tL=0.099s

[pool] === SUMMARY ===
beam=  2  n= 20  gapL=  6.01%/  5.08%  gapZ= 38.48%/ 36.92%  gapP=  7.48%/  7.11%  speedL=32.59x
beam=  5  n= 20  gapL=  5.36%/  4.38%  gapZ= 37.21%/ 35.68%  gapP=  6.89%/  6.09%  speedL=14.25x

[pool] Overall: gapL=5.68%  gapZ=37.85%  gapP=7.18%
[pool] Train time: 581.2s (amortized over 20 eval instances)
[pool] CSV: ADP/logs/mixed_models/eval_linear_same.csv

