[SingleMachinePeriodEnv v1.1-SM] Loading single-machine period-aware environment...
[pool] === TRAINING PHASE ===
[pool] Model type: mlp
[pool] Instance params: D=3 (range=(2, 4)), N=40 (range=(20, 60)), pmax=12
[pool] Train seeds: 0-99 (100 instances)
[pool] Samples per instance: 4000
[pool] Features: spec=FeatureSpec(include_per_class_counts=False, include_per_class_now_cost=False, include_bins=True, normalize=True)
[pool] normalize_labels=True
[pool] Workers: 128
[pool] Collecting data with 128 parallel workers...
[pool] collected 1/100 instances (4000 samples)
[pool] collected 2/100 instances (4000 samples)
[pool] collected 3/100 instances (4000 samples)
[pool] collected 4/100 instances (4000 samples)
[pool] collected 5/100 instances (4000 samples)
[pool] collected 6/100 instances (4000 samples)
[pool] collected 7/100 instances (4000 samples)
[pool] collected 8/100 instances (4000 samples)
[pool] collected 9/100 instances (4000 samples)
[pool] collected 10/100 instances (4000 samples)
[pool] collected 11/100 instances (4000 samples)
[pool] collected 12/100 instances (4000 samples)
[pool] collected 13/100 instances (4000 samples)
[pool] collected 14/100 instances (4000 samples)
[pool] collected 15/100 instances (4000 samples)
[pool] collected 16/100 instances (4000 samples)
[pool] collected 17/100 instances (4000 samples)
[pool] collected 18/100 instances (4000 samples)
[pool] collected 19/100 instances (4000 samples)
[pool] collected 20/100 instances (4000 samples)
[pool] collected 21/100 instances (4000 samples)
[pool] collected 22/100 instances (4000 samples)
[pool] collected 23/100 instances (4000 samples)
[pool] collected 24/100 instances (4000 samples)
[pool] collected 25/100 instances (4000 samples)
[pool] collected 26/100 instances (4000 samples)
[pool] collected 27/100 instances (4000 samples)
[pool] collected 28/100 instances (4000 samples)
[pool] collected 29/100 instances (4000 samples)
[pool] collected 30/100 instances (4000 samples)
[pool] collected 31/100 instances (4000 samples)
[pool] collected 32/100 instances (4000 samples)
[pool] collected 33/100 instances (4000 samples)
[pool] collected 34/100 instances (4000 samples)
[pool] collected 35/100 instances (4000 samples)
[pool] collected 36/100 instances (4000 samples)
[pool] collected 37/100 instances (4000 samples)
[pool] collected 38/100 instances (4000 samples)
[pool] collected 39/100 instances (4000 samples)
[pool] collected 40/100 instances (4000 samples)
[pool] collected 41/100 instances (4000 samples)
[pool] collected 42/100 instances (4000 samples)
[pool] collected 43/100 instances (4000 samples)
[pool] collected 44/100 instances (4000 samples)
[pool] collected 45/100 instances (4000 samples)
[pool] collected 46/100 instances (4000 samples)
[pool] collected 47/100 instances (4000 samples)
[pool] collected 48/100 instances (4000 samples)
[pool] collected 49/100 instances (4000 samples)
[pool] collected 50/100 instances (4000 samples)
[pool] collected 51/100 instances (4000 samples)
[pool] collected 52/100 instances (4000 samples)
[pool] collected 53/100 instances (4000 samples)
[pool] collected 54/100 instances (4000 samples)
[pool] collected 55/100 instances (4000 samples)
[pool] collected 56/100 instances (4000 samples)
[pool] collected 57/100 instances (4000 samples)
[pool] collected 58/100 instances (4000 samples)
[pool] collected 59/100 instances (4000 samples)
[pool] collected 60/100 instances (4000 samples)
[pool] collected 61/100 instances (4000 samples)
[pool] collected 62/100 instances (4000 samples)
[pool] collected 63/100 instances (4000 samples)
[pool] collected 64/100 instances (4000 samples)
[pool] collected 65/100 instances (4000 samples)
[pool] collected 66/100 instances (4000 samples)
[pool] collected 67/100 instances (4000 samples)
[pool] collected 68/100 instances (4000 samples)
[pool] collected 69/100 instances (4000 samples)
[pool] collected 70/100 instances (4000 samples)
[pool] collected 71/100 instances (4000 samples)
[pool] collected 72/100 instances (4000 samples)
[pool] collected 73/100 instances (4000 samples)
[pool] collected 74/100 instances (4000 samples)
[pool] collected 75/100 instances (4000 samples)
[pool] collected 76/100 instances (4000 samples)
[pool] collected 77/100 instances (4000 samples)
[pool] collected 78/100 instances (4000 samples)
[pool] collected 79/100 instances (4000 samples)
[pool] collected 80/100 instances (4000 samples)
[pool] collected 81/100 instances (4000 samples)
[pool] collected 82/100 instances (4000 samples)
[pool] collected 83/100 instances (4000 samples)
[pool] collected 84/100 instances (4000 samples)
[pool] collected 85/100 instances (4000 samples)
[pool] collected 86/100 instances (4000 samples)
[pool] collected 87/100 instances (4000 samples)
[pool] collected 88/100 instances (4000 samples)
[pool] collected 89/100 instances (4000 samples)
[pool] collected 90/100 instances (4000 samples)
[pool] collected 91/100 instances (4000 samples)
[pool] collected 92/100 instances (4000 samples)
[pool] collected 93/100 instances (4000 samples)
[pool] collected 94/100 instances (4000 samples)
[pool] collected 95/100 instances (4000 samples)
[pool] collected 96/100 instances (4000 samples)
[pool] collected 97/100 instances (4000 samples)
[pool] collected 98/100 instances (4000 samples)
[pool] collected 99/100 instances (4000 samples)
[pool] collected 100/100 instances (4000 samples)
[pool] Data collection: 400000 samples in 50.9s
  [mlp] Training on device=cuda
  [mlp] epoch=  1  train_loss=0.022810  val_loss=0.001374  best=0.001374  lr=1.0e-03
  [mlp] epoch=  2  train_loss=0.000977  val_loss=0.000724  best=0.000724  lr=1.0e-03
  [mlp] epoch=  3  train_loss=0.000610  val_loss=0.000526  best=0.000526  lr=1.0e-03
  [mlp] epoch=  4  train_loss=0.000471  val_loss=0.000426  best=0.000426  lr=1.0e-03
  [mlp] epoch=  5  train_loss=0.000390  val_loss=0.000358  best=0.000358  lr=1.0e-03
  [mlp] epoch=  6  train_loss=0.000333  val_loss=0.000309  best=0.000309  lr=1.0e-03
  [mlp] epoch=  7  train_loss=0.000289  val_loss=0.000271  best=0.000271  lr=1.0e-03
  [mlp] epoch=  8  train_loss=0.000261  val_loss=0.000248  best=0.000248  lr=1.0e-03
  [mlp] epoch=  9  train_loss=0.000241  val_loss=0.000230  best=0.000230  lr=1.0e-03
  [mlp] epoch= 10  train_loss=0.000226  val_loss=0.000217  best=0.000217  lr=1.0e-03
  [mlp] epoch= 11  train_loss=0.000214  val_loss=0.000206  best=0.000206  lr=1.0e-03
  [mlp] epoch= 12  train_loss=0.000204  val_loss=0.000197  best=0.000197  lr=1.0e-03
  [mlp] epoch= 13  train_loss=0.000194  val_loss=0.000189  best=0.000189  lr=1.0e-03
  [mlp] epoch= 14  train_loss=0.000186  val_loss=0.000180  best=0.000180  lr=1.0e-03
  [mlp] epoch= 15  train_loss=0.000179  val_loss=0.000174  best=0.000174  lr=1.0e-03
  [mlp] epoch= 16  train_loss=0.000172  val_loss=0.000166  best=0.000166  lr=1.0e-03
  [mlp] epoch= 17  train_loss=0.000165  val_loss=0.000160  best=0.000160  lr=1.0e-03
  [mlp] epoch= 18  train_loss=0.000160  val_loss=0.000155  best=0.000155  lr=1.0e-03
  [mlp] epoch= 19  train_loss=0.000154  val_loss=0.000150  best=0.000150  lr=1.0e-03
  [mlp] epoch= 20  train_loss=0.000149  val_loss=0.000145  best=0.000145  lr=1.0e-03
  [mlp] epoch= 21  train_loss=0.000144  val_loss=0.000140  best=0.000140  lr=1.0e-03
  [mlp] epoch= 22  train_loss=0.000139  val_loss=0.000135  best=0.000135  lr=1.0e-03
  [mlp] epoch= 23  train_loss=0.000135  val_loss=0.000131  best=0.000131  lr=1.0e-03
  [mlp] epoch= 24  train_loss=0.000131  val_loss=0.000127  best=0.000127  lr=1.0e-03
  [mlp] epoch= 25  train_loss=0.000126  val_loss=0.000123  best=0.000123  lr=1.0e-03
  [mlp] epoch= 26  train_loss=0.000123  val_loss=0.000119  best=0.000119  lr=1.0e-03
  [mlp] epoch= 27  train_loss=0.000119  val_loss=0.000116  best=0.000116  lr=1.0e-03
  [mlp] epoch= 28  train_loss=0.000115  val_loss=0.000115  best=0.000115  lr=1.0e-03
  [mlp] epoch= 29  train_loss=0.000113  val_loss=0.000111  best=0.000111  lr=1.0e-03
  [mlp] epoch= 30  train_loss=0.000109  val_loss=0.000108  best=0.000108  lr=1.0e-03
  [mlp] epoch= 31  train_loss=0.000107  val_loss=0.000105  best=0.000105  lr=1.0e-03
  [mlp] epoch= 32  train_loss=0.000104  val_loss=0.000103  best=0.000103  lr=1.0e-03
  [mlp] epoch= 33  train_loss=0.000102  val_loss=0.000102  best=0.000102  lr=1.0e-03
  [mlp] epoch= 34  train_loss=0.000100  val_loss=0.000100  best=0.000100  lr=1.0e-03
  [mlp] epoch= 35  train_loss=0.000098  val_loss=0.000097  best=0.000097  lr=1.0e-03
  [mlp] epoch= 36  train_loss=0.000095  val_loss=0.000095  best=0.000095  lr=1.0e-03
  [mlp] epoch= 37  train_loss=0.000093  val_loss=0.000093  best=0.000093  lr=1.0e-03
  [mlp] epoch= 38  train_loss=0.000092  val_loss=0.000092  best=0.000092  lr=1.0e-03
  [mlp] epoch= 39  train_loss=0.000090  val_loss=0.000089  best=0.000089  lr=1.0e-03
  [mlp] epoch= 40  train_loss=0.000088  val_loss=0.000087  best=0.000087  lr=1.0e-03
  [mlp] epoch= 41  train_loss=0.000087  val_loss=0.000087  best=0.000087  lr=1.0e-03
  [mlp] epoch= 42  train_loss=0.000085  val_loss=0.000084  best=0.000084  lr=1.0e-03
  [mlp] epoch= 44  train_loss=0.000083  val_loss=0.000082  best=0.000082  lr=1.0e-03
  [mlp] epoch= 45  train_loss=0.000081  val_loss=0.000081  best=0.000081  lr=1.0e-03
  [mlp] epoch= 47  train_loss=0.000078  val_loss=0.000078  best=0.000078  lr=1.0e-03
  [mlp] epoch= 48  train_loss=0.000077  val_loss=0.000076  best=0.000076  lr=1.0e-03
  [mlp] epoch= 49  train_loss=0.000075  val_loss=0.000075  best=0.000075  lr=1.0e-03
  [mlp] epoch= 50  train_loss=0.000075  val_loss=0.000075  best=0.000075  lr=1.0e-03
  [mlp] epoch= 51  train_loss=0.000074  val_loss=0.000074  best=0.000074  lr=1.0e-03
  [mlp] epoch= 52  train_loss=0.000072  val_loss=0.000071  best=0.000071  lr=1.0e-03
  [mlp] epoch= 54  train_loss=0.000070  val_loss=0.000070  best=0.000070  lr=1.0e-03
  [mlp] epoch= 55  train_loss=0.000069  val_loss=0.000069  best=0.000069  lr=1.0e-03
  [mlp] epoch= 56  train_loss=0.000067  val_loss=0.000068  best=0.000068  lr=1.0e-03
  [mlp] epoch= 58  train_loss=0.000067  val_loss=0.000067  best=0.000067  lr=1.0e-03
  [mlp] epoch= 59  train_loss=0.000065  val_loss=0.000065  best=0.000065  lr=1.0e-03
  [mlp] epoch= 60  train_loss=0.000064  val_loss=0.000067  best=0.000065  lr=1.0e-03
  [mlp] epoch= 61  train_loss=0.000063  val_loss=0.000064  best=0.000064  lr=1.0e-03
  [mlp] epoch= 62  train_loss=0.000062  val_loss=0.000063  best=0.000063  lr=1.0e-03
  [mlp] epoch= 63  train_loss=0.000062  val_loss=0.000061  best=0.000061  lr=1.0e-03
  [mlp] epoch= 67  train_loss=0.000059  val_loss=0.000059  best=0.000059  lr=1.0e-03
  [mlp] epoch= 69  train_loss=0.000058  val_loss=0.000058  best=0.000058  lr=1.0e-03
  [mlp] epoch= 70  train_loss=0.000060  val_loss=0.000056  best=0.000056  lr=1.0e-03
  [mlp] epoch= 72  train_loss=0.000056  val_loss=0.000056  best=0.000056  lr=1.0e-03
  [mlp] epoch= 74  train_loss=0.000056  val_loss=0.000055  best=0.000055  lr=1.0e-03
  [mlp] epoch= 76  train_loss=0.000054  val_loss=0.000053  best=0.000053  lr=1.0e-03
  [mlp] epoch= 80  train_loss=0.000052  val_loss=0.000052  best=0.000052  lr=1.0e-03
  [mlp] epoch= 81  train_loss=0.000052  val_loss=0.000051  best=0.000051  lr=1.0e-03
  [mlp] epoch= 83  train_loss=0.000051  val_loss=0.000050  best=0.000050  lr=1.0e-03
  [mlp] epoch= 86  train_loss=0.000052  val_loss=0.000049  best=0.000049  lr=1.0e-03
  [mlp] epoch= 91  train_loss=0.000049  val_loss=0.000048  best=0.000048  lr=1.0e-03
  [mlp] epoch= 92  train_loss=0.000048  val_loss=0.000047  best=0.000047  lr=1.0e-03
  [mlp] epoch= 93  train_loss=0.000049  val_loss=0.000047  best=0.000047  lr=1.0e-03
  [mlp] epoch= 95  train_loss=0.000047  val_loss=0.000046  best=0.000046  lr=1.0e-03
  [mlp] epoch= 98  train_loss=0.000046  val_loss=0.000046  best=0.000046  lr=1.0e-03
  [mlp] epoch= 99  train_loss=0.000047  val_loss=0.000045  best=0.000045  lr=1.0e-03
  [mlp] epoch=100  train_loss=0.000046  val_loss=0.000046  best=0.000045  lr=1.0e-03
  [mlp] epoch=102  train_loss=0.000046  val_loss=0.000045  best=0.000045  lr=1.0e-03
  [mlp] epoch=103  train_loss=0.000046  val_loss=0.000045  best=0.000045  lr=1.0e-03
  [mlp] epoch=104  train_loss=0.000044  val_loss=0.000043  best=0.000043  lr=1.0e-03
  [mlp] epoch=108  train_loss=0.000045  val_loss=0.000043  best=0.000043  lr=1.0e-03
  [mlp] epoch=109  train_loss=0.000043  val_loss=0.000042  best=0.000042  lr=1.0e-03
  [mlp] epoch=111  train_loss=0.000042  val_loss=0.000042  best=0.000042  lr=1.0e-03
  [mlp] epoch=116  train_loss=0.000043  val_loss=0.000041  best=0.000041  lr=1.0e-03
  [mlp] epoch=119  train_loss=0.000042  val_loss=0.000041  best=0.000041  lr=1.0e-03
  [mlp] epoch=120  train_loss=0.000041  val_loss=0.000042  best=0.000041  lr=1.0e-03
  [mlp] epoch=121  train_loss=0.000040  val_loss=0.000040  best=0.000040  lr=1.0e-03
  [mlp] epoch=124  train_loss=0.000041  val_loss=0.000039  best=0.000039  lr=1.0e-03
  [mlp] epoch=131  train_loss=0.000038  val_loss=0.000038  best=0.000038  lr=5.0e-04
  [mlp] epoch=134  train_loss=0.000037  val_loss=0.000037  best=0.000037  lr=5.0e-04
  [mlp] epoch=138  train_loss=0.000037  val_loss=0.000037  best=0.000037  lr=5.0e-04
  [mlp] epoch=140  train_loss=0.000036  val_loss=0.000037  best=0.000037  lr=5.0e-04
  [mlp] epoch=142  train_loss=0.000037  val_loss=0.000037  best=0.000037  lr=5.0e-04
  [mlp] epoch=145  train_loss=0.000037  val_loss=0.000036  best=0.000036  lr=5.0e-04
  [mlp] epoch=151  train_loss=0.000036  val_loss=0.000036  best=0.000036  lr=5.0e-04
  [mlp] epoch=157  train_loss=0.000036  val_loss=0.000036  best=0.000036  lr=5.0e-04
  [mlp] epoch=159  train_loss=0.000035  val_loss=0.000035  best=0.000035  lr=5.0e-04
  [mlp] epoch=160  train_loss=0.000035  val_loss=0.000037  best=0.000035  lr=5.0e-04
  [mlp] epoch=166  train_loss=0.000034  val_loss=0.000034  best=0.000034  lr=2.5e-04
  [mlp] epoch=167  train_loss=0.000034  val_loss=0.000034  best=0.000034  lr=2.5e-04
  [mlp] epoch=170  train_loss=0.000034  val_loss=0.000034  best=0.000034  lr=2.5e-04
  [mlp] epoch=173  train_loss=0.000034  val_loss=0.000034  best=0.000034  lr=2.5e-04
  [mlp] epoch=177  train_loss=0.000034  val_loss=0.000034  best=0.000034  lr=2.5e-04
  [mlp] epoch=180  train_loss=0.000034  val_loss=0.000034  best=0.000034  lr=2.5e-04
  [mlp] epoch=182  train_loss=0.000033  val_loss=0.000034  best=0.000034  lr=2.5e-04
  [mlp] epoch=185  train_loss=0.000033  val_loss=0.000034  best=0.000034  lr=2.5e-04
  [mlp] epoch=188  train_loss=0.000034  val_loss=0.000033  best=0.000033  lr=2.5e-04
  [mlp] epoch=191  train_loss=0.000033  val_loss=0.000033  best=0.000033  lr=2.5e-04
  [mlp] epoch=192  train_loss=0.000033  val_loss=0.000033  best=0.000033  lr=2.5e-04
  [mlp] epoch=196  train_loss=0.000033  val_loss=0.000033  best=0.000033  lr=2.5e-04
  [mlp] epoch=198  train_loss=0.000033  val_loss=0.000033  best=0.000033  lr=2.5e-04
  [mlp] epoch=200  train_loss=0.000033  val_loss=0.000034  best=0.000033  lr=2.5e-04
  [mlp] epoch=201  train_loss=0.000033  val_loss=0.000033  best=0.000033  lr=2.5e-04
  [mlp] epoch=202  train_loss=0.000033  val_loss=0.000033  best=0.000033  lr=2.5e-04
  [mlp] epoch=206  train_loss=0.000033  val_loss=0.000033  best=0.000033  lr=2.5e-04
  [mlp] epoch=209  train_loss=0.000033  val_loss=0.000033  best=0.000033  lr=2.5e-04
  [mlp] epoch=214  train_loss=0.000033  val_loss=0.000032  best=0.000032  lr=2.5e-04
  [mlp] epoch=216  train_loss=0.000032  val_loss=0.000032  best=0.000032  lr=2.5e-04
  [mlp] epoch=219  train_loss=0.000032  val_loss=0.000032  best=0.000032  lr=2.5e-04
  [mlp] epoch=220  train_loss=0.000032  val_loss=0.000032  best=0.000032  lr=2.5e-04
  [mlp] epoch=226  train_loss=0.000032  val_loss=0.000032  best=0.000032  lr=1.3e-04
  [mlp] epoch=227  train_loss=0.000032  val_loss=0.000032  best=0.000032  lr=1.3e-04
  [mlp] epoch=233  train_loss=0.000032  val_loss=0.000032  best=0.000032  lr=1.3e-04
  [mlp] epoch=236  train_loss=0.000032  val_loss=0.000032  best=0.000032  lr=1.3e-04
  [mlp] epoch=240  train_loss=0.000032  val_loss=0.000032  best=0.000032  lr=1.3e-04
  [mlp] epoch=241  train_loss=0.000032  val_loss=0.000032  best=0.000032  lr=1.3e-04
  [mlp] epoch=242  train_loss=0.000031  val_loss=0.000032  best=0.000032  lr=1.3e-04
  [mlp] epoch=249  train_loss=0.000031  val_loss=0.000032  best=0.000032  lr=6.3e-05
  [mlp] epoch=250  train_loss=0.000031  val_loss=0.000032  best=0.000032  lr=6.3e-05
  [mlp] epoch=251  train_loss=0.000031  val_loss=0.000032  best=0.000032  lr=6.3e-05
  [mlp] epoch=252  train_loss=0.000031  val_loss=0.000031  best=0.000031  lr=6.3e-05
  [mlp] epoch=259  train_loss=0.000031  val_loss=0.000031  best=0.000031  lr=3.1e-05
  [mlp] epoch=260  train_loss=0.000031  val_loss=0.000031  best=0.000031  lr=3.1e-05
  [mlp] epoch=262  train_loss=0.000031  val_loss=0.000031  best=0.000031  lr=3.1e-05
  [mlp] epoch=263  train_loss=0.000031  val_loss=0.000031  best=0.000031  lr=3.1e-05
  [mlp] epoch=266  train_loss=0.000031  val_loss=0.000031  best=0.000031  lr=3.1e-05
  [mlp] epoch=268  train_loss=0.000031  val_loss=0.000031  best=0.000031  lr=3.1e-05
  [mlp] epoch=271  train_loss=0.000031  val_loss=0.000031  best=0.000031  lr=3.1e-05
  [mlp] epoch=272  train_loss=0.000031  val_loss=0.000031  best=0.000031  lr=3.1e-05
  [mlp] epoch=280  train_loss=0.000031  val_loss=0.000031  best=0.000031  lr=1.6e-05
  [mlp] epoch=282  train_loss=0.000031  val_loss=0.000031  best=0.000031  lr=1.6e-05
  [mlp] epoch=285  train_loss=0.000031  val_loss=0.000031  best=0.000031  lr=1.6e-05
  [mlp] epoch=289  train_loss=0.000031  val_loss=0.000031  best=0.000031  lr=1.6e-05
  [mlp] epoch=290  train_loss=0.000031  val_loss=0.000031  best=0.000031  lr=1.6e-05
  [mlp] epoch=297  train_loss=0.000031  val_loss=0.000031  best=0.000031  lr=7.8e-06
  [mlp] epoch=300  train_loss=0.000031  val_loss=0.000031  best=0.000031  lr=7.8e-06
  [mlp] epoch=301  train_loss=0.000031  val_loss=0.000031  best=0.000031  lr=7.8e-06
  [mlp] epoch=304  train_loss=0.000031  val_loss=0.000031  best=0.000031  lr=7.8e-06
  [mlp] epoch=305  train_loss=0.000031  val_loss=0.000031  best=0.000031  lr=7.8e-06
  [mlp] epoch=309  train_loss=0.000031  val_loss=0.000031  best=0.000031  lr=7.8e-06
  [mlp] epoch=311  train_loss=0.000031  val_loss=0.000031  best=0.000031  lr=7.8e-06
  [mlp] epoch=318  train_loss=0.000031  val_loss=0.000031  best=0.000031  lr=3.9e-06
  [mlp] epoch=319  train_loss=0.000031  val_loss=0.000031  best=0.000031  lr=3.9e-06
  [mlp] epoch=320  train_loss=0.000031  val_loss=0.000031  best=0.000031  lr=3.9e-06
  [mlp] epoch=323  train_loss=0.000031  val_loss=0.000031  best=0.000031  lr=3.9e-06
  [mlp] epoch=324  train_loss=0.000031  val_loss=0.000031  best=0.000031  lr=3.9e-06
  [mlp] epoch=331  train_loss=0.000031  val_loss=0.000031  best=0.000031  lr=2.0e-06
  [mlp] epoch=332  train_loss=0.000031  val_loss=0.000031  best=0.000031  lr=2.0e-06
  [mlp] epoch=334  train_loss=0.000031  val_loss=0.000031  best=0.000031  lr=2.0e-06
  [mlp] epoch=335  train_loss=0.000031  val_loss=0.000031  best=0.000031  lr=2.0e-06
  [mlp] epoch=340  train_loss=0.000031  val_loss=0.000031  best=0.000031  lr=1.0e-06
  [mlp] epoch=341  train_loss=0.000031  val_loss=0.000031  best=0.000031  lr=1.0e-06
  [mlp] epoch=342  train_loss=0.000031  val_loss=0.000031  best=0.000031  lr=1.0e-06
  [mlp] epoch=344  train_loss=0.000031  val_loss=0.000031  best=0.000031  lr=1.0e-06
  [mlp] epoch=349  train_loss=0.000031  val_loss=0.000031  best=0.000031  lr=1.0e-06
  [mlp] epoch=353  train_loss=0.000031  val_loss=0.000031  best=0.000031  lr=1.0e-06
  [mlp] epoch=355  train_loss=0.000031  val_loss=0.000031  best=0.000031  lr=1.0e-06
  [mlp] epoch=360  train_loss=0.000031  val_loss=0.000031  best=0.000031  lr=1.0e-06
  [mlp] epoch=361  train_loss=0.000031  val_loss=0.000031  best=0.000031  lr=1.0e-06
  [mlp] epoch=363  train_loss=0.000031  val_loss=0.000031  best=0.000031  lr=1.0e-06
  [mlp] epoch=367  train_loss=0.000031  val_loss=0.000031  best=0.000031  lr=1.0e-06
  [mlp] epoch=368  train_loss=0.000031  val_loss=0.000031  best=0.000031  lr=1.0e-06
  [mlp] epoch=376  train_loss=0.000031  val_loss=0.000031  best=0.000031  lr=1.0e-06
  [mlp] epoch=377  train_loss=0.000031  val_loss=0.000031  best=0.000031  lr=1.0e-06
  [mlp] epoch=380  train_loss=0.000031  val_loss=0.000031  best=0.000031  lr=1.0e-06
  [mlp] epoch=382  train_loss=0.000031  val_loss=0.000031  best=0.000031  lr=1.0e-06
  [mlp] epoch=385  train_loss=0.000031  val_loss=0.000031  best=0.000031  lr=1.0e-06
  [mlp] epoch=387  train_loss=0.000031  val_loss=0.000031  best=0.000031  lr=1.0e-06
  [mlp] epoch=389  train_loss=0.000031  val_loss=0.000031  best=0.000031  lr=1.0e-06
  [mlp] epoch=397  train_loss=0.000031  val_loss=0.000031  best=0.000031  lr=1.0e-06
  [mlp] epoch=400  train_loss=0.000031  val_loss=0.000031  best=0.000031  lr=1.0e-06
  [mlp] epoch=402  train_loss=0.000031  val_loss=0.000031  best=0.000031  lr=1.0e-06
  [mlp] epoch=407  train_loss=0.000031  val_loss=0.000031  best=0.000031  lr=1.0e-06
  [mlp] epoch=411  train_loss=0.000031  val_loss=0.000031  best=0.000031  lr=1.0e-06
  [mlp] epoch=412  train_loss=0.000031  val_loss=0.000031  best=0.000031  lr=1.0e-06
  [mlp] epoch=420  train_loss=0.000031  val_loss=0.000031  best=0.000031  lr=1.0e-06
  [mlp] epoch=427  train_loss=0.000031  val_loss=0.000031  best=0.000031  lr=1.0e-06
  [mlp] epoch=428  train_loss=0.000031  val_loss=0.000031  best=0.000031  lr=1.0e-06
  [mlp] epoch=429  train_loss=0.000031  val_loss=0.000031  best=0.000031  lr=1.0e-06
  [mlp] epoch=432  train_loss=0.000031  val_loss=0.000031  best=0.000031  lr=1.0e-06
  [mlp] epoch=439  train_loss=0.000031  val_loss=0.000031  best=0.000031  lr=1.0e-06
  [mlp] epoch=440  train_loss=0.000031  val_loss=0.000031  best=0.000031  lr=1.0e-06
  [mlp] epoch=444  train_loss=0.000031  val_loss=0.000031  best=0.000031  lr=1.0e-06
  [mlp] epoch=449  train_loss=0.000031  val_loss=0.000031  best=0.000031  lr=1.0e-06
  [mlp] epoch=456  train_loss=0.000031  val_loss=0.000031  best=0.000031  lr=1.0e-06
  [mlp] epoch=457  train_loss=0.000031  val_loss=0.000031  best=0.000031  lr=1.0e-06
  [mlp] epoch=460  train_loss=0.000031  val_loss=0.000031  best=0.000031  lr=1.0e-06
  [mlp] epoch=465  train_loss=0.000031  val_loss=0.000031  best=0.000031  lr=1.0e-06
  [mlp] epoch=468  train_loss=0.000031  val_loss=0.000031  best=0.000031  lr=1.0e-06
  [mlp] epoch=471  train_loss=0.000031  val_loss=0.000031  best=0.000031  lr=1.0e-06
  [mlp] epoch=477  train_loss=0.000031  val_loss=0.000031  best=0.000031  lr=1.0e-06
  [mlp] epoch=480  train_loss=0.000031  val_loss=0.000031  best=0.000031  lr=1.0e-06
  [mlp] epoch=482  train_loss=0.000031  val_loss=0.000031  best=0.000031  lr=1.0e-06
  [mlp] epoch=486  train_loss=0.000031  val_loss=0.000031  best=0.000031  lr=1.0e-06
  [mlp] epoch=490  train_loss=0.000031  val_loss=0.000031  best=0.000031  lr=1.0e-06
  [mlp] epoch=493  train_loss=0.000031  val_loss=0.000031  best=0.000031  lr=1.0e-06
  [mlp] epoch=494  train_loss=0.000031  val_loss=0.000031  best=0.000031  lr=1.0e-06
  [mlp] epoch=500  train_loss=0.000031  val_loss=0.000031  best=0.000031  lr=1.0e-06
  [mlp] epoch=506  train_loss=0.000031  val_loss=0.000031  best=0.000031  lr=1.0e-06
  [mlp] epoch=517  train_loss=0.000031  val_loss=0.000031  best=0.000031  lr=1.0e-06
  [mlp] epoch=520  train_loss=0.000031  val_loss=0.000031  best=0.000031  lr=1.0e-06
  [mlp] epoch=521  train_loss=0.000031  val_loss=0.000031  best=0.000031  lr=1.0e-06
  [mlp] epoch=522  train_loss=0.000031  val_loss=0.000031  best=0.000031  lr=1.0e-06
  [mlp] epoch=524  train_loss=0.000031  val_loss=0.000031  best=0.000031  lr=1.0e-06
  [mlp] epoch=531  train_loss=0.000031  val_loss=0.000031  best=0.000031  lr=1.0e-06
  [mlp] epoch=538  train_loss=0.000031  val_loss=0.000031  best=0.000031  lr=1.0e-06
  [mlp] epoch=540  train_loss=0.000031  val_loss=0.000031  best=0.000031  lr=1.0e-06
  [mlp] epoch=543  train_loss=0.000031  val_loss=0.000031  best=0.000031  lr=1.0e-06
  [mlp] epoch=546  train_loss=0.000031  val_loss=0.000031  best=0.000031  lr=1.0e-06
  [mlp] epoch=547  train_loss=0.000031  val_loss=0.000031  best=0.000031  lr=1.0e-06
  [mlp] epoch=551  train_loss=0.000031  val_loss=0.000031  best=0.000031  lr=1.0e-06
  [mlp] epoch=554  train_loss=0.000031  val_loss=0.000031  best=0.000031  lr=1.0e-06
  [mlp] epoch=556  train_loss=0.000031  val_loss=0.000031  best=0.000031  lr=1.0e-06
  [mlp] epoch=560  train_loss=0.000031  val_loss=0.000031  best=0.000031  lr=1.0e-06
  [mlp] epoch=563  train_loss=0.000031  val_loss=0.000031  best=0.000031  lr=1.0e-06
  [mlp] epoch=568  train_loss=0.000031  val_loss=0.000031  best=0.000031  lr=1.0e-06
  [mlp] epoch=569  train_loss=0.000031  val_loss=0.000031  best=0.000031  lr=1.0e-06
  [mlp] epoch=573  train_loss=0.000031  val_loss=0.000031  best=0.000031  lr=1.0e-06
  [mlp] epoch=574  train_loss=0.000031  val_loss=0.000031  best=0.000031  lr=1.0e-06
  [mlp] epoch=579  train_loss=0.000031  val_loss=0.000031  best=0.000031  lr=1.0e-06
  [mlp] epoch=580  train_loss=0.000031  val_loss=0.000031  best=0.000031  lr=1.0e-06
  [mlp] epoch=584  train_loss=0.000031  val_loss=0.000031  best=0.000031  lr=1.0e-06
  [mlp] epoch=588  train_loss=0.000031  val_loss=0.000031  best=0.000031  lr=1.0e-06
  [mlp] epoch=592  train_loss=0.000031  val_loss=0.000031  best=0.000031  lr=1.0e-06
  [mlp] epoch=595  train_loss=0.000031  val_loss=0.000031  best=0.000031  lr=1.0e-06
  [mlp] epoch=598  train_loss=0.000031  val_loss=0.000031  best=0.000031  lr=1.0e-06
  [mlp] epoch=600  train_loss=0.000031  val_loss=0.000031  best=0.000031  lr=1.0e-06

[pool] === TRAINING RESULTS ===
[pool] Model: mlp
[pool] Pooled samples: 400000 (from 100 instances)
[pool] feat_dim=18
[pool] R2_train=0.9996  R2_test=0.9996
[pool] MAE_train=0.0032  MAE_test=0.0033
[pool] Data collection: 50.9s  Model fitting: 168.4s
[pool] Total training time: 219.3s
[pool] Model saved to ADP/models/deploy_epsilon_profiles_all_sizes/vhat_small_generate_data_mlp.npz (type=mlp)

[pool] === EVALUATION PHASE ===
[pool] Eval params: D=3 (range=(2, 4)), N=40 (range=(20, 60)), pmax=12
[pool] Eval seeds: 300-339 (40 instances)
[pool] Beams: [2, 5]
[pool] Comparing variants: Exact DP vs Guided(Learned-Vhat) vs Guided(Zero-Vhat) vs Guided(Price-Vhat)
[pool] Vhat model: type=mlp, spec=FeatureSpec(include_per_class_counts=False, include_per_class_now_cost=False, include_bins=True, normalize=True), normalize_labels=True
[pool] Legend per-row: exact=Exact DP cost, L=Learned-Vhat, Z=Zero-Vhat, P=Price-Vhat
seed=300 beam=2 exact=162.0 L=162.0 Z=177.0 P=167.0 gapL=0.00% gapZ=9.26% gapP=3.09% t_exact=0.005s tL=0.006s
seed=300 beam=5 exact=162.0 L=162.0 Z=165.0 P=165.0 gapL=0.00% gapZ=1.85% gapP=1.85% t_exact=0.005s tL=0.011s
seed=301 beam=2 exact=162.0 L=162.0 Z=178.0 P=167.0 gapL=0.00% gapZ=9.88% gapP=3.09% t_exact=0.005s tL=0.005s
seed=301 beam=5 exact=162.0 L=162.0 Z=167.0 P=166.0 gapL=0.00% gapZ=3.09% gapP=2.47% t_exact=0.005s tL=0.012s
seed=302 beam=2 exact=324.0 L=324.0 Z=357.0 P=333.0 gapL=0.00% gapZ=10.19% gapP=2.78% t_exact=0.020s tL=0.012s
seed=302 beam=5 exact=324.0 L=324.0 Z=349.0 P=333.0 gapL=0.00% gapZ=7.72% gapP=2.78% t_exact=0.020s tL=0.021s
seed=303 beam=2 exact=243.0 L=243.0 Z=259.0 P=249.0 gapL=0.00% gapZ=6.58% gapP=2.47% t_exact=0.025s tL=0.014s
seed=303 beam=5 exact=243.0 L=243.0 Z=259.0 P=249.0 gapL=0.00% gapZ=6.58% gapP=2.47% t_exact=0.025s tL=0.037s
seed=304 beam=2 exact=324.0 L=325.0 Z=357.0 P=333.0 gapL=0.31% gapZ=10.19% gapP=2.78% t_exact=0.032s tL=0.015s
seed=304 beam=5 exact=324.0 L=324.0 Z=349.0 P=333.0 gapL=0.00% gapZ=7.72% gapP=2.78% t_exact=0.032s tL=0.033s
seed=305 beam=2 exact=162.0 L=162.0 Z=178.0 P=167.0 gapL=0.00% gapZ=9.88% gapP=3.09% t_exact=0.004s tL=0.004s
seed=305 beam=5 exact=162.0 L=162.0 Z=167.0 P=166.0 gapL=0.00% gapZ=3.09% gapP=2.47% t_exact=0.004s tL=0.006s
seed=306 beam=2 exact=324.0 L=324.0 Z=357.0 P=333.0 gapL=0.00% gapZ=10.19% gapP=2.78% t_exact=0.035s tL=0.024s
seed=306 beam=5 exact=324.0 L=324.0 Z=349.0 P=333.0 gapL=0.00% gapZ=7.72% gapP=2.78% t_exact=0.035s tL=0.046s
seed=307 beam=2 exact=324.0 L=324.0 Z=357.0 P=333.0 gapL=0.00% gapZ=10.19% gapP=2.78% t_exact=0.035s tL=0.015s
seed=307 beam=5 exact=324.0 L=324.0 Z=349.0 P=333.0 gapL=0.00% gapZ=7.72% gapP=2.78% t_exact=0.035s tL=0.037s
seed=308 beam=2 exact=243.0 L=243.0 Z=259.0 P=248.0 gapL=0.00% gapZ=6.58% gapP=2.06% t_exact=0.009s tL=0.006s
seed=308 beam=5 exact=243.0 L=243.0 Z=253.0 P=248.0 gapL=0.00% gapZ=4.12% gapP=2.06% t_exact=0.009s tL=0.015s
seed=309 beam=2 exact=243.0 L=243.0 Z=259.0 P=249.0 gapL=0.00% gapZ=6.58% gapP=2.47% t_exact=0.022s tL=0.014s
seed=309 beam=5 exact=243.0 L=243.0 Z=259.0 P=249.0 gapL=0.00% gapZ=6.58% gapP=2.47% t_exact=0.022s tL=0.030s
seed=310 beam=2 exact=162.0 L=162.0 Z=178.0 P=167.0 gapL=0.00% gapZ=9.88% gapP=3.09% t_exact=0.005s tL=0.005s
seed=310 beam=5 exact=162.0 L=162.0 Z=167.0 P=166.0 gapL=0.00% gapZ=3.09% gapP=2.47% t_exact=0.005s tL=0.008s
seed=311 beam=2 exact=243.0 L=243.0 Z=259.0 P=249.0 gapL=0.00% gapZ=6.58% gapP=2.47% t_exact=0.012s tL=0.013s
seed=311 beam=5 exact=243.0 L=243.0 Z=259.0 P=248.0 gapL=0.00% gapZ=6.58% gapP=2.06% t_exact=0.012s tL=0.025s
seed=312 beam=2 exact=162.0 L=162.0 Z=178.0 P=166.0 gapL=0.00% gapZ=9.88% gapP=2.47% t_exact=0.003s tL=0.003s
seed=312 beam=5 exact=162.0 L=162.0 Z=165.0 P=164.0 gapL=0.00% gapZ=1.85% gapP=1.23% t_exact=0.003s tL=0.005s
seed=313 beam=2 exact=162.0 L=162.0 Z=178.0 P=167.0 gapL=0.00% gapZ=9.88% gapP=3.09% t_exact=0.004s tL=0.003s
seed=313 beam=5 exact=162.0 L=162.0 Z=167.0 P=166.0 gapL=0.00% gapZ=3.09% gapP=2.47% t_exact=0.004s tL=0.007s
seed=314 beam=2 exact=243.0 L=243.0 Z=259.0 P=249.0 gapL=0.00% gapZ=6.58% gapP=2.47% t_exact=0.004s tL=0.006s
seed=314 beam=5 exact=243.0 L=243.0 Z=253.0 P=247.0 gapL=0.00% gapZ=4.12% gapP=1.65% t_exact=0.004s tL=0.009s
seed=315 beam=2 exact=243.0 L=243.0 Z=259.0 P=248.0 gapL=0.00% gapZ=6.58% gapP=2.06% t_exact=0.008s tL=0.006s
seed=315 beam=5 exact=243.0 L=243.0 Z=253.0 P=247.0 gapL=0.00% gapZ=4.12% gapP=1.65% t_exact=0.008s tL=0.014s
seed=316 beam=2 exact=162.0 L=162.0 Z=171.0 P=166.0 gapL=0.00% gapZ=5.56% gapP=2.47% t_exact=0.002s tL=0.002s
seed=316 beam=5 exact=162.0 L=162.0 Z=162.0 P=162.0 gapL=0.00% gapZ=0.00% gapP=0.00% t_exact=0.002s tL=0.001s
seed=317 beam=2 exact=162.0 L=162.0 Z=171.0 P=166.0 gapL=0.00% gapZ=5.56% gapP=2.47% t_exact=0.002s tL=0.002s
seed=317 beam=5 exact=162.0 L=162.0 Z=162.0 P=162.0 gapL=0.00% gapZ=0.00% gapP=0.00% t_exact=0.002s tL=0.001s
seed=318 beam=2 exact=162.0 L=162.0 Z=171.0 P=166.0 gapL=0.00% gapZ=5.56% gapP=2.47% t_exact=0.002s tL=0.002s
seed=318 beam=5 exact=162.0 L=162.0 Z=162.0 P=162.0 gapL=0.00% gapZ=0.00% gapP=0.00% t_exact=0.002s tL=0.001s
seed=319 beam=2 exact=324.0 L=324.0 Z=357.0 P=332.0 gapL=0.00% gapZ=10.19% gapP=2.47% t_exact=0.035s tL=0.020s
seed=319 beam=5 exact=324.0 L=324.0 Z=349.0 P=332.0 gapL=0.00% gapZ=7.72% gapP=2.47% t_exact=0.035s tL=0.044s
seed=320 beam=2 exact=162.0 L=162.0 Z=178.0 P=167.0 gapL=0.00% gapZ=9.88% gapP=3.09% t_exact=0.003s tL=0.003s
seed=320 beam=5 exact=162.0 L=162.0 Z=166.0 P=166.0 gapL=0.00% gapZ=2.47% gapP=2.47% t_exact=0.003s tL=0.005s
seed=321 beam=2 exact=243.0 L=243.0 Z=259.0 P=249.0 gapL=0.00% gapZ=6.58% gapP=2.47% t_exact=0.008s tL=0.006s
seed=321 beam=5 exact=243.0 L=243.0 Z=253.0 P=249.0 gapL=0.00% gapZ=4.12% gapP=2.47% t_exact=0.008s tL=0.014s
seed=322 beam=2 exact=162.0 L=162.0 Z=178.0 P=166.0 gapL=0.00% gapZ=9.88% gapP=2.47% t_exact=0.003s tL=0.004s
seed=322 beam=5 exact=162.0 L=162.0 Z=165.0 P=165.0 gapL=0.00% gapZ=1.85% gapP=1.85% t_exact=0.003s tL=0.006s
seed=323 beam=2 exact=324.0 L=325.0 Z=357.0 P=333.0 gapL=0.31% gapZ=10.19% gapP=2.78% t_exact=0.050s tL=0.020s
seed=323 beam=5 exact=324.0 L=324.0 Z=349.0 P=333.0 gapL=0.00% gapZ=7.72% gapP=2.78% t_exact=0.050s tL=0.046s
seed=324 beam=2 exact=243.0 L=243.0 Z=259.0 P=249.0 gapL=0.00% gapZ=6.58% gapP=2.47% t_exact=0.014s tL=0.012s
seed=324 beam=5 exact=243.0 L=243.0 Z=253.0 P=248.0 gapL=0.00% gapZ=4.12% gapP=2.06% t_exact=0.014s tL=0.024s
seed=325 beam=2 exact=162.0 L=162.0 Z=178.0 P=167.0 gapL=0.00% gapZ=9.88% gapP=3.09% t_exact=0.004s tL=0.004s
seed=325 beam=5 exact=162.0 L=162.0 Z=167.0 P=166.0 gapL=0.00% gapZ=3.09% gapP=2.47% t_exact=0.004s tL=0.009s
seed=326 beam=2 exact=162.0 L=162.0 Z=178.0 P=167.0 gapL=0.00% gapZ=9.88% gapP=3.09% t_exact=0.006s tL=0.007s
seed=326 beam=5 exact=162.0 L=162.0 Z=167.0 P=166.0 gapL=0.00% gapZ=3.09% gapP=2.47% t_exact=0.006s tL=0.013s
seed=327 beam=2 exact=243.0 L=243.0 Z=259.0 P=249.0 gapL=0.00% gapZ=6.58% gapP=2.47% t_exact=0.007s tL=0.008s
seed=327 beam=5 exact=243.0 L=243.0 Z=253.0 P=249.0 gapL=0.00% gapZ=4.12% gapP=2.47% t_exact=0.007s tL=0.014s
seed=328 beam=2 exact=162.0 L=162.0 Z=171.0 P=166.0 gapL=0.00% gapZ=5.56% gapP=2.47% t_exact=0.002s tL=0.002s
seed=328 beam=5 exact=162.0 L=162.0 Z=162.0 P=162.0 gapL=0.00% gapZ=0.00% gapP=0.00% t_exact=0.002s tL=0.001s
seed=329 beam=2 exact=324.0 L=324.0 Z=357.0 P=333.0 gapL=0.00% gapZ=10.19% gapP=2.78% t_exact=0.038s tL=0.019s
seed=329 beam=5 exact=324.0 L=324.0 Z=349.0 P=333.0 gapL=0.00% gapZ=7.72% gapP=2.78% t_exact=0.038s tL=0.044s
seed=330 beam=2 exact=243.0 L=243.0 Z=259.0 P=247.0 gapL=0.00% gapZ=6.58% gapP=1.65% t_exact=0.003s tL=0.003s
seed=330 beam=5 exact=243.0 L=243.0 Z=246.0 P=244.0 gapL=0.00% gapZ=1.23% gapP=0.41% t_exact=0.003s tL=0.002s
seed=331 beam=2 exact=162.0 L=162.0 Z=178.0 P=167.0 gapL=0.00% gapZ=9.88% gapP=3.09% t_exact=0.005s tL=0.005s
seed=331 beam=5 exact=162.0 L=162.0 Z=167.0 P=166.0 gapL=0.00% gapZ=3.09% gapP=2.47% t_exact=0.005s tL=0.011s
seed=332 beam=2 exact=243.0 L=243.0 Z=259.0 P=249.0 gapL=0.00% gapZ=6.58% gapP=2.47% t_exact=0.016s tL=0.015s
seed=332 beam=5 exact=243.0 L=243.0 Z=259.0 P=249.0 gapL=0.00% gapZ=6.58% gapP=2.47% t_exact=0.016s tL=0.028s
seed=333 beam=2 exact=162.0 L=162.0 Z=178.0 P=167.0 gapL=0.00% gapZ=9.88% gapP=3.09% t_exact=0.003s tL=0.003s
seed=333 beam=5 exact=162.0 L=162.0 Z=164.0 P=164.0 gapL=0.00% gapZ=1.23% gapP=1.23% t_exact=0.003s tL=0.005s
seed=334 beam=2 exact=243.0 L=243.0 Z=259.0 P=248.0 gapL=0.00% gapZ=6.58% gapP=2.06% t_exact=0.011s tL=0.011s
seed=334 beam=5 exact=243.0 L=243.0 Z=253.0 P=248.0 gapL=0.00% gapZ=4.12% gapP=2.06% t_exact=0.011s tL=0.021s
seed=335 beam=2 exact=162.0 L=162.0 Z=178.0 P=167.0 gapL=0.00% gapZ=9.88% gapP=3.09% t_exact=0.004s tL=0.005s
seed=335 beam=5 exact=162.0 L=162.0 Z=167.0 P=165.0 gapL=0.00% gapZ=3.09% gapP=1.85% t_exact=0.004s tL=0.007s
seed=336 beam=2 exact=243.0 L=243.0 Z=259.0 P=249.0 gapL=0.00% gapZ=6.58% gapP=2.47% t_exact=0.004s tL=0.007s
seed=336 beam=5 exact=243.0 L=243.0 Z=247.0 P=246.0 gapL=0.00% gapZ=1.65% gapP=1.23% t_exact=0.004s tL=0.004s
seed=337 beam=2 exact=162.0 L=162.0 Z=178.0 P=167.0 gapL=0.00% gapZ=9.88% gapP=3.09% t_exact=0.005s tL=0.008s
seed=337 beam=5 exact=162.0 L=162.0 Z=167.0 P=166.0 gapL=0.00% gapZ=3.09% gapP=2.47% t_exact=0.005s tL=0.013s
seed=338 beam=2 exact=243.0 L=243.0 Z=259.0 P=247.0 gapL=0.00% gapZ=6.58% gapP=1.65% t_exact=0.008s tL=0.006s
seed=338 beam=5 exact=243.0 L=243.0 Z=253.0 P=247.0 gapL=0.00% gapZ=4.12% gapP=1.65% t_exact=0.008s tL=0.015s
seed=339 beam=2 exact=162.0 L=162.0 Z=178.0 P=167.0 gapL=0.00% gapZ=9.88% gapP=3.09% t_exact=0.005s tL=0.005s
seed=339 beam=5 exact=162.0 L=162.0 Z=167.0 P=166.0 gapL=0.00% gapZ=3.09% gapP=2.47% t_exact=0.005s tL=0.010s

[pool] === SUMMARY ===
beam=  2  n= 40  gapL=  0.02%/  0.00%  gapZ=  8.33%/  9.88%  gapP=  2.64%/  2.47%  speedL=1.16x
beam=  5  n= 40  gapL=  0.00%/  0.00%  gapZ=  3.91%/  3.09%  gapP=  1.98%/  2.47%  speedL=0.88x

[pool] Overall: gapL=0.01%  gapZ=6.12%  gapP=2.31%
[pool] Train time: 219.3s (amortized over 40 eval instances)
[pool] CSV: ADP/logs/deploy_epsilon_profiles_all_sizes/pooled_small_generate_data_mlp.csv
