[SingleMachinePeriodEnv v1.1-SM] Loading single-machine period-aware environment...
[pool] === TRAINING PHASE ===
[pool] Model type: lgbm
[pool] Instance params: D=3 (range=(2, 4)), N=40 (range=(20, 60)), pmax=12
[pool] Train seeds: 0-99 (100 instances)
[pool] Samples per instance: 4000
[pool] Features: spec=FeatureSpec(include_per_class_counts=False, include_per_class_now_cost=False, include_bins=True, normalize=True)
[pool] normalize_labels=True
[pool] Workers: 128
[pool] Collecting data with 128 parallel workers...
[pool] collected 1/100 instances (4000 samples)
[pool] collected 2/100 instances (4000 samples)
[pool] collected 3/100 instances (4000 samples)
[pool] collected 4/100 instances (4000 samples)
[pool] collected 5/100 instances (4000 samples)
[pool] collected 6/100 instances (4000 samples)
[pool] collected 7/100 instances (4000 samples)
[pool] collected 8/100 instances (4000 samples)
[pool] collected 9/100 instances (4000 samples)
[pool] collected 10/100 instances (4000 samples)
[pool] collected 11/100 instances (4000 samples)
[pool] collected 12/100 instances (4000 samples)
[pool] collected 13/100 instances (4000 samples)
[pool] collected 14/100 instances (4000 samples)
[pool] collected 15/100 instances (4000 samples)
[pool] collected 16/100 instances (4000 samples)
[pool] collected 17/100 instances (4000 samples)
[pool] collected 18/100 instances (4000 samples)
[pool] collected 19/100 instances (4000 samples)
[pool] collected 20/100 instances (4000 samples)
[pool] collected 21/100 instances (4000 samples)
[pool] collected 22/100 instances (4000 samples)
[pool] collected 23/100 instances (4000 samples)
[pool] collected 24/100 instances (4000 samples)
[pool] collected 25/100 instances (4000 samples)
[pool] collected 26/100 instances (4000 samples)
[pool] collected 27/100 instances (4000 samples)
[pool] collected 28/100 instances (4000 samples)
[pool] collected 29/100 instances (4000 samples)
[pool] collected 30/100 instances (4000 samples)
[pool] collected 31/100 instances (4000 samples)
[pool] collected 32/100 instances (4000 samples)
[pool] collected 33/100 instances (4000 samples)
[pool] collected 34/100 instances (4000 samples)
[pool] collected 35/100 instances (4000 samples)
[pool] collected 36/100 instances (4000 samples)
[pool] collected 37/100 instances (4000 samples)
[pool] collected 38/100 instances (4000 samples)
[pool] collected 39/100 instances (4000 samples)
[pool] collected 40/100 instances (4000 samples)
[pool] collected 41/100 instances (4000 samples)
[pool] collected 42/100 instances (4000 samples)
[pool] collected 43/100 instances (4000 samples)
[pool] collected 44/100 instances (4000 samples)
[pool] collected 45/100 instances (4000 samples)
[pool] collected 46/100 instances (4000 samples)
[pool] collected 47/100 instances (4000 samples)
[pool] collected 48/100 instances (4000 samples)
[pool] collected 49/100 instances (4000 samples)
[pool] collected 50/100 instances (4000 samples)
[pool] collected 51/100 instances (4000 samples)
[pool] collected 52/100 instances (4000 samples)
[pool] collected 53/100 instances (4000 samples)
[pool] collected 54/100 instances (4000 samples)
[pool] collected 55/100 instances (4000 samples)
[pool] collected 56/100 instances (4000 samples)
[pool] collected 57/100 instances (4000 samples)
[pool] collected 58/100 instances (4000 samples)
[pool] collected 59/100 instances (4000 samples)
[pool] collected 60/100 instances (4000 samples)
[pool] collected 61/100 instances (4000 samples)
[pool] collected 62/100 instances (4000 samples)
[pool] collected 63/100 instances (4000 samples)
[pool] collected 64/100 instances (4000 samples)
[pool] collected 65/100 instances (4000 samples)
[pool] collected 66/100 instances (4000 samples)
[pool] collected 67/100 instances (4000 samples)
[pool] collected 68/100 instances (4000 samples)
[pool] collected 69/100 instances (4000 samples)
[pool] collected 70/100 instances (4000 samples)
[pool] collected 71/100 instances (4000 samples)
[pool] collected 72/100 instances (4000 samples)
[pool] collected 73/100 instances (4000 samples)
[pool] collected 74/100 instances (4000 samples)
[pool] collected 75/100 instances (4000 samples)
[pool] collected 76/100 instances (4000 samples)
[pool] collected 77/100 instances (4000 samples)
[pool] collected 78/100 instances (4000 samples)
[pool] collected 79/100 instances (4000 samples)
[pool] collected 80/100 instances (4000 samples)
[pool] collected 81/100 instances (4000 samples)
[pool] collected 82/100 instances (4000 samples)
[pool] collected 83/100 instances (4000 samples)
[pool] collected 84/100 instances (4000 samples)
[pool] collected 85/100 instances (4000 samples)
[pool] collected 86/100 instances (4000 samples)
[pool] collected 87/100 instances (4000 samples)
[pool] collected 88/100 instances (4000 samples)
[pool] collected 89/100 instances (4000 samples)
[pool] collected 90/100 instances (4000 samples)
[pool] collected 91/100 instances (4000 samples)
[pool] collected 92/100 instances (4000 samples)
[pool] collected 93/100 instances (4000 samples)
[pool] collected 94/100 instances (4000 samples)
[pool] collected 95/100 instances (4000 samples)
[pool] collected 96/100 instances (4000 samples)
[pool] collected 97/100 instances (4000 samples)
[pool] collected 98/100 instances (4000 samples)
[pool] collected 99/100 instances (4000 samples)
[pool] collected 100/100 instances (4000 samples)
[pool] Data collection: 400000 samples in 52.5s
Training until validation scores don't improve for 20 rounds
[10]	valid_0's l2: 0.0222116
[20]	valid_0's l2: 0.00823353
[30]	valid_0's l2: 0.00313453
[40]	valid_0's l2: 0.00125348
[50]	valid_0's l2: 0.000541061
[60]	valid_0's l2: 0.000260018
[70]	valid_0's l2: 0.000144007
[80]	valid_0's l2: 9.29158e-05
[90]	valid_0's l2: 6.74193e-05
[100]	valid_0's l2: 5.32632e-05
[110]	valid_0's l2: 4.43574e-05
[120]	valid_0's l2: 3.8402e-05
[130]	valid_0's l2: 3.40899e-05
[140]	valid_0's l2: 3.12905e-05
[150]	valid_0's l2: 2.93077e-05
[160]	valid_0's l2: 2.73974e-05
[170]	valid_0's l2: 2.58056e-05
[180]	valid_0's l2: 2.44763e-05
[190]	valid_0's l2: 2.33666e-05
[200]	valid_0's l2: 2.24386e-05
[210]	valid_0's l2: 2.16371e-05
[220]	valid_0's l2: 2.08896e-05
[230]	valid_0's l2: 2.00697e-05
[240]	valid_0's l2: 1.951e-05
[250]	valid_0's l2: 1.89827e-05
[260]	valid_0's l2: 1.83712e-05
[270]	valid_0's l2: 1.77966e-05
[280]	valid_0's l2: 1.74562e-05
[290]	valid_0's l2: 1.69323e-05
[300]	valid_0's l2: 1.65265e-05
[310]	valid_0's l2: 1.62233e-05
[320]	valid_0's l2: 1.58051e-05
[330]	valid_0's l2: 1.54141e-05
[340]	valid_0's l2: 1.50775e-05
[350]	valid_0's l2: 1.47243e-05
[360]	valid_0's l2: 1.43694e-05
[370]	valid_0's l2: 1.39988e-05
[380]	valid_0's l2: 1.37711e-05
[390]	valid_0's l2: 1.34631e-05
[400]	valid_0's l2: 1.32096e-05
[410]	valid_0's l2: 1.30162e-05
[420]	valid_0's l2: 1.27985e-05
[430]	valid_0's l2: 1.26019e-05
[440]	valid_0's l2: 1.24604e-05
[450]	valid_0's l2: 1.22519e-05
[460]	valid_0's l2: 1.20672e-05
[470]	valid_0's l2: 1.18909e-05
[480]	valid_0's l2: 1.16898e-05
[490]	valid_0's l2: 1.15265e-05
[500]	valid_0's l2: 1.13472e-05
[510]	valid_0's l2: 1.11884e-05
[520]	valid_0's l2: 1.10377e-05
[530]	valid_0's l2: 1.08906e-05
[540]	valid_0's l2: 1.07866e-05
[550]	valid_0's l2: 1.06658e-05
[560]	valid_0's l2: 1.05032e-05
[570]	valid_0's l2: 1.0356e-05
[580]	valid_0's l2: 1.01975e-05
[590]	valid_0's l2: 1.00866e-05
[600]	valid_0's l2: 9.94115e-06
[610]	valid_0's l2: 9.8072e-06
[620]	valid_0's l2: 9.69538e-06
[630]	valid_0's l2: 9.54543e-06
[640]	valid_0's l2: 9.42622e-06
[650]	valid_0's l2: 9.29603e-06
[660]	valid_0's l2: 9.16922e-06
[670]	valid_0's l2: 9.04865e-06
[680]	valid_0's l2: 8.95149e-06
[690]	valid_0's l2: 8.86954e-06
[700]	valid_0's l2: 8.77475e-06
[710]	valid_0's l2: 8.69477e-06
[720]	valid_0's l2: 8.62041e-06
[730]	valid_0's l2: 8.53758e-06
[740]	valid_0's l2: 8.43856e-06
[750]	valid_0's l2: 8.36385e-06
[760]	valid_0's l2: 8.29445e-06
[770]	valid_0's l2: 8.21432e-06
[780]	valid_0's l2: 8.1524e-06
[790]	valid_0's l2: 8.0648e-06
[800]	valid_0's l2: 7.9963e-06
[810]	valid_0's l2: 7.92803e-06
[820]	valid_0's l2: 7.86856e-06
[830]	valid_0's l2: 7.79702e-06
[840]	valid_0's l2: 7.75253e-06
[850]	valid_0's l2: 7.70309e-06
[860]	valid_0's l2: 7.63389e-06
[870]	valid_0's l2: 7.58921e-06
[880]	valid_0's l2: 7.52943e-06
[890]	valid_0's l2: 7.48032e-06
[900]	valid_0's l2: 7.4272e-06
[910]	valid_0's l2: 7.37679e-06
[920]	valid_0's l2: 7.33817e-06
[930]	valid_0's l2: 7.27708e-06
[940]	valid_0's l2: 7.22896e-06
[950]	valid_0's l2: 7.15902e-06
[960]	valid_0's l2: 7.10184e-06
[970]	valid_0's l2: 7.05248e-06
[980]	valid_0's l2: 7.0043e-06
[990]	valid_0's l2: 6.96834e-06
[1000]	valid_0's l2: 6.92095e-06
[1010]	valid_0's l2: 6.87698e-06
[1020]	valid_0's l2: 6.83688e-06
[1030]	valid_0's l2: 6.80174e-06
[1040]	valid_0's l2: 6.76086e-06
[1050]	valid_0's l2: 6.72393e-06
[1060]	valid_0's l2: 6.68359e-06
[1070]	valid_0's l2: 6.64236e-06
[1080]	valid_0's l2: 6.59541e-06
[1090]	valid_0's l2: 6.54529e-06
[1100]	valid_0's l2: 6.50364e-06
[1110]	valid_0's l2: 6.47315e-06
[1120]	valid_0's l2: 6.43055e-06
[1130]	valid_0's l2: 6.37804e-06
[1140]	valid_0's l2: 6.31505e-06
[1150]	valid_0's l2: 6.28914e-06
[1160]	valid_0's l2: 6.25057e-06
[1170]	valid_0's l2: 6.21301e-06
[1180]	valid_0's l2: 6.17777e-06
[1190]	valid_0's l2: 6.13773e-06
[1200]	valid_0's l2: 6.1048e-06
[1210]	valid_0's l2: 6.08183e-06
[1220]	valid_0's l2: 6.04768e-06
[1230]	valid_0's l2: 6.02575e-06
[1240]	valid_0's l2: 5.99294e-06
[1250]	valid_0's l2: 5.95909e-06
[1260]	valid_0's l2: 5.9303e-06
[1270]	valid_0's l2: 5.90425e-06
[1280]	valid_0's l2: 5.88199e-06
[1290]	valid_0's l2: 5.85875e-06
[1300]	valid_0's l2: 5.83222e-06
[1310]	valid_0's l2: 5.80046e-06
[1320]	valid_0's l2: 5.77902e-06
[1330]	valid_0's l2: 5.74813e-06
[1340]	valid_0's l2: 5.72262e-06
[1350]	valid_0's l2: 5.70295e-06
[1360]	valid_0's l2: 5.68387e-06
[1370]	valid_0's l2: 5.66458e-06
[1380]	valid_0's l2: 5.63641e-06
[1390]	valid_0's l2: 5.61286e-06
[1400]	valid_0's l2: 5.58683e-06
[1410]	valid_0's l2: 5.5626e-06
[1420]	valid_0's l2: 5.54625e-06
[1430]	valid_0's l2: 5.51605e-06
[1440]	valid_0's l2: 5.49604e-06
[1450]	valid_0's l2: 5.47779e-06
[1460]	valid_0's l2: 5.45987e-06
[1470]	valid_0's l2: 5.44319e-06
[1480]	valid_0's l2: 5.42438e-06
[1490]	valid_0's l2: 5.40691e-06
[1500]	valid_0's l2: 5.38886e-06
[1510]	valid_0's l2: 5.36985e-06
[1520]	valid_0's l2: 5.34651e-06
[1530]	valid_0's l2: 5.32414e-06
[1540]	valid_0's l2: 5.31317e-06
[1550]	valid_0's l2: 5.30015e-06
[1560]	valid_0's l2: 5.28029e-06
[1570]	valid_0's l2: 5.26499e-06
[1580]	valid_0's l2: 5.24998e-06
[1590]	valid_0's l2: 5.23444e-06
[1600]	valid_0's l2: 5.21888e-06
[1610]	valid_0's l2: 5.20387e-06
[1620]	valid_0's l2: 5.19211e-06
[1630]	valid_0's l2: 5.18091e-06
[1640]	valid_0's l2: 5.16658e-06
[1650]	valid_0's l2: 5.15738e-06
[1660]	valid_0's l2: 5.14111e-06
[1670]	valid_0's l2: 5.12869e-06
[1680]	valid_0's l2: 5.11117e-06
[1690]	valid_0's l2: 5.09244e-06
[1700]	valid_0's l2: 5.07925e-06
[1710]	valid_0's l2: 5.06081e-06
[1720]	valid_0's l2: 5.04232e-06
[1730]	valid_0's l2: 5.02972e-06
[1740]	valid_0's l2: 5.01335e-06
[1750]	valid_0's l2: 4.99853e-06
[1760]	valid_0's l2: 4.98419e-06
[1770]	valid_0's l2: 4.97181e-06
[1780]	valid_0's l2: 4.95499e-06
[1790]	valid_0's l2: 4.93892e-06
[1800]	valid_0's l2: 4.92618e-06
[1810]	valid_0's l2: 4.9142e-06
[1820]	valid_0's l2: 4.89084e-06
[1830]	valid_0's l2: 4.87113e-06
[1840]	valid_0's l2: 4.86089e-06
[1850]	valid_0's l2: 4.84633e-06
[1860]	valid_0's l2: 4.8289e-06
[1870]	valid_0's l2: 4.80505e-06
[1880]	valid_0's l2: 4.79478e-06
[1890]	valid_0's l2: 4.78165e-06
[1900]	valid_0's l2: 4.75312e-06
[1910]	valid_0's l2: 4.7411e-06
[1920]	valid_0's l2: 4.73274e-06
[1930]	valid_0's l2: 4.72194e-06
[1940]	valid_0's l2: 4.71283e-06
[1950]	valid_0's l2: 4.70247e-06
[1960]	valid_0's l2: 4.68722e-06
[1970]	valid_0's l2: 4.67788e-06
[1980]	valid_0's l2: 4.66478e-06
[1990]	valid_0's l2: 4.65277e-06
[2000]	valid_0's l2: 4.64424e-06
Did not meet early stopping. Best iteration is:
[2000]	valid_0's l2: 4.64424e-06

[pool] === TRAINING RESULTS ===
[pool] Model: lgbm
[pool] Pooled samples: 400000 (from 100 instances)
[pool] feat_dim=18
[pool] R2_train=0.9999  R2_test=0.9999
[pool] MAE_train=0.0009  MAE_test=0.0009
[pool] Data collection: 52.5s  Model fitting: 2481.9s
[pool] Total training time: 2534.5s
[pool] Model saved to ADP/models/deploy_epsilon_profiles_all_sizes/vhat_small_daily_tou_lgbm.npz (type=lgbm)

[pool] === EVALUATION PHASE ===
[pool] Eval params: D=3 (range=(2, 4)), N=40 (range=(20, 60)), pmax=12
[pool] Eval seeds: 300-339 (40 instances)
[pool] Beams: [2, 5]
[pool] Comparing variants: Exact DP vs Guided(Learned-Vhat) vs Guided(Zero-Vhat) vs Guided(Price-Vhat)
[pool] Vhat model: type=lgbm, spec=FeatureSpec(include_per_class_counts=False, include_per_class_now_cost=False, include_bins=True, normalize=True), normalize_labels=True
[pool] Legend per-row: exact=Exact DP cost, L=Learned-Vhat, Z=Zero-Vhat, P=Price-Vhat
seed=300 beam=2 exact=56.0 L=56.0 Z=75.0 P=56.0 gapL=0.00% gapZ=33.93% gapP=0.00% t_exact=0.003s tL=0.046s
seed=300 beam=5 exact=56.0 L=56.0 Z=67.0 P=56.0 gapL=0.00% gapZ=19.64% gapP=0.00% t_exact=0.003s tL=0.104s
seed=301 beam=2 exact=56.0 L=56.0 Z=75.0 P=56.0 gapL=0.00% gapZ=33.93% gapP=0.00% t_exact=0.004s tL=0.088s
seed=301 beam=5 exact=56.0 L=56.0 Z=70.0 P=56.0 gapL=0.00% gapZ=25.00% gapP=0.00% t_exact=0.004s tL=0.186s
seed=302 beam=2 exact=112.0 L=112.0 Z=139.0 P=112.0 gapL=0.00% gapZ=24.11% gapP=0.00% t_exact=0.021s tL=0.249s
seed=302 beam=5 exact=112.0 L=112.0 Z=137.0 P=112.0 gapL=0.00% gapZ=22.32% gapP=0.00% t_exact=0.021s tL=0.429s
seed=303 beam=2 exact=84.0 L=84.0 Z=109.0 P=84.0 gapL=0.00% gapZ=29.76% gapP=0.00% t_exact=0.027s tL=0.227s
seed=303 beam=5 exact=84.0 L=84.0 Z=103.0 P=84.0 gapL=0.00% gapZ=22.62% gapP=0.00% t_exact=0.027s tL=0.500s
seed=304 beam=2 exact=112.0 L=112.0 Z=139.0 P=112.0 gapL=0.00% gapZ=24.11% gapP=0.00% t_exact=0.034s tL=0.204s
seed=304 beam=5 exact=112.0 L=112.0 Z=137.0 P=112.0 gapL=0.00% gapZ=22.32% gapP=0.00% t_exact=0.034s tL=0.644s
seed=305 beam=2 exact=56.0 L=56.0 Z=75.0 P=56.0 gapL=0.00% gapZ=33.93% gapP=0.00% t_exact=0.004s tL=0.078s
seed=305 beam=5 exact=56.0 L=56.0 Z=70.0 P=56.0 gapL=0.00% gapZ=25.00% gapP=0.00% t_exact=0.004s tL=0.119s
seed=306 beam=2 exact=112.0 L=112.0 Z=139.0 P=112.0 gapL=0.00% gapZ=24.11% gapP=0.00% t_exact=0.038s tL=0.284s
seed=306 beam=5 exact=112.0 L=112.0 Z=137.0 P=112.0 gapL=0.00% gapZ=22.32% gapP=0.00% t_exact=0.038s tL=0.691s
seed=307 beam=2 exact=112.0 L=112.0 Z=139.0 P=112.0 gapL=0.00% gapZ=24.11% gapP=0.00% t_exact=0.037s tL=0.233s
seed=307 beam=5 exact=112.0 L=112.0 Z=137.0 P=112.0 gapL=0.00% gapZ=22.32% gapP=0.00% t_exact=0.037s tL=0.631s
seed=308 beam=2 exact=84.0 L=84.0 Z=109.0 P=84.0 gapL=0.00% gapZ=29.76% gapP=0.00% t_exact=0.009s tL=0.113s
seed=308 beam=5 exact=84.0 L=84.0 Z=103.0 P=84.0 gapL=0.00% gapZ=22.62% gapP=0.00% t_exact=0.009s tL=0.354s
seed=309 beam=2 exact=84.0 L=84.0 Z=109.0 P=84.0 gapL=0.00% gapZ=29.76% gapP=0.00% t_exact=0.023s tL=0.183s
seed=309 beam=5 exact=84.0 L=84.0 Z=103.0 P=84.0 gapL=0.00% gapZ=22.62% gapP=0.00% t_exact=0.023s tL=0.492s
seed=310 beam=2 exact=56.0 L=56.0 Z=75.0 P=56.0 gapL=0.00% gapZ=33.93% gapP=0.00% t_exact=0.005s tL=0.083s
seed=310 beam=5 exact=56.0 L=56.0 Z=72.0 P=56.0 gapL=0.00% gapZ=28.57% gapP=0.00% t_exact=0.005s tL=0.196s
seed=311 beam=2 exact=84.0 L=84.0 Z=109.0 P=84.0 gapL=0.00% gapZ=29.76% gapP=0.00% t_exact=0.013s tL=0.179s
seed=311 beam=5 exact=84.0 L=84.0 Z=103.0 P=84.0 gapL=0.00% gapZ=22.62% gapP=0.00% t_exact=0.013s tL=0.407s
seed=312 beam=2 exact=56.0 L=56.0 Z=75.0 P=56.0 gapL=0.00% gapZ=33.93% gapP=0.00% t_exact=0.003s tL=0.076s
seed=312 beam=5 exact=56.0 L=56.0 Z=64.0 P=56.0 gapL=0.00% gapZ=14.29% gapP=0.00% t_exact=0.003s tL=0.041s
seed=313 beam=2 exact=56.0 L=56.0 Z=75.0 P=56.0 gapL=0.00% gapZ=33.93% gapP=0.00% t_exact=0.004s tL=0.090s
seed=313 beam=5 exact=56.0 L=56.0 Z=70.0 P=56.0 gapL=0.00% gapZ=25.00% gapP=0.00% t_exact=0.004s tL=0.197s
seed=314 beam=2 exact=84.0 L=84.0 Z=109.0 P=84.0 gapL=0.00% gapZ=29.76% gapP=0.00% t_exact=0.005s tL=0.151s
seed=314 beam=5 exact=84.0 L=84.0 Z=103.0 P=84.0 gapL=0.00% gapZ=22.62% gapP=0.00% t_exact=0.005s tL=0.191s
seed=315 beam=2 exact=84.0 L=84.0 Z=109.0 P=84.0 gapL=0.00% gapZ=29.76% gapP=0.00% t_exact=0.008s tL=0.099s
seed=315 beam=5 exact=84.0 L=84.0 Z=103.0 P=84.0 gapL=0.00% gapZ=22.62% gapP=0.00% t_exact=0.008s tL=0.317s
seed=316 beam=2 exact=56.0 L=56.0 Z=71.0 P=56.0 gapL=0.00% gapZ=26.79% gapP=0.00% t_exact=0.002s tL=0.064s
seed=316 beam=5 exact=56.0 L=56.0 Z=56.0 P=56.0 gapL=0.00% gapZ=0.00% gapP=0.00% t_exact=0.002s tL=0.001s
seed=317 beam=2 exact=56.0 L=56.0 Z=71.0 P=56.0 gapL=0.00% gapZ=26.79% gapP=0.00% t_exact=0.002s tL=0.016s
seed=317 beam=5 exact=56.0 L=56.0 Z=56.0 P=56.0 gapL=0.00% gapZ=0.00% gapP=0.00% t_exact=0.002s tL=0.001s
seed=318 beam=2 exact=56.0 L=56.0 Z=71.0 P=56.0 gapL=0.00% gapZ=26.79% gapP=0.00% t_exact=0.002s tL=0.016s
seed=318 beam=5 exact=56.0 L=56.0 Z=56.0 P=56.0 gapL=0.00% gapZ=0.00% gapP=0.00% t_exact=0.002s tL=0.001s
seed=319 beam=2 exact=112.0 L=112.0 Z=139.0 P=112.0 gapL=0.00% gapZ=24.11% gapP=0.00% t_exact=0.076s tL=0.321s
seed=319 beam=5 exact=112.0 L=112.0 Z=137.0 P=112.0 gapL=0.00% gapZ=22.32% gapP=0.00% t_exact=0.076s tL=0.756s
seed=320 beam=2 exact=56.0 L=56.0 Z=75.0 P=56.0 gapL=0.00% gapZ=33.93% gapP=0.00% t_exact=0.003s tL=0.074s
seed=320 beam=5 exact=56.0 L=56.0 Z=69.0 P=56.0 gapL=0.00% gapZ=23.21% gapP=0.00% t_exact=0.003s tL=0.110s
seed=321 beam=2 exact=84.0 L=84.0 Z=109.0 P=84.0 gapL=0.00% gapZ=29.76% gapP=0.00% t_exact=0.009s tL=0.113s
seed=321 beam=5 exact=84.0 L=84.0 Z=103.0 P=84.0 gapL=0.00% gapZ=22.62% gapP=0.00% t_exact=0.009s tL=0.356s
seed=322 beam=2 exact=56.0 L=56.0 Z=75.0 P=56.0 gapL=0.00% gapZ=33.93% gapP=0.00% t_exact=0.003s tL=0.034s
seed=322 beam=5 exact=56.0 L=56.0 Z=66.0 P=56.0 gapL=0.00% gapZ=17.86% gapP=0.00% t_exact=0.003s tL=0.097s
seed=323 beam=2 exact=112.0 L=112.0 Z=139.0 P=112.0 gapL=0.00% gapZ=24.11% gapP=0.00% t_exact=0.052s tL=0.306s
seed=323 beam=5 exact=112.0 L=112.0 Z=137.0 P=112.0 gapL=0.00% gapZ=22.32% gapP=0.00% t_exact=0.052s tL=0.716s
seed=324 beam=2 exact=84.0 L=84.0 Z=109.0 P=84.0 gapL=0.00% gapZ=29.76% gapP=0.00% t_exact=0.015s tL=0.167s
seed=324 beam=5 exact=84.0 L=84.0 Z=103.0 P=84.0 gapL=0.00% gapZ=22.62% gapP=0.00% t_exact=0.015s tL=0.411s
seed=325 beam=2 exact=56.0 L=56.0 Z=75.0 P=56.0 gapL=0.00% gapZ=33.93% gapP=0.00% t_exact=0.004s tL=0.087s
seed=325 beam=5 exact=56.0 L=56.0 Z=71.0 P=56.0 gapL=0.00% gapZ=26.79% gapP=0.00% t_exact=0.004s tL=0.194s
seed=326 beam=2 exact=56.0 L=56.0 Z=75.0 P=56.0 gapL=0.00% gapZ=33.93% gapP=0.00% t_exact=0.006s tL=0.093s
seed=326 beam=5 exact=56.0 L=56.0 Z=73.0 P=56.0 gapL=0.00% gapZ=30.36% gapP=0.00% t_exact=0.006s tL=0.258s
seed=327 beam=2 exact=84.0 L=84.0 Z=109.0 P=84.0 gapL=0.00% gapZ=29.76% gapP=0.00% t_exact=0.007s tL=0.107s
seed=327 beam=5 exact=84.0 L=84.0 Z=103.0 P=84.0 gapL=0.00% gapZ=22.62% gapP=0.00% t_exact=0.007s tL=0.304s
seed=328 beam=2 exact=56.0 L=56.0 Z=71.0 P=56.0 gapL=0.00% gapZ=26.79% gapP=0.00% t_exact=0.002s tL=0.016s
seed=328 beam=5 exact=56.0 L=56.0 Z=56.0 P=56.0 gapL=0.00% gapZ=0.00% gapP=0.00% t_exact=0.002s tL=0.001s
seed=329 beam=2 exact=112.0 L=112.0 Z=139.0 P=112.0 gapL=0.00% gapZ=24.11% gapP=0.00% t_exact=0.077s tL=0.282s
seed=329 beam=5 exact=112.0 L=112.0 Z=137.0 P=112.0 gapL=0.00% gapZ=22.32% gapP=0.00% t_exact=0.077s tL=0.806s
seed=330 beam=2 exact=84.0 L=84.0 Z=109.0 P=84.0 gapL=0.00% gapZ=29.76% gapP=0.00% t_exact=0.003s tL=0.065s
seed=330 beam=5 exact=84.0 L=84.0 Z=96.0 P=84.0 gapL=0.00% gapZ=14.29% gapP=0.00% t_exact=0.003s tL=0.016s
seed=331 beam=2 exact=56.0 L=56.0 Z=75.0 P=56.0 gapL=0.00% gapZ=33.93% gapP=0.00% t_exact=0.006s tL=0.095s
seed=331 beam=5 exact=56.0 L=56.0 Z=72.0 P=56.0 gapL=0.00% gapZ=28.57% gapP=0.00% t_exact=0.006s tL=0.215s
seed=332 beam=2 exact=84.0 L=84.0 Z=109.0 P=84.0 gapL=0.00% gapZ=29.76% gapP=0.00% t_exact=0.018s tL=0.185s
seed=332 beam=5 exact=84.0 L=84.0 Z=103.0 P=84.0 gapL=0.00% gapZ=22.62% gapP=0.00% t_exact=0.018s tL=0.435s
seed=333 beam=2 exact=56.0 L=56.0 Z=75.0 P=56.0 gapL=0.00% gapZ=33.93% gapP=0.00% t_exact=0.003s tL=0.070s
seed=333 beam=5 exact=56.0 L=56.0 Z=66.0 P=56.0 gapL=0.00% gapZ=17.86% gapP=0.00% t_exact=0.003s tL=0.088s
seed=334 beam=2 exact=84.0 L=84.0 Z=109.0 P=84.0 gapL=0.00% gapZ=29.76% gapP=0.00% t_exact=0.012s tL=0.174s
seed=334 beam=5 exact=84.0 L=84.0 Z=103.0 P=84.0 gapL=0.00% gapZ=22.62% gapP=0.00% t_exact=0.012s tL=0.386s
seed=335 beam=2 exact=56.0 L=56.0 Z=74.0 P=56.0 gapL=0.00% gapZ=32.14% gapP=0.00% t_exact=0.004s tL=0.037s
seed=335 beam=5 exact=56.0 L=56.0 Z=71.0 P=56.0 gapL=0.00% gapZ=26.79% gapP=0.00% t_exact=0.004s tL=0.171s
seed=336 beam=2 exact=84.0 L=84.0 Z=109.0 P=84.0 gapL=0.00% gapZ=29.76% gapP=0.00% t_exact=0.004s tL=0.109s
seed=336 beam=5 exact=84.0 L=84.0 Z=103.0 P=84.0 gapL=0.00% gapZ=22.62% gapP=0.00% t_exact=0.004s tL=0.162s
seed=337 beam=2 exact=56.0 L=56.0 Z=75.0 P=56.0 gapL=0.00% gapZ=33.93% gapP=0.00% t_exact=0.005s tL=0.093s
seed=337 beam=5 exact=56.0 L=56.0 Z=71.0 P=56.0 gapL=0.00% gapZ=26.79% gapP=0.00% t_exact=0.005s tL=0.200s
seed=338 beam=2 exact=84.0 L=84.0 Z=109.0 P=84.0 gapL=0.00% gapZ=29.76% gapP=0.00% t_exact=0.008s tL=0.103s
seed=338 beam=5 exact=84.0 L=84.0 Z=103.0 P=84.0 gapL=0.00% gapZ=22.62% gapP=0.00% t_exact=0.008s tL=0.307s
seed=339 beam=2 exact=56.0 L=56.0 Z=75.0 P=56.0 gapL=0.00% gapZ=33.93% gapP=0.00% t_exact=0.005s tL=0.083s
seed=339 beam=5 exact=56.0 L=56.0 Z=70.0 P=56.0 gapL=0.00% gapZ=25.00% gapP=0.00% t_exact=0.005s tL=0.195s

[pool] === SUMMARY ===
beam=  2  n= 40  gapL=  0.00%/  0.00%  gapZ= 29.99%/ 29.76%  gapP=  0.00%/  0.00%  speedL=0.09x
beam=  5  n= 40  gapL=  0.00%/  0.00%  gapZ= 20.63%/ 22.62%  gapP=  0.00%/  0.00%  speedL=0.32x

[pool] Overall: gapL=0.00%  gapZ=25.31%  gapP=0.00%
[pool] Train time: 2534.5s (amortized over 40 eval instances)
[pool] CSV: ADP/logs/deploy_epsilon_profiles_all_sizes/pooled_small_daily_tou_lgbm.csv
