[SingleMachinePeriodEnv v1.1-SM] Loading single-machine period-aware environment...
[epsilon] === RUN CONFIG ===
[epsilon] out_csv=ADP/logs/new_mlp_variants_generalization/epsilon_small_daily_tou_mlp_all.csv
[epsilon] category=small replicates=10 seed=123
[epsilon] N=40 N_range=(20, 60)  M=5  D=3 D_range=(2, 4)
[epsilon] pmax=12 target_util=0.8
[epsilon] price_mode=daily_tou low=1.0 high=8.0 freeze=False freeze_scope=daily price_seed=None
[epsilon] assign_alpha=1.2 assign_uniform_mix=0.15
[epsilon] guided=True skip_exact=False beam=80 prune_factor=2.0
[epsilon] load_model=ADP/models/new_mlp_variants_generalization/vhat_small_daily_tou_mlp_all.npz normalize_labels=True spec=FeatureSpec(include_per_class_counts=False, include_per_class_now_cost=False, include_bins=True, normalize=True, include_len_hist=False, pmax_for_hist=12, include_price_shape=False, include_meta=False)
inst_seed=37472 eps=60 min_eps=60 loads=[39;60;45] u=[2;1;3] exact(E=506.00,mk=60,t=0.04s) guided(E=506.00,mk=60,t=0.18s)
inst_seed=48833 eps=60 min_eps=56 loads=[28;7;41;56;13;24] u=[1;3;2;1;3;2] exact(E=461.00,mk=60,t=0.05s) guided(E=461.00,mk=60,t=0.28s)
inst_seed=48833 eps=59 min_eps=56 loads=[28;7;41;56;13;24] u=[1;3;2;1;3;2] exact(E=463.00,mk=59,t=0.04s) guided(E=463.00,mk=59,t=0.18s)
inst_seed=48833 eps=58 min_eps=56 loads=[28;7;41;56;13;24] u=[1;3;2;1;3;2] exact(E=465.00,mk=58,t=0.04s) guided(E=465.00,mk=58,t=0.10s)
inst_seed=48833 eps=57 min_eps=56 loads=[28;7;41;56;13;24] u=[1;3;2;1;3;2] exact(E=467.00,mk=57,t=0.04s) guided(E=467.00,mk=57,t=0.03s)
inst_seed=48833 eps=56 min_eps=56 loads=[28;7;41;56;13;24] u=[1;3;2;1;3;2] exact(E=469.00,mk=56,t=0.04s) guided(E=469.00,mk=56,t=0.02s)
inst_seed=52076 eps=40 min_eps=37 loads=[18;36;37;37] u=[3;3;3;3] exact(E=756.00,mk=40,t=0.02s) guided(E=756.00,mk=40,t=0.03s)
inst_seed=52076 eps=39 min_eps=37 loads=[18;36;37;37] u=[3;3;3;3] exact(E=774.00,mk=39,t=0.02s) guided(E=774.00,mk=39,t=0.02s)
inst_seed=52076 eps=38 min_eps=37 loads=[18;36;37;37] u=[3;3;3;3] exact(E=792.00,mk=38,t=0.02s) guided(E=792.00,mk=38,t=0.02s)
inst_seed=52076 eps=37 min_eps=37 loads=[18;36;37;37] u=[3;3;3;3] exact(E=810.00,mk=37,t=0.02s) guided(E=810.00,mk=37,t=0.01s)
inst_seed=78886 eps=80 min_eps=74 loads=[73;38;48;39;74;65] u=[1;3;2;3;2;2] exact(E=1214.00,mk=80,t=0.10s) guided(E=1214.00,mk=80,t=0.97s)
inst_seed=78886 eps=79 min_eps=74 loads=[73;38;48;39;74;65] u=[1;3;2;3;2;2] exact(E=1224.00,mk=79,t=0.10s) guided(E=1224.00,mk=79,t=0.88s)
inst_seed=78886 eps=78 min_eps=74 loads=[73;38;48;39;74;65] u=[1;3;2;3;2;2] exact(E=1234.00,mk=78,t=0.09s) guided(E=1234.00,mk=78,t=0.83s)
inst_seed=78886 eps=77 min_eps=74 loads=[73;38;48;39;74;65] u=[1;3;2;3;2;2] exact(E=1244.00,mk=77,t=0.10s) guided(E=1244.00,mk=77,t=0.75s)
inst_seed=78886 eps=76 min_eps=74 loads=[73;38;48;39;74;65] u=[1;3;2;3;2;2] exact(E=1250.00,mk=74,t=0.09s) guided(E=1250.00,mk=74,t=0.63s)
inst_seed=80773 eps=60 min_eps=60 loads=[45;44;40;43;56;60] u=[3;3;3;3;2;3] exact(E=1528.00,mk=60,t=0.05s) guided(E=1528.00,mk=60,t=0.15s)
inst_seed=97723 eps=80 min_eps=72 loads=[7;21;28;16;10;42;72] u=[2;2;2;3;3;2;1] exact(E=545.00,mk=80,t=0.08s) guided(E=545.00,mk=80,t=0.67s)
inst_seed=97723 eps=79 min_eps=72 loads=[7;21;28;16;10;42;72] u=[2;2;2;3;3;2;1] exact(E=547.00,mk=79,t=0.08s) guided(E=547.00,mk=79,t=0.63s)
inst_seed=97723 eps=78 min_eps=72 loads=[7;21;28;16;10;42;72] u=[2;2;2;3;3;2;1] exact(E=549.00,mk=78,t=0.07s) guided(E=549.00,mk=78,t=0.57s)
inst_seed=97723 eps=77 min_eps=72 loads=[7;21;28;16;10;42;72] u=[2;2;2;3;3;2;1] exact(E=551.00,mk=77,t=0.07s) guided(E=551.00,mk=77,t=0.51s)
inst_seed=97723 eps=76 min_eps=72 loads=[7;21;28;16;10;42;72] u=[2;2;2;3;3;2;1] exact(E=553.00,mk=72,t=0.07s) guided(E=553.00,mk=72,t=0.45s)
inst_seed=106652 eps=80 min_eps=71 loads=[59;71;62] u=[3;3;3] exact(E=1050.00,mk=80,t=0.09s) guided(E=1050.00,mk=80,t=2.01s)
inst_seed=106652 eps=79 min_eps=71 loads=[59;71;62] u=[3;3;3] exact(E=1056.00,mk=79,t=0.09s) guided(E=1056.00,mk=79,t=1.88s)
inst_seed=106652 eps=78 min_eps=71 loads=[59;71;62] u=[3;3;3] exact(E=1062.00,mk=78,t=0.09s) guided(E=1062.00,mk=78,t=1.81s)
inst_seed=106652 eps=77 min_eps=71 loads=[59;71;62] u=[3;3;3] exact(E=1074.00,mk=77,t=0.09s) guided(E=1074.00,mk=77,t=1.77s)
inst_seed=106652 eps=76 min_eps=71 loads=[59;71;62] u=[3;3;3] exact(E=1086.00,mk=72,t=0.08s) guided(E=1086.00,mk=72,t=1.68s)
inst_seed=106652 eps=71 min_eps=71 loads=[59;71;62] u=[3;3;3] exact(E=1098.00,mk=71,t=0.08s) guided(E=1098.00,mk=71,t=1.03s)
inst_seed=100622 eps=40 min_eps=40 loads=[29;25;36;30;40] u=[2;3;2;3;1] exact(E=618.00,mk=40,t=0.02s) guided(E=618.00,mk=40,t=0.01s)
inst_seed=111980 eps=40 min_eps=38 loads=[35;24;38;27;36] u=[3;2;2;2;1] exact(E=608.00,mk=40,t=0.03s) guided(E=608.00,mk=40,t=0.02s)
inst_seed=111980 eps=39 min_eps=38 loads=[35;24;38;27;36] u=[3;2;2;2;1] exact(E=620.00,mk=39,t=0.03s) guided(E=620.00,mk=39,t=0.02s)
inst_seed=111980 eps=38 min_eps=38 loads=[35;24;38;27;36] u=[3;2;2;2;1] exact(E=632.00,mk=38,t=0.02s) guided(E=632.00,mk=38,t=0.01s)
inst_seed=123242 eps=40 min_eps=38 loads=[33;32;27;27;35;38] u=[3;2;3;2;1;1] exact(E=670.00,mk=40,t=0.03s) guided(E=670.00,mk=40,t=0.02s)
inst_seed=123242 eps=39 min_eps=38 loads=[33;32;27;27;35;38] u=[3;2;3;2;1;1] exact(E=684.00,mk=39,t=0.03s) guided(E=684.00,mk=39,t=0.02s)
inst_seed=123242 eps=38 min_eps=38 loads=[33;32;27;27;35;38] u=[3;2;3;2;1;1] exact(E=698.00,mk=38,t=0.03s) guided(E=698.00,mk=38,t=0.02s)
Wrote ADP/logs/new_mlp_variants_generalization/epsilon_small_daily_tou_mlp_all.csv
