[SingleMachinePeriodEnv v1.1-SM] Loading single-machine period-aware environment...
[pool] === TRAINING PHASE ===
[pool] Model type: mlp
[pool] Instance params: D=3 (range=(2, 4)), N=40 (range=(20, 60)), pmax=12
[pool] Train seeds: 0-99 (100 instances)
[pool] Samples per instance: 4000
[pool] Features: spec=FeatureSpec(include_per_class_counts=False, include_per_class_now_cost=False, include_bins=True, normalize=True, include_len_hist=False, pmax_for_hist=12, include_price_shape=True, include_meta=False)
[pool] normalize_labels=True
[pool] Workers: 128
[pool] Collecting data with 128 parallel workers...
[pool] collected 1/100 instances (4000 samples)
[pool] collected 2/100 instances (4000 samples)
[pool] collected 3/100 instances (4000 samples)
[pool] collected 4/100 instances (4000 samples)
[pool] collected 5/100 instances (4000 samples)
[pool] collected 6/100 instances (4000 samples)
[pool] collected 7/100 instances (4000 samples)
[pool] collected 8/100 instances (4000 samples)
[pool] collected 9/100 instances (4000 samples)
[pool] collected 10/100 instances (4000 samples)
[pool] collected 11/100 instances (4000 samples)
[pool] collected 12/100 instances (4000 samples)
[pool] collected 13/100 instances (4000 samples)
[pool] collected 14/100 instances (4000 samples)
[pool] collected 15/100 instances (4000 samples)
[pool] collected 16/100 instances (4000 samples)
[pool] collected 17/100 instances (4000 samples)
[pool] collected 18/100 instances (4000 samples)
[pool] collected 19/100 instances (4000 samples)
[pool] collected 20/100 instances (4000 samples)
[pool] collected 21/100 instances (4000 samples)
[pool] collected 22/100 instances (4000 samples)
[pool] collected 23/100 instances (4000 samples)
[pool] collected 24/100 instances (4000 samples)
[pool] collected 25/100 instances (4000 samples)
[pool] collected 26/100 instances (4000 samples)
[pool] collected 27/100 instances (4000 samples)
[pool] collected 28/100 instances (4000 samples)
[pool] collected 29/100 instances (4000 samples)
[pool] collected 30/100 instances (4000 samples)
[pool] collected 31/100 instances (4000 samples)
[pool] collected 32/100 instances (4000 samples)
[pool] collected 33/100 instances (4000 samples)
[pool] collected 34/100 instances (4000 samples)
[pool] collected 35/100 instances (4000 samples)
[pool] collected 36/100 instances (4000 samples)
[pool] collected 37/100 instances (4000 samples)
[pool] collected 38/100 instances (4000 samples)
[pool] collected 39/100 instances (4000 samples)
[pool] collected 40/100 instances (4000 samples)
[pool] collected 41/100 instances (4000 samples)
[pool] collected 42/100 instances (4000 samples)
[pool] collected 43/100 instances (4000 samples)
[pool] collected 44/100 instances (4000 samples)
[pool] collected 45/100 instances (4000 samples)
[pool] collected 46/100 instances (4000 samples)
[pool] collected 47/100 instances (4000 samples)
[pool] collected 48/100 instances (4000 samples)
[pool] collected 49/100 instances (4000 samples)
[pool] collected 50/100 instances (4000 samples)
[pool] collected 51/100 instances (4000 samples)
[pool] collected 52/100 instances (4000 samples)
[pool] collected 53/100 instances (4000 samples)
[pool] collected 54/100 instances (4000 samples)
[pool] collected 55/100 instances (4000 samples)
[pool] collected 56/100 instances (4000 samples)
[pool] collected 57/100 instances (4000 samples)
[pool] collected 58/100 instances (4000 samples)
[pool] collected 59/100 instances (4000 samples)
[pool] collected 60/100 instances (4000 samples)
[pool] collected 61/100 instances (4000 samples)
[pool] collected 62/100 instances (4000 samples)
[pool] collected 63/100 instances (4000 samples)
[pool] collected 64/100 instances (4000 samples)
[pool] collected 65/100 instances (4000 samples)
[pool] collected 66/100 instances (4000 samples)
[pool] collected 67/100 instances (4000 samples)
[pool] collected 68/100 instances (4000 samples)
[pool] collected 69/100 instances (4000 samples)
[pool] collected 70/100 instances (4000 samples)
[pool] collected 71/100 instances (4000 samples)
[pool] collected 72/100 instances (4000 samples)
[pool] collected 73/100 instances (4000 samples)
[pool] collected 74/100 instances (4000 samples)
[pool] collected 75/100 instances (4000 samples)
[pool] collected 76/100 instances (4000 samples)
[pool] collected 77/100 instances (4000 samples)
[pool] collected 78/100 instances (4000 samples)
[pool] collected 79/100 instances (4000 samples)
[pool] collected 80/100 instances (4000 samples)
[pool] collected 81/100 instances (4000 samples)
[pool] collected 82/100 instances (4000 samples)
[pool] collected 83/100 instances (4000 samples)
[pool] collected 84/100 instances (4000 samples)
[pool] collected 85/100 instances (4000 samples)
[pool] collected 86/100 instances (4000 samples)
[pool] collected 87/100 instances (4000 samples)
[pool] collected 88/100 instances (4000 samples)
[pool] collected 89/100 instances (4000 samples)
[pool] collected 90/100 instances (4000 samples)
[pool] collected 91/100 instances (4000 samples)
[pool] collected 92/100 instances (4000 samples)
[pool] collected 93/100 instances (4000 samples)
[pool] collected 94/100 instances (4000 samples)
[pool] collected 95/100 instances (4000 samples)
[pool] collected 96/100 instances (4000 samples)
[pool] collected 97/100 instances (4000 samples)
[pool] collected 98/100 instances (4000 samples)
[pool] collected 99/100 instances (4000 samples)
[pool] collected 100/100 instances (4000 samples)
[pool] Data collection: 400000 samples in 49.6s
  [mlp] Training on device=cuda
  [mlp] epoch=  1  train_loss=0.030752  val_loss=0.002966  best=0.002966  lr=1.0e-03
  [mlp] epoch=  2  train_loss=0.001755  val_loss=0.001054  best=0.001054  lr=1.0e-03
  [mlp] epoch=  3  train_loss=0.000818  val_loss=0.000683  best=0.000683  lr=1.0e-03
  [mlp] epoch=  4  train_loss=0.000592  val_loss=0.000539  best=0.000539  lr=1.0e-03
  [mlp] epoch=  5  train_loss=0.000484  val_loss=0.000454  best=0.000454  lr=1.0e-03
  [mlp] epoch=  6  train_loss=0.000415  val_loss=0.000394  best=0.000394  lr=1.0e-03
  [mlp] epoch=  7  train_loss=0.000365  val_loss=0.000350  best=0.000350  lr=1.0e-03
  [mlp] epoch=  8  train_loss=0.000327  val_loss=0.000314  best=0.000314  lr=1.0e-03
  [mlp] epoch=  9  train_loss=0.000296  val_loss=0.000290  best=0.000290  lr=1.0e-03
  [mlp] epoch= 10  train_loss=0.000270  val_loss=0.000262  best=0.000262  lr=1.0e-03
  [mlp] epoch= 11  train_loss=0.000246  val_loss=0.000237  best=0.000237  lr=1.0e-03
  [mlp] epoch= 12  train_loss=0.000226  val_loss=0.000218  best=0.000218  lr=1.0e-03
  [mlp] epoch= 13  train_loss=0.000209  val_loss=0.000202  best=0.000202  lr=1.0e-03
  [mlp] epoch= 14  train_loss=0.000193  val_loss=0.000185  best=0.000185  lr=1.0e-03
  [mlp] epoch= 15  train_loss=0.000179  val_loss=0.000172  best=0.000172  lr=1.0e-03
  [mlp] epoch= 16  train_loss=0.000165  val_loss=0.000160  best=0.000160  lr=1.0e-03
  [mlp] epoch= 17  train_loss=0.000154  val_loss=0.000147  best=0.000147  lr=1.0e-03
  [mlp] epoch= 18  train_loss=0.000142  val_loss=0.000136  best=0.000136  lr=1.0e-03
  [mlp] epoch= 19  train_loss=0.000131  val_loss=0.000127  best=0.000127  lr=1.0e-03
  [mlp] epoch= 20  train_loss=0.000122  val_loss=0.000117  best=0.000117  lr=1.0e-03
  [mlp] epoch= 21  train_loss=0.000113  val_loss=0.000111  best=0.000111  lr=1.0e-03
  [mlp] epoch= 22  train_loss=0.000107  val_loss=0.000104  best=0.000104  lr=1.0e-03
  [mlp] epoch= 23  train_loss=0.000100  val_loss=0.000096  best=0.000096  lr=1.0e-03
  [mlp] epoch= 24  train_loss=0.000094  val_loss=0.000092  best=0.000092  lr=1.0e-03
  [mlp] epoch= 25  train_loss=0.000088  val_loss=0.000086  best=0.000086  lr=1.0e-03
  [mlp] epoch= 26  train_loss=0.000084  val_loss=0.000081  best=0.000081  lr=1.0e-03
  [mlp] epoch= 27  train_loss=0.000080  val_loss=0.000078  best=0.000078  lr=1.0e-03
  [mlp] epoch= 28  train_loss=0.000076  val_loss=0.000074  best=0.000074  lr=1.0e-03
  [mlp] epoch= 29  train_loss=0.000072  val_loss=0.000070  best=0.000070  lr=1.0e-03
  [mlp] epoch= 30  train_loss=0.000069  val_loss=0.000067  best=0.000067  lr=1.0e-03
  [mlp] epoch= 31  train_loss=0.000066  val_loss=0.000064  best=0.000064  lr=1.0e-03
  [mlp] epoch= 32  train_loss=0.000063  val_loss=0.000061  best=0.000061  lr=1.0e-03
  [mlp] epoch= 33  train_loss=0.000061  val_loss=0.000060  best=0.000060  lr=1.0e-03
  [mlp] epoch= 34  train_loss=0.000058  val_loss=0.000057  best=0.000057  lr=1.0e-03
  [mlp] epoch= 35  train_loss=0.000056  val_loss=0.000054  best=0.000054  lr=1.0e-03
  [mlp] epoch= 36  train_loss=0.000054  val_loss=0.000053  best=0.000053  lr=1.0e-03
  [mlp] epoch= 37  train_loss=0.000052  val_loss=0.000052  best=0.000052  lr=1.0e-03
  [mlp] epoch= 38  train_loss=0.000051  val_loss=0.000049  best=0.000049  lr=1.0e-03
  [mlp] epoch= 39  train_loss=0.000048  val_loss=0.000048  best=0.000048  lr=1.0e-03
  [mlp] epoch= 40  train_loss=0.000047  val_loss=0.000046  best=0.000046  lr=1.0e-03
  [mlp] epoch= 41  train_loss=0.000045  val_loss=0.000045  best=0.000045  lr=1.0e-03
  [mlp] epoch= 42  train_loss=0.000044  val_loss=0.000043  best=0.000043  lr=1.0e-03
  [mlp] epoch= 43  train_loss=0.000043  val_loss=0.000042  best=0.000042  lr=1.0e-03
  [mlp] epoch= 45  train_loss=0.000040  val_loss=0.000039  best=0.000039  lr=1.0e-03
  [mlp] epoch= 47  train_loss=0.000038  val_loss=0.000037  best=0.000037  lr=1.0e-03
  [mlp] epoch= 48  train_loss=0.000037  val_loss=0.000036  best=0.000036  lr=1.0e-03
  [mlp] epoch= 50  train_loss=0.000035  val_loss=0.000035  best=0.000035  lr=1.0e-03
  [mlp] epoch= 51  train_loss=0.000033  val_loss=0.000033  best=0.000033  lr=1.0e-03
  [mlp] epoch= 52  train_loss=0.000032  val_loss=0.000032  best=0.000032  lr=1.0e-03
  [mlp] epoch= 53  train_loss=0.000032  val_loss=0.000031  best=0.000031  lr=1.0e-03
  [mlp] epoch= 54  train_loss=0.000031  val_loss=0.000031  best=0.000031  lr=1.0e-03
  [mlp] epoch= 55  train_loss=0.000030  val_loss=0.000030  best=0.000030  lr=1.0e-03
  [mlp] epoch= 56  train_loss=0.000029  val_loss=0.000028  best=0.000028  lr=1.0e-03
  [mlp] epoch= 58  train_loss=0.000028  val_loss=0.000028  best=0.000028  lr=1.0e-03
  [mlp] epoch= 60  train_loss=0.000027  val_loss=0.000026  best=0.000026  lr=1.0e-03
  [mlp] epoch= 61  train_loss=0.000026  val_loss=0.000025  best=0.000025  lr=1.0e-03
  [mlp] epoch= 63  train_loss=0.000025  val_loss=0.000024  best=0.000024  lr=1.0e-03
  [mlp] epoch= 66  train_loss=0.000024  val_loss=0.000023  best=0.000023  lr=1.0e-03
  [mlp] epoch= 67  train_loss=0.000024  val_loss=0.000023  best=0.000023  lr=1.0e-03
  [mlp] epoch= 68  train_loss=0.000024  val_loss=0.000022  best=0.000022  lr=1.0e-03
  [mlp] epoch= 71  train_loss=0.000022  val_loss=0.000021  best=0.000021  lr=1.0e-03
  [mlp] epoch= 78  train_loss=0.000019  val_loss=0.000019  best=0.000019  lr=5.0e-04
  [mlp] epoch= 80  train_loss=0.000019  val_loss=0.000019  best=0.000019  lr=5.0e-04
  [mlp] epoch= 81  train_loss=0.000018  val_loss=0.000019  best=0.000019  lr=5.0e-04
  [mlp] epoch= 84  train_loss=0.000018  val_loss=0.000018  best=0.000018  lr=5.0e-04
  [mlp] epoch= 86  train_loss=0.000018  val_loss=0.000018  best=0.000018  lr=5.0e-04
  [mlp] epoch= 91  train_loss=0.000018  val_loss=0.000018  best=0.000018  lr=5.0e-04
  [mlp] epoch= 93  train_loss=0.000018  val_loss=0.000017  best=0.000017  lr=5.0e-04
  [mlp] epoch= 95  train_loss=0.000017  val_loss=0.000017  best=0.000017  lr=5.0e-04
  [mlp] epoch= 97  train_loss=0.000017  val_loss=0.000017  best=0.000017  lr=5.0e-04
  [mlp] epoch=100  train_loss=0.000017  val_loss=0.000017  best=0.000017  lr=5.0e-04
  [mlp] epoch=101  train_loss=0.000016  val_loss=0.000017  best=0.000017  lr=5.0e-04
  [mlp] epoch=103  train_loss=0.000016  val_loss=0.000017  best=0.000017  lr=5.0e-04
  [mlp] epoch=104  train_loss=0.000016  val_loss=0.000016  best=0.000016  lr=5.0e-04
  [mlp] epoch=108  train_loss=0.000016  val_loss=0.000016  best=0.000016  lr=5.0e-04
  [mlp] epoch=109  train_loss=0.000016  val_loss=0.000016  best=0.000016  lr=5.0e-04
  [mlp] epoch=116  train_loss=0.000015  val_loss=0.000015  best=0.000015  lr=2.5e-04
  [mlp] epoch=117  train_loss=0.000015  val_loss=0.000015  best=0.000015  lr=2.5e-04
  [mlp] epoch=119  train_loss=0.000015  val_loss=0.000015  best=0.000015  lr=2.5e-04
  [mlp] epoch=120  train_loss=0.000014  val_loss=0.000015  best=0.000015  lr=2.5e-04
  [mlp] epoch=121  train_loss=0.000014  val_loss=0.000015  best=0.000015  lr=2.5e-04
  [mlp] epoch=124  train_loss=0.000014  val_loss=0.000015  best=0.000015  lr=2.5e-04
  [mlp] epoch=125  train_loss=0.000014  val_loss=0.000015  best=0.000015  lr=2.5e-04
  [mlp] epoch=127  train_loss=0.000014  val_loss=0.000015  best=0.000015  lr=2.5e-04
  [mlp] epoch=129  train_loss=0.000014  val_loss=0.000015  best=0.000015  lr=2.5e-04
  [mlp] epoch=132  train_loss=0.000014  val_loss=0.000014  best=0.000014  lr=2.5e-04
  [mlp] epoch=139  train_loss=0.000014  val_loss=0.000014  best=0.000014  lr=1.3e-04
  [mlp] epoch=140  train_loss=0.000014  val_loss=0.000014  best=0.000014  lr=1.3e-04
  [mlp] epoch=143  train_loss=0.000013  val_loss=0.000014  best=0.000014  lr=1.3e-04
  [mlp] epoch=146  train_loss=0.000013  val_loss=0.000014  best=0.000014  lr=1.3e-04
  [mlp] epoch=152  train_loss=0.000013  val_loss=0.000014  best=0.000014  lr=1.3e-04
  [mlp] epoch=155  train_loss=0.000013  val_loss=0.000014  best=0.000014  lr=1.3e-04
  [mlp] epoch=157  train_loss=0.000013  val_loss=0.000014  best=0.000014  lr=1.3e-04
  [mlp] epoch=158  train_loss=0.000013  val_loss=0.000014  best=0.000014  lr=1.3e-04
  [mlp] epoch=160  train_loss=0.000013  val_loss=0.000014  best=0.000014  lr=1.3e-04
  [mlp] epoch=164  train_loss=0.000013  val_loss=0.000014  best=0.000014  lr=1.3e-04
  [mlp] epoch=170  train_loss=0.000013  val_loss=0.000014  best=0.000014  lr=1.3e-04
  [mlp] epoch=175  train_loss=0.000013  val_loss=0.000014  best=0.000014  lr=1.3e-04
  [mlp] epoch=177  train_loss=0.000013  val_loss=0.000014  best=0.000014  lr=1.3e-04
  [mlp] epoch=180  train_loss=0.000013  val_loss=0.000014  best=0.000014  lr=1.3e-04
  [mlp] epoch=183  train_loss=0.000013  val_loss=0.000013  best=0.000013  lr=1.3e-04
  [mlp] epoch=184  train_loss=0.000013  val_loss=0.000013  best=0.000013  lr=1.3e-04
  [mlp] epoch=188  train_loss=0.000013  val_loss=0.000013  best=0.000013  lr=1.3e-04
  [mlp] epoch=191  train_loss=0.000013  val_loss=0.000013  best=0.000013  lr=1.3e-04
  [mlp] epoch=195  train_loss=0.000013  val_loss=0.000013  best=0.000013  lr=1.3e-04
  [mlp] epoch=200  train_loss=0.000013  val_loss=0.000013  best=0.000013  lr=1.3e-04
  [mlp] epoch=201  train_loss=0.000012  val_loss=0.000013  best=0.000013  lr=1.3e-04
  [mlp] epoch=204  train_loss=0.000012  val_loss=0.000013  best=0.000013  lr=1.3e-04
  [mlp] epoch=205  train_loss=0.000012  val_loss=0.000013  best=0.000013  lr=1.3e-04
  [mlp] epoch=208  train_loss=0.000012  val_loss=0.000013  best=0.000013  lr=1.3e-04
  [mlp] epoch=213  train_loss=0.000012  val_loss=0.000013  best=0.000013  lr=1.3e-04
  [mlp] epoch=214  train_loss=0.000012  val_loss=0.000013  best=0.000013  lr=1.3e-04
  [mlp] epoch=217  train_loss=0.000012  val_loss=0.000013  best=0.000013  lr=1.3e-04
  [mlp] epoch=218  train_loss=0.000012  val_loss=0.000013  best=0.000013  lr=1.3e-04
  [mlp] epoch=219  train_loss=0.000012  val_loss=0.000013  best=0.000013  lr=1.3e-04
  [mlp] epoch=220  train_loss=0.000012  val_loss=0.000013  best=0.000013  lr=1.3e-04
  [mlp] epoch=225  train_loss=0.000012  val_loss=0.000013  best=0.000013  lr=1.3e-04
  [mlp] epoch=226  train_loss=0.000012  val_loss=0.000013  best=0.000013  lr=1.3e-04
  [mlp] epoch=228  train_loss=0.000012  val_loss=0.000013  best=0.000013  lr=1.3e-04
  [mlp] epoch=236  train_loss=0.000012  val_loss=0.000013  best=0.000013  lr=6.3e-05
  [mlp] epoch=240  train_loss=0.000012  val_loss=0.000013  best=0.000013  lr=6.3e-05
  [mlp] epoch=241  train_loss=0.000012  val_loss=0.000013  best=0.000013  lr=6.3e-05
  [mlp] epoch=242  train_loss=0.000012  val_loss=0.000013  best=0.000013  lr=6.3e-05
  [mlp] epoch=246  train_loss=0.000012  val_loss=0.000012  best=0.000012  lr=6.3e-05
  [mlp] epoch=252  train_loss=0.000012  val_loss=0.000012  best=0.000012  lr=6.3e-05
  [mlp] epoch=257  train_loss=0.000012  val_loss=0.000012  best=0.000012  lr=6.3e-05
  [mlp] epoch=259  train_loss=0.000012  val_loss=0.000012  best=0.000012  lr=6.3e-05
  [mlp] epoch=260  train_loss=0.000012  val_loss=0.000012  best=0.000012  lr=6.3e-05
  [mlp] epoch=262  train_loss=0.000012  val_loss=0.000012  best=0.000012  lr=6.3e-05
  [mlp] epoch=264  train_loss=0.000012  val_loss=0.000012  best=0.000012  lr=6.3e-05
  [mlp] epoch=268  train_loss=0.000012  val_loss=0.000012  best=0.000012  lr=6.3e-05
  [mlp] epoch=272  train_loss=0.000012  val_loss=0.000012  best=0.000012  lr=6.3e-05
  [mlp] epoch=279  train_loss=0.000011  val_loss=0.000012  best=0.000012  lr=3.1e-05
  [mlp] epoch=280  train_loss=0.000011  val_loss=0.000012  best=0.000012  lr=3.1e-05
  [mlp] epoch=281  train_loss=0.000011  val_loss=0.000012  best=0.000012  lr=3.1e-05
  [mlp] epoch=285  train_loss=0.000011  val_loss=0.000012  best=0.000012  lr=3.1e-05
  [mlp] epoch=286  train_loss=0.000011  val_loss=0.000012  best=0.000012  lr=3.1e-05
  [mlp] epoch=290  train_loss=0.000011  val_loss=0.000012  best=0.000012  lr=3.1e-05
  [mlp] epoch=294  train_loss=0.000011  val_loss=0.000012  best=0.000012  lr=3.1e-05
  [mlp] epoch=297  train_loss=0.000011  val_loss=0.000012  best=0.000012  lr=3.1e-05
  [mlp] epoch=300  train_loss=0.000011  val_loss=0.000012  best=0.000012  lr=3.1e-05
  [mlp] epoch=305  train_loss=0.000011  val_loss=0.000012  best=0.000012  lr=1.6e-05
  [mlp] epoch=308  train_loss=0.000011  val_loss=0.000012  best=0.000012  lr=1.6e-05
  [mlp] epoch=309  train_loss=0.000011  val_loss=0.000012  best=0.000012  lr=1.6e-05
  [mlp] epoch=311  train_loss=0.000011  val_loss=0.000012  best=0.000012  lr=1.6e-05
  [mlp] epoch=313  train_loss=0.000011  val_loss=0.000012  best=0.000012  lr=1.6e-05
  [mlp] epoch=315  train_loss=0.000011  val_loss=0.000012  best=0.000012  lr=1.6e-05
  [mlp] epoch=320  train_loss=0.000011  val_loss=0.000012  best=0.000012  lr=1.6e-05
  [mlp] epoch=321  train_loss=0.000011  val_loss=0.000012  best=0.000012  lr=1.6e-05
  [mlp] epoch=330  train_loss=0.000011  val_loss=0.000012  best=0.000012  lr=7.8e-06
  [mlp] epoch=331  train_loss=0.000011  val_loss=0.000012  best=0.000012  lr=7.8e-06
  [mlp] epoch=333  train_loss=0.000011  val_loss=0.000012  best=0.000012  lr=7.8e-06
  [mlp] epoch=339  train_loss=0.000011  val_loss=0.000012  best=0.000012  lr=7.8e-06
  [mlp] epoch=340  train_loss=0.000011  val_loss=0.000012  best=0.000012  lr=7.8e-06
  [mlp] epoch=341  train_loss=0.000011  val_loss=0.000012  best=0.000012  lr=7.8e-06
  [mlp] epoch=345  train_loss=0.000011  val_loss=0.000012  best=0.000012  lr=7.8e-06
  [mlp] epoch=350  train_loss=0.000011  val_loss=0.000012  best=0.000012  lr=7.8e-06
  [mlp] epoch=353  train_loss=0.000011  val_loss=0.000012  best=0.000012  lr=7.8e-06
  [mlp] epoch=359  train_loss=0.000011  val_loss=0.000012  best=0.000012  lr=7.8e-06
  [mlp] epoch=360  train_loss=0.000011  val_loss=0.000012  best=0.000012  lr=7.8e-06
  [mlp] epoch=361  train_loss=0.000011  val_loss=0.000012  best=0.000012  lr=7.8e-06
  [mlp] epoch=365  train_loss=0.000011  val_loss=0.000012  best=0.000012  lr=7.8e-06
  [mlp] epoch=366  train_loss=0.000011  val_loss=0.000012  best=0.000012  lr=7.8e-06
  [mlp] epoch=373  train_loss=0.000011  val_loss=0.000012  best=0.000012  lr=3.9e-06
  [mlp] epoch=380  train_loss=0.000011  val_loss=0.000012  best=0.000012  lr=2.0e-06
  [mlp] epoch=381  train_loss=0.000011  val_loss=0.000012  best=0.000012  lr=2.0e-06
  [mlp] epoch=383  train_loss=0.000011  val_loss=0.000012  best=0.000012  lr=2.0e-06
  [mlp] epoch=387  train_loss=0.000011  val_loss=0.000012  best=0.000012  lr=2.0e-06
  [mlp] epoch=390  train_loss=0.000011  val_loss=0.000012  best=0.000012  lr=1.0e-06
  [mlp] epoch=392  train_loss=0.000011  val_loss=0.000012  best=0.000012  lr=1.0e-06
  [mlp] epoch=393  train_loss=0.000011  val_loss=0.000012  best=0.000012  lr=1.0e-06
  [mlp] epoch=400  train_loss=0.000011  val_loss=0.000012  best=0.000012  lr=1.0e-06
  [mlp] epoch=409  train_loss=0.000011  val_loss=0.000012  best=0.000012  lr=1.0e-06
  [mlp] epoch=411  train_loss=0.000011  val_loss=0.000012  best=0.000012  lr=1.0e-06
  [mlp] epoch=420  train_loss=0.000011  val_loss=0.000012  best=0.000012  lr=1.0e-06
  [mlp] epoch=422  train_loss=0.000011  val_loss=0.000012  best=0.000012  lr=1.0e-06
  [mlp] epoch=430  train_loss=0.000011  val_loss=0.000012  best=0.000012  lr=1.0e-06
  [mlp] epoch=433  train_loss=0.000011  val_loss=0.000012  best=0.000012  lr=1.0e-06
  [mlp] epoch=434  train_loss=0.000011  val_loss=0.000012  best=0.000012  lr=1.0e-06
  [mlp] epoch=436  train_loss=0.000011  val_loss=0.000012  best=0.000012  lr=1.0e-06
  [mlp] epoch=440  train_loss=0.000011  val_loss=0.000012  best=0.000012  lr=1.0e-06
  [mlp] epoch=442  train_loss=0.000011  val_loss=0.000012  best=0.000012  lr=1.0e-06
  [mlp] epoch=444  train_loss=0.000011  val_loss=0.000012  best=0.000012  lr=1.0e-06
  [mlp] epoch=453  train_loss=0.000011  val_loss=0.000012  best=0.000012  lr=1.0e-06
  [mlp] epoch=460  train_loss=0.000011  val_loss=0.000012  best=0.000012  lr=1.0e-06
  [mlp] epoch=462  train_loss=0.000011  val_loss=0.000012  best=0.000012  lr=1.0e-06
  [mlp] epoch=473  train_loss=0.000011  val_loss=0.000012  best=0.000012  lr=1.0e-06
  [mlp] epoch=476  train_loss=0.000011  val_loss=0.000012  best=0.000012  lr=1.0e-06
  [mlp] epoch=478  train_loss=0.000011  val_loss=0.000012  best=0.000012  lr=1.0e-06
  [mlp] epoch=480  train_loss=0.000011  val_loss=0.000012  best=0.000012  lr=1.0e-06
  [mlp] epoch=483  train_loss=0.000011  val_loss=0.000012  best=0.000012  lr=1.0e-06
  [mlp] epoch=492  train_loss=0.000011  val_loss=0.000012  best=0.000012  lr=1.0e-06
  [mlp] epoch=500  train_loss=0.000011  val_loss=0.000012  best=0.000012  lr=1.0e-06
  [mlp] epoch=508  train_loss=0.000011  val_loss=0.000012  best=0.000012  lr=1.0e-06
  [mlp] epoch=514  train_loss=0.000011  val_loss=0.000012  best=0.000012  lr=1.0e-06
  [mlp] epoch=516  train_loss=0.000011  val_loss=0.000012  best=0.000012  lr=1.0e-06
  [mlp] epoch=520  train_loss=0.000011  val_loss=0.000012  best=0.000012  lr=1.0e-06
  [mlp] epoch=523  train_loss=0.000011  val_loss=0.000012  best=0.000012  lr=1.0e-06
  [mlp] epoch=526  train_loss=0.000011  val_loss=0.000012  best=0.000012  lr=1.0e-06
  [mlp] epoch=531  train_loss=0.000011  val_loss=0.000012  best=0.000012  lr=1.0e-06
  [mlp] epoch=538  train_loss=0.000011  val_loss=0.000012  best=0.000012  lr=1.0e-06
  [mlp] epoch=540  train_loss=0.000011  val_loss=0.000012  best=0.000012  lr=1.0e-06
  [mlp] epoch=542  train_loss=0.000011  val_loss=0.000012  best=0.000012  lr=1.0e-06
  [mlp] epoch=544  train_loss=0.000011  val_loss=0.000012  best=0.000012  lr=1.0e-06
  [mlp] epoch=556  train_loss=0.000011  val_loss=0.000012  best=0.000012  lr=1.0e-06
  [mlp] epoch=558  train_loss=0.000011  val_loss=0.000012  best=0.000012  lr=1.0e-06
  [mlp] epoch=560  train_loss=0.000011  val_loss=0.000012  best=0.000012  lr=1.0e-06
  [mlp] epoch=561  train_loss=0.000011  val_loss=0.000012  best=0.000012  lr=1.0e-06
  [mlp] epoch=578  train_loss=0.000011  val_loss=0.000012  best=0.000012  lr=1.0e-06
  [mlp] epoch=579  train_loss=0.000011  val_loss=0.000012  best=0.000012  lr=1.0e-06
  [mlp] epoch=580  train_loss=0.000011  val_loss=0.000012  best=0.000012  lr=1.0e-06
  [mlp] epoch=582  train_loss=0.000011  val_loss=0.000012  best=0.000012  lr=1.0e-06
  [mlp] epoch=588  train_loss=0.000011  val_loss=0.000012  best=0.000012  lr=1.0e-06
  [mlp] epoch=592  train_loss=0.000011  val_loss=0.000012  best=0.000012  lr=1.0e-06
  [mlp] epoch=595  train_loss=0.000011  val_loss=0.000012  best=0.000012  lr=1.0e-06
  [mlp] epoch=598  train_loss=0.000011  val_loss=0.000012  best=0.000012  lr=1.0e-06
  [mlp] epoch=600  train_loss=0.000011  val_loss=0.000012  best=0.000012  lr=1.0e-06

[pool] === TRAINING RESULTS ===
[pool] Model: mlp
[pool] Pooled samples: 400000 (from 100 instances)
[pool] feat_dim=28
[pool] R2_train=0.9998  R2_test=0.9998
[pool] MAE_train=0.0015  MAE_test=0.0015
[pool] Data collection: 49.6s  Model fitting: 199.1s
[pool] Total training time: 248.8s
[pool] Model saved to ADP/models/new_mlp_variants_generalization/vhat_small_daily_tou_mlp_price.npz (type=mlp)

[pool] === EVALUATION PHASE ===
[pool] Eval params: D=3 (range=(2, 4)), N=40 (range=(20, 60)), pmax=12
[pool] Eval seeds: 300-339 (40 instances)
[pool] Beams: [2, 5]
[pool] Comparing variants: Exact DP vs Guided(Learned-Vhat) vs Guided(Zero-Vhat) vs Guided(Price-Vhat)
[pool] Vhat model: type=mlp, spec=FeatureSpec(include_per_class_counts=False, include_per_class_now_cost=False, include_bins=True, normalize=True, include_len_hist=False, pmax_for_hist=12, include_price_shape=True, include_meta=False), normalize_labels=True
[pool] Legend per-row: exact=Exact DP cost, L=Learned-Vhat, Z=Zero-Vhat, P=Price-Vhat
seed=300 beam=2 exact=56.0 L=56.0 Z=75.0 P=56.0 gapL=0.00% gapZ=33.93% gapP=0.00% t_exact=0.040s tL=0.027s
seed=300 beam=5 exact=56.0 L=56.0 Z=67.0 P=56.0 gapL=0.00% gapZ=19.64% gapP=0.00% t_exact=0.040s tL=0.017s
seed=301 beam=2 exact=56.0 L=56.0 Z=75.0 P=56.0 gapL=0.00% gapZ=33.93% gapP=0.00% t_exact=0.004s tL=0.010s
seed=301 beam=5 exact=56.0 L=56.0 Z=70.0 P=56.0 gapL=0.00% gapZ=25.00% gapP=0.00% t_exact=0.004s tL=0.024s
seed=302 beam=2 exact=112.0 L=112.0 Z=139.0 P=112.0 gapL=0.00% gapZ=24.11% gapP=0.00% t_exact=0.020s tL=0.028s
seed=302 beam=5 exact=112.0 L=112.0 Z=137.0 P=112.0 gapL=0.00% gapZ=22.32% gapP=0.00% t_exact=0.020s tL=0.067s
seed=303 beam=2 exact=84.0 L=84.0 Z=109.0 P=84.0 gapL=0.00% gapZ=29.76% gapP=0.00% t_exact=0.025s tL=0.029s
seed=303 beam=5 exact=84.0 L=84.0 Z=103.0 P=84.0 gapL=0.00% gapZ=22.62% gapP=0.00% t_exact=0.025s tL=0.063s
seed=304 beam=2 exact=112.0 L=112.0 Z=139.0 P=112.0 gapL=0.00% gapZ=24.11% gapP=0.00% t_exact=0.033s tL=0.035s
seed=304 beam=5 exact=112.0 L=112.0 Z=137.0 P=112.0 gapL=0.00% gapZ=22.32% gapP=0.00% t_exact=0.033s tL=0.083s
seed=305 beam=2 exact=56.0 L=56.0 Z=75.0 P=56.0 gapL=0.00% gapZ=33.93% gapP=0.00% t_exact=0.004s tL=0.011s
seed=305 beam=5 exact=56.0 L=56.0 Z=70.0 P=56.0 gapL=0.00% gapZ=25.00% gapP=0.00% t_exact=0.004s tL=0.019s
seed=306 beam=2 exact=112.0 L=112.0 Z=139.0 P=112.0 gapL=0.00% gapZ=24.11% gapP=0.00% t_exact=0.036s tL=0.045s
seed=306 beam=5 exact=112.0 L=112.0 Z=137.0 P=112.0 gapL=0.00% gapZ=22.32% gapP=0.00% t_exact=0.036s tL=0.095s
seed=307 beam=2 exact=112.0 L=112.0 Z=139.0 P=112.0 gapL=0.00% gapZ=24.11% gapP=0.00% t_exact=0.036s tL=0.036s
seed=307 beam=5 exact=112.0 L=112.0 Z=137.0 P=112.0 gapL=0.00% gapZ=22.32% gapP=0.00% t_exact=0.036s tL=0.088s
seed=308 beam=2 exact=84.0 L=84.0 Z=109.0 P=84.0 gapL=0.00% gapZ=29.76% gapP=0.00% t_exact=0.009s tL=0.020s
seed=308 beam=5 exact=84.0 L=84.0 Z=103.0 P=84.0 gapL=0.00% gapZ=22.62% gapP=0.00% t_exact=0.009s tL=0.044s
seed=309 beam=2 exact=84.0 L=84.0 Z=109.0 P=84.0 gapL=0.00% gapZ=29.76% gapP=0.00% t_exact=0.022s tL=0.029s
seed=309 beam=5 exact=84.0 L=84.0 Z=103.0 P=84.0 gapL=0.00% gapZ=22.62% gapP=0.00% t_exact=0.022s tL=0.059s
seed=310 beam=2 exact=56.0 L=56.0 Z=75.0 P=56.0 gapL=0.00% gapZ=33.93% gapP=0.00% t_exact=0.005s tL=0.012s
seed=310 beam=5 exact=56.0 L=56.0 Z=72.0 P=56.0 gapL=0.00% gapZ=28.57% gapP=0.00% t_exact=0.005s tL=0.026s
seed=311 beam=2 exact=84.0 L=84.0 Z=109.0 P=84.0 gapL=0.00% gapZ=29.76% gapP=0.00% t_exact=0.013s tL=0.026s
seed=311 beam=5 exact=84.0 L=84.0 Z=103.0 P=84.0 gapL=0.00% gapZ=22.62% gapP=0.00% t_exact=0.013s tL=0.054s
seed=312 beam=2 exact=56.0 L=56.0 Z=75.0 P=56.0 gapL=0.00% gapZ=33.93% gapP=0.00% t_exact=0.003s tL=0.009s
seed=312 beam=5 exact=56.0 L=56.0 Z=64.0 P=56.0 gapL=0.00% gapZ=14.29% gapP=0.00% t_exact=0.003s tL=0.009s
seed=313 beam=2 exact=56.0 L=56.0 Z=75.0 P=56.0 gapL=0.00% gapZ=33.93% gapP=0.00% t_exact=0.004s tL=0.011s
seed=313 beam=5 exact=56.0 L=56.0 Z=70.0 P=56.0 gapL=0.00% gapZ=25.00% gapP=0.00% t_exact=0.004s tL=0.023s
seed=314 beam=2 exact=84.0 L=84.0 Z=109.0 P=84.0 gapL=0.00% gapZ=29.76% gapP=0.00% t_exact=0.004s tL=0.015s
seed=314 beam=5 exact=84.0 L=84.0 Z=103.0 P=84.0 gapL=0.00% gapZ=22.62% gapP=0.00% t_exact=0.004s tL=0.024s
seed=315 beam=2 exact=84.0 L=84.0 Z=109.0 P=84.0 gapL=0.00% gapZ=29.76% gapP=0.00% t_exact=0.008s tL=0.018s
seed=315 beam=5 exact=84.0 L=84.0 Z=103.0 P=84.0 gapL=0.00% gapZ=22.62% gapP=0.00% t_exact=0.008s tL=0.041s
seed=316 beam=2 exact=56.0 L=56.0 Z=71.0 P=56.0 gapL=0.00% gapZ=26.79% gapP=0.00% t_exact=0.002s tL=0.005s
seed=316 beam=5 exact=56.0 L=56.0 Z=56.0 P=56.0 gapL=0.00% gapZ=0.00% gapP=0.00% t_exact=0.002s tL=0.001s
seed=317 beam=2 exact=56.0 L=56.0 Z=71.0 P=56.0 gapL=0.00% gapZ=26.79% gapP=0.00% t_exact=0.002s tL=0.005s
seed=317 beam=5 exact=56.0 L=56.0 Z=56.0 P=56.0 gapL=0.00% gapZ=0.00% gapP=0.00% t_exact=0.002s tL=0.001s
seed=318 beam=2 exact=56.0 L=56.0 Z=71.0 P=56.0 gapL=0.00% gapZ=26.79% gapP=0.00% t_exact=0.002s tL=0.005s
seed=318 beam=5 exact=56.0 L=56.0 Z=56.0 P=56.0 gapL=0.00% gapZ=0.00% gapP=0.00% t_exact=0.002s tL=0.001s
seed=319 beam=2 exact=112.0 L=112.0 Z=139.0 P=112.0 gapL=0.00% gapZ=24.11% gapP=0.00% t_exact=0.035s tL=0.041s
seed=319 beam=5 exact=112.0 L=112.0 Z=137.0 P=112.0 gapL=0.00% gapZ=22.32% gapP=0.00% t_exact=0.035s tL=0.092s
seed=320 beam=2 exact=56.0 L=56.0 Z=75.0 P=56.0 gapL=0.00% gapZ=33.93% gapP=0.00% t_exact=0.003s tL=0.010s
seed=320 beam=5 exact=56.0 L=56.0 Z=69.0 P=56.0 gapL=0.00% gapZ=23.21% gapP=0.00% t_exact=0.003s tL=0.015s
seed=321 beam=2 exact=84.0 L=84.0 Z=109.0 P=84.0 gapL=0.00% gapZ=29.76% gapP=0.00% t_exact=0.008s tL=0.019s
seed=321 beam=5 exact=84.0 L=84.0 Z=103.0 P=84.0 gapL=0.00% gapZ=22.62% gapP=0.00% t_exact=0.008s tL=0.040s
seed=322 beam=2 exact=56.0 L=56.0 Z=75.0 P=56.0 gapL=0.00% gapZ=33.93% gapP=0.00% t_exact=0.003s tL=0.010s
seed=322 beam=5 exact=56.0 L=56.0 Z=66.0 P=56.0 gapL=0.00% gapZ=17.86% gapP=0.00% t_exact=0.003s tL=0.014s
seed=323 beam=2 exact=112.0 L=112.0 Z=139.0 P=112.0 gapL=0.00% gapZ=24.11% gapP=0.00% t_exact=0.051s tL=0.045s
seed=323 beam=5 exact=112.0 L=112.0 Z=137.0 P=112.0 gapL=0.00% gapZ=22.32% gapP=0.00% t_exact=0.051s tL=0.096s
seed=324 beam=2 exact=84.0 L=84.0 Z=109.0 P=84.0 gapL=0.00% gapZ=29.76% gapP=0.00% t_exact=0.014s tL=0.026s
seed=324 beam=5 exact=84.0 L=84.0 Z=103.0 P=84.0 gapL=0.00% gapZ=22.62% gapP=0.00% t_exact=0.014s tL=0.054s
seed=325 beam=2 exact=56.0 L=56.0 Z=75.0 P=56.0 gapL=0.00% gapZ=33.93% gapP=0.00% t_exact=0.004s tL=0.012s
seed=325 beam=5 exact=56.0 L=56.0 Z=71.0 P=56.0 gapL=0.00% gapZ=26.79% gapP=0.00% t_exact=0.004s tL=0.024s
seed=326 beam=2 exact=56.0 L=56.0 Z=75.0 P=56.0 gapL=0.00% gapZ=33.93% gapP=0.00% t_exact=0.006s tL=0.015s
seed=326 beam=5 exact=56.0 L=56.0 Z=73.0 P=56.0 gapL=0.00% gapZ=30.36% gapP=0.00% t_exact=0.006s tL=0.028s
seed=327 beam=2 exact=84.0 L=84.0 Z=109.0 P=84.0 gapL=0.00% gapZ=29.76% gapP=0.00% t_exact=0.006s tL=0.020s
seed=327 beam=5 exact=84.0 L=84.0 Z=103.0 P=84.0 gapL=0.00% gapZ=22.62% gapP=0.00% t_exact=0.006s tL=0.039s
seed=328 beam=2 exact=56.0 L=56.0 Z=71.0 P=56.0 gapL=0.00% gapZ=26.79% gapP=0.00% t_exact=0.002s tL=0.005s
seed=328 beam=5 exact=56.0 L=56.0 Z=56.0 P=56.0 gapL=0.00% gapZ=0.00% gapP=0.00% t_exact=0.002s tL=0.001s
seed=329 beam=2 exact=112.0 L=112.0 Z=139.0 P=112.0 gapL=0.00% gapZ=24.11% gapP=0.00% t_exact=0.038s tL=0.042s
seed=329 beam=5 exact=112.0 L=112.0 Z=137.0 P=112.0 gapL=0.00% gapZ=22.32% gapP=0.00% t_exact=0.038s tL=0.087s
seed=330 beam=2 exact=84.0 L=84.0 Z=109.0 P=84.0 gapL=0.00% gapZ=29.76% gapP=0.00% t_exact=0.003s tL=0.007s
seed=330 beam=5 exact=84.0 L=84.0 Z=96.0 P=84.0 gapL=0.00% gapZ=14.29% gapP=0.00% t_exact=0.003s tL=0.005s
seed=331 beam=2 exact=56.0 L=56.0 Z=75.0 P=56.0 gapL=0.00% gapZ=33.93% gapP=0.00% t_exact=0.005s tL=0.012s
seed=331 beam=5 exact=56.0 L=56.0 Z=72.0 P=56.0 gapL=0.00% gapZ=28.57% gapP=0.00% t_exact=0.005s tL=0.025s
seed=332 beam=2 exact=84.0 L=84.0 Z=109.0 P=84.0 gapL=0.00% gapZ=29.76% gapP=0.00% t_exact=0.017s tL=0.028s
seed=332 beam=5 exact=84.0 L=84.0 Z=103.0 P=84.0 gapL=0.00% gapZ=22.62% gapP=0.00% t_exact=0.017s tL=0.057s
seed=333 beam=2 exact=56.0 L=56.0 Z=75.0 P=56.0 gapL=0.00% gapZ=33.93% gapP=0.00% t_exact=0.003s tL=0.010s
seed=333 beam=5 exact=56.0 L=56.0 Z=66.0 P=56.0 gapL=0.00% gapZ=17.86% gapP=0.00% t_exact=0.003s tL=0.010s
seed=334 beam=2 exact=84.0 L=84.0 Z=109.0 P=84.0 gapL=0.00% gapZ=29.76% gapP=0.00% t_exact=0.011s tL=0.023s
seed=334 beam=5 exact=84.0 L=84.0 Z=103.0 P=84.0 gapL=0.00% gapZ=22.62% gapP=0.00% t_exact=0.011s tL=0.047s
seed=335 beam=2 exact=56.0 L=56.0 Z=74.0 P=56.0 gapL=0.00% gapZ=32.14% gapP=0.00% t_exact=0.004s tL=0.012s
seed=335 beam=5 exact=56.0 L=56.0 Z=71.0 P=56.0 gapL=0.00% gapZ=26.79% gapP=0.00% t_exact=0.004s tL=0.019s
seed=336 beam=2 exact=84.0 L=84.0 Z=109.0 P=84.0 gapL=0.00% gapZ=29.76% gapP=0.00% t_exact=0.004s tL=0.015s
seed=336 beam=5 exact=84.0 L=84.0 Z=103.0 P=84.0 gapL=0.00% gapZ=22.62% gapP=0.00% t_exact=0.004s tL=0.016s
seed=337 beam=2 exact=56.0 L=56.0 Z=75.0 P=56.0 gapL=0.00% gapZ=33.93% gapP=0.00% t_exact=0.005s tL=0.014s
seed=337 beam=5 exact=56.0 L=56.0 Z=71.0 P=56.0 gapL=0.00% gapZ=26.79% gapP=0.00% t_exact=0.005s tL=0.027s
seed=338 beam=2 exact=84.0 L=84.0 Z=109.0 P=84.0 gapL=0.00% gapZ=29.76% gapP=0.00% t_exact=0.008s tL=0.018s
seed=338 beam=5 exact=84.0 L=84.0 Z=103.0 P=84.0 gapL=0.00% gapZ=22.62% gapP=0.00% t_exact=0.008s tL=0.041s
seed=339 beam=2 exact=56.0 L=56.0 Z=75.0 P=56.0 gapL=0.00% gapZ=33.93% gapP=0.00% t_exact=0.005s tL=0.012s
seed=339 beam=5 exact=56.0 L=56.0 Z=70.0 P=56.0 gapL=0.00% gapZ=25.00% gapP=0.00% t_exact=0.005s tL=0.025s

[pool] === SUMMARY ===
beam=  2  n= 40  gapL=  0.00%/  0.00%  gapZ= 29.99%/ 29.76%  gapP=  0.00%/  0.00%  speedL=0.52x
beam=  5  n= 40  gapL=  0.00%/  0.00%  gapZ= 20.63%/ 22.62%  gapP=  0.00%/  0.00%  speedL=0.61x

[pool] Overall: gapL=0.00%  gapZ=25.31%  gapP=0.00%
[pool] Train time: 248.8s (amortized over 40 eval instances)
[pool] CSV: ADP/logs/new_mlp_variants_generalization/pooled_small_daily_tou_mlp_price.csv
