[SingleMachinePeriodEnv v1.1-SM] Loading single-machine period-aware environment...
[pool] === TRAINING PHASE ===
[pool] Model type: mlp
[pool] Instance params: D=3 (range=(2, 4)), N=40 (range=(20, 60)), pmax=12
[pool] Train seeds: 0-99 (100 instances)
[pool] Samples per instance: 4000
[pool] Features: spec=FeatureSpec(include_per_class_counts=False, include_per_class_now_cost=False, include_bins=True, normalize=True, include_len_hist=False, pmax_for_hist=12, include_price_shape=False, include_meta=True)
[pool] normalize_labels=True
[pool] Workers: 128
[pool] Collecting data with 128 parallel workers...
[pool] collected 1/100 instances (4000 samples)
[pool] collected 2/100 instances (4000 samples)
[pool] collected 3/100 instances (4000 samples)
[pool] collected 4/100 instances (4000 samples)
[pool] collected 5/100 instances (4000 samples)
[pool] collected 6/100 instances (4000 samples)
[pool] collected 7/100 instances (4000 samples)
[pool] collected 8/100 instances (4000 samples)
[pool] collected 9/100 instances (4000 samples)
[pool] collected 10/100 instances (4000 samples)
[pool] collected 11/100 instances (4000 samples)
[pool] collected 12/100 instances (4000 samples)
[pool] collected 13/100 instances (4000 samples)
[pool] collected 14/100 instances (4000 samples)
[pool] collected 15/100 instances (4000 samples)
[pool] collected 16/100 instances (4000 samples)
[pool] collected 17/100 instances (4000 samples)
[pool] collected 18/100 instances (4000 samples)
[pool] collected 19/100 instances (4000 samples)
[pool] collected 20/100 instances (4000 samples)
[pool] collected 21/100 instances (4000 samples)
[pool] collected 22/100 instances (4000 samples)
[pool] collected 23/100 instances (4000 samples)
[pool] collected 24/100 instances (4000 samples)
[pool] collected 25/100 instances (4000 samples)
[pool] collected 26/100 instances (4000 samples)
[pool] collected 27/100 instances (4000 samples)
[pool] collected 28/100 instances (4000 samples)
[pool] collected 29/100 instances (4000 samples)
[pool] collected 30/100 instances (4000 samples)
[pool] collected 31/100 instances (4000 samples)
[pool] collected 32/100 instances (4000 samples)
[pool] collected 33/100 instances (4000 samples)
[pool] collected 34/100 instances (4000 samples)
[pool] collected 35/100 instances (4000 samples)
[pool] collected 36/100 instances (4000 samples)
[pool] collected 37/100 instances (4000 samples)
[pool] collected 38/100 instances (4000 samples)
[pool] collected 39/100 instances (4000 samples)
[pool] collected 40/100 instances (4000 samples)
[pool] collected 41/100 instances (4000 samples)
[pool] collected 42/100 instances (4000 samples)
[pool] collected 43/100 instances (4000 samples)
[pool] collected 44/100 instances (4000 samples)
[pool] collected 45/100 instances (4000 samples)
[pool] collected 46/100 instances (4000 samples)
[pool] collected 47/100 instances (4000 samples)
[pool] collected 48/100 instances (4000 samples)
[pool] collected 49/100 instances (4000 samples)
[pool] collected 50/100 instances (4000 samples)
[pool] collected 51/100 instances (4000 samples)
[pool] collected 52/100 instances (4000 samples)
[pool] collected 53/100 instances (4000 samples)
[pool] collected 54/100 instances (4000 samples)
[pool] collected 55/100 instances (4000 samples)
[pool] collected 56/100 instances (4000 samples)
[pool] collected 57/100 instances (4000 samples)
[pool] collected 58/100 instances (4000 samples)
[pool] collected 59/100 instances (4000 samples)
[pool] collected 60/100 instances (4000 samples)
[pool] collected 61/100 instances (4000 samples)
[pool] collected 62/100 instances (4000 samples)
[pool] collected 63/100 instances (4000 samples)
[pool] collected 64/100 instances (4000 samples)
[pool] collected 65/100 instances (4000 samples)
[pool] collected 66/100 instances (4000 samples)
[pool] collected 67/100 instances (4000 samples)
[pool] collected 68/100 instances (4000 samples)
[pool] collected 69/100 instances (4000 samples)
[pool] collected 70/100 instances (4000 samples)
[pool] collected 71/100 instances (4000 samples)
[pool] collected 72/100 instances (4000 samples)
[pool] collected 73/100 instances (4000 samples)
[pool] collected 74/100 instances (4000 samples)
[pool] collected 75/100 instances (4000 samples)
[pool] collected 76/100 instances (4000 samples)
[pool] collected 77/100 instances (4000 samples)
[pool] collected 78/100 instances (4000 samples)
[pool] collected 79/100 instances (4000 samples)
[pool] collected 80/100 instances (4000 samples)
[pool] collected 81/100 instances (4000 samples)
[pool] collected 82/100 instances (4000 samples)
[pool] collected 83/100 instances (4000 samples)
[pool] collected 84/100 instances (4000 samples)
[pool] collected 85/100 instances (4000 samples)
[pool] collected 86/100 instances (4000 samples)
[pool] collected 87/100 instances (4000 samples)
[pool] collected 88/100 instances (4000 samples)
[pool] collected 89/100 instances (4000 samples)
[pool] collected 90/100 instances (4000 samples)
[pool] collected 91/100 instances (4000 samples)
[pool] collected 92/100 instances (4000 samples)
[pool] collected 93/100 instances (4000 samples)
[pool] collected 94/100 instances (4000 samples)
[pool] collected 95/100 instances (4000 samples)
[pool] collected 96/100 instances (4000 samples)
[pool] collected 97/100 instances (4000 samples)
[pool] collected 98/100 instances (4000 samples)
[pool] collected 99/100 instances (4000 samples)
[pool] collected 100/100 instances (4000 samples)
[pool] Data collection: 400000 samples in 49.8s
  [mlp] Training on device=cuda
  [mlp] epoch=  1  train_loss=0.017617  val_loss=0.001106  best=0.001106  lr=1.0e-03
  [mlp] epoch=  2  train_loss=0.000819  val_loss=0.000619  best=0.000619  lr=1.0e-03
  [mlp] epoch=  3  train_loss=0.000514  val_loss=0.000433  best=0.000433  lr=1.0e-03
  [mlp] epoch=  4  train_loss=0.000382  val_loss=0.000340  best=0.000340  lr=1.0e-03
  [mlp] epoch=  5  train_loss=0.000308  val_loss=0.000281  best=0.000281  lr=1.0e-03
  [mlp] epoch=  6  train_loss=0.000260  val_loss=0.000242  best=0.000242  lr=1.0e-03
  [mlp] epoch=  7  train_loss=0.000226  val_loss=0.000213  best=0.000213  lr=1.0e-03
  [mlp] epoch=  8  train_loss=0.000202  val_loss=0.000192  best=0.000192  lr=1.0e-03
  [mlp] epoch=  9  train_loss=0.000182  val_loss=0.000176  best=0.000176  lr=1.0e-03
  [mlp] epoch= 10  train_loss=0.000167  val_loss=0.000163  best=0.000163  lr=1.0e-03
  [mlp] epoch= 11  train_loss=0.000155  val_loss=0.000151  best=0.000151  lr=1.0e-03
  [mlp] epoch= 12  train_loss=0.000144  val_loss=0.000140  best=0.000140  lr=1.0e-03
  [mlp] epoch= 13  train_loss=0.000133  val_loss=0.000132  best=0.000132  lr=1.0e-03
  [mlp] epoch= 14  train_loss=0.000124  val_loss=0.000122  best=0.000122  lr=1.0e-03
  [mlp] epoch= 15  train_loss=0.000117  val_loss=0.000118  best=0.000118  lr=1.0e-03
  [mlp] epoch= 16  train_loss=0.000111  val_loss=0.000111  best=0.000111  lr=1.0e-03
  [mlp] epoch= 17  train_loss=0.000106  val_loss=0.000105  best=0.000105  lr=1.0e-03
  [mlp] epoch= 18  train_loss=0.000101  val_loss=0.000100  best=0.000100  lr=1.0e-03
  [mlp] epoch= 19  train_loss=0.000097  val_loss=0.000096  best=0.000096  lr=1.0e-03
  [mlp] epoch= 20  train_loss=0.000094  val_loss=0.000092  best=0.000092  lr=1.0e-03
  [mlp] epoch= 21  train_loss=0.000090  val_loss=0.000090  best=0.000090  lr=1.0e-03
  [mlp] epoch= 22  train_loss=0.000087  val_loss=0.000086  best=0.000086  lr=1.0e-03
  [mlp] epoch= 23  train_loss=0.000085  val_loss=0.000085  best=0.000085  lr=1.0e-03
  [mlp] epoch= 24  train_loss=0.000083  val_loss=0.000082  best=0.000082  lr=1.0e-03
  [mlp] epoch= 25  train_loss=0.000081  val_loss=0.000080  best=0.000080  lr=1.0e-03
  [mlp] epoch= 26  train_loss=0.000078  val_loss=0.000077  best=0.000077  lr=1.0e-03
  [mlp] epoch= 27  train_loss=0.000076  val_loss=0.000076  best=0.000076  lr=1.0e-03
  [mlp] epoch= 28  train_loss=0.000075  val_loss=0.000074  best=0.000074  lr=1.0e-03
  [mlp] epoch= 29  train_loss=0.000073  val_loss=0.000073  best=0.000073  lr=1.0e-03
  [mlp] epoch= 30  train_loss=0.000071  val_loss=0.000070  best=0.000070  lr=1.0e-03
  [mlp] epoch= 31  train_loss=0.000069  val_loss=0.000068  best=0.000068  lr=1.0e-03
  [mlp] epoch= 32  train_loss=0.000068  val_loss=0.000066  best=0.000066  lr=1.0e-03
  [mlp] epoch= 33  train_loss=0.000067  val_loss=0.000065  best=0.000065  lr=1.0e-03
  [mlp] epoch= 34  train_loss=0.000066  val_loss=0.000064  best=0.000064  lr=1.0e-03
  [mlp] epoch= 35  train_loss=0.000064  val_loss=0.000063  best=0.000063  lr=1.0e-03
  [mlp] epoch= 36  train_loss=0.000063  val_loss=0.000062  best=0.000062  lr=1.0e-03
  [mlp] epoch= 37  train_loss=0.000062  val_loss=0.000059  best=0.000059  lr=1.0e-03
  [mlp] epoch= 39  train_loss=0.000059  val_loss=0.000059  best=0.000059  lr=1.0e-03
  [mlp] epoch= 40  train_loss=0.000059  val_loss=0.000056  best=0.000056  lr=1.0e-03
  [mlp] epoch= 41  train_loss=0.000057  val_loss=0.000056  best=0.000056  lr=1.0e-03
  [mlp] epoch= 42  train_loss=0.000056  val_loss=0.000055  best=0.000055  lr=1.0e-03
  [mlp] epoch= 43  train_loss=0.000055  val_loss=0.000055  best=0.000055  lr=1.0e-03
  [mlp] epoch= 44  train_loss=0.000055  val_loss=0.000054  best=0.000054  lr=1.0e-03
  [mlp] epoch= 45  train_loss=0.000053  val_loss=0.000052  best=0.000052  lr=1.0e-03
  [mlp] epoch= 47  train_loss=0.000052  val_loss=0.000051  best=0.000051  lr=1.0e-03
  [mlp] epoch= 48  train_loss=0.000051  val_loss=0.000050  best=0.000050  lr=1.0e-03
  [mlp] epoch= 49  train_loss=0.000050  val_loss=0.000049  best=0.000049  lr=1.0e-03
  [mlp] epoch= 50  train_loss=0.000049  val_loss=0.000049  best=0.000049  lr=1.0e-03
  [mlp] epoch= 51  train_loss=0.000049  val_loss=0.000048  best=0.000048  lr=1.0e-03
  [mlp] epoch= 52  train_loss=0.000048  val_loss=0.000048  best=0.000048  lr=1.0e-03
  [mlp] epoch= 53  train_loss=0.000047  val_loss=0.000047  best=0.000047  lr=1.0e-03
  [mlp] epoch= 54  train_loss=0.000047  val_loss=0.000046  best=0.000046  lr=1.0e-03
  [mlp] epoch= 56  train_loss=0.000046  val_loss=0.000044  best=0.000044  lr=1.0e-03
  [mlp] epoch= 57  train_loss=0.000045  val_loss=0.000044  best=0.000044  lr=1.0e-03
  [mlp] epoch= 58  train_loss=0.000045  val_loss=0.000043  best=0.000043  lr=1.0e-03
  [mlp] epoch= 59  train_loss=0.000044  val_loss=0.000043  best=0.000043  lr=1.0e-03
  [mlp] epoch= 60  train_loss=0.000043  val_loss=0.000042  best=0.000042  lr=1.0e-03
  [mlp] epoch= 61  train_loss=0.000043  val_loss=0.000042  best=0.000042  lr=1.0e-03
  [mlp] epoch= 66  train_loss=0.000041  val_loss=0.000040  best=0.000040  lr=1.0e-03
  [mlp] epoch= 68  train_loss=0.000041  val_loss=0.000040  best=0.000040  lr=1.0e-03
  [mlp] epoch= 69  train_loss=0.000041  val_loss=0.000039  best=0.000039  lr=1.0e-03
  [mlp] epoch= 70  train_loss=0.000040  val_loss=0.000039  best=0.000039  lr=1.0e-03
  [mlp] epoch= 72  train_loss=0.000040  val_loss=0.000039  best=0.000039  lr=1.0e-03
  [mlp] epoch= 75  train_loss=0.000039  val_loss=0.000038  best=0.000038  lr=1.0e-03
  [mlp] epoch= 76  train_loss=0.000039  val_loss=0.000037  best=0.000037  lr=1.0e-03
  [mlp] epoch= 78  train_loss=0.000039  val_loss=0.000036  best=0.000036  lr=1.0e-03
  [mlp] epoch= 79  train_loss=0.000038  val_loss=0.000036  best=0.000036  lr=1.0e-03
  [mlp] epoch= 80  train_loss=0.000037  val_loss=0.000037  best=0.000036  lr=1.0e-03
  [mlp] epoch= 82  train_loss=0.000037  val_loss=0.000036  best=0.000036  lr=1.0e-03
  [mlp] epoch= 86  train_loss=0.000036  val_loss=0.000036  best=0.000036  lr=1.0e-03
  [mlp] epoch= 87  train_loss=0.000037  val_loss=0.000034  best=0.000034  lr=1.0e-03
  [mlp] epoch= 91  train_loss=0.000036  val_loss=0.000034  best=0.000034  lr=1.0e-03
  [mlp] epoch= 95  train_loss=0.000034  val_loss=0.000033  best=0.000033  lr=1.0e-03
  [mlp] epoch= 98  train_loss=0.000035  val_loss=0.000033  best=0.000033  lr=1.0e-03
  [mlp] epoch=100  train_loss=0.000035  val_loss=0.000034  best=0.000033  lr=1.0e-03
  [mlp] epoch=101  train_loss=0.000034  val_loss=0.000033  best=0.000033  lr=1.0e-03
  [mlp] epoch=105  train_loss=0.000034  val_loss=0.000032  best=0.000032  lr=1.0e-03
  [mlp] epoch=108  train_loss=0.000034  val_loss=0.000032  best=0.000032  lr=1.0e-03
  [mlp] epoch=110  train_loss=0.000033  val_loss=0.000032  best=0.000032  lr=1.0e-03
  [mlp] epoch=113  train_loss=0.000033  val_loss=0.000032  best=0.000032  lr=1.0e-03
  [mlp] epoch=117  train_loss=0.000033  val_loss=0.000032  best=0.000032  lr=1.0e-03
  [mlp] epoch=120  train_loss=0.000033  val_loss=0.000031  best=0.000031  lr=1.0e-03
  [mlp] epoch=127  train_loss=0.000031  val_loss=0.000031  best=0.000031  lr=5.0e-04
  [mlp] epoch=128  train_loss=0.000031  val_loss=0.000030  best=0.000030  lr=5.0e-04
  [mlp] epoch=129  train_loss=0.000030  val_loss=0.000030  best=0.000030  lr=5.0e-04
  [mlp] epoch=130  train_loss=0.000030  val_loss=0.000030  best=0.000030  lr=5.0e-04
  [mlp] epoch=132  train_loss=0.000030  val_loss=0.000030  best=0.000030  lr=5.0e-04
  [mlp] epoch=139  train_loss=0.000030  val_loss=0.000030  best=0.000030  lr=2.5e-04
  [mlp] epoch=140  train_loss=0.000030  val_loss=0.000029  best=0.000029  lr=2.5e-04
  [mlp] epoch=143  train_loss=0.000030  val_loss=0.000029  best=0.000029  lr=2.5e-04
  [mlp] epoch=144  train_loss=0.000030  val_loss=0.000029  best=0.000029  lr=2.5e-04
  [mlp] epoch=148  train_loss=0.000030  val_loss=0.000029  best=0.000029  lr=2.5e-04
  [mlp] epoch=155  train_loss=0.000029  val_loss=0.000029  best=0.000029  lr=1.3e-04
  [mlp] epoch=156  train_loss=0.000029  val_loss=0.000029  best=0.000029  lr=1.3e-04
  [mlp] epoch=157  train_loss=0.000029  val_loss=0.000029  best=0.000029  lr=1.3e-04
  [mlp] epoch=160  train_loss=0.000029  val_loss=0.000029  best=0.000029  lr=1.3e-04
  [mlp] epoch=162  train_loss=0.000029  val_loss=0.000029  best=0.000029  lr=1.3e-04
  [mlp] epoch=169  train_loss=0.000029  val_loss=0.000029  best=0.000029  lr=6.3e-05
  [mlp] epoch=175  train_loss=0.000029  val_loss=0.000029  best=0.000029  lr=6.3e-05
  [mlp] epoch=176  train_loss=0.000029  val_loss=0.000029  best=0.000029  lr=6.3e-05
  [mlp] epoch=178  train_loss=0.000029  val_loss=0.000029  best=0.000029  lr=6.3e-05
  [mlp] epoch=180  train_loss=0.000029  val_loss=0.000029  best=0.000029  lr=6.3e-05
  [mlp] epoch=184  train_loss=0.000029  val_loss=0.000029  best=0.000029  lr=6.3e-05
  [mlp] epoch=190  train_loss=0.000029  val_loss=0.000029  best=0.000029  lr=6.3e-05
  [mlp] epoch=194  train_loss=0.000029  val_loss=0.000029  best=0.000029  lr=6.3e-05
  [mlp] epoch=198  train_loss=0.000029  val_loss=0.000028  best=0.000028  lr=6.3e-05
  [mlp] epoch=200  train_loss=0.000029  val_loss=0.000029  best=0.000028  lr=6.3e-05
  [mlp] epoch=204  train_loss=0.000029  val_loss=0.000028  best=0.000028  lr=6.3e-05
  [mlp] epoch=208  train_loss=0.000029  val_loss=0.000028  best=0.000028  lr=6.3e-05
  [mlp] epoch=211  train_loss=0.000029  val_loss=0.000028  best=0.000028  lr=6.3e-05
  [mlp] epoch=214  train_loss=0.000029  val_loss=0.000028  best=0.000028  lr=6.3e-05
  [mlp] epoch=216  train_loss=0.000029  val_loss=0.000028  best=0.000028  lr=6.3e-05
  [mlp] epoch=218  train_loss=0.000029  val_loss=0.000028  best=0.000028  lr=6.3e-05
  [mlp] epoch=219  train_loss=0.000029  val_loss=0.000028  best=0.000028  lr=6.3e-05
  [mlp] epoch=220  train_loss=0.000029  val_loss=0.000028  best=0.000028  lr=6.3e-05
  [mlp] epoch=222  train_loss=0.000029  val_loss=0.000028  best=0.000028  lr=6.3e-05
  [mlp] epoch=226  train_loss=0.000028  val_loss=0.000028  best=0.000028  lr=6.3e-05
  [mlp] epoch=227  train_loss=0.000028  val_loss=0.000028  best=0.000028  lr=6.3e-05
  [mlp] epoch=233  train_loss=0.000028  val_loss=0.000028  best=0.000028  lr=6.3e-05
  [mlp] epoch=240  train_loss=0.000028  val_loss=0.000028  best=0.000028  lr=3.1e-05
  [mlp] epoch=242  train_loss=0.000028  val_loss=0.000028  best=0.000028  lr=3.1e-05
  [mlp] epoch=243  train_loss=0.000028  val_loss=0.000028  best=0.000028  lr=3.1e-05
  [mlp] epoch=244  train_loss=0.000028  val_loss=0.000028  best=0.000028  lr=3.1e-05
  [mlp] epoch=248  train_loss=0.000028  val_loss=0.000028  best=0.000028  lr=3.1e-05
  [mlp] epoch=250  train_loss=0.000028  val_loss=0.000028  best=0.000028  lr=3.1e-05
  [mlp] epoch=253  train_loss=0.000028  val_loss=0.000028  best=0.000028  lr=3.1e-05
  [mlp] epoch=256  train_loss=0.000028  val_loss=0.000028  best=0.000028  lr=3.1e-05
  [mlp] epoch=257  train_loss=0.000028  val_loss=0.000028  best=0.000028  lr=3.1e-05
  [mlp] epoch=260  train_loss=0.000028  val_loss=0.000028  best=0.000028  lr=3.1e-05
  [mlp] epoch=262  train_loss=0.000028  val_loss=0.000028  best=0.000028  lr=3.1e-05
  [mlp] epoch=267  train_loss=0.000028  val_loss=0.000028  best=0.000028  lr=3.1e-05
  [mlp] epoch=274  train_loss=0.000028  val_loss=0.000028  best=0.000028  lr=1.6e-05
  [mlp] epoch=277  train_loss=0.000028  val_loss=0.000028  best=0.000028  lr=1.6e-05
  [mlp] epoch=280  train_loss=0.000028  val_loss=0.000028  best=0.000028  lr=7.8e-06
  [mlp] epoch=281  train_loss=0.000028  val_loss=0.000028  best=0.000028  lr=7.8e-06
  [mlp] epoch=283  train_loss=0.000028  val_loss=0.000028  best=0.000028  lr=7.8e-06
  [mlp] epoch=285  train_loss=0.000028  val_loss=0.000028  best=0.000028  lr=7.8e-06
  [mlp] epoch=286  train_loss=0.000028  val_loss=0.000028  best=0.000028  lr=7.8e-06
  [mlp] epoch=294  train_loss=0.000028  val_loss=0.000028  best=0.000028  lr=3.9e-06
  [mlp] epoch=296  train_loss=0.000028  val_loss=0.000028  best=0.000028  lr=3.9e-06
  [mlp] epoch=300  train_loss=0.000028  val_loss=0.000028  best=0.000028  lr=3.9e-06
  [mlp] epoch=305  train_loss=0.000028  val_loss=0.000028  best=0.000028  lr=2.0e-06
  [mlp] epoch=320  train_loss=0.000028  val_loss=0.000028  best=0.000028  lr=1.0e-06
  [mlp] epoch=323  train_loss=0.000028  val_loss=0.000028  best=0.000028  lr=1.0e-06
  [mlp] epoch=331  train_loss=0.000028  val_loss=0.000028  best=0.000028  lr=1.0e-06
  [mlp] epoch=337  train_loss=0.000028  val_loss=0.000028  best=0.000028  lr=1.0e-06
  [mlp] epoch=340  train_loss=0.000028  val_loss=0.000028  best=0.000028  lr=1.0e-06
  [mlp] epoch=343  train_loss=0.000028  val_loss=0.000028  best=0.000028  lr=1.0e-06
  [mlp] epoch=344  train_loss=0.000028  val_loss=0.000028  best=0.000028  lr=1.0e-06
  [mlp] epoch=347  train_loss=0.000028  val_loss=0.000028  best=0.000028  lr=1.0e-06
  [mlp] epoch=351  train_loss=0.000028  val_loss=0.000028  best=0.000028  lr=1.0e-06
  [mlp] epoch=352  train_loss=0.000028  val_loss=0.000028  best=0.000028  lr=1.0e-06
  [mlp] epoch=353  train_loss=0.000028  val_loss=0.000028  best=0.000028  lr=1.0e-06
  [mlp] epoch=358  train_loss=0.000028  val_loss=0.000028  best=0.000028  lr=1.0e-06
  [mlp] epoch=359  train_loss=0.000028  val_loss=0.000028  best=0.000028  lr=1.0e-06
  [mlp] epoch=360  train_loss=0.000028  val_loss=0.000028  best=0.000028  lr=1.0e-06
  [mlp] epoch=368  train_loss=0.000028  val_loss=0.000028  best=0.000028  lr=1.0e-06
  [mlp] epoch=375  train_loss=0.000028  val_loss=0.000028  best=0.000028  lr=1.0e-06
  [mlp] epoch=380  train_loss=0.000028  val_loss=0.000028  best=0.000028  lr=1.0e-06
  [mlp] epoch=383  train_loss=0.000028  val_loss=0.000028  best=0.000028  lr=1.0e-06
  [mlp] epoch=385  train_loss=0.000028  val_loss=0.000028  best=0.000028  lr=1.0e-06
  [mlp] epoch=386  train_loss=0.000028  val_loss=0.000028  best=0.000028  lr=1.0e-06
  [mlp] epoch=390  train_loss=0.000028  val_loss=0.000028  best=0.000028  lr=1.0e-06
  [mlp] epoch=400  train_loss=0.000028  val_loss=0.000028  best=0.000028  lr=1.0e-06
  [mlp] epoch=405  train_loss=0.000028  val_loss=0.000028  best=0.000028  lr=1.0e-06
  [mlp] epoch=406  train_loss=0.000028  val_loss=0.000028  best=0.000028  lr=1.0e-06
  [mlp] epoch=410  train_loss=0.000028  val_loss=0.000028  best=0.000028  lr=1.0e-06
  [mlp] epoch=420  train_loss=0.000028  val_loss=0.000028  best=0.000028  lr=1.0e-06
  [mlp] epoch=431  train_loss=0.000028  val_loss=0.000028  best=0.000028  lr=1.0e-06
  [mlp] epoch=438  train_loss=0.000028  val_loss=0.000028  best=0.000028  lr=1.0e-06
  [mlp] epoch=440  train_loss=0.000028  val_loss=0.000028  best=0.000028  lr=1.0e-06
  [mlp] epoch=451  train_loss=0.000028  val_loss=0.000028  best=0.000028  lr=1.0e-06
  [mlp] epoch=455  train_loss=0.000028  val_loss=0.000028  best=0.000028  lr=1.0e-06
  [mlp] epoch=456  train_loss=0.000028  val_loss=0.000028  best=0.000028  lr=1.0e-06
  [mlp] epoch=460  train_loss=0.000028  val_loss=0.000028  best=0.000028  lr=1.0e-06
  [mlp] epoch=463  train_loss=0.000028  val_loss=0.000028  best=0.000028  lr=1.0e-06
  [mlp] epoch=464  train_loss=0.000028  val_loss=0.000028  best=0.000028  lr=1.0e-06
  [mlp] epoch=476  train_loss=0.000028  val_loss=0.000028  best=0.000028  lr=1.0e-06
  [mlp] epoch=478  train_loss=0.000028  val_loss=0.000028  best=0.000028  lr=1.0e-06
  [mlp] epoch=480  train_loss=0.000028  val_loss=0.000028  best=0.000028  lr=1.0e-06
  [mlp] epoch=481  train_loss=0.000028  val_loss=0.000028  best=0.000028  lr=1.0e-06
  [mlp] epoch=483  train_loss=0.000028  val_loss=0.000028  best=0.000028  lr=1.0e-06
  [mlp] epoch=494  train_loss=0.000028  val_loss=0.000028  best=0.000028  lr=1.0e-06
  [mlp] epoch=500  train_loss=0.000028  val_loss=0.000028  best=0.000028  lr=1.0e-06
  [mlp] epoch=510  train_loss=0.000028  val_loss=0.000028  best=0.000028  lr=1.0e-06
  [mlp] epoch=512  train_loss=0.000028  val_loss=0.000028  best=0.000028  lr=1.0e-06
  [mlp] epoch=517  train_loss=0.000028  val_loss=0.000028  best=0.000028  lr=1.0e-06
  [mlp] epoch=520  train_loss=0.000028  val_loss=0.000028  best=0.000028  lr=1.0e-06
  [mlp] epoch=522  train_loss=0.000028  val_loss=0.000028  best=0.000028  lr=1.0e-06
  [mlp] epoch=530  train_loss=0.000028  val_loss=0.000028  best=0.000028  lr=1.0e-06
  [mlp] epoch=540  train_loss=0.000028  val_loss=0.000028  best=0.000028  lr=1.0e-06
  [mlp] epoch=541  train_loss=0.000028  val_loss=0.000028  best=0.000028  lr=1.0e-06
  [mlp] epoch=542  train_loss=0.000028  val_loss=0.000028  best=0.000028  lr=1.0e-06
  [mlp] epoch=544  train_loss=0.000028  val_loss=0.000028  best=0.000028  lr=1.0e-06
  [mlp] epoch=548  train_loss=0.000028  val_loss=0.000028  best=0.000028  lr=1.0e-06
  [mlp] epoch=549  train_loss=0.000028  val_loss=0.000028  best=0.000028  lr=1.0e-06
  [mlp] epoch=556  train_loss=0.000028  val_loss=0.000028  best=0.000028  lr=1.0e-06
  [mlp] epoch=560  train_loss=0.000028  val_loss=0.000028  best=0.000028  lr=1.0e-06
  [mlp] epoch=568  train_loss=0.000028  val_loss=0.000028  best=0.000028  lr=1.0e-06
  [mlp] epoch=570  train_loss=0.000028  val_loss=0.000028  best=0.000028  lr=1.0e-06
  [mlp] epoch=580  train_loss=0.000028  val_loss=0.000028  best=0.000028  lr=1.0e-06
  [mlp] epoch=584  train_loss=0.000028  val_loss=0.000028  best=0.000028  lr=1.0e-06
  [mlp] epoch=588  train_loss=0.000028  val_loss=0.000028  best=0.000028  lr=1.0e-06
  [mlp] epoch=599  train_loss=0.000028  val_loss=0.000028  best=0.000028  lr=1.0e-06
  [mlp] epoch=600  train_loss=0.000028  val_loss=0.000028  best=0.000028  lr=1.0e-06

[pool] === TRAINING RESULTS ===
[pool] Model: mlp
[pool] Pooled samples: 400000 (from 100 instances)
[pool] feat_dim=23
[pool] R2_train=0.9996  R2_test=0.9996
[pool] MAE_train=0.0030  MAE_test=0.0029
[pool] Data collection: 49.8s  Model fitting: 204.3s
[pool] Total training time: 254.2s
[pool] Model saved to ADP/models/new_mlp_variants_generalization/vhat_small_generate_data_mlp_meta.npz (type=mlp)

[pool] === EVALUATION PHASE ===
[pool] Eval params: D=3 (range=(2, 4)), N=40 (range=(20, 60)), pmax=12
[pool] Eval seeds: 300-339 (40 instances)
[pool] Beams: [2, 5]
[pool] Comparing variants: Exact DP vs Guided(Learned-Vhat) vs Guided(Zero-Vhat) vs Guided(Price-Vhat)
[pool] Vhat model: type=mlp, spec=FeatureSpec(include_per_class_counts=False, include_per_class_now_cost=False, include_bins=True, normalize=True, include_len_hist=False, pmax_for_hist=12, include_price_shape=False, include_meta=True), normalize_labels=True
[pool] Legend per-row: exact=Exact DP cost, L=Learned-Vhat, Z=Zero-Vhat, P=Price-Vhat
seed=300 beam=2 exact=162.0 L=162.0 Z=177.0 P=167.0 gapL=0.00% gapZ=9.26% gapP=3.09% t_exact=0.005s tL=0.006s
seed=300 beam=5 exact=162.0 L=162.0 Z=165.0 P=165.0 gapL=0.00% gapZ=1.85% gapP=1.85% t_exact=0.005s tL=0.010s
seed=301 beam=2 exact=162.0 L=162.0 Z=178.0 P=167.0 gapL=0.00% gapZ=9.88% gapP=3.09% t_exact=0.008s tL=0.007s
seed=301 beam=5 exact=162.0 L=162.0 Z=167.0 P=166.0 gapL=0.00% gapZ=3.09% gapP=2.47% t_exact=0.008s tL=0.011s
seed=302 beam=2 exact=324.0 L=324.0 Z=357.0 P=333.0 gapL=0.00% gapZ=10.19% gapP=2.78% t_exact=0.020s tL=0.013s
seed=302 beam=5 exact=324.0 L=324.0 Z=349.0 P=333.0 gapL=0.00% gapZ=7.72% gapP=2.78% t_exact=0.020s tL=0.032s
seed=303 beam=2 exact=243.0 L=243.0 Z=259.0 P=249.0 gapL=0.00% gapZ=6.58% gapP=2.47% t_exact=0.026s tL=0.016s
seed=303 beam=5 exact=243.0 L=243.0 Z=259.0 P=249.0 gapL=0.00% gapZ=6.58% gapP=2.47% t_exact=0.026s tL=0.038s
seed=304 beam=2 exact=324.0 L=324.0 Z=357.0 P=333.0 gapL=0.00% gapZ=10.19% gapP=2.78% t_exact=0.032s tL=0.014s
seed=304 beam=5 exact=324.0 L=324.0 Z=349.0 P=333.0 gapL=0.00% gapZ=7.72% gapP=2.78% t_exact=0.032s tL=0.032s
seed=305 beam=2 exact=162.0 L=162.0 Z=178.0 P=167.0 gapL=0.00% gapZ=9.88% gapP=3.09% t_exact=0.004s tL=0.005s
seed=305 beam=5 exact=162.0 L=162.0 Z=167.0 P=166.0 gapL=0.00% gapZ=3.09% gapP=2.47% t_exact=0.004s tL=0.007s
seed=306 beam=2 exact=324.0 L=324.0 Z=357.0 P=333.0 gapL=0.00% gapZ=10.19% gapP=2.78% t_exact=0.037s tL=0.025s
seed=306 beam=5 exact=324.0 L=324.0 Z=349.0 P=333.0 gapL=0.00% gapZ=7.72% gapP=2.78% t_exact=0.037s tL=0.050s
seed=307 beam=2 exact=324.0 L=324.0 Z=357.0 P=333.0 gapL=0.00% gapZ=10.19% gapP=2.78% t_exact=0.036s tL=0.015s
seed=307 beam=5 exact=324.0 L=324.0 Z=349.0 P=333.0 gapL=0.00% gapZ=7.72% gapP=2.78% t_exact=0.036s tL=0.035s
seed=308 beam=2 exact=243.0 L=243.0 Z=259.0 P=248.0 gapL=0.00% gapZ=6.58% gapP=2.06% t_exact=0.009s tL=0.010s
seed=308 beam=5 exact=243.0 L=243.0 Z=253.0 P=248.0 gapL=0.00% gapZ=4.12% gapP=2.06% t_exact=0.009s tL=0.015s
seed=309 beam=2 exact=243.0 L=243.0 Z=259.0 P=249.0 gapL=0.00% gapZ=6.58% gapP=2.47% t_exact=0.022s tL=0.016s
seed=309 beam=5 exact=243.0 L=243.0 Z=259.0 P=249.0 gapL=0.00% gapZ=6.58% gapP=2.47% t_exact=0.022s tL=0.039s
seed=310 beam=2 exact=162.0 L=162.0 Z=178.0 P=167.0 gapL=0.00% gapZ=9.88% gapP=3.09% t_exact=0.005s tL=0.004s
seed=310 beam=5 exact=162.0 L=162.0 Z=167.0 P=166.0 gapL=0.00% gapZ=3.09% gapP=2.47% t_exact=0.005s tL=0.012s
seed=311 beam=2 exact=243.0 L=243.0 Z=259.0 P=249.0 gapL=0.00% gapZ=6.58% gapP=2.47% t_exact=0.012s tL=0.015s
seed=311 beam=5 exact=243.0 L=243.0 Z=259.0 P=248.0 gapL=0.00% gapZ=6.58% gapP=2.06% t_exact=0.012s tL=0.033s
seed=312 beam=2 exact=162.0 L=162.0 Z=178.0 P=166.0 gapL=0.00% gapZ=9.88% gapP=2.47% t_exact=0.003s tL=0.003s
seed=312 beam=5 exact=162.0 L=162.0 Z=165.0 P=164.0 gapL=0.00% gapZ=1.85% gapP=1.23% t_exact=0.003s tL=0.005s
seed=313 beam=2 exact=162.0 L=162.0 Z=178.0 P=167.0 gapL=0.00% gapZ=9.88% gapP=3.09% t_exact=0.004s tL=0.005s
seed=313 beam=5 exact=162.0 L=162.0 Z=167.0 P=166.0 gapL=0.00% gapZ=3.09% gapP=2.47% t_exact=0.004s tL=0.010s
seed=314 beam=2 exact=243.0 L=243.0 Z=259.0 P=249.0 gapL=0.00% gapZ=6.58% gapP=2.47% t_exact=0.004s tL=0.004s
seed=314 beam=5 exact=243.0 L=243.0 Z=253.0 P=247.0 gapL=0.00% gapZ=4.12% gapP=1.65% t_exact=0.004s tL=0.009s
seed=315 beam=2 exact=243.0 L=243.0 Z=259.0 P=248.0 gapL=0.00% gapZ=6.58% gapP=2.06% t_exact=0.008s tL=0.007s
seed=315 beam=5 exact=243.0 L=243.0 Z=253.0 P=247.0 gapL=0.00% gapZ=4.12% gapP=1.65% t_exact=0.008s tL=0.014s
seed=316 beam=2 exact=162.0 L=162.0 Z=171.0 P=166.0 gapL=0.00% gapZ=5.56% gapP=2.47% t_exact=0.002s tL=0.003s
seed=316 beam=5 exact=162.0 L=162.0 Z=162.0 P=162.0 gapL=0.00% gapZ=0.00% gapP=0.00% t_exact=0.002s tL=0.001s
seed=317 beam=2 exact=162.0 L=162.0 Z=171.0 P=166.0 gapL=0.00% gapZ=5.56% gapP=2.47% t_exact=0.002s tL=0.002s
seed=317 beam=5 exact=162.0 L=162.0 Z=162.0 P=162.0 gapL=0.00% gapZ=0.00% gapP=0.00% t_exact=0.002s tL=0.001s
seed=318 beam=2 exact=162.0 L=162.0 Z=171.0 P=166.0 gapL=0.00% gapZ=5.56% gapP=2.47% t_exact=0.002s tL=0.002s
seed=318 beam=5 exact=162.0 L=162.0 Z=162.0 P=162.0 gapL=0.00% gapZ=0.00% gapP=0.00% t_exact=0.002s tL=0.001s
seed=319 beam=2 exact=324.0 L=324.0 Z=357.0 P=332.0 gapL=0.00% gapZ=10.19% gapP=2.47% t_exact=0.036s tL=0.025s
seed=319 beam=5 exact=324.0 L=324.0 Z=349.0 P=332.0 gapL=0.00% gapZ=7.72% gapP=2.47% t_exact=0.036s tL=0.054s
seed=320 beam=2 exact=162.0 L=162.0 Z=178.0 P=167.0 gapL=0.00% gapZ=9.88% gapP=3.09% t_exact=0.003s tL=0.005s
seed=320 beam=5 exact=162.0 L=162.0 Z=166.0 P=166.0 gapL=0.00% gapZ=2.47% gapP=2.47% t_exact=0.003s tL=0.007s
seed=321 beam=2 exact=243.0 L=243.0 Z=259.0 P=249.0 gapL=0.00% gapZ=6.58% gapP=2.47% t_exact=0.008s tL=0.010s
seed=321 beam=5 exact=243.0 L=243.0 Z=253.0 P=249.0 gapL=0.00% gapZ=4.12% gapP=2.47% t_exact=0.008s tL=0.014s
seed=322 beam=2 exact=162.0 L=162.0 Z=178.0 P=166.0 gapL=0.00% gapZ=9.88% gapP=2.47% t_exact=0.003s tL=0.004s
seed=322 beam=5 exact=162.0 L=162.0 Z=165.0 P=165.0 gapL=0.00% gapZ=1.85% gapP=1.85% t_exact=0.003s tL=0.006s
seed=323 beam=2 exact=324.0 L=324.0 Z=357.0 P=333.0 gapL=0.00% gapZ=10.19% gapP=2.78% t_exact=0.051s tL=0.025s
seed=323 beam=5 exact=324.0 L=324.0 Z=349.0 P=333.0 gapL=0.00% gapZ=7.72% gapP=2.78% t_exact=0.051s tL=0.046s
seed=324 beam=2 exact=243.0 L=243.0 Z=259.0 P=249.0 gapL=0.00% gapZ=6.58% gapP=2.47% t_exact=0.014s tL=0.013s
seed=324 beam=5 exact=243.0 L=243.0 Z=253.0 P=248.0 gapL=0.00% gapZ=4.12% gapP=2.06% t_exact=0.014s tL=0.030s
seed=325 beam=2 exact=162.0 L=162.0 Z=178.0 P=167.0 gapL=0.00% gapZ=9.88% gapP=3.09% t_exact=0.004s tL=0.005s
seed=325 beam=5 exact=162.0 L=162.0 Z=167.0 P=166.0 gapL=0.00% gapZ=3.09% gapP=2.47% t_exact=0.004s tL=0.015s
seed=326 beam=2 exact=162.0 L=162.0 Z=178.0 P=167.0 gapL=0.00% gapZ=9.88% gapP=3.09% t_exact=0.006s tL=0.008s
seed=326 beam=5 exact=162.0 L=162.0 Z=167.0 P=166.0 gapL=0.00% gapZ=3.09% gapP=2.47% t_exact=0.006s tL=0.017s
seed=327 beam=2 exact=243.0 L=243.0 Z=259.0 P=249.0 gapL=0.00% gapZ=6.58% gapP=2.47% t_exact=0.007s tL=0.010s
seed=327 beam=5 exact=243.0 L=243.0 Z=253.0 P=249.0 gapL=0.00% gapZ=4.12% gapP=2.47% t_exact=0.007s tL=0.019s
seed=328 beam=2 exact=162.0 L=162.0 Z=171.0 P=166.0 gapL=0.00% gapZ=5.56% gapP=2.47% t_exact=0.002s tL=0.002s
seed=328 beam=5 exact=162.0 L=162.0 Z=162.0 P=162.0 gapL=0.00% gapZ=0.00% gapP=0.00% t_exact=0.002s tL=0.001s
seed=329 beam=2 exact=324.0 L=324.0 Z=357.0 P=333.0 gapL=0.00% gapZ=10.19% gapP=2.78% t_exact=0.038s tL=0.020s
seed=329 beam=5 exact=324.0 L=324.0 Z=349.0 P=333.0 gapL=0.00% gapZ=7.72% gapP=2.78% t_exact=0.038s tL=0.044s
seed=330 beam=2 exact=243.0 L=243.0 Z=259.0 P=247.0 gapL=0.00% gapZ=6.58% gapP=1.65% t_exact=0.003s tL=0.004s
seed=330 beam=5 exact=243.0 L=243.0 Z=246.0 P=244.0 gapL=0.00% gapZ=1.23% gapP=0.41% t_exact=0.003s tL=0.003s
seed=331 beam=2 exact=162.0 L=162.0 Z=178.0 P=167.0 gapL=0.00% gapZ=9.88% gapP=3.09% t_exact=0.005s tL=0.005s
seed=331 beam=5 exact=162.0 L=162.0 Z=167.0 P=166.0 gapL=0.00% gapZ=3.09% gapP=2.47% t_exact=0.005s tL=0.013s
seed=332 beam=2 exact=243.0 L=243.0 Z=259.0 P=249.0 gapL=0.00% gapZ=6.58% gapP=2.47% t_exact=0.017s tL=0.015s
seed=332 beam=5 exact=243.0 L=243.0 Z=259.0 P=249.0 gapL=0.00% gapZ=6.58% gapP=2.47% t_exact=0.017s tL=0.033s
seed=333 beam=2 exact=162.0 L=162.0 Z=178.0 P=167.0 gapL=0.00% gapZ=9.88% gapP=3.09% t_exact=0.003s tL=0.005s
seed=333 beam=5 exact=162.0 L=162.0 Z=164.0 P=164.0 gapL=0.00% gapZ=1.23% gapP=1.23% t_exact=0.003s tL=0.005s
seed=334 beam=2 exact=243.0 L=243.0 Z=259.0 P=248.0 gapL=0.00% gapZ=6.58% gapP=2.06% t_exact=0.012s tL=0.013s
seed=334 beam=5 exact=243.0 L=243.0 Z=253.0 P=248.0 gapL=0.00% gapZ=4.12% gapP=2.06% t_exact=0.012s tL=0.027s
seed=335 beam=2 exact=162.0 L=162.0 Z=178.0 P=167.0 gapL=0.00% gapZ=9.88% gapP=3.09% t_exact=0.004s tL=0.005s
seed=335 beam=5 exact=162.0 L=162.0 Z=167.0 P=165.0 gapL=0.00% gapZ=3.09% gapP=1.85% t_exact=0.004s tL=0.009s
seed=336 beam=2 exact=243.0 L=243.0 Z=259.0 P=249.0 gapL=0.00% gapZ=6.58% gapP=2.47% t_exact=0.004s tL=0.005s
seed=336 beam=5 exact=243.0 L=243.0 Z=247.0 P=246.0 gapL=0.00% gapZ=1.65% gapP=1.23% t_exact=0.004s tL=0.004s
seed=337 beam=2 exact=162.0 L=162.0 Z=178.0 P=167.0 gapL=0.00% gapZ=9.88% gapP=3.09% t_exact=0.005s tL=0.008s
seed=337 beam=5 exact=162.0 L=162.0 Z=167.0 P=166.0 gapL=0.00% gapZ=3.09% gapP=2.47% t_exact=0.005s tL=0.015s
seed=338 beam=2 exact=243.0 L=243.0 Z=259.0 P=247.0 gapL=0.00% gapZ=6.58% gapP=1.65% t_exact=0.008s tL=0.010s
seed=338 beam=5 exact=243.0 L=243.0 Z=253.0 P=247.0 gapL=0.00% gapZ=4.12% gapP=1.65% t_exact=0.008s tL=0.021s
seed=339 beam=2 exact=162.0 L=162.0 Z=178.0 P=167.0 gapL=0.00% gapZ=9.88% gapP=3.09% t_exact=0.005s tL=0.006s
seed=339 beam=5 exact=162.0 L=162.0 Z=167.0 P=166.0 gapL=0.00% gapZ=3.09% gapP=2.47% t_exact=0.005s tL=0.013s

[pool] === SUMMARY ===
beam=  2  n= 40  gapL=  0.00%/  0.00%  gapZ=  8.33%/  9.88%  gapP=  2.64%/  2.47%  speedL=1.06x
beam=  5  n= 40  gapL=  0.00%/  0.00%  gapZ=  3.91%/  3.09%  gapP=  1.98%/  2.47%  speedL=0.83x

[pool] Overall: gapL=0.00%  gapZ=6.12%  gapP=2.31%
[pool] Train time: 254.2s (amortized over 40 eval instances)
[pool] CSV: ADP/logs/new_mlp_variants_generalization/pooled_small_generate_data_mlp_meta.csv
