[SingleMachinePeriodEnv v1.1-SM] Loading single-machine period-aware environment...
[pool] === TRAINING PHASE ===
[pool] Model type: mlp
[pool] Instance params: D=3 (range=(2, 4)), N=40 (range=(20, 60)), pmax=12
[pool] Train seeds: 0-99 (100 instances)
[pool] Samples per instance: 4000
[pool] Features: spec=FeatureSpec(include_per_class_counts=False, include_per_class_now_cost=False, include_bins=True, normalize=True, include_len_hist=True, pmax_for_hist=12, include_price_shape=False, include_meta=False)
[pool] normalize_labels=True
[pool] Workers: 128
[pool] Collecting data with 128 parallel workers...
[pool] collected 1/100 instances (4000 samples)
[pool] collected 2/100 instances (4000 samples)
[pool] collected 3/100 instances (4000 samples)
[pool] collected 4/100 instances (4000 samples)
[pool] collected 5/100 instances (4000 samples)
[pool] collected 6/100 instances (4000 samples)
[pool] collected 7/100 instances (4000 samples)
[pool] collected 8/100 instances (4000 samples)
[pool] collected 9/100 instances (4000 samples)
[pool] collected 10/100 instances (4000 samples)
[pool] collected 11/100 instances (4000 samples)
[pool] collected 12/100 instances (4000 samples)
[pool] collected 13/100 instances (4000 samples)
[pool] collected 14/100 instances (4000 samples)
[pool] collected 15/100 instances (4000 samples)
[pool] collected 16/100 instances (4000 samples)
[pool] collected 17/100 instances (4000 samples)
[pool] collected 18/100 instances (4000 samples)
[pool] collected 19/100 instances (4000 samples)
[pool] collected 20/100 instances (4000 samples)
[pool] collected 21/100 instances (4000 samples)
[pool] collected 22/100 instances (4000 samples)
[pool] collected 23/100 instances (4000 samples)
[pool] collected 24/100 instances (4000 samples)
[pool] collected 25/100 instances (4000 samples)
[pool] collected 26/100 instances (4000 samples)
[pool] collected 27/100 instances (4000 samples)
[pool] collected 28/100 instances (4000 samples)
[pool] collected 29/100 instances (4000 samples)
[pool] collected 30/100 instances (4000 samples)
[pool] collected 31/100 instances (4000 samples)
[pool] collected 32/100 instances (4000 samples)
[pool] collected 33/100 instances (4000 samples)
[pool] collected 34/100 instances (4000 samples)
[pool] collected 35/100 instances (4000 samples)
[pool] collected 36/100 instances (4000 samples)
[pool] collected 37/100 instances (4000 samples)
[pool] collected 38/100 instances (4000 samples)
[pool] collected 39/100 instances (4000 samples)
[pool] collected 40/100 instances (4000 samples)
[pool] collected 41/100 instances (4000 samples)
[pool] collected 42/100 instances (4000 samples)
[pool] collected 43/100 instances (4000 samples)
[pool] collected 44/100 instances (4000 samples)
[pool] collected 45/100 instances (4000 samples)
[pool] collected 46/100 instances (4000 samples)
[pool] collected 47/100 instances (4000 samples)
[pool] collected 48/100 instances (4000 samples)
[pool] collected 49/100 instances (4000 samples)
[pool] collected 50/100 instances (4000 samples)
[pool] collected 51/100 instances (4000 samples)
[pool] collected 52/100 instances (4000 samples)
[pool] collected 53/100 instances (4000 samples)
[pool] collected 54/100 instances (4000 samples)
[pool] collected 55/100 instances (4000 samples)
[pool] collected 56/100 instances (4000 samples)
[pool] collected 57/100 instances (4000 samples)
[pool] collected 58/100 instances (4000 samples)
[pool] collected 59/100 instances (4000 samples)
[pool] collected 60/100 instances (4000 samples)
[pool] collected 61/100 instances (4000 samples)
[pool] collected 62/100 instances (4000 samples)
[pool] collected 63/100 instances (4000 samples)
[pool] collected 64/100 instances (4000 samples)
[pool] collected 65/100 instances (4000 samples)
[pool] collected 66/100 instances (4000 samples)
[pool] collected 67/100 instances (4000 samples)
[pool] collected 68/100 instances (4000 samples)
[pool] collected 69/100 instances (4000 samples)
[pool] collected 70/100 instances (4000 samples)
[pool] collected 71/100 instances (4000 samples)
[pool] collected 72/100 instances (4000 samples)
[pool] collected 73/100 instances (4000 samples)
[pool] collected 74/100 instances (4000 samples)
[pool] collected 75/100 instances (4000 samples)
[pool] collected 76/100 instances (4000 samples)
[pool] collected 77/100 instances (4000 samples)
[pool] collected 78/100 instances (4000 samples)
[pool] collected 79/100 instances (4000 samples)
[pool] collected 80/100 instances (4000 samples)
[pool] collected 81/100 instances (4000 samples)
[pool] collected 82/100 instances (4000 samples)
[pool] collected 83/100 instances (4000 samples)
[pool] collected 84/100 instances (4000 samples)
[pool] collected 85/100 instances (4000 samples)
[pool] collected 86/100 instances (4000 samples)
[pool] collected 87/100 instances (4000 samples)
[pool] collected 88/100 instances (4000 samples)
[pool] collected 89/100 instances (4000 samples)
[pool] collected 90/100 instances (4000 samples)
[pool] collected 91/100 instances (4000 samples)
[pool] collected 92/100 instances (4000 samples)
[pool] collected 93/100 instances (4000 samples)
[pool] collected 94/100 instances (4000 samples)
[pool] collected 95/100 instances (4000 samples)
[pool] collected 96/100 instances (4000 samples)
[pool] collected 97/100 instances (4000 samples)
[pool] collected 98/100 instances (4000 samples)
[pool] collected 99/100 instances (4000 samples)
[pool] collected 100/100 instances (4000 samples)
[pool] Data collection: 400000 samples in 49.3s
  [mlp] Training on device=cuda
  [mlp] epoch=  1  train_loss=0.019627  val_loss=0.002753  best=0.002753  lr=1.0e-03
  [mlp] epoch=  2  train_loss=0.001881  val_loss=0.001384  best=0.001384  lr=1.0e-03
  [mlp] epoch=  3  train_loss=0.001138  val_loss=0.000968  best=0.000968  lr=1.0e-03
  [mlp] epoch=  4  train_loss=0.000834  val_loss=0.000751  best=0.000751  lr=1.0e-03
  [mlp] epoch=  5  train_loss=0.000662  val_loss=0.000616  best=0.000616  lr=1.0e-03
  [mlp] epoch=  6  train_loss=0.000550  val_loss=0.000523  best=0.000523  lr=1.0e-03
  [mlp] epoch=  7  train_loss=0.000469  val_loss=0.000449  best=0.000449  lr=1.0e-03
  [mlp] epoch=  8  train_loss=0.000401  val_loss=0.000386  best=0.000386  lr=1.0e-03
  [mlp] epoch=  9  train_loss=0.000347  val_loss=0.000336  best=0.000336  lr=1.0e-03
  [mlp] epoch= 10  train_loss=0.000306  val_loss=0.000297  best=0.000297  lr=1.0e-03
  [mlp] epoch= 11  train_loss=0.000272  val_loss=0.000269  best=0.000269  lr=1.0e-03
  [mlp] epoch= 12  train_loss=0.000245  val_loss=0.000243  best=0.000243  lr=1.0e-03
  [mlp] epoch= 13  train_loss=0.000222  val_loss=0.000223  best=0.000223  lr=1.0e-03
  [mlp] epoch= 14  train_loss=0.000202  val_loss=0.000201  best=0.000201  lr=1.0e-03
  [mlp] epoch= 15  train_loss=0.000184  val_loss=0.000184  best=0.000184  lr=1.0e-03
  [mlp] epoch= 16  train_loss=0.000168  val_loss=0.000168  best=0.000168  lr=1.0e-03
  [mlp] epoch= 17  train_loss=0.000153  val_loss=0.000154  best=0.000154  lr=1.0e-03
  [mlp] epoch= 18  train_loss=0.000140  val_loss=0.000141  best=0.000141  lr=1.0e-03
  [mlp] epoch= 19  train_loss=0.000127  val_loss=0.000129  best=0.000129  lr=1.0e-03
  [mlp] epoch= 20  train_loss=0.000116  val_loss=0.000121  best=0.000121  lr=1.0e-03
  [mlp] epoch= 21  train_loss=0.000107  val_loss=0.000110  best=0.000110  lr=1.0e-03
  [mlp] epoch= 22  train_loss=0.000100  val_loss=0.000102  best=0.000102  lr=1.0e-03
  [mlp] epoch= 23  train_loss=0.000092  val_loss=0.000096  best=0.000096  lr=1.0e-03
  [mlp] epoch= 24  train_loss=0.000086  val_loss=0.000090  best=0.000090  lr=1.0e-03
  [mlp] epoch= 25  train_loss=0.000081  val_loss=0.000085  best=0.000085  lr=1.0e-03
  [mlp] epoch= 26  train_loss=0.000075  val_loss=0.000079  best=0.000079  lr=1.0e-03
  [mlp] epoch= 27  train_loss=0.000071  val_loss=0.000074  best=0.000074  lr=1.0e-03
  [mlp] epoch= 28  train_loss=0.000066  val_loss=0.000070  best=0.000070  lr=1.0e-03
  [mlp] epoch= 29  train_loss=0.000063  val_loss=0.000066  best=0.000066  lr=1.0e-03
  [mlp] epoch= 30  train_loss=0.000059  val_loss=0.000064  best=0.000064  lr=1.0e-03
  [mlp] epoch= 31  train_loss=0.000057  val_loss=0.000059  best=0.000059  lr=1.0e-03
  [mlp] epoch= 32  train_loss=0.000054  val_loss=0.000057  best=0.000057  lr=1.0e-03
  [mlp] epoch= 33  train_loss=0.000051  val_loss=0.000054  best=0.000054  lr=1.0e-03
  [mlp] epoch= 34  train_loss=0.000049  val_loss=0.000053  best=0.000053  lr=1.0e-03
  [mlp] epoch= 35  train_loss=0.000046  val_loss=0.000049  best=0.000049  lr=1.0e-03
  [mlp] epoch= 36  train_loss=0.000044  val_loss=0.000046  best=0.000046  lr=1.0e-03
  [mlp] epoch= 37  train_loss=0.000042  val_loss=0.000046  best=0.000046  lr=1.0e-03
  [mlp] epoch= 38  train_loss=0.000041  val_loss=0.000043  best=0.000043  lr=1.0e-03
  [mlp] epoch= 39  train_loss=0.000039  val_loss=0.000042  best=0.000042  lr=1.0e-03
  [mlp] epoch= 40  train_loss=0.000037  val_loss=0.000041  best=0.000041  lr=1.0e-03
  [mlp] epoch= 41  train_loss=0.000036  val_loss=0.000038  best=0.000038  lr=1.0e-03
  [mlp] epoch= 42  train_loss=0.000035  val_loss=0.000037  best=0.000037  lr=1.0e-03
  [mlp] epoch= 43  train_loss=0.000033  val_loss=0.000035  best=0.000035  lr=1.0e-03
  [mlp] epoch= 45  train_loss=0.000031  val_loss=0.000033  best=0.000033  lr=1.0e-03
  [mlp] epoch= 46  train_loss=0.000030  val_loss=0.000032  best=0.000032  lr=1.0e-03
  [mlp] epoch= 47  train_loss=0.000030  val_loss=0.000031  best=0.000031  lr=1.0e-03
  [mlp] epoch= 49  train_loss=0.000028  val_loss=0.000030  best=0.000030  lr=1.0e-03
  [mlp] epoch= 50  train_loss=0.000028  val_loss=0.000029  best=0.000029  lr=1.0e-03
  [mlp] epoch= 51  train_loss=0.000026  val_loss=0.000028  best=0.000028  lr=1.0e-03
  [mlp] epoch= 52  train_loss=0.000025  val_loss=0.000027  best=0.000027  lr=1.0e-03
  [mlp] epoch= 55  train_loss=0.000024  val_loss=0.000025  best=0.000025  lr=1.0e-03
  [mlp] epoch= 56  train_loss=0.000023  val_loss=0.000024  best=0.000024  lr=1.0e-03
  [mlp] epoch= 60  train_loss=0.000021  val_loss=0.000022  best=0.000022  lr=1.0e-03
  [mlp] epoch= 62  train_loss=0.000020  val_loss=0.000021  best=0.000021  lr=1.0e-03
  [mlp] epoch= 65  train_loss=0.000020  val_loss=0.000020  best=0.000020  lr=1.0e-03
  [mlp] epoch= 67  train_loss=0.000019  val_loss=0.000019  best=0.000019  lr=1.0e-03
  [mlp] epoch= 70  train_loss=0.000019  val_loss=0.000019  best=0.000019  lr=1.0e-03
  [mlp] epoch= 72  train_loss=0.000018  val_loss=0.000018  best=0.000018  lr=1.0e-03
  [mlp] epoch= 73  train_loss=0.000017  val_loss=0.000017  best=0.000017  lr=1.0e-03
  [mlp] epoch= 77  train_loss=0.000016  val_loss=0.000017  best=0.000017  lr=1.0e-03
  [mlp] epoch= 79  train_loss=0.000016  val_loss=0.000017  best=0.000017  lr=1.0e-03
  [mlp] epoch= 80  train_loss=0.000016  val_loss=0.000020  best=0.000017  lr=1.0e-03
  [mlp] epoch= 81  train_loss=0.000016  val_loss=0.000016  best=0.000016  lr=1.0e-03
  [mlp] epoch= 82  train_loss=0.000016  val_loss=0.000016  best=0.000016  lr=1.0e-03
  [mlp] epoch= 83  train_loss=0.000015  val_loss=0.000015  best=0.000015  lr=1.0e-03
  [mlp] epoch= 87  train_loss=0.000015  val_loss=0.000015  best=0.000015  lr=1.0e-03
  [mlp] epoch= 92  train_loss=0.000016  val_loss=0.000014  best=0.000014  lr=1.0e-03
  [mlp] epoch= 99  train_loss=0.000012  val_loss=0.000012  best=0.000012  lr=5.0e-04
  [mlp] epoch=100  train_loss=0.000011  val_loss=0.000013  best=0.000012  lr=5.0e-04
  [mlp] epoch=102  train_loss=0.000011  val_loss=0.000012  best=0.000012  lr=5.0e-04
  [mlp] epoch=106  train_loss=0.000011  val_loss=0.000012  best=0.000012  lr=5.0e-04
  [mlp] epoch=107  train_loss=0.000011  val_loss=0.000012  best=0.000012  lr=5.0e-04
  [mlp] epoch=110  train_loss=0.000011  val_loss=0.000011  best=0.000011  lr=5.0e-04
  [mlp] epoch=112  train_loss=0.000011  val_loss=0.000011  best=0.000011  lr=5.0e-04
  [mlp] epoch=116  train_loss=0.000010  val_loss=0.000011  best=0.000011  lr=5.0e-04
  [mlp] epoch=117  train_loss=0.000010  val_loss=0.000011  best=0.000011  lr=5.0e-04
  [mlp] epoch=118  train_loss=0.000010  val_loss=0.000011  best=0.000011  lr=5.0e-04
  [mlp] epoch=120  train_loss=0.000010  val_loss=0.000011  best=0.000011  lr=5.0e-04
  [mlp] epoch=124  train_loss=0.000010  val_loss=0.000010  best=0.000010  lr=5.0e-04
  [mlp] epoch=126  train_loss=0.000010  val_loss=0.000010  best=0.000010  lr=5.0e-04
  [mlp] epoch=130  train_loss=0.000010  val_loss=0.000010  best=0.000010  lr=5.0e-04
  [mlp] epoch=132  train_loss=0.000009  val_loss=0.000010  best=0.000010  lr=5.0e-04
  [mlp] epoch=134  train_loss=0.000009  val_loss=0.000010  best=0.000010  lr=5.0e-04
  [mlp] epoch=135  train_loss=0.000009  val_loss=0.000010  best=0.000010  lr=5.0e-04
  [mlp] epoch=138  train_loss=0.000009  val_loss=0.000009  best=0.000009  lr=5.0e-04
  [mlp] epoch=140  train_loss=0.000009  val_loss=0.000009  best=0.000009  lr=5.0e-04
  [mlp] epoch=142  train_loss=0.000008  val_loss=0.000009  best=0.000009  lr=5.0e-04
  [mlp] epoch=143  train_loss=0.000008  val_loss=0.000009  best=0.000009  lr=5.0e-04
  [mlp] epoch=145  train_loss=0.000009  val_loss=0.000009  best=0.000009  lr=5.0e-04
  [mlp] epoch=147  train_loss=0.000008  val_loss=0.000009  best=0.000009  lr=5.0e-04
  [mlp] epoch=148  train_loss=0.000008  val_loss=0.000009  best=0.000009  lr=5.0e-04
  [mlp] epoch=153  train_loss=0.000008  val_loss=0.000009  best=0.000009  lr=5.0e-04
  [mlp] epoch=156  train_loss=0.000008  val_loss=0.000008  best=0.000008  lr=5.0e-04
  [mlp] epoch=157  train_loss=0.000008  val_loss=0.000008  best=0.000008  lr=5.0e-04
  [mlp] epoch=160  train_loss=0.000008  val_loss=0.000008  best=0.000008  lr=5.0e-04
  [mlp] epoch=161  train_loss=0.000008  val_loss=0.000008  best=0.000008  lr=5.0e-04
  [mlp] epoch=165  train_loss=0.000008  val_loss=0.000008  best=0.000008  lr=5.0e-04
  [mlp] epoch=172  train_loss=0.000007  val_loss=0.000007  best=0.000007  lr=2.5e-04
  [mlp] epoch=173  train_loss=0.000007  val_loss=0.000007  best=0.000007  lr=2.5e-04
  [mlp] epoch=174  train_loss=0.000006  val_loss=0.000007  best=0.000007  lr=2.5e-04
  [mlp] epoch=178  train_loss=0.000006  val_loss=0.000007  best=0.000007  lr=2.5e-04
  [mlp] epoch=180  train_loss=0.000006  val_loss=0.000007  best=0.000007  lr=2.5e-04
  [mlp] epoch=183  train_loss=0.000006  val_loss=0.000007  best=0.000007  lr=2.5e-04
  [mlp] epoch=184  train_loss=0.000007  val_loss=0.000007  best=0.000007  lr=2.5e-04
  [mlp] epoch=186  train_loss=0.000006  val_loss=0.000007  best=0.000007  lr=2.5e-04
  [mlp] epoch=191  train_loss=0.000006  val_loss=0.000007  best=0.000007  lr=2.5e-04
  [mlp] epoch=192  train_loss=0.000006  val_loss=0.000007  best=0.000007  lr=2.5e-04
  [mlp] epoch=193  train_loss=0.000006  val_loss=0.000007  best=0.000007  lr=2.5e-04
  [mlp] epoch=200  train_loss=0.000006  val_loss=0.000007  best=0.000007  lr=1.3e-04
  [mlp] epoch=205  train_loss=0.000006  val_loss=0.000007  best=0.000007  lr=1.3e-04
  [mlp] epoch=206  train_loss=0.000006  val_loss=0.000007  best=0.000007  lr=1.3e-04
  [mlp] epoch=208  train_loss=0.000006  val_loss=0.000007  best=0.000007  lr=1.3e-04
  [mlp] epoch=209  train_loss=0.000006  val_loss=0.000006  best=0.000006  lr=1.3e-04
  [mlp] epoch=210  train_loss=0.000006  val_loss=0.000006  best=0.000006  lr=1.3e-04
  [mlp] epoch=214  train_loss=0.000006  val_loss=0.000006  best=0.000006  lr=1.3e-04
  [mlp] epoch=215  train_loss=0.000006  val_loss=0.000006  best=0.000006  lr=1.3e-04
  [mlp] epoch=219  train_loss=0.000006  val_loss=0.000006  best=0.000006  lr=1.3e-04
  [mlp] epoch=220  train_loss=0.000006  val_loss=0.000007  best=0.000006  lr=1.3e-04
  [mlp] epoch=223  train_loss=0.000006  val_loss=0.000006  best=0.000006  lr=1.3e-04
  [mlp] epoch=225  train_loss=0.000006  val_loss=0.000006  best=0.000006  lr=1.3e-04
  [mlp] epoch=226  train_loss=0.000006  val_loss=0.000006  best=0.000006  lr=1.3e-04
  [mlp] epoch=230  train_loss=0.000006  val_loss=0.000006  best=0.000006  lr=1.3e-04
  [mlp] epoch=233  train_loss=0.000006  val_loss=0.000006  best=0.000006  lr=1.3e-04
  [mlp] epoch=239  train_loss=0.000006  val_loss=0.000006  best=0.000006  lr=1.3e-04
  [mlp] epoch=240  train_loss=0.000005  val_loss=0.000006  best=0.000006  lr=1.3e-04
  [mlp] epoch=243  train_loss=0.000005  val_loss=0.000006  best=0.000006  lr=1.3e-04
  [mlp] epoch=244  train_loss=0.000005  val_loss=0.000006  best=0.000006  lr=1.3e-04
  [mlp] epoch=245  train_loss=0.000005  val_loss=0.000006  best=0.000006  lr=1.3e-04
  [mlp] epoch=249  train_loss=0.000005  val_loss=0.000006  best=0.000006  lr=1.3e-04
  [mlp] epoch=251  train_loss=0.000005  val_loss=0.000006  best=0.000006  lr=1.3e-04
  [mlp] epoch=253  train_loss=0.000005  val_loss=0.000006  best=0.000006  lr=1.3e-04
  [mlp] epoch=259  train_loss=0.000005  val_loss=0.000006  best=0.000006  lr=1.3e-04
  [mlp] epoch=260  train_loss=0.000005  val_loss=0.000006  best=0.000006  lr=1.3e-04
  [mlp] epoch=266  train_loss=0.000005  val_loss=0.000006  best=0.000006  lr=6.3e-05
  [mlp] epoch=273  train_loss=0.000005  val_loss=0.000006  best=0.000006  lr=3.1e-05
  [mlp] epoch=274  train_loss=0.000005  val_loss=0.000006  best=0.000006  lr=3.1e-05
  [mlp] epoch=275  train_loss=0.000005  val_loss=0.000006  best=0.000006  lr=3.1e-05
  [mlp] epoch=276  train_loss=0.000005  val_loss=0.000006  best=0.000006  lr=3.1e-05
  [mlp] epoch=280  train_loss=0.000005  val_loss=0.000006  best=0.000006  lr=3.1e-05
  [mlp] epoch=284  train_loss=0.000005  val_loss=0.000006  best=0.000006  lr=1.6e-05
  [mlp] epoch=285  train_loss=0.000005  val_loss=0.000006  best=0.000006  lr=1.6e-05
  [mlp] epoch=286  train_loss=0.000005  val_loss=0.000006  best=0.000006  lr=1.6e-05
  [mlp] epoch=287  train_loss=0.000005  val_loss=0.000006  best=0.000006  lr=1.6e-05
  [mlp] epoch=289  train_loss=0.000005  val_loss=0.000006  best=0.000006  lr=1.6e-05
  [mlp] epoch=290  train_loss=0.000005  val_loss=0.000006  best=0.000006  lr=1.6e-05
  [mlp] epoch=296  train_loss=0.000005  val_loss=0.000006  best=0.000006  lr=1.6e-05
  [mlp] epoch=297  train_loss=0.000005  val_loss=0.000006  best=0.000006  lr=1.6e-05
  [mlp] epoch=298  train_loss=0.000005  val_loss=0.000006  best=0.000006  lr=1.6e-05
  [mlp] epoch=300  train_loss=0.000005  val_loss=0.000006  best=0.000006  lr=1.6e-05
  [mlp] epoch=302  train_loss=0.000005  val_loss=0.000006  best=0.000006  lr=1.6e-05
  [mlp] epoch=308  train_loss=0.000005  val_loss=0.000006  best=0.000006  lr=1.6e-05
  [mlp] epoch=314  train_loss=0.000005  val_loss=0.000006  best=0.000006  lr=1.6e-05
  [mlp] epoch=320  train_loss=0.000005  val_loss=0.000006  best=0.000006  lr=7.8e-06
  [mlp] epoch=321  train_loss=0.000005  val_loss=0.000006  best=0.000006  lr=7.8e-06
  [mlp] epoch=324  train_loss=0.000005  val_loss=0.000006  best=0.000006  lr=7.8e-06
  [mlp] epoch=327  train_loss=0.000005  val_loss=0.000006  best=0.000006  lr=7.8e-06
  [mlp] epoch=332  train_loss=0.000005  val_loss=0.000006  best=0.000006  lr=7.8e-06
  [mlp] epoch=334  train_loss=0.000005  val_loss=0.000006  best=0.000006  lr=7.8e-06
  [mlp] epoch=340  train_loss=0.000005  val_loss=0.000006  best=0.000006  lr=7.8e-06
  [mlp] epoch=342  train_loss=0.000005  val_loss=0.000006  best=0.000006  lr=7.8e-06
  [mlp] epoch=344  train_loss=0.000005  val_loss=0.000006  best=0.000006  lr=7.8e-06
  [mlp] epoch=350  train_loss=0.000005  val_loss=0.000006  best=0.000006  lr=7.8e-06
  [mlp] epoch=353  train_loss=0.000005  val_loss=0.000006  best=0.000006  lr=7.8e-06
  [mlp] epoch=360  train_loss=0.000005  val_loss=0.000006  best=0.000006  lr=3.9e-06
  [mlp] epoch=361  train_loss=0.000005  val_loss=0.000006  best=0.000006  lr=3.9e-06
  [mlp] epoch=362  train_loss=0.000005  val_loss=0.000006  best=0.000006  lr=3.9e-06
  [mlp] epoch=363  train_loss=0.000005  val_loss=0.000006  best=0.000006  lr=3.9e-06
  [mlp] epoch=367  train_loss=0.000005  val_loss=0.000006  best=0.000006  lr=3.9e-06
  [mlp] epoch=374  train_loss=0.000005  val_loss=0.000006  best=0.000006  lr=2.0e-06
  [mlp] epoch=378  train_loss=0.000005  val_loss=0.000006  best=0.000006  lr=2.0e-06
  [mlp] epoch=380  train_loss=0.000005  val_loss=0.000006  best=0.000006  lr=1.0e-06
  [mlp] epoch=381  train_loss=0.000005  val_loss=0.000006  best=0.000006  lr=1.0e-06
  [mlp] epoch=386  train_loss=0.000005  val_loss=0.000006  best=0.000006  lr=1.0e-06
  [mlp] epoch=389  train_loss=0.000005  val_loss=0.000006  best=0.000006  lr=1.0e-06
  [mlp] epoch=397  train_loss=0.000005  val_loss=0.000006  best=0.000006  lr=1.0e-06
  [mlp] epoch=398  train_loss=0.000005  val_loss=0.000006  best=0.000006  lr=1.0e-06
  [mlp] epoch=400  train_loss=0.000005  val_loss=0.000006  best=0.000006  lr=1.0e-06
  [mlp] epoch=401  train_loss=0.000005  val_loss=0.000006  best=0.000006  lr=1.0e-06
  [mlp] epoch=404  train_loss=0.000005  val_loss=0.000006  best=0.000006  lr=1.0e-06
  [mlp] epoch=407  train_loss=0.000005  val_loss=0.000006  best=0.000006  lr=1.0e-06
  [mlp] epoch=410  train_loss=0.000005  val_loss=0.000006  best=0.000006  lr=1.0e-06
  [mlp] epoch=417  train_loss=0.000005  val_loss=0.000006  best=0.000006  lr=1.0e-06
  [mlp] epoch=418  train_loss=0.000005  val_loss=0.000006  best=0.000006  lr=1.0e-06
  [mlp] epoch=420  train_loss=0.000005  val_loss=0.000006  best=0.000006  lr=1.0e-06
  [mlp] epoch=422  train_loss=0.000005  val_loss=0.000006  best=0.000006  lr=1.0e-06
  [mlp] epoch=426  train_loss=0.000005  val_loss=0.000006  best=0.000006  lr=1.0e-06
  [mlp] epoch=428  train_loss=0.000005  val_loss=0.000006  best=0.000006  lr=1.0e-06
  [mlp] epoch=429  train_loss=0.000005  val_loss=0.000006  best=0.000006  lr=1.0e-06
  [mlp] epoch=433  train_loss=0.000005  val_loss=0.000006  best=0.000006  lr=1.0e-06
  [mlp] epoch=438  train_loss=0.000005  val_loss=0.000006  best=0.000006  lr=1.0e-06
  [mlp] epoch=440  train_loss=0.000005  val_loss=0.000006  best=0.000006  lr=1.0e-06
  [mlp] epoch=446  train_loss=0.000005  val_loss=0.000006  best=0.000006  lr=1.0e-06
  [mlp] epoch=451  train_loss=0.000005  val_loss=0.000006  best=0.000006  lr=1.0e-06
  [mlp] epoch=453  train_loss=0.000005  val_loss=0.000006  best=0.000006  lr=1.0e-06
  [mlp] epoch=455  train_loss=0.000005  val_loss=0.000006  best=0.000006  lr=1.0e-06
  [mlp] epoch=456  train_loss=0.000005  val_loss=0.000006  best=0.000006  lr=1.0e-06
  [mlp] epoch=460  train_loss=0.000005  val_loss=0.000006  best=0.000006  lr=1.0e-06
  [mlp] epoch=465  train_loss=0.000005  val_loss=0.000006  best=0.000006  lr=1.0e-06
  [mlp] epoch=469  train_loss=0.000005  val_loss=0.000006  best=0.000006  lr=1.0e-06
  [mlp] epoch=470  train_loss=0.000005  val_loss=0.000006  best=0.000006  lr=1.0e-06
  [mlp] epoch=478  train_loss=0.000005  val_loss=0.000006  best=0.000006  lr=1.0e-06
  [mlp] epoch=479  train_loss=0.000005  val_loss=0.000006  best=0.000006  lr=1.0e-06
  [mlp] epoch=480  train_loss=0.000005  val_loss=0.000006  best=0.000006  lr=1.0e-06
  [mlp] epoch=482  train_loss=0.000005  val_loss=0.000006  best=0.000006  lr=1.0e-06
  [mlp] epoch=486  train_loss=0.000005  val_loss=0.000006  best=0.000006  lr=1.0e-06
  [mlp] epoch=488  train_loss=0.000005  val_loss=0.000006  best=0.000006  lr=1.0e-06
  [mlp] epoch=489  train_loss=0.000005  val_loss=0.000006  best=0.000006  lr=1.0e-06
  [mlp] epoch=494  train_loss=0.000005  val_loss=0.000006  best=0.000006  lr=1.0e-06
  [mlp] epoch=500  train_loss=0.000005  val_loss=0.000006  best=0.000006  lr=1.0e-06
  [mlp] epoch=503  train_loss=0.000005  val_loss=0.000006  best=0.000006  lr=1.0e-06
  [mlp] epoch=512  train_loss=0.000005  val_loss=0.000006  best=0.000006  lr=1.0e-06
  [mlp] epoch=515  train_loss=0.000005  val_loss=0.000006  best=0.000006  lr=1.0e-06
  [mlp] epoch=517  train_loss=0.000005  val_loss=0.000006  best=0.000006  lr=1.0e-06
  [mlp] epoch=520  train_loss=0.000005  val_loss=0.000006  best=0.000006  lr=1.0e-06
  [mlp] epoch=522  train_loss=0.000005  val_loss=0.000006  best=0.000006  lr=1.0e-06
  [mlp] epoch=531  train_loss=0.000005  val_loss=0.000006  best=0.000006  lr=1.0e-06
  [mlp] epoch=540  train_loss=0.000005  val_loss=0.000006  best=0.000006  lr=1.0e-06
  [mlp] epoch=545  train_loss=0.000005  val_loss=0.000006  best=0.000006  lr=1.0e-06
  [mlp] epoch=549  train_loss=0.000005  val_loss=0.000006  best=0.000006  lr=1.0e-06
  [mlp] epoch=550  train_loss=0.000005  val_loss=0.000006  best=0.000006  lr=1.0e-06
  [mlp] epoch=555  train_loss=0.000005  val_loss=0.000006  best=0.000006  lr=1.0e-06
  [mlp] epoch=560  train_loss=0.000005  val_loss=0.000006  best=0.000006  lr=1.0e-06
  [mlp] epoch=561  train_loss=0.000005  val_loss=0.000006  best=0.000006  lr=1.0e-06
  [mlp] epoch=564  train_loss=0.000005  val_loss=0.000006  best=0.000006  lr=1.0e-06
  [mlp] epoch=574  train_loss=0.000005  val_loss=0.000006  best=0.000006  lr=1.0e-06
  [mlp] epoch=575  train_loss=0.000005  val_loss=0.000006  best=0.000006  lr=1.0e-06
  [mlp] epoch=578  train_loss=0.000005  val_loss=0.000006  best=0.000006  lr=1.0e-06
  [mlp] epoch=580  train_loss=0.000005  val_loss=0.000006  best=0.000006  lr=1.0e-06
  [mlp] epoch=584  train_loss=0.000005  val_loss=0.000006  best=0.000006  lr=1.0e-06
  [mlp] epoch=588  train_loss=0.000005  val_loss=0.000006  best=0.000006  lr=1.0e-06
  [mlp] epoch=590  train_loss=0.000005  val_loss=0.000006  best=0.000006  lr=1.0e-06
  [mlp] epoch=592  train_loss=0.000005  val_loss=0.000006  best=0.000006  lr=1.0e-06
  [mlp] epoch=595  train_loss=0.000005  val_loss=0.000006  best=0.000006  lr=1.0e-06
  [mlp] epoch=599  train_loss=0.000005  val_loss=0.000006  best=0.000006  lr=1.0e-06
  [mlp] epoch=600  train_loss=0.000005  val_loss=0.000006  best=0.000006  lr=1.0e-06

[pool] === TRAINING RESULTS ===
[pool] Model: mlp
[pool] Pooled samples: 400000 (from 100 instances)
[pool] feat_dim=30
[pool] R2_train=0.9999  R2_test=0.9999
[pool] MAE_train=0.0012  MAE_test=0.0012
[pool] Data collection: 49.3s  Model fitting: 200.2s
[pool] Total training time: 249.6s
[pool] Model saved to ADP/models/new_mlp_variants_generalization/vhat_small_daily_tou_mlp_hist.npz (type=mlp)

[pool] === EVALUATION PHASE ===
[pool] Eval params: D=3 (range=(2, 4)), N=40 (range=(20, 60)), pmax=12
[pool] Eval seeds: 300-339 (40 instances)
[pool] Beams: [2, 5]
[pool] Comparing variants: Exact DP vs Guided(Learned-Vhat) vs Guided(Zero-Vhat) vs Guided(Price-Vhat)
[pool] Vhat model: type=mlp, spec=FeatureSpec(include_per_class_counts=False, include_per_class_now_cost=False, include_bins=True, normalize=True, include_len_hist=True, pmax_for_hist=12, include_price_shape=False, include_meta=False), normalize_labels=True
[pool] Legend per-row: exact=Exact DP cost, L=Learned-Vhat, Z=Zero-Vhat, P=Price-Vhat
seed=300 beam=2 exact=56.0 L=56.0 Z=75.0 P=56.0 gapL=0.00% gapZ=33.93% gapP=0.00% t_exact=0.041s tL=0.008s
seed=300 beam=5 exact=56.0 L=56.0 Z=67.0 P=56.0 gapL=0.00% gapZ=19.64% gapP=0.00% t_exact=0.041s tL=0.012s
seed=301 beam=2 exact=56.0 L=56.0 Z=75.0 P=56.0 gapL=0.00% gapZ=33.93% gapP=0.00% t_exact=0.004s tL=0.006s
seed=301 beam=5 exact=56.0 L=56.0 Z=70.0 P=56.0 gapL=0.00% gapZ=25.00% gapP=0.00% t_exact=0.004s tL=0.012s
seed=302 beam=2 exact=112.0 L=112.0 Z=139.0 P=112.0 gapL=0.00% gapZ=24.11% gapP=0.00% t_exact=0.020s tL=0.014s
seed=302 beam=5 exact=112.0 L=112.0 Z=137.0 P=112.0 gapL=0.00% gapZ=22.32% gapP=0.00% t_exact=0.020s tL=0.031s
seed=303 beam=2 exact=84.0 L=84.0 Z=109.0 P=84.0 gapL=0.00% gapZ=29.76% gapP=0.00% t_exact=0.025s tL=0.018s
seed=303 beam=5 exact=84.0 L=84.0 Z=103.0 P=84.0 gapL=0.00% gapZ=22.62% gapP=0.00% t_exact=0.025s tL=0.036s
seed=304 beam=2 exact=112.0 L=112.0 Z=139.0 P=112.0 gapL=0.00% gapZ=24.11% gapP=0.00% t_exact=0.033s tL=0.017s
seed=304 beam=5 exact=112.0 L=112.0 Z=137.0 P=112.0 gapL=0.00% gapZ=22.32% gapP=0.00% t_exact=0.033s tL=0.037s
seed=305 beam=2 exact=56.0 L=56.0 Z=75.0 P=56.0 gapL=0.00% gapZ=33.93% gapP=0.00% t_exact=0.004s tL=0.006s
seed=305 beam=5 exact=56.0 L=56.0 Z=70.0 P=56.0 gapL=0.00% gapZ=25.00% gapP=0.00% t_exact=0.004s tL=0.010s
seed=306 beam=2 exact=112.0 L=112.0 Z=139.0 P=112.0 gapL=0.00% gapZ=24.11% gapP=0.00% t_exact=0.040s tL=0.028s
seed=306 beam=5 exact=112.0 L=112.0 Z=137.0 P=112.0 gapL=0.00% gapZ=22.32% gapP=0.00% t_exact=0.040s tL=0.054s
seed=307 beam=2 exact=112.0 L=112.0 Z=139.0 P=112.0 gapL=0.00% gapZ=24.11% gapP=0.00% t_exact=0.036s tL=0.033s
seed=307 beam=5 exact=112.0 L=112.0 Z=137.0 P=112.0 gapL=0.00% gapZ=22.32% gapP=0.00% t_exact=0.036s tL=0.040s
seed=308 beam=2 exact=84.0 L=84.0 Z=109.0 P=84.0 gapL=0.00% gapZ=29.76% gapP=0.00% t_exact=0.009s tL=0.010s
seed=308 beam=5 exact=84.0 L=84.0 Z=103.0 P=84.0 gapL=0.00% gapZ=22.62% gapP=0.00% t_exact=0.009s tL=0.020s
seed=309 beam=2 exact=84.0 L=84.0 Z=109.0 P=84.0 gapL=0.00% gapZ=29.76% gapP=0.00% t_exact=0.022s tL=0.016s
seed=309 beam=5 exact=84.0 L=84.0 Z=103.0 P=84.0 gapL=0.00% gapZ=22.62% gapP=0.00% t_exact=0.022s tL=0.036s
seed=310 beam=2 exact=56.0 L=56.0 Z=75.0 P=56.0 gapL=0.00% gapZ=33.93% gapP=0.00% t_exact=0.005s tL=0.007s
seed=310 beam=5 exact=56.0 L=56.0 Z=72.0 P=56.0 gapL=0.00% gapZ=28.57% gapP=0.00% t_exact=0.005s tL=0.012s
seed=311 beam=2 exact=84.0 L=84.0 Z=109.0 P=84.0 gapL=0.00% gapZ=29.76% gapP=0.00% t_exact=0.013s tL=0.015s
seed=311 beam=5 exact=84.0 L=84.0 Z=103.0 P=84.0 gapL=0.00% gapZ=22.62% gapP=0.00% t_exact=0.013s tL=0.029s
seed=312 beam=2 exact=56.0 L=56.0 Z=75.0 P=56.0 gapL=0.00% gapZ=33.93% gapP=0.00% t_exact=0.003s tL=0.005s
seed=312 beam=5 exact=56.0 L=56.0 Z=64.0 P=56.0 gapL=0.00% gapZ=14.29% gapP=0.00% t_exact=0.003s tL=0.005s
seed=313 beam=2 exact=56.0 L=56.0 Z=75.0 P=56.0 gapL=0.00% gapZ=33.93% gapP=0.00% t_exact=0.004s tL=0.006s
seed=313 beam=5 exact=56.0 L=56.0 Z=70.0 P=56.0 gapL=0.00% gapZ=25.00% gapP=0.00% t_exact=0.004s tL=0.012s
seed=314 beam=2 exact=84.0 L=84.0 Z=109.0 P=84.0 gapL=0.00% gapZ=29.76% gapP=0.00% t_exact=0.004s tL=0.008s
seed=314 beam=5 exact=84.0 L=84.0 Z=103.0 P=84.0 gapL=0.00% gapZ=22.62% gapP=0.00% t_exact=0.004s tL=0.013s
seed=315 beam=2 exact=84.0 L=84.0 Z=109.0 P=84.0 gapL=0.00% gapZ=29.76% gapP=0.00% t_exact=0.008s tL=0.009s
seed=315 beam=5 exact=84.0 L=84.0 Z=103.0 P=84.0 gapL=0.00% gapZ=22.62% gapP=0.00% t_exact=0.008s tL=0.020s
seed=316 beam=2 exact=56.0 L=56.0 Z=71.0 P=56.0 gapL=0.00% gapZ=26.79% gapP=0.00% t_exact=0.002s tL=0.002s
seed=316 beam=5 exact=56.0 L=56.0 Z=56.0 P=56.0 gapL=0.00% gapZ=0.00% gapP=0.00% t_exact=0.002s tL=0.001s
seed=317 beam=2 exact=56.0 L=56.0 Z=71.0 P=56.0 gapL=0.00% gapZ=26.79% gapP=0.00% t_exact=0.002s tL=0.002s
seed=317 beam=5 exact=56.0 L=56.0 Z=56.0 P=56.0 gapL=0.00% gapZ=0.00% gapP=0.00% t_exact=0.002s tL=0.001s
seed=318 beam=2 exact=56.0 L=56.0 Z=71.0 P=56.0 gapL=0.00% gapZ=26.79% gapP=0.00% t_exact=0.002s tL=0.002s
seed=318 beam=5 exact=56.0 L=56.0 Z=56.0 P=56.0 gapL=0.00% gapZ=0.00% gapP=0.00% t_exact=0.002s tL=0.001s
seed=319 beam=2 exact=112.0 L=112.0 Z=139.0 P=112.0 gapL=0.00% gapZ=24.11% gapP=0.00% t_exact=0.035s tL=0.022s
seed=319 beam=5 exact=112.0 L=112.0 Z=137.0 P=112.0 gapL=0.00% gapZ=22.32% gapP=0.00% t_exact=0.035s tL=0.047s
seed=320 beam=2 exact=56.0 L=56.0 Z=75.0 P=56.0 gapL=0.00% gapZ=33.93% gapP=0.00% t_exact=0.003s tL=0.005s
seed=320 beam=5 exact=56.0 L=56.0 Z=69.0 P=56.0 gapL=0.00% gapZ=23.21% gapP=0.00% t_exact=0.003s tL=0.008s
seed=321 beam=2 exact=84.0 L=84.0 Z=109.0 P=84.0 gapL=0.00% gapZ=29.76% gapP=0.00% t_exact=0.008s tL=0.010s
seed=321 beam=5 exact=84.0 L=84.0 Z=103.0 P=84.0 gapL=0.00% gapZ=22.62% gapP=0.00% t_exact=0.008s tL=0.023s
seed=322 beam=2 exact=56.0 L=56.0 Z=75.0 P=56.0 gapL=0.00% gapZ=33.93% gapP=0.00% t_exact=0.003s tL=0.006s
seed=322 beam=5 exact=56.0 L=56.0 Z=66.0 P=56.0 gapL=0.00% gapZ=17.86% gapP=0.00% t_exact=0.003s tL=0.007s
seed=323 beam=2 exact=112.0 L=112.0 Z=139.0 P=112.0 gapL=0.00% gapZ=24.11% gapP=0.00% t_exact=0.050s tL=0.025s
seed=323 beam=5 exact=112.0 L=112.0 Z=137.0 P=112.0 gapL=0.00% gapZ=22.32% gapP=0.00% t_exact=0.050s tL=0.053s
seed=324 beam=2 exact=84.0 L=84.0 Z=109.0 P=84.0 gapL=0.00% gapZ=29.76% gapP=0.00% t_exact=0.014s tL=0.016s
seed=324 beam=5 exact=84.0 L=84.0 Z=103.0 P=84.0 gapL=0.00% gapZ=22.62% gapP=0.00% t_exact=0.014s tL=0.030s
seed=325 beam=2 exact=56.0 L=56.0 Z=75.0 P=56.0 gapL=0.00% gapZ=33.93% gapP=0.00% t_exact=0.004s tL=0.006s
seed=325 beam=5 exact=56.0 L=56.0 Z=71.0 P=56.0 gapL=0.00% gapZ=26.79% gapP=0.00% t_exact=0.004s tL=0.012s
seed=326 beam=2 exact=56.0 L=56.0 Z=75.0 P=56.0 gapL=0.00% gapZ=33.93% gapP=0.00% t_exact=0.006s tL=0.008s
seed=326 beam=5 exact=56.0 L=56.0 Z=73.0 P=56.0 gapL=0.00% gapZ=30.36% gapP=0.00% t_exact=0.006s tL=0.016s
seed=327 beam=2 exact=84.0 L=84.0 Z=109.0 P=84.0 gapL=0.00% gapZ=29.76% gapP=0.00% t_exact=0.006s tL=0.009s
seed=327 beam=5 exact=84.0 L=84.0 Z=103.0 P=84.0 gapL=0.00% gapZ=22.62% gapP=0.00% t_exact=0.006s tL=0.018s
seed=328 beam=2 exact=56.0 L=56.0 Z=71.0 P=56.0 gapL=0.00% gapZ=26.79% gapP=0.00% t_exact=0.002s tL=0.002s
seed=328 beam=5 exact=56.0 L=56.0 Z=56.0 P=56.0 gapL=0.00% gapZ=0.00% gapP=0.00% t_exact=0.002s tL=0.001s
seed=329 beam=2 exact=112.0 L=112.0 Z=139.0 P=112.0 gapL=0.00% gapZ=24.11% gapP=0.00% t_exact=0.039s tL=0.026s
seed=329 beam=5 exact=112.0 L=112.0 Z=137.0 P=112.0 gapL=0.00% gapZ=22.32% gapP=0.00% t_exact=0.039s tL=0.051s
seed=330 beam=2 exact=84.0 L=84.0 Z=109.0 P=84.0 gapL=0.00% gapZ=29.76% gapP=0.00% t_exact=0.003s tL=0.004s
seed=330 beam=5 exact=84.0 L=84.0 Z=96.0 P=84.0 gapL=0.00% gapZ=14.29% gapP=0.00% t_exact=0.003s tL=0.003s
seed=331 beam=2 exact=56.0 L=56.0 Z=75.0 P=56.0 gapL=0.00% gapZ=33.93% gapP=0.00% t_exact=0.005s tL=0.008s
seed=331 beam=5 exact=56.0 L=56.0 Z=72.0 P=56.0 gapL=0.00% gapZ=28.57% gapP=0.00% t_exact=0.005s tL=0.016s
seed=332 beam=2 exact=84.0 L=84.0 Z=109.0 P=84.0 gapL=0.00% gapZ=29.76% gapP=0.00% t_exact=0.016s tL=0.017s
seed=332 beam=5 exact=84.0 L=84.0 Z=103.0 P=84.0 gapL=0.00% gapZ=22.62% gapP=0.00% t_exact=0.016s tL=0.032s
seed=333 beam=2 exact=56.0 L=56.0 Z=75.0 P=56.0 gapL=0.00% gapZ=33.93% gapP=0.00% t_exact=0.003s tL=0.005s
seed=333 beam=5 exact=56.0 L=56.0 Z=66.0 P=56.0 gapL=0.00% gapZ=17.86% gapP=0.00% t_exact=0.003s tL=0.005s
seed=334 beam=2 exact=84.0 L=84.0 Z=109.0 P=84.0 gapL=0.00% gapZ=29.76% gapP=0.00% t_exact=0.012s tL=0.013s
seed=334 beam=5 exact=84.0 L=84.0 Z=103.0 P=84.0 gapL=0.00% gapZ=22.62% gapP=0.00% t_exact=0.012s tL=0.027s
seed=335 beam=2 exact=56.0 L=56.0 Z=74.0 P=56.0 gapL=0.00% gapZ=32.14% gapP=0.00% t_exact=0.003s tL=0.006s
seed=335 beam=5 exact=56.0 L=56.0 Z=71.0 P=56.0 gapL=0.00% gapZ=26.79% gapP=0.00% t_exact=0.003s tL=0.010s
seed=336 beam=2 exact=84.0 L=84.0 Z=109.0 P=84.0 gapL=0.00% gapZ=29.76% gapP=0.00% t_exact=0.004s tL=0.008s
seed=336 beam=5 exact=84.0 L=84.0 Z=103.0 P=84.0 gapL=0.00% gapZ=22.62% gapP=0.00% t_exact=0.004s tL=0.009s
seed=337 beam=2 exact=56.0 L=56.0 Z=75.0 P=56.0 gapL=0.00% gapZ=33.93% gapP=0.00% t_exact=0.005s tL=0.008s
seed=337 beam=5 exact=56.0 L=56.0 Z=71.0 P=56.0 gapL=0.00% gapZ=26.79% gapP=0.00% t_exact=0.005s tL=0.014s
seed=338 beam=2 exact=84.0 L=84.0 Z=109.0 P=84.0 gapL=0.00% gapZ=29.76% gapP=0.00% t_exact=0.008s tL=0.009s
seed=338 beam=5 exact=84.0 L=84.0 Z=103.0 P=84.0 gapL=0.00% gapZ=22.62% gapP=0.00% t_exact=0.008s tL=0.019s
seed=339 beam=2 exact=56.0 L=56.0 Z=75.0 P=56.0 gapL=0.00% gapZ=33.93% gapP=0.00% t_exact=0.005s tL=0.007s
seed=339 beam=5 exact=56.0 L=56.0 Z=70.0 P=56.0 gapL=0.00% gapZ=25.00% gapP=0.00% t_exact=0.005s tL=0.013s

[pool] === SUMMARY ===
beam=  2  n= 40  gapL=  0.00%/  0.00%  gapZ= 29.99%/ 29.76%  gapP=  0.00%/  0.00%  speedL=0.99x
beam=  5  n= 40  gapL=  0.00%/  0.00%  gapZ= 20.63%/ 22.62%  gapP=  0.00%/  0.00%  speedL=0.84x

[pool] Overall: gapL=0.00%  gapZ=25.31%  gapP=0.00%
[pool] Train time: 249.6s (amortized over 40 eval instances)
[pool] CSV: ADP/logs/new_mlp_variants_generalization/pooled_small_daily_tou_mlp_hist.csv
